<html>
<body>
<pre>
<h1>µVision Build Log</h1>
<h2>Tool Versions:</h2>
IDE-Version: ¦ÌVision V5.16.0.0
Copyright (C) 2015 ARM Ltd and ARM Germany GmbH. All rights reserved.
License Information: PIAORAN RAN, chengdongdianzi, LIC=32B2Z-JUFSU-QD7KD-8IB0B-IHFE6-8U8QW
 
Tool Versions:
Toolchain:       MDK-ARM Standard  Version: 5.16.0.0
Toolchain Path:  D:\Keil_v5\ARM\ARMCC\Bin
C Compiler:      Armcc.exe V5.06 (build 20)
Assembler:       Armasm.exe V5.06 (build 20)
Linker/Locator:  ArmLink.exe V5.06 (build 20)
Library Manager: ArmAr.exe V5.06 (build 20)
Hex Converter:   FromElf.exe V5.06 (build 20)
CPU DLL:         SARMCM3.DLL V5.16.0.0
Dialog DLL:      DARMCM1.DLL V1.12.0.0
Target DLL:      Segger\JL2CM3.dll V2.99.15.2
Dialog DLL:      TARMCM1.DLL V1.9.0.0
 
<h2>Project:</h2>
F:\SYD8801\SYD8821\SYD8821_SDK_Git_Release\Source Code\SYD8821_peripheral_misc\verdor datas\Keil\SYD8821_BLE_UART.uvprojx
Project File Date:  09/25/2019

<h2>Output:</h2>
*** Using Compiler 'V5.06 (build 20)', folder: 'D:\Keil_v5\ARM\ARMCC\Bin'
Rebuild target 'SYD8821'
compiling gpio.c...
compiling queue.c...
compiling delay.c...
compiling uart.c...
compiling pad_mux_ctrl.c...
compiling timer.c...
compiling i2c_master.c...
compiling ota.c...
compiling oled_9632.c...
compiling debug.c...
compiling main.c...
..\main.c(25): warning:  #550-D: variable "wechat_tx" was set but never used
  static uint8_t wechat_tx=0;
..\main.c(419): warning:  #177-D: function "ble_init" was declared but never referenced
  static void ble_init()
..\main.c: 2 warnings, 0 errors
assembling startup_ARMCM0.s...
compiling SEGGER_RTT.c...
compiling SEGGER_RTT_printf.c...
compiling system_ARMCM0.c...
compiling SEGGER_RTT_Syscalls_KEIL.c...
linking...
Program Size: Code=37372 RO-data=4588 RW-data=288 ZI-data=27216  
FromELF: creating hex file...
After Build - User command #1: "Output\HEX2BIN.EXE" "Output\Module_samples.hex"
hex2bin v1.0.6, Copyright (C) 1998 Jacques Pelletier
checksum extensions Copyright (C) 2004 Rockwell Automation
improved P.G. 2007
Lowest address  = 00000000
Highest address = 0000A507
Pad Byte        = FF
8-bit Checksum = 3C
".\output\Module_samples.axf" - 0 Error(s), 2 Warning(s).

<h2>Software Packages used:</h2>

Package Vendor: ARM
                http://www.keil.com/pack/ARM.CMSIS.4.5.0.pack
                ARM::CMSIS:CORE:4.3.0
                CMSIS (Cortex Microcontroller Software Interface Standard)
   * Component: CORE Version: 4.3.0
   * Component: Startup Version: 1.0.1

<h2>Collection of Component include folders:</h2>
  F:\SYD8801\SYD8821\SYD8821_SDK_Git_Release\Source Code\SYD8821_peripheral_misc\verdor datas\Keil\RTE
  D:\Keil_v5\ARM\PACK\ARM\CMSIS\4.5.0\CMSIS\Include
  D:\Keil_v5\ARM\PACK\ARM\CMSIS\4.5.0\Device\ARM\ARMCM0\Include

<h2>Collection of Component Files used:</h2>

   * Component: ARM::CMSIS:CORE:4.3.0

   * Component: ARM::Device:Startup:1.0.1
      Include file:  Device\ARM\ARMCM0\Include\ARMCM0.h
      Source file:   Device\ARM\ARMCM0\Source\ARM\startup_ARMCM0.s
      Source file:   Device\ARM\ARMCM0\Source\system_ARMCM0.c
Build Time Elapsed:  00:00:01
</pre>
</body>
</html>
