<!doctype html public "-//w3c//dtd html 4.0 transitional//en">
<html><head>
<title>Static Call Graph - [.\output\Module_samples.axf]</title></head>
<body><HR>
<H1>Static Call Graph for image .\output\Module_samples.axf</H1><HR>
<BR><P>#&#060CALLGRAPH&#062# ARM Linker, 5060020: Last Updated: Tue Apr 02 15:48:52 2019
<BR><P>
<H3>Maximum Stack Usage =       1248 bytes + Unknown(Cycles, Untraceable Function Pointers)</H3><H3>
Call chain for Maximum Stack Depth:</H3>
ble_evt_callback &rArr; ble_gatt_write &rArr; ota_cmd &rArr; BLSetConnectionUpdate &rArr; dbg_printf &rArr; __c89vsprintf &rArr; _printf_char_common &rArr; __printf
<P>
<H3>
Mutually Recursive functions
</H3> <LI><a href="#[7]">NMI_Handler</a>&nbsp;&nbsp;&nbsp;&rArr;&nbsp;&nbsp;&nbsp;<a href="#[7]">NMI_Handler</a><BR>
 <LI><a href="#[8]">HardFault_Handler</a>&nbsp;&nbsp;&nbsp;&rArr;&nbsp;&nbsp;&nbsp;<a href="#[8]">HardFault_Handler</a><BR>
 <LI><a href="#[9]">SVC_Handler</a>&nbsp;&nbsp;&nbsp;&rArr;&nbsp;&nbsp;&nbsp;<a href="#[9]">SVC_Handler</a><BR>
 <LI><a href="#[a]">PendSV_Handler</a>&nbsp;&nbsp;&nbsp;&rArr;&nbsp;&nbsp;&nbsp;<a href="#[a]">PendSV_Handler</a><BR>
 <LI><a href="#[b]">SysTick_Handler</a>&nbsp;&nbsp;&nbsp;&rArr;&nbsp;&nbsp;&nbsp;<a href="#[b]">SysTick_Handler</a><BR>
 <LI><a href="#[26]">CAPDET_IRQHandler</a>&nbsp;&nbsp;&nbsp;&rArr;&nbsp;&nbsp;&nbsp;<a href="#[26]">CAPDET_IRQHandler</a><BR>
 <LI><a href="#[f0]">SmpPairingPublicKey</a>&nbsp;&nbsp;&nbsp;&rArr;&nbsp;&nbsp;&nbsp;<a href="#[f0]">SmpPairingPublicKey</a><BR>
</UL>
<P>
<H3>
Function Pointers
</H3><UL>
 <LI><a href="#[33]">B01_Hook_Callback</a> from rom.o(.text) referenced from rom.o(.text)
 <LI><a href="#[26]">CAPDET_IRQHandler</a> from startup_armcm0.o(.text) referenced from startup_armcm0.o(RESET)
 <LI><a href="#[24]">GPADC_IRQHandler</a> from startup_armcm0.o(.text) referenced from startup_armcm0.o(RESET)
 <LI><a href="#[c]">GPIO_IRQHandler</a> from gpio.o(.text) referenced from startup_armcm0.o(RESET)
 <LI><a href="#[8]">HardFault_Handler</a> from startup_armcm0.o(.text) referenced from startup_armcm0.o(RESET)
 <LI><a href="#[10]">I2CM0_IRQHandler</a> from startup_armcm0.o(.text) referenced from startup_armcm0.o(RESET)
 <LI><a href="#[11]">I2CM1_IRQHandler</a> from startup_armcm0.o(.text) referenced from startup_armcm0.o(RESET)
 <LI><a href="#[14]">I2CS_IRQHandler</a> from startup_armcm0.o(.text) referenced from startup_armcm0.o(RESET)
 <LI><a href="#[2a]">I2S_IRQHandler</a> from startup_armcm0.o(.text) referenced from startup_armcm0.o(RESET)
 <LI><a href="#[2b]">INTCOMB_IRQHandler</a> from startup_armcm0.o(.text) referenced from startup_armcm0.o(RESET)
 <LI><a href="#[22]">IR_IRQHandler</a> from startup_armcm0.o(.text) referenced from startup_armcm0.o(RESET)
 <LI><a href="#[21]">ISO_7816_IRQHandler</a> from startup_armcm0.o(.text) referenced from startup_armcm0.o(RESET)
 <LI><a href="#[28]">LLC2_IRQHandler</a> from startup_armcm0.o(.text) referenced from startup_armcm0.o(RESET)
 <LI><a href="#[29]">LLC3_IRQHandler</a> from startup_armcm0.o(.text) referenced from startup_armcm0.o(RESET)
 <LI><a href="#[d]">LLC_IRQHandler</a> from rom.o(.text) referenced from startup_armcm0.o(RESET)
 <LI><a href="#[1f]">M2M_IRQHandler</a> from startup_armcm0.o(.text) referenced from startup_armcm0.o(RESET)
 <LI><a href="#[7]">NMI_Handler</a> from startup_armcm0.o(.text) referenced from startup_armcm0.o(RESET)
 <LI><a href="#[27]">PDM_IRQHandler</a> from startup_armcm0.o(.text) referenced from startup_armcm0.o(RESET)
 <LI><a href="#[1c]">PWM1_IRQHandler</a> from startup_armcm0.o(.text) referenced from startup_armcm0.o(RESET)
 <LI><a href="#[1d]">PWM2_IRQHandler</a> from startup_armcm0.o(.text) referenced from startup_armcm0.o(RESET)
 <LI><a href="#[1e]">PWM3_IRQHandler</a> from startup_armcm0.o(.text) referenced from startup_armcm0.o(RESET)
 <LI><a href="#[a]">PendSV_Handler</a> from startup_armcm0.o(.text) referenced from startup_armcm0.o(RESET)
 <LI><a href="#[20]">RTC_IRQHandler</a> from startup_armcm0.o(.text) referenced from startup_armcm0.o(RESET)
 <LI><a href="#[6]">Reset_Handler</a> from startup_armcm0.o(.text) referenced from startup_armcm0.o(RESET)
 <LI><a href="#[e]">SPIM_IRQHandler</a> from startup_armcm0.o(.text) referenced from startup_armcm0.o(RESET)
 <LI><a href="#[f]">SPIS_IRQHandler</a> from startup_armcm0.o(.text) referenced from startup_armcm0.o(RESET)
 <LI><a href="#[9]">SVC_Handler</a> from startup_armcm0.o(.text) referenced from startup_armcm0.o(RESET)
 <LI><a href="#[1b]">SW_IRQHandler</a> from startup_armcm0.o(.text) referenced from startup_armcm0.o(RESET)
 <LI><a href="#[b]">SysTick_Handler</a> from startup_armcm0.o(.text) referenced from startup_armcm0.o(RESET)
 <LI><a href="#[2d]">SystemInit</a> from system_armcm0.o(.text) referenced from startup_armcm0.o(.text)
 <LI><a href="#[15]">TIMER0_IRQHandler</a> from timer.o(.text) referenced from startup_armcm0.o(RESET)
 <LI><a href="#[16]">TIMER1_IRQHandler</a> from timer.o(.text) referenced from startup_armcm0.o(RESET)
 <LI><a href="#[17]">TIMER2_IRQHandler</a> from timer.o(.text) referenced from startup_armcm0.o(RESET)
 <LI><a href="#[18]">TIMER3_IRQHandler</a> from timer.o(.text) referenced from startup_armcm0.o(RESET)
 <LI><a href="#[19]">TIMER4_IRQHandler</a> from timer.o(.text) referenced from startup_armcm0.o(RESET)
 <LI><a href="#[23]">TRNG_IRQHandler</a> from startup_armcm0.o(.text) referenced from startup_armcm0.o(RESET)
 <LI><a href="#[12]">UART0_IRQHandler</a> from uart.o(.text) referenced from startup_armcm0.o(RESET)
 <LI><a href="#[25]">UART1_IRQHandler</a> from uart.o(.text) referenced from startup_armcm0.o(RESET)
 <LI><a href="#[13]">UART2_IRQHandler</a> from startup_armcm0.o(.text) referenced from startup_armcm0.o(RESET)
 <LI><a href="#[1a]">WDT_IRQHandler</a> from startup_armcm0.o(.text) referenced from startup_armcm0.o(RESET)
 <LI><a href="#[38]">__main</a> from __main.o(!!!main) referenced from startup_armcm0.o(.text)
 <LI><a href="#[36]">_get_lc_ctype</a> from lc_ctype_c.o(locale$$code) referenced from rt_ctype_table.o(.text)
 <LI><a href="#[37]">_printf_fp_dec_real</a> from _printf_fp_dec.o(.text) referenced from printf1.o(x$fpl$printf1)
 <LI><a href="#[35]">_printf_input_char</a> from _printf_char_common.o(.text) referenced from _printf_char_common.o(.text)
 <LI><a href="#[34]">_sputc</a> from _sputc.o(.text) referenced from c89vsprintf.o(.text)
 <LI><a href="#[2c]">ble_evt_callback</a> from main.o(.text) referenced from main.o(.text)
 <LI><a href="#[30]">gap_evt_Callback</a> from main.o(.text) referenced from main.o(.text)
 <LI><a href="#[31]">sw_indicate_timer_callback</a> from main.o(.text) referenced from main.o(.text)
 <LI><a href="#[2f]">sw_timer_latency_callback</a> from main.o(.text) referenced from main.o(.text)
 <LI><a href="#[32]">sw_timer_update_callback</a> from main.o(.text) referenced from main.o(.text)
</UL>
<P>
<H3>
Global Symbols
</H3>
<P><STRONG><a name="[38]"></a>__main</STRONG> (Thumb, 8 bytes, Stack size 0 bytes, __main.o(!!!main))
<BR><BR>[Calls]<UL><LI><a href="#[3a]">&gt;&gt;</a>&nbsp;&nbsp;&nbsp;__rt_entry
<LI><a href="#[39]">&gt;&gt;</a>&nbsp;&nbsp;&nbsp;__scatterload
</UL>

<P><STRONG><a name="[39]"></a>__scatterload</STRONG> (Thumb, 0 bytes, Stack size unknown bytes, __scatter.o(!!!scatter))
<BR><BR>[Called By]<UL><LI><a href="#[38]">&gt;&gt;</a>&nbsp;&nbsp;&nbsp;__main
</UL>

<P><STRONG><a name="[3b]"></a>__scatterload_rt2</STRONG> (Thumb, 52 bytes, Stack size unknown bytes, __scatter.o(!!!scatter), UNUSED)
<BR><BR>[Calls]<UL><LI><a href="#[3a]">&gt;&gt;</a>&nbsp;&nbsp;&nbsp;__rt_entry
</UL>

<P><STRONG><a name="[15a]"></a>__scatterload_rt2_thumb_only</STRONG> (Thumb, 0 bytes, Stack size unknown bytes, __scatter.o(!!!scatter), UNUSED)

<P><STRONG><a name="[15b]"></a>__scatterload_null</STRONG> (Thumb, 0 bytes, Stack size unknown bytes, __scatter.o(!!!scatter), UNUSED)

<P><STRONG><a name="[3c]"></a>__scatterload_copy</STRONG> (Thumb, 26 bytes, Stack size unknown bytes, __scatter_copy.o(!!handler_copy), UNUSED)
<BR><BR>[Calls]<UL><LI><a href="#[3c]">&gt;&gt;</a>&nbsp;&nbsp;&nbsp;__scatterload_copy
</UL>
<BR>[Called By]<UL><LI><a href="#[3c]">&gt;&gt;</a>&nbsp;&nbsp;&nbsp;__scatterload_copy
</UL>

<P><STRONG><a name="[15c]"></a>__scatterload_zeroinit</STRONG> (Thumb, 28 bytes, Stack size unknown bytes, __scatter_zi.o(!!handler_zi), UNUSED)

<P><STRONG><a name="[13f]"></a>_printf_percent</STRONG> (Thumb, 0 bytes, Stack size unknown bytes, _printf_percent.o(.ARM.Collect$$_printf_percent$$00000000))
<BR><BR>[Called By]<UL><LI><a href="#[138]">&gt;&gt;</a>&nbsp;&nbsp;&nbsp;__printf
</UL>

<P><STRONG><a name="[3d]"></a>_printf_n</STRONG> (Thumb, 0 bytes, Stack size unknown bytes, _printf_n.o(.ARM.Collect$$_printf_percent$$00000001))
<BR><BR>[Stack]<UL><LI>Max Depth = 96 + Unknown Stack Size
<LI>Call Chain = _printf_n &rArr; _printf_p &rArr; _printf_f &rArr; _printf_e &rArr; _printf_g &rArr; _printf_a &rArr; _printf_ll &rArr; _printf_i &rArr; _printf_d &rArr; _printf_u &rArr; _printf_o &rArr; _printf_x &rArr; _printf_int_hex &rArr; _printf_longlong_hex &rArr; _printf_int_common &rArr; _printf_post_padding
</UL>
<BR>[Calls]<UL><LI><a href="#[3e]">&gt;&gt;</a>&nbsp;&nbsp;&nbsp;_printf_p
<LI><a href="#[3f]">&gt;&gt;</a>&nbsp;&nbsp;&nbsp;_printf_charcount
</UL>

<P><STRONG><a name="[3e]"></a>_printf_p</STRONG> (Thumb, 0 bytes, Stack size unknown bytes, _printf_p.o(.ARM.Collect$$_printf_percent$$00000002))
<BR><BR>[Stack]<UL><LI>Max Depth = 96 + Unknown Stack Size
<LI>Call Chain = _printf_p &rArr; _printf_f &rArr; _printf_e &rArr; _printf_g &rArr; _printf_a &rArr; _printf_ll &rArr; _printf_i &rArr; _printf_d &rArr; _printf_u &rArr; _printf_o &rArr; _printf_x &rArr; _printf_int_hex &rArr; _printf_longlong_hex &rArr; _printf_int_common &rArr; _printf_post_padding
</UL>
<BR>[Calls]<UL><LI><a href="#[40]">&gt;&gt;</a>&nbsp;&nbsp;&nbsp;_printf_f
<LI><a href="#[41]">&gt;&gt;</a>&nbsp;&nbsp;&nbsp;_printf_hex_ptr
</UL>
<BR>[Called By]<UL><LI><a href="#[3d]">&gt;&gt;</a>&nbsp;&nbsp;&nbsp;_printf_n
</UL>

<P><STRONG><a name="[40]"></a>_printf_f</STRONG> (Thumb, 0 bytes, Stack size unknown bytes, _printf_f.o(.ARM.Collect$$_printf_percent$$00000003))
<BR><BR>[Stack]<UL><LI>Max Depth = 96 + Unknown Stack Size
<LI>Call Chain = _printf_f &rArr; _printf_e &rArr; _printf_g &rArr; _printf_a &rArr; _printf_ll &rArr; _printf_i &rArr; _printf_d &rArr; _printf_u &rArr; _printf_o &rArr; _printf_x &rArr; _printf_int_hex &rArr; _printf_longlong_hex &rArr; _printf_int_common &rArr; _printf_post_padding
</UL>
<BR>[Calls]<UL><LI><a href="#[43]">&gt;&gt;</a>&nbsp;&nbsp;&nbsp;_printf_fp_dec
<LI><a href="#[42]">&gt;&gt;</a>&nbsp;&nbsp;&nbsp;_printf_e
</UL>
<BR>[Called By]<UL><LI><a href="#[3e]">&gt;&gt;</a>&nbsp;&nbsp;&nbsp;_printf_p
</UL>

<P><STRONG><a name="[42]"></a>_printf_e</STRONG> (Thumb, 0 bytes, Stack size unknown bytes, _printf_e.o(.ARM.Collect$$_printf_percent$$00000004))
<BR><BR>[Stack]<UL><LI>Max Depth = 96 + Unknown Stack Size
<LI>Call Chain = _printf_e &rArr; _printf_g &rArr; _printf_a &rArr; _printf_ll &rArr; _printf_i &rArr; _printf_d &rArr; _printf_u &rArr; _printf_o &rArr; _printf_x &rArr; _printf_int_hex &rArr; _printf_longlong_hex &rArr; _printf_int_common &rArr; _printf_post_padding
</UL>
<BR>[Calls]<UL><LI><a href="#[43]">&gt;&gt;</a>&nbsp;&nbsp;&nbsp;_printf_fp_dec
<LI><a href="#[44]">&gt;&gt;</a>&nbsp;&nbsp;&nbsp;_printf_g
</UL>
<BR>[Called By]<UL><LI><a href="#[40]">&gt;&gt;</a>&nbsp;&nbsp;&nbsp;_printf_f
</UL>

<P><STRONG><a name="[44]"></a>_printf_g</STRONG> (Thumb, 0 bytes, Stack size unknown bytes, _printf_g.o(.ARM.Collect$$_printf_percent$$00000005))
<BR><BR>[Stack]<UL><LI>Max Depth = 96 + Unknown Stack Size
<LI>Call Chain = _printf_g &rArr; _printf_a &rArr; _printf_ll &rArr; _printf_i &rArr; _printf_d &rArr; _printf_u &rArr; _printf_o &rArr; _printf_x &rArr; _printf_int_hex &rArr; _printf_longlong_hex &rArr; _printf_int_common &rArr; _printf_post_padding
</UL>
<BR>[Calls]<UL><LI><a href="#[43]">&gt;&gt;</a>&nbsp;&nbsp;&nbsp;_printf_fp_dec
<LI><a href="#[45]">&gt;&gt;</a>&nbsp;&nbsp;&nbsp;_printf_a
</UL>
<BR>[Called By]<UL><LI><a href="#[42]">&gt;&gt;</a>&nbsp;&nbsp;&nbsp;_printf_e
</UL>

<P><STRONG><a name="[45]"></a>_printf_a</STRONG> (Thumb, 0 bytes, Stack size unknown bytes, _printf_a.o(.ARM.Collect$$_printf_percent$$00000006))
<BR><BR>[Stack]<UL><LI>Max Depth = 96 + Unknown Stack Size
<LI>Call Chain = _printf_a &rArr; _printf_ll &rArr; _printf_i &rArr; _printf_d &rArr; _printf_u &rArr; _printf_o &rArr; _printf_x &rArr; _printf_int_hex &rArr; _printf_longlong_hex &rArr; _printf_int_common &rArr; _printf_post_padding
</UL>
<BR>[Calls]<UL><LI><a href="#[46]">&gt;&gt;</a>&nbsp;&nbsp;&nbsp;_printf_ll
<LI><a href="#[47]">&gt;&gt;</a>&nbsp;&nbsp;&nbsp;_printf_fp_hex (Weak Reference)
</UL>
<BR>[Called By]<UL><LI><a href="#[44]">&gt;&gt;</a>&nbsp;&nbsp;&nbsp;_printf_g
</UL>

<P><STRONG><a name="[46]"></a>_printf_ll</STRONG> (Thumb, 0 bytes, Stack size unknown bytes, _printf_ll.o(.ARM.Collect$$_printf_percent$$00000007))
<BR><BR>[Stack]<UL><LI>Max Depth = 96 + Unknown Stack Size
<LI>Call Chain = _printf_ll &rArr; _printf_i &rArr; _printf_d &rArr; _printf_u &rArr; _printf_o &rArr; _printf_x &rArr; _printf_int_hex &rArr; _printf_longlong_hex &rArr; _printf_int_common &rArr; _printf_post_padding
</UL>
<BR>[Calls]<UL><LI><a href="#[48]">&gt;&gt;</a>&nbsp;&nbsp;&nbsp;_printf_i
</UL>
<BR>[Called By]<UL><LI><a href="#[45]">&gt;&gt;</a>&nbsp;&nbsp;&nbsp;_printf_a
</UL>

<P><STRONG><a name="[48]"></a>_printf_i</STRONG> (Thumb, 0 bytes, Stack size unknown bytes, _printf_i.o(.ARM.Collect$$_printf_percent$$00000008))
<BR><BR>[Stack]<UL><LI>Max Depth = 96 + Unknown Stack Size
<LI>Call Chain = _printf_i &rArr; _printf_d &rArr; _printf_u &rArr; _printf_o &rArr; _printf_x &rArr; _printf_int_hex &rArr; _printf_longlong_hex &rArr; _printf_int_common &rArr; _printf_post_padding
</UL>
<BR>[Calls]<UL><LI><a href="#[49]">&gt;&gt;</a>&nbsp;&nbsp;&nbsp;_printf_d
<LI><a href="#[4a]">&gt;&gt;</a>&nbsp;&nbsp;&nbsp;_printf_int_dec
</UL>
<BR>[Called By]<UL><LI><a href="#[46]">&gt;&gt;</a>&nbsp;&nbsp;&nbsp;_printf_ll
</UL>

<P><STRONG><a name="[49]"></a>_printf_d</STRONG> (Thumb, 0 bytes, Stack size unknown bytes, _printf_d.o(.ARM.Collect$$_printf_percent$$00000009))
<BR><BR>[Stack]<UL><LI>Max Depth = 96 + Unknown Stack Size
<LI>Call Chain = _printf_d &rArr; _printf_u &rArr; _printf_o &rArr; _printf_x &rArr; _printf_int_hex &rArr; _printf_longlong_hex &rArr; _printf_int_common &rArr; _printf_post_padding
</UL>
<BR>[Calls]<UL><LI><a href="#[4b]">&gt;&gt;</a>&nbsp;&nbsp;&nbsp;_printf_u
<LI><a href="#[4a]">&gt;&gt;</a>&nbsp;&nbsp;&nbsp;_printf_int_dec
</UL>
<BR>[Called By]<UL><LI><a href="#[48]">&gt;&gt;</a>&nbsp;&nbsp;&nbsp;_printf_i
</UL>

<P><STRONG><a name="[4b]"></a>_printf_u</STRONG> (Thumb, 0 bytes, Stack size unknown bytes, _printf_u.o(.ARM.Collect$$_printf_percent$$0000000A))
<BR><BR>[Stack]<UL><LI>Max Depth = 96 + Unknown Stack Size
<LI>Call Chain = _printf_u &rArr; _printf_o &rArr; _printf_x &rArr; _printf_int_hex &rArr; _printf_longlong_hex &rArr; _printf_int_common &rArr; _printf_post_padding
</UL>
<BR>[Calls]<UL><LI><a href="#[4c]">&gt;&gt;</a>&nbsp;&nbsp;&nbsp;_printf_o
<LI><a href="#[4a]">&gt;&gt;</a>&nbsp;&nbsp;&nbsp;_printf_int_dec
</UL>
<BR>[Called By]<UL><LI><a href="#[49]">&gt;&gt;</a>&nbsp;&nbsp;&nbsp;_printf_d
</UL>

<P><STRONG><a name="[4c]"></a>_printf_o</STRONG> (Thumb, 0 bytes, Stack size unknown bytes, _printf_o.o(.ARM.Collect$$_printf_percent$$0000000B))
<BR><BR>[Stack]<UL><LI>Max Depth = 96 + Unknown Stack Size
<LI>Call Chain = _printf_o &rArr; _printf_x &rArr; _printf_int_hex &rArr; _printf_longlong_hex &rArr; _printf_int_common &rArr; _printf_post_padding
</UL>
<BR>[Calls]<UL><LI><a href="#[4d]">&gt;&gt;</a>&nbsp;&nbsp;&nbsp;_printf_x
<LI><a href="#[4e]">&gt;&gt;</a>&nbsp;&nbsp;&nbsp;_printf_int_oct
</UL>
<BR>[Called By]<UL><LI><a href="#[4b]">&gt;&gt;</a>&nbsp;&nbsp;&nbsp;_printf_u
</UL>

<P><STRONG><a name="[4d]"></a>_printf_x</STRONG> (Thumb, 0 bytes, Stack size unknown bytes, _printf_x.o(.ARM.Collect$$_printf_percent$$0000000C))
<BR><BR>[Stack]<UL><LI>Max Depth = 96 + Unknown Stack Size
<LI>Call Chain = _printf_x &rArr; _printf_int_hex &rArr; _printf_longlong_hex &rArr; _printf_int_common &rArr; _printf_post_padding
</UL>
<BR>[Calls]<UL><LI><a href="#[4f]">&gt;&gt;</a>&nbsp;&nbsp;&nbsp;_printf_lli
<LI><a href="#[50]">&gt;&gt;</a>&nbsp;&nbsp;&nbsp;_printf_int_hex
</UL>
<BR>[Called By]<UL><LI><a href="#[4c]">&gt;&gt;</a>&nbsp;&nbsp;&nbsp;_printf_o
</UL>

<P><STRONG><a name="[4f]"></a>_printf_lli</STRONG> (Thumb, 0 bytes, Stack size unknown bytes, _printf_lli.o(.ARM.Collect$$_printf_percent$$0000000D))
<BR><BR>[Stack]<UL><LI>Max Depth = 88 + Unknown Stack Size
<LI>Call Chain = _printf_lli &rArr; _printf_lld &rArr; _printf_llu &rArr; _printf_llo &rArr; _printf_llx &rArr; _printf_l &rArr; _printf_c &rArr; _printf_s &rArr; _printf_lc &rArr; _printf_wchar &rArr; _printf_lcs_common &rArr; _printf_wctomb &rArr; _wcrtomb &rArr; __rt_ctype_table
</UL>
<BR>[Calls]<UL><LI><a href="#[51]">&gt;&gt;</a>&nbsp;&nbsp;&nbsp;_printf_lld
<LI><a href="#[52]">&gt;&gt;</a>&nbsp;&nbsp;&nbsp;_printf_longlong_dec
</UL>
<BR>[Called By]<UL><LI><a href="#[4d]">&gt;&gt;</a>&nbsp;&nbsp;&nbsp;_printf_x
</UL>

<P><STRONG><a name="[51]"></a>_printf_lld</STRONG> (Thumb, 0 bytes, Stack size unknown bytes, _printf_lld.o(.ARM.Collect$$_printf_percent$$0000000E))
<BR><BR>[Stack]<UL><LI>Max Depth = 88 + Unknown Stack Size
<LI>Call Chain = _printf_lld &rArr; _printf_llu &rArr; _printf_llo &rArr; _printf_llx &rArr; _printf_l &rArr; _printf_c &rArr; _printf_s &rArr; _printf_lc &rArr; _printf_wchar &rArr; _printf_lcs_common &rArr; _printf_wctomb &rArr; _wcrtomb &rArr; __rt_ctype_table
</UL>
<BR>[Calls]<UL><LI><a href="#[53]">&gt;&gt;</a>&nbsp;&nbsp;&nbsp;_printf_llu
<LI><a href="#[52]">&gt;&gt;</a>&nbsp;&nbsp;&nbsp;_printf_longlong_dec
</UL>
<BR>[Called By]<UL><LI><a href="#[4f]">&gt;&gt;</a>&nbsp;&nbsp;&nbsp;_printf_lli
</UL>

<P><STRONG><a name="[53]"></a>_printf_llu</STRONG> (Thumb, 0 bytes, Stack size unknown bytes, _printf_llu.o(.ARM.Collect$$_printf_percent$$0000000F))
<BR><BR>[Stack]<UL><LI>Max Depth = 88 + Unknown Stack Size
<LI>Call Chain = _printf_llu &rArr; _printf_llo &rArr; _printf_llx &rArr; _printf_l &rArr; _printf_c &rArr; _printf_s &rArr; _printf_lc &rArr; _printf_wchar &rArr; _printf_lcs_common &rArr; _printf_wctomb &rArr; _wcrtomb &rArr; __rt_ctype_table
</UL>
<BR>[Calls]<UL><LI><a href="#[54]">&gt;&gt;</a>&nbsp;&nbsp;&nbsp;_printf_llo
<LI><a href="#[52]">&gt;&gt;</a>&nbsp;&nbsp;&nbsp;_printf_longlong_dec
</UL>
<BR>[Called By]<UL><LI><a href="#[51]">&gt;&gt;</a>&nbsp;&nbsp;&nbsp;_printf_lld
</UL>

<P><STRONG><a name="[54]"></a>_printf_llo</STRONG> (Thumb, 0 bytes, Stack size unknown bytes, _printf_llo.o(.ARM.Collect$$_printf_percent$$00000010))
<BR><BR>[Stack]<UL><LI>Max Depth = 88 + Unknown Stack Size
<LI>Call Chain = _printf_llo &rArr; _printf_llx &rArr; _printf_l &rArr; _printf_c &rArr; _printf_s &rArr; _printf_lc &rArr; _printf_wchar &rArr; _printf_lcs_common &rArr; _printf_wctomb &rArr; _wcrtomb &rArr; __rt_ctype_table
</UL>
<BR>[Calls]<UL><LI><a href="#[55]">&gt;&gt;</a>&nbsp;&nbsp;&nbsp;_printf_llx
<LI><a href="#[56]">&gt;&gt;</a>&nbsp;&nbsp;&nbsp;_printf_ll_oct
</UL>
<BR>[Called By]<UL><LI><a href="#[53]">&gt;&gt;</a>&nbsp;&nbsp;&nbsp;_printf_llu
</UL>

<P><STRONG><a name="[55]"></a>_printf_llx</STRONG> (Thumb, 0 bytes, Stack size unknown bytes, _printf_llx.o(.ARM.Collect$$_printf_percent$$00000011))
<BR><BR>[Stack]<UL><LI>Max Depth = 88 + Unknown Stack Size
<LI>Call Chain = _printf_llx &rArr; _printf_l &rArr; _printf_c &rArr; _printf_s &rArr; _printf_lc &rArr; _printf_wchar &rArr; _printf_lcs_common &rArr; _printf_wctomb &rArr; _wcrtomb &rArr; __rt_ctype_table
</UL>
<BR>[Calls]<UL><LI><a href="#[57]">&gt;&gt;</a>&nbsp;&nbsp;&nbsp;_printf_l
<LI><a href="#[58]">&gt;&gt;</a>&nbsp;&nbsp;&nbsp;_printf_ll_hex
</UL>
<BR>[Called By]<UL><LI><a href="#[54]">&gt;&gt;</a>&nbsp;&nbsp;&nbsp;_printf_llo
</UL>

<P><STRONG><a name="[57]"></a>_printf_l</STRONG> (Thumb, 0 bytes, Stack size unknown bytes, _printf_l.o(.ARM.Collect$$_printf_percent$$00000012))
<BR><BR>[Stack]<UL><LI>Max Depth = 88 + Unknown Stack Size
<LI>Call Chain = _printf_l &rArr; _printf_c &rArr; _printf_s &rArr; _printf_lc &rArr; _printf_wchar &rArr; _printf_lcs_common &rArr; _printf_wctomb &rArr; _wcrtomb &rArr; __rt_ctype_table
</UL>
<BR>[Calls]<UL><LI><a href="#[59]">&gt;&gt;</a>&nbsp;&nbsp;&nbsp;_printf_c
</UL>
<BR>[Called By]<UL><LI><a href="#[55]">&gt;&gt;</a>&nbsp;&nbsp;&nbsp;_printf_llx
</UL>

<P><STRONG><a name="[59]"></a>_printf_c</STRONG> (Thumb, 0 bytes, Stack size unknown bytes, _printf_c.o(.ARM.Collect$$_printf_percent$$00000013))
<BR><BR>[Stack]<UL><LI>Max Depth = 88 + Unknown Stack Size
<LI>Call Chain = _printf_c &rArr; _printf_s &rArr; _printf_lc &rArr; _printf_wchar &rArr; _printf_lcs_common &rArr; _printf_wctomb &rArr; _wcrtomb &rArr; __rt_ctype_table
</UL>
<BR>[Calls]<UL><LI><a href="#[5b]">&gt;&gt;</a>&nbsp;&nbsp;&nbsp;_printf_char
<LI><a href="#[5a]">&gt;&gt;</a>&nbsp;&nbsp;&nbsp;_printf_s
</UL>
<BR>[Called By]<UL><LI><a href="#[57]">&gt;&gt;</a>&nbsp;&nbsp;&nbsp;_printf_l
</UL>

<P><STRONG><a name="[5a]"></a>_printf_s</STRONG> (Thumb, 0 bytes, Stack size unknown bytes, _printf_s.o(.ARM.Collect$$_printf_percent$$00000014))
<BR><BR>[Stack]<UL><LI>Max Depth = 88 + Unknown Stack Size
<LI>Call Chain = _printf_s &rArr; _printf_lc &rArr; _printf_wchar &rArr; _printf_lcs_common &rArr; _printf_wctomb &rArr; _wcrtomb &rArr; __rt_ctype_table
</UL>
<BR>[Calls]<UL><LI><a href="#[5d]">&gt;&gt;</a>&nbsp;&nbsp;&nbsp;_printf_string
<LI><a href="#[5c]">&gt;&gt;</a>&nbsp;&nbsp;&nbsp;_printf_lc
</UL>
<BR>[Called By]<UL><LI><a href="#[59]">&gt;&gt;</a>&nbsp;&nbsp;&nbsp;_printf_c
</UL>

<P><STRONG><a name="[5c]"></a>_printf_lc</STRONG> (Thumb, 0 bytes, Stack size unknown bytes, _printf_lc.o(.ARM.Collect$$_printf_percent$$00000015))
<BR><BR>[Stack]<UL><LI>Max Depth = 88 + Unknown Stack Size
<LI>Call Chain = _printf_lc &rArr; _printf_wchar &rArr; _printf_lcs_common &rArr; _printf_wctomb &rArr; _wcrtomb &rArr; __rt_ctype_table
</UL>
<BR>[Calls]<UL><LI><a href="#[5f]">&gt;&gt;</a>&nbsp;&nbsp;&nbsp;_printf_wchar
<LI><a href="#[5e]">&gt;&gt;</a>&nbsp;&nbsp;&nbsp;_printf_ls
</UL>
<BR>[Called By]<UL><LI><a href="#[5a]">&gt;&gt;</a>&nbsp;&nbsp;&nbsp;_printf_s
</UL>

<P><STRONG><a name="[5e]"></a>_printf_ls</STRONG> (Thumb, 0 bytes, Stack size unknown bytes, _printf_ls.o(.ARM.Collect$$_printf_percent$$00000016))
<BR><BR>[Stack]<UL><LI>Max Depth = 88 + Unknown Stack Size
<LI>Call Chain = _printf_ls &rArr; _printf_wstring &rArr; _printf_lcs_common &rArr; _printf_wctomb &rArr; _wcrtomb &rArr; __rt_ctype_table
</UL>
<BR>[Calls]<UL><LI><a href="#[60]">&gt;&gt;</a>&nbsp;&nbsp;&nbsp;_printf_percent_end
<LI><a href="#[61]">&gt;&gt;</a>&nbsp;&nbsp;&nbsp;_printf_wstring
</UL>
<BR>[Called By]<UL><LI><a href="#[5c]">&gt;&gt;</a>&nbsp;&nbsp;&nbsp;_printf_lc
</UL>

<P><STRONG><a name="[60]"></a>_printf_percent_end</STRONG> (Thumb, 0 bytes, Stack size unknown bytes, _printf_percent_end.o(.ARM.Collect$$_printf_percent$$00000017))
<BR><BR>[Called By]<UL><LI><a href="#[5e]">&gt;&gt;</a>&nbsp;&nbsp;&nbsp;_printf_ls
</UL>

<P><STRONG><a name="[6a]"></a>__rt_lib_init</STRONG> (Thumb, 0 bytes, Stack size unknown bytes, libinit.o(.ARM.Collect$$libinit$$00000000))
<BR><BR>[Called By]<UL><LI><a href="#[69]">&gt;&gt;</a>&nbsp;&nbsp;&nbsp;__rt_entry_li
</UL>

<P><STRONG><a name="[15d]"></a>__rt_lib_init_fp_1</STRONG> (Thumb, 0 bytes, Stack size unknown bytes, libinit2.o(.ARM.Collect$$libinit$$00000002))

<P><STRONG><a name="[15e]"></a>__rt_lib_init_heap_1</STRONG> (Thumb, 0 bytes, Stack size unknown bytes, libinit2.o(.ARM.Collect$$libinit$$0000000A))

<P><STRONG><a name="[62]"></a>__rt_lib_init_lc_common</STRONG> (Thumb, 0 bytes, Stack size unknown bytes, libinit2.o(.ARM.Collect$$libinit$$0000000F))
<BR><BR>[Calls]<UL><LI><a href="#[63]">&gt;&gt;</a>&nbsp;&nbsp;&nbsp;__rt_locale
</UL>

<P><STRONG><a name="[15f]"></a>__rt_lib_init_preinit_1</STRONG> (Thumb, 0 bytes, Stack size unknown bytes, libinit2.o(.ARM.Collect$$libinit$$00000004))

<P><STRONG><a name="[160]"></a>__rt_lib_init_rand_1</STRONG> (Thumb, 0 bytes, Stack size unknown bytes, libinit2.o(.ARM.Collect$$libinit$$0000000E))

<P><STRONG><a name="[161]"></a>__rt_lib_init_user_alloc_1</STRONG> (Thumb, 0 bytes, Stack size unknown bytes, libinit2.o(.ARM.Collect$$libinit$$0000000C))

<P><STRONG><a name="[162]"></a>__rt_lib_init_lc_collate_1</STRONG> (Thumb, 0 bytes, Stack size unknown bytes, libinit2.o(.ARM.Collect$$libinit$$00000011))

<P><STRONG><a name="[64]"></a>__rt_lib_init_lc_ctype_2</STRONG> (Thumb, 0 bytes, Stack size unknown bytes, libinit2.o(.ARM.Collect$$libinit$$00000012))
<BR><BR>[Stack]<UL><LI>Max Depth = 24 + Unknown Stack Size
<LI>Call Chain = __rt_lib_init_lc_ctype_2 &rArr; _get_lc_ctype &rArr; strcmp
</UL>
<BR>[Calls]<UL><LI><a href="#[36]">&gt;&gt;</a>&nbsp;&nbsp;&nbsp;_get_lc_ctype
</UL>

<P><STRONG><a name="[163]"></a>__rt_lib_init_lc_ctype_1</STRONG> (Thumb, 0 bytes, Stack size unknown bytes, libinit2.o(.ARM.Collect$$libinit$$00000013))

<P><STRONG><a name="[164]"></a>__rt_lib_init_lc_monetary_1</STRONG> (Thumb, 0 bytes, Stack size unknown bytes, libinit2.o(.ARM.Collect$$libinit$$00000015))

<P><STRONG><a name="[65]"></a>__rt_lib_init_lc_numeric_2</STRONG> (Thumb, 0 bytes, Stack size unknown bytes, libinit2.o(.ARM.Collect$$libinit$$00000016))
<BR><BR>[Stack]<UL><LI>Max Depth = 24 + Unknown Stack Size
<LI>Call Chain = __rt_lib_init_lc_numeric_2 &rArr; _get_lc_numeric &rArr; strcmp
</UL>
<BR>[Calls]<UL><LI><a href="#[66]">&gt;&gt;</a>&nbsp;&nbsp;&nbsp;_get_lc_numeric
</UL>

<P><STRONG><a name="[165]"></a>__rt_lib_init_alloca_1</STRONG> (Thumb, 0 bytes, Stack size unknown bytes, libinit2.o(.ARM.Collect$$libinit$$0000002E))

<P><STRONG><a name="[166]"></a>__rt_lib_init_argv_1</STRONG> (Thumb, 0 bytes, Stack size unknown bytes, libinit2.o(.ARM.Collect$$libinit$$0000002C))

<P><STRONG><a name="[167]"></a>__rt_lib_init_atexit_1</STRONG> (Thumb, 0 bytes, Stack size unknown bytes, libinit2.o(.ARM.Collect$$libinit$$0000001B))

<P><STRONG><a name="[168]"></a>__rt_lib_init_clock_1</STRONG> (Thumb, 0 bytes, Stack size unknown bytes, libinit2.o(.ARM.Collect$$libinit$$00000021))

<P><STRONG><a name="[169]"></a>__rt_lib_init_cpp_1</STRONG> (Thumb, 0 bytes, Stack size unknown bytes, libinit2.o(.ARM.Collect$$libinit$$00000032))

<P><STRONG><a name="[16a]"></a>__rt_lib_init_exceptions_1</STRONG> (Thumb, 0 bytes, Stack size unknown bytes, libinit2.o(.ARM.Collect$$libinit$$00000030))

<P><STRONG><a name="[16b]"></a>__rt_lib_init_fp_trap_1</STRONG> (Thumb, 0 bytes, Stack size unknown bytes, libinit2.o(.ARM.Collect$$libinit$$0000001F))

<P><STRONG><a name="[16c]"></a>__rt_lib_init_getenv_1</STRONG> (Thumb, 0 bytes, Stack size unknown bytes, libinit2.o(.ARM.Collect$$libinit$$00000023))

<P><STRONG><a name="[16d]"></a>__rt_lib_init_lc_numeric_1</STRONG> (Thumb, 0 bytes, Stack size unknown bytes, libinit2.o(.ARM.Collect$$libinit$$00000017))

<P><STRONG><a name="[16e]"></a>__rt_lib_init_lc_time_1</STRONG> (Thumb, 0 bytes, Stack size unknown bytes, libinit2.o(.ARM.Collect$$libinit$$00000019))

<P><STRONG><a name="[16f]"></a>__rt_lib_init_return</STRONG> (Thumb, 0 bytes, Stack size unknown bytes, libinit2.o(.ARM.Collect$$libinit$$00000033))

<P><STRONG><a name="[170]"></a>__rt_lib_init_signal_1</STRONG> (Thumb, 0 bytes, Stack size unknown bytes, libinit2.o(.ARM.Collect$$libinit$$0000001D))

<P><STRONG><a name="[171]"></a>__rt_lib_init_stdio_1</STRONG> (Thumb, 0 bytes, Stack size unknown bytes, libinit2.o(.ARM.Collect$$libinit$$00000025))

<P><STRONG><a name="[6f]"></a>__rt_lib_shutdown</STRONG> (Thumb, 0 bytes, Stack size unknown bytes, libshutdown.o(.ARM.Collect$$libshutdown$$00000000))
<BR><BR>[Called By]<UL><LI><a href="#[6e]">&gt;&gt;</a>&nbsp;&nbsp;&nbsp;__rt_exit_ls
</UL>

<P><STRONG><a name="[172]"></a>__rt_lib_shutdown_cpp_1</STRONG> (Thumb, 0 bytes, Stack size unknown bytes, libshutdown2.o(.ARM.Collect$$libshutdown$$00000002))

<P><STRONG><a name="[173]"></a>__rt_lib_shutdown_fp_trap_1</STRONG> (Thumb, 0 bytes, Stack size unknown bytes, libshutdown2.o(.ARM.Collect$$libshutdown$$00000007))

<P><STRONG><a name="[174]"></a>__rt_lib_shutdown_heap_1</STRONG> (Thumb, 0 bytes, Stack size unknown bytes, libshutdown2.o(.ARM.Collect$$libshutdown$$0000000F))

<P><STRONG><a name="[175]"></a>__rt_lib_shutdown_return</STRONG> (Thumb, 0 bytes, Stack size unknown bytes, libshutdown2.o(.ARM.Collect$$libshutdown$$00000010))

<P><STRONG><a name="[176]"></a>__rt_lib_shutdown_signal_1</STRONG> (Thumb, 0 bytes, Stack size unknown bytes, libshutdown2.o(.ARM.Collect$$libshutdown$$0000000A))

<P><STRONG><a name="[177]"></a>__rt_lib_shutdown_stdio_1</STRONG> (Thumb, 0 bytes, Stack size unknown bytes, libshutdown2.o(.ARM.Collect$$libshutdown$$00000004))

<P><STRONG><a name="[178]"></a>__rt_lib_shutdown_user_alloc_1</STRONG> (Thumb, 0 bytes, Stack size unknown bytes, libshutdown2.o(.ARM.Collect$$libshutdown$$0000000C))

<P><STRONG><a name="[3a]"></a>__rt_entry</STRONG> (Thumb, 0 bytes, Stack size unknown bytes, __rtentry.o(.ARM.Collect$$rtentry$$00000000))
<BR><BR>[Called By]<UL><LI><a href="#[38]">&gt;&gt;</a>&nbsp;&nbsp;&nbsp;__main
<LI><a href="#[3b]">&gt;&gt;</a>&nbsp;&nbsp;&nbsp;__scatterload_rt2
</UL>

<P><STRONG><a name="[179]"></a>__rt_entry_presh_1</STRONG> (Thumb, 0 bytes, Stack size unknown bytes, __rtentry2.o(.ARM.Collect$$rtentry$$00000002))

<P><STRONG><a name="[67]"></a>__rt_entry_sh</STRONG> (Thumb, 0 bytes, Stack size unknown bytes, __rtentry4.o(.ARM.Collect$$rtentry$$00000004))
<BR><BR>[Stack]<UL><LI>Max Depth = 8 + Unknown Stack Size
<LI>Call Chain = __rt_entry_sh &rArr; __user_setup_stackheap
</UL>
<BR>[Calls]<UL><LI><a href="#[68]">&gt;&gt;</a>&nbsp;&nbsp;&nbsp;__user_setup_stackheap
</UL>

<P><STRONG><a name="[69]"></a>__rt_entry_li</STRONG> (Thumb, 0 bytes, Stack size unknown bytes, __rtentry2.o(.ARM.Collect$$rtentry$$0000000A))
<BR><BR>[Calls]<UL><LI><a href="#[6a]">&gt;&gt;</a>&nbsp;&nbsp;&nbsp;__rt_lib_init
</UL>

<P><STRONG><a name="[17a]"></a>__rt_entry_postsh_1</STRONG> (Thumb, 0 bytes, Stack size unknown bytes, __rtentry2.o(.ARM.Collect$$rtentry$$00000009))

<P><STRONG><a name="[6b]"></a>__rt_entry_main</STRONG> (Thumb, 0 bytes, Stack size unknown bytes, __rtentry2.o(.ARM.Collect$$rtentry$$0000000D))
<BR><BR>[Stack]<UL><LI>Max Depth = 144 + Unknown Stack Size
<LI>Call Chain = __rt_entry_main &rArr; main &rArr; dbg_printf &rArr; __c89vsprintf &rArr; _printf_char_common &rArr; __printf
</UL>
<BR>[Calls]<UL><LI><a href="#[6c]">&gt;&gt;</a>&nbsp;&nbsp;&nbsp;main
<LI><a href="#[6d]">&gt;&gt;</a>&nbsp;&nbsp;&nbsp;exit
</UL>

<P><STRONG><a name="[17b]"></a>__rt_entry_postli_1</STRONG> (Thumb, 0 bytes, Stack size unknown bytes, __rtentry2.o(.ARM.Collect$$rtentry$$0000000C))

<P><STRONG><a name="[154]"></a>__rt_exit</STRONG> (Thumb, 0 bytes, Stack size unknown bytes, rtexit.o(.ARM.Collect$$rtexit$$00000000))
<BR><BR>[Called By]<UL><LI><a href="#[6d]">&gt;&gt;</a>&nbsp;&nbsp;&nbsp;exit
</UL>

<P><STRONG><a name="[6e]"></a>__rt_exit_ls</STRONG> (Thumb, 0 bytes, Stack size unknown bytes, rtexit2.o(.ARM.Collect$$rtexit$$00000003))
<BR><BR>[Calls]<UL><LI><a href="#[6f]">&gt;&gt;</a>&nbsp;&nbsp;&nbsp;__rt_lib_shutdown
</UL>

<P><STRONG><a name="[17c]"></a>__rt_exit_prels_1</STRONG> (Thumb, 0 bytes, Stack size unknown bytes, rtexit2.o(.ARM.Collect$$rtexit$$00000002))

<P><STRONG><a name="[70]"></a>__rt_exit_exit</STRONG> (Thumb, 0 bytes, Stack size unknown bytes, rtexit2.o(.ARM.Collect$$rtexit$$00000004))
<BR><BR>[Calls]<UL><LI><a href="#[71]">&gt;&gt;</a>&nbsp;&nbsp;&nbsp;_sys_exit
</UL>

<P><STRONG><a name="[106]"></a>B01_correct_TXPacket_length</STRONG> (Thumb, 6 bytes, Stack size 0 bytes, rom.o(.emb_text))
<BR><BR>[Called By]<UL><LI><a href="#[33]">&gt;&gt;</a>&nbsp;&nbsp;&nbsp;B01_Hook_Callback
</UL>

<P><STRONG><a name="[123]"></a>__aeabi_memcpy4</STRONG> (Thumb, 56 bytes, Stack size 0 bytes, rt_memcpy.o(.emb_text))
<BR><BR>[Called By]<UL><LI><a href="#[85]">&gt;&gt;</a>&nbsp;&nbsp;&nbsp;__aeabi_memcpy
</UL>

<P><STRONG><a name="[17d]"></a>__aeabi_memcpy8</STRONG> (Thumb, 0 bytes, Stack size 0 bytes, rt_memcpy.o(.emb_text), UNUSED)

<P><STRONG><a name="[76]"></a>BLE_SendData</STRONG> (Thumb, 50 bytes, Stack size 24 bytes, main.o(.text))
<BR><BR>[Stack]<UL><LI>Max Depth = 128<LI>Call Chain = BLE_SendData &rArr; gap_s_gatt_data_send &rArr; smart_latency_start &rArr; __aeabi_dmul
</UL>
<BR>[Calls]<UL><LI><a href="#[77]">&gt;&gt;</a>&nbsp;&nbsp;&nbsp;gap_s_gatt_data_send
</UL>
<BR>[Called By]<UL><LI><a href="#[91]">&gt;&gt;</a>&nbsp;&nbsp;&nbsp;uart_to_ble_transfer
<LI><a href="#[78]">&gt;&gt;</a>&nbsp;&nbsp;&nbsp;BLSetConnectionUpdate
<LI><a href="#[7c]">&gt;&gt;</a>&nbsp;&nbsp;&nbsp;ble_gatt_read
</UL>

<P><STRONG><a name="[78]"></a>BLSetConnectionUpdate</STRONG> (Thumb, 168 bytes, Stack size 32 bytes, main.o(.text))
<BR><BR>[Stack]<UL><LI>Max Depth = 176 + Unknown Stack Size
<LI>Call Chain = BLSetConnectionUpdate &rArr; dbg_printf &rArr; __c89vsprintf &rArr; _printf_char_common &rArr; __printf
</UL>
<BR>[Calls]<UL><LI><a href="#[7b]">&gt;&gt;</a>&nbsp;&nbsp;&nbsp;gap_s_smart_update_latency
<LI><a href="#[79]">&gt;&gt;</a>&nbsp;&nbsp;&nbsp;gap_s_link_parameters_get
<LI><a href="#[7a]">&gt;&gt;</a>&nbsp;&nbsp;&nbsp;dbg_printf
<LI><a href="#[76]">&gt;&gt;</a>&nbsp;&nbsp;&nbsp;BLE_SendData
</UL>
<BR>[Called By]<UL><LI><a href="#[81]">&gt;&gt;</a>&nbsp;&nbsp;&nbsp;ota_cmd
<LI><a href="#[2c]">&gt;&gt;</a>&nbsp;&nbsp;&nbsp;ble_evt_callback
</UL>

<P><STRONG><a name="[2c]"></a>ble_evt_callback</STRONG> (Thumb, 958 bytes, Stack size 1032 bytes, main.o(.text))
<BR><BR>[Stack]<UL><LI>Max Depth = 1248 + Unknown Stack Size
<LI>Call Chain = ble_evt_callback &rArr; ble_gatt_write &rArr; ota_cmd &rArr; BLSetConnectionUpdate &rArr; dbg_printf &rArr; __c89vsprintf &rArr; _printf_char_common &rArr; __printf
</UL>
<BR>[Calls]<UL><LI><a href="#[86]">&gt;&gt;</a>&nbsp;&nbsp;&nbsp;__ARM_common_switch8
<LI><a href="#[83]">&gt;&gt;</a>&nbsp;&nbsp;&nbsp;gap_s_adv_start
<LI><a href="#[7a]">&gt;&gt;</a>&nbsp;&nbsp;&nbsp;dbg_printf
<LI><a href="#[84]">&gt;&gt;</a>&nbsp;&nbsp;&nbsp;dbg_hexdump
<LI><a href="#[78]">&gt;&gt;</a>&nbsp;&nbsp;&nbsp;BLSetConnectionUpdate
<LI><a href="#[7f]">&gt;&gt;</a>&nbsp;&nbsp;&nbsp;ble_gatt_write
<LI><a href="#[7c]">&gt;&gt;</a>&nbsp;&nbsp;&nbsp;ble_gatt_read
<LI><a href="#[82]">&gt;&gt;</a>&nbsp;&nbsp;&nbsp;__aeabi_uread4
<LI><a href="#[85]">&gt;&gt;</a>&nbsp;&nbsp;&nbsp;__aeabi_memcpy
</UL>
<BR>[Address Reference Count : 1]<UL><LI> main.o(.text)
</UL>
<P><STRONG><a name="[91]"></a>uart_to_ble_transfer</STRONG> (Thumb, 156 bytes, Stack size 16 bytes, main.o(.text), UNUSED)
<BR><BR>[Calls]<UL><LI><a href="#[76]">&gt;&gt;</a>&nbsp;&nbsp;&nbsp;BLE_SendData
<LI><a href="#[92]">&gt;&gt;</a>&nbsp;&nbsp;&nbsp;__aeabi_idivmod
</UL>
<BR>[Called By]<UL><LI><a href="#[96]">&gt;&gt;</a>&nbsp;&nbsp;&nbsp;timer_uart_wait
</UL>

<P><STRONG><a name="[93]"></a>ble_to_uart_transfer</STRONG> (Thumb, 34 bytes, Stack size 8 bytes, main.o(.text), UNUSED)
<BR><BR>[Calls]<UL><LI><a href="#[94]">&gt;&gt;</a>&nbsp;&nbsp;&nbsp;uart_write
<LI><a href="#[95]">&gt;&gt;</a>&nbsp;&nbsp;&nbsp;dequeue
</UL>

<P><STRONG><a name="[96]"></a>timer_uart_wait</STRONG> (Thumb, 46 bytes, Stack size 8 bytes, main.o(.text), UNUSED)
<BR><BR>[Calls]<UL><LI><a href="#[97]">&gt;&gt;</a>&nbsp;&nbsp;&nbsp;timer_disable
<LI><a href="#[98]">&gt;&gt;</a>&nbsp;&nbsp;&nbsp;is_queue_empty
<LI><a href="#[91]">&gt;&gt;</a>&nbsp;&nbsp;&nbsp;uart_to_ble_transfer
</UL>

<P><STRONG><a name="[99]"></a>gpio_init</STRONG> (Thumb, 146 bytes, Stack size 8 bytes, main.o(.text))
<BR><BR>[Stack]<UL><LI>Max Depth = 24<LI>Call Chain = gpio_init &rArr; pad_mux_write
</UL>
<BR>[Calls]<UL><LI><a href="#[9a]">&gt;&gt;</a>&nbsp;&nbsp;&nbsp;pad_mux_write
<LI><a href="#[9c]">&gt;&gt;</a>&nbsp;&nbsp;&nbsp;gpo_config
<LI><a href="#[9b]">&gt;&gt;</a>&nbsp;&nbsp;&nbsp;gpi_config
</UL>
<BR>[Called By]<UL><LI><a href="#[6c]">&gt;&gt;</a>&nbsp;&nbsp;&nbsp;main
</UL>

<P><STRONG><a name="[9d]"></a>ble_uart_init</STRONG> (Thumb, 476 bytes, Stack size 16 bytes, main.o(.text), UNUSED)
<BR><BR>[Calls]<UL><LI><a href="#[9e]">&gt;&gt;</a>&nbsp;&nbsp;&nbsp;queue_init
<LI><a href="#[9a]">&gt;&gt;</a>&nbsp;&nbsp;&nbsp;pad_mux_write
</UL>

<P><STRONG><a name="[6c]"></a>main</STRONG> (Thumb, 112 bytes, Stack size 0 bytes, main.o(.text))
<BR><BR>[Stack]<UL><LI>Max Depth = 144 + Unknown Stack Size
<LI>Call Chain = main &rArr; dbg_printf &rArr; __c89vsprintf &rArr; _printf_char_common &rArr; __printf
</UL>
<BR>[Calls]<UL><LI><a href="#[a0]">&gt;&gt;</a>&nbsp;&nbsp;&nbsp;sys_mcu_rc_calibration
<LI><a href="#[9f]">&gt;&gt;</a>&nbsp;&nbsp;&nbsp;sys_mcu_clock_set
<LI><a href="#[a1]">&gt;&gt;</a>&nbsp;&nbsp;&nbsp;sys_32k_clock_set
<LI><a href="#[9a]">&gt;&gt;</a>&nbsp;&nbsp;&nbsp;pad_mux_write
<LI><a href="#[a5]">&gt;&gt;</a>&nbsp;&nbsp;&nbsp;gpo_toggle
<LI><a href="#[a3]">&gt;&gt;</a>&nbsp;&nbsp;&nbsp;gap_s_scan_start
<LI><a href="#[7a]">&gt;&gt;</a>&nbsp;&nbsp;&nbsp;dbg_printf
<LI><a href="#[a2]">&gt;&gt;</a>&nbsp;&nbsp;&nbsp;dbg_init
<LI><a href="#[a4]">&gt;&gt;</a>&nbsp;&nbsp;&nbsp;ble_sched_execute
<LI><a href="#[a6]">&gt;&gt;</a>&nbsp;&nbsp;&nbsp;SystemSleep
<LI><a href="#[99]">&gt;&gt;</a>&nbsp;&nbsp;&nbsp;gpio_init
<LI><a href="#[87]">&gt;&gt;</a>&nbsp;&nbsp;&nbsp;ble_init
</UL>
<BR>[Called By]<UL><LI><a href="#[6b]">&gt;&gt;</a>&nbsp;&nbsp;&nbsp;__rt_entry_main
</UL>

<P><STRONG><a name="[17e]"></a>gpi_irq_set_cb</STRONG> (Thumb, 6 bytes, Stack size 0 bytes, gpio.o(.text), UNUSED)

<P><STRONG><a name="[9b]"></a>gpi_config</STRONG> (Thumb, 114 bytes, Stack size 16 bytes, gpio.o(.text))
<BR><BR>[Stack]<UL><LI>Max Depth = 16<LI>Call Chain = gpi_config
</UL>
<BR>[Called By]<UL><LI><a href="#[99]">&gt;&gt;</a>&nbsp;&nbsp;&nbsp;gpio_init
</UL>

<P><STRONG><a name="[17f]"></a>pad_input_configure</STRONG> (Thumb, 94 bytes, Stack size 16 bytes, gpio.o(.text), UNUSED)

<P><STRONG><a name="[9c]"></a>gpo_config</STRONG> (Thumb, 90 bytes, Stack size 12 bytes, gpio.o(.text))
<BR><BR>[Stack]<UL><LI>Max Depth = 12<LI>Call Chain = gpo_config
</UL>
<BR>[Called By]<UL><LI><a href="#[99]">&gt;&gt;</a>&nbsp;&nbsp;&nbsp;gpio_init
</UL>

<P><STRONG><a name="[a5]"></a>gpo_toggle</STRONG> (Thumb, 42 bytes, Stack size 8 bytes, gpio.o(.text))
<BR><BR>[Stack]<UL><LI>Max Depth = 8<LI>Call Chain = gpo_toggle
</UL>
<BR>[Called By]<UL><LI><a href="#[6c]">&gt;&gt;</a>&nbsp;&nbsp;&nbsp;main
</UL>

<P><STRONG><a name="[180]"></a>gpo_set</STRONG> (Thumb, 42 bytes, Stack size 8 bytes, gpio.o(.text), UNUSED)

<P><STRONG><a name="[181]"></a>gpo_clr</STRONG> (Thumb, 42 bytes, Stack size 8 bytes, gpio.o(.text), UNUSED)

<P><STRONG><a name="[182]"></a>gpi_get_val</STRONG> (Thumb, 70 bytes, Stack size 12 bytes, gpio.o(.text), UNUSED)

<P><STRONG><a name="[183]"></a>gpi_enable_int</STRONG> (Thumb, 170 bytes, Stack size 20 bytes, gpio.o(.text), UNUSED)

<P><STRONG><a name="[184]"></a>gpi_disable_int</STRONG> (Thumb, 44 bytes, Stack size 8 bytes, gpio.o(.text), UNUSED)

<P><STRONG><a name="[c]"></a>GPIO_IRQHandler</STRONG> (Thumb, 134 bytes, Stack size 16 bytes, gpio.o(.text))
<BR><BR>[Stack]<UL><LI>Max Depth = 16<LI>Call Chain = GPIO_IRQHandler
</UL>
<BR>[Address Reference Count : 1]<UL><LI> startup_armcm0.o(RESET)
</UL>
<P><STRONG><a name="[185]"></a>pad_mux_read</STRONG> (Thumb, 62 bytes, Stack size 8 bytes, pad_mux_ctrl.o(.text), UNUSED)

<P><STRONG><a name="[9a]"></a>pad_mux_write</STRONG> (Thumb, 78 bytes, Stack size 16 bytes, pad_mux_ctrl.o(.text))
<BR><BR>[Stack]<UL><LI>Max Depth = 16<LI>Call Chain = pad_mux_write
</UL>
<BR>[Called By]<UL><LI><a href="#[6c]">&gt;&gt;</a>&nbsp;&nbsp;&nbsp;main
<LI><a href="#[9d]">&gt;&gt;</a>&nbsp;&nbsp;&nbsp;ble_uart_init
<LI><a href="#[99]">&gt;&gt;</a>&nbsp;&nbsp;&nbsp;gpio_init
</UL>

<P><STRONG><a name="[a7]"></a>uart_0_init</STRONG> (Thumb, 134 bytes, Stack size 16 bytes, uart.o(.text), UNUSED)
<BR><BR>[Calls]<UL><LI><a href="#[a9]">&gt;&gt;</a>&nbsp;&nbsp;&nbsp;__NVIC_EnableIRQ
<LI><a href="#[a8]">&gt;&gt;</a>&nbsp;&nbsp;&nbsp;__NVIC_DisableIRQ
<LI><a href="#[9e]">&gt;&gt;</a>&nbsp;&nbsp;&nbsp;queue_init
</UL>

<P><STRONG><a name="[12]"></a>UART0_IRQHandler</STRONG> (Thumb, 58 bytes, Stack size 16 bytes, uart.o(.text))
<BR><BR>[Stack]<UL><LI>Max Depth = 16<LI>Call Chain = UART0_IRQHandler
</UL>
<BR>[Calls]<UL><LI><a href="#[aa]">&gt;&gt;</a>&nbsp;&nbsp;&nbsp;enqueue
</UL>
<BR>[Address Reference Count : 1]<UL><LI> startup_armcm0.o(RESET)
</UL>
<P><STRONG><a name="[ab]"></a>uart_1_init</STRONG> (Thumb, 112 bytes, Stack size 16 bytes, uart.o(.text), UNUSED)
<BR><BR>[Calls]<UL><LI><a href="#[a9]">&gt;&gt;</a>&nbsp;&nbsp;&nbsp;__NVIC_EnableIRQ
<LI><a href="#[a8]">&gt;&gt;</a>&nbsp;&nbsp;&nbsp;__NVIC_DisableIRQ
<LI><a href="#[9e]">&gt;&gt;</a>&nbsp;&nbsp;&nbsp;queue_init
</UL>

<P><STRONG><a name="[25]"></a>UART1_IRQHandler</STRONG> (Thumb, 60 bytes, Stack size 16 bytes, uart.o(.text))
<BR><BR>[Stack]<UL><LI>Max Depth = 16<LI>Call Chain = UART1_IRQHandler
</UL>
<BR>[Calls]<UL><LI><a href="#[aa]">&gt;&gt;</a>&nbsp;&nbsp;&nbsp;enqueue
</UL>
<BR>[Address Reference Count : 1]<UL><LI> startup_armcm0.o(RESET)
</UL>
<P><STRONG><a name="[94]"></a>uart_write</STRONG> (Thumb, 80 bytes, Stack size 20 bytes, uart.o(.text), UNUSED)
<BR><BR>[Called By]<UL><LI><a href="#[93]">&gt;&gt;</a>&nbsp;&nbsp;&nbsp;ble_to_uart_transfer
</UL>

<P><STRONG><a name="[ac]"></a>uart_read</STRONG> (Thumb, 20 bytes, Stack size 16 bytes, uart.o(.text), UNUSED)
<BR><BR>[Calls]<UL><LI><a href="#[95]">&gt;&gt;</a>&nbsp;&nbsp;&nbsp;dequeue
</UL>

<P><STRONG><a name="[ad]"></a>uart_queue_size</STRONG> (Thumb, 56 bytes, Stack size 16 bytes, uart.o(.text), UNUSED)
<BR><BR>[Calls]<UL><LI><a href="#[ae]">&gt;&gt;</a>&nbsp;&nbsp;&nbsp;queue_size
<LI><a href="#[98]">&gt;&gt;</a>&nbsp;&nbsp;&nbsp;is_queue_empty
</UL>

<P><STRONG><a name="[186]"></a>uart_get_ctrl</STRONG> (Thumb, 18 bytes, Stack size 0 bytes, uart.o(.text), UNUSED)

<P><STRONG><a name="[a2]"></a>dbg_init</STRONG> (Thumb, 12 bytes, Stack size 8 bytes, debug.o(.text))
<BR><BR>[Stack]<UL><LI>Max Depth = 16<LI>Call Chain = dbg_init &rArr; debug_uart_0_init
</UL>
<BR>[Calls]<UL><LI><a href="#[af]">&gt;&gt;</a>&nbsp;&nbsp;&nbsp;debug_uart_0_init
</UL>
<BR>[Called By]<UL><LI><a href="#[6c]">&gt;&gt;</a>&nbsp;&nbsp;&nbsp;main
</UL>

<P><STRONG><a name="[7a]"></a>dbg_printf</STRONG> (Thumb, 60 bytes, Stack size 32 bytes, debug.o(.text))
<BR><BR>[Stack]<UL><LI>Max Depth = 144 + Unknown Stack Size
<LI>Call Chain = dbg_printf &rArr; __c89vsprintf &rArr; _printf_char_common &rArr; __printf
</UL>
<BR>[Calls]<UL><LI><a href="#[b1]">&gt;&gt;</a>&nbsp;&nbsp;&nbsp;debug_uart_write
<LI><a href="#[b0]">&gt;&gt;</a>&nbsp;&nbsp;&nbsp;__c89vsprintf
</UL>
<BR>[Called By]<UL><LI><a href="#[b6]">&gt;&gt;</a>&nbsp;&nbsp;&nbsp;CmdFwErase
<LI><a href="#[84]">&gt;&gt;</a>&nbsp;&nbsp;&nbsp;dbg_hexdump
<LI><a href="#[6c]">&gt;&gt;</a>&nbsp;&nbsp;&nbsp;main
<LI><a href="#[2c]">&gt;&gt;</a>&nbsp;&nbsp;&nbsp;ble_evt_callback
<LI><a href="#[78]">&gt;&gt;</a>&nbsp;&nbsp;&nbsp;BLSetConnectionUpdate
</UL>

<P><STRONG><a name="[b2]"></a>dbg_printf_sel</STRONG> (Thumb, 62 bytes, Stack size 32 bytes, debug.o(.text), UNUSED)
<BR><BR>[Calls]<UL><LI><a href="#[b1]">&gt;&gt;</a>&nbsp;&nbsp;&nbsp;debug_uart_write
<LI><a href="#[b0]">&gt;&gt;</a>&nbsp;&nbsp;&nbsp;__c89vsprintf
</UL>

<P><STRONG><a name="[84]"></a>dbg_hexdump</STRONG> (Thumb, 108 bytes, Stack size 24 bytes, debug.o(.text))
<BR><BR>[Stack]<UL><LI>Max Depth = 168 + Unknown Stack Size
<LI>Call Chain = dbg_hexdump &rArr; dbg_printf &rArr; __c89vsprintf &rArr; _printf_char_common &rArr; __printf
</UL>
<BR>[Calls]<UL><LI><a href="#[7a]">&gt;&gt;</a>&nbsp;&nbsp;&nbsp;dbg_printf
</UL>
<BR>[Called By]<UL><LI><a href="#[2c]">&gt;&gt;</a>&nbsp;&nbsp;&nbsp;ble_evt_callback
</UL>

<P><STRONG><a name="[9e]"></a>queue_init</STRONG> (Thumb, 12 bytes, Stack size 0 bytes, queue.o(.text), UNUSED)
<BR><BR>[Called By]<UL><LI><a href="#[ab]">&gt;&gt;</a>&nbsp;&nbsp;&nbsp;uart_1_init
<LI><a href="#[a7]">&gt;&gt;</a>&nbsp;&nbsp;&nbsp;uart_0_init
<LI><a href="#[9d]">&gt;&gt;</a>&nbsp;&nbsp;&nbsp;ble_uart_init
</UL>

<P><STRONG><a name="[187]"></a>queue_reset</STRONG> (Thumb, 6 bytes, Stack size 0 bytes, queue.o(.text), UNUSED)

<P><STRONG><a name="[80]"></a>enqueue_all</STRONG> (Thumb, 94 bytes, Stack size 24 bytes, queue.o(.text))
<BR><BR>[Stack]<UL><LI>Max Depth = 48<LI>Call Chain = enqueue_all &rArr; __aeabi_memcpy
</UL>
<BR>[Calls]<UL><LI><a href="#[85]">&gt;&gt;</a>&nbsp;&nbsp;&nbsp;__aeabi_memcpy
</UL>
<BR>[Called By]<UL><LI><a href="#[7f]">&gt;&gt;</a>&nbsp;&nbsp;&nbsp;ble_gatt_write
</UL>

<P><STRONG><a name="[aa]"></a>enqueue</STRONG> (Thumb, 28 bytes, Stack size 0 bytes, queue.o(.text))
<BR><BR>[Called By]<UL><LI><a href="#[25]">&gt;&gt;</a>&nbsp;&nbsp;&nbsp;UART1_IRQHandler
<LI><a href="#[12]">&gt;&gt;</a>&nbsp;&nbsp;&nbsp;UART0_IRQHandler
</UL>

<P><STRONG><a name="[95]"></a>dequeue</STRONG> (Thumb, 42 bytes, Stack size 0 bytes, queue.o(.text), UNUSED)
<BR><BR>[Called By]<UL><LI><a href="#[ac]">&gt;&gt;</a>&nbsp;&nbsp;&nbsp;uart_read
<LI><a href="#[93]">&gt;&gt;</a>&nbsp;&nbsp;&nbsp;ble_to_uart_transfer
</UL>

<P><STRONG><a name="[98]"></a>is_queue_empty</STRONG> (Thumb, 18 bytes, Stack size 0 bytes, queue.o(.text), UNUSED)
<BR><BR>[Called By]<UL><LI><a href="#[ad]">&gt;&gt;</a>&nbsp;&nbsp;&nbsp;uart_queue_size
<LI><a href="#[96]">&gt;&gt;</a>&nbsp;&nbsp;&nbsp;timer_uart_wait
</UL>

<P><STRONG><a name="[ae]"></a>queue_size</STRONG> (Thumb, 24 bytes, Stack size 0 bytes, queue.o(.text), UNUSED)
<BR><BR>[Called By]<UL><LI><a href="#[ad]">&gt;&gt;</a>&nbsp;&nbsp;&nbsp;uart_queue_size
</UL>

<P><STRONG><a name="[15]"></a>TIMER0_IRQHandler</STRONG> (Thumb, 36 bytes, Stack size 8 bytes, timer.o(.text))
<BR><BR>[Stack]<UL><LI>Max Depth = 8<LI>Call Chain = TIMER0_IRQHandler
</UL>
<BR>[Address Reference Count : 1]<UL><LI> startup_armcm0.o(RESET)
</UL>
<P><STRONG><a name="[16]"></a>TIMER1_IRQHandler</STRONG> (Thumb, 36 bytes, Stack size 8 bytes, timer.o(.text))
<BR><BR>[Stack]<UL><LI>Max Depth = 8<LI>Call Chain = TIMER1_IRQHandler
</UL>
<BR>[Address Reference Count : 1]<UL><LI> startup_armcm0.o(RESET)
</UL>
<P><STRONG><a name="[17]"></a>TIMER2_IRQHandler</STRONG> (Thumb, 36 bytes, Stack size 8 bytes, timer.o(.text))
<BR><BR>[Stack]<UL><LI>Max Depth = 8<LI>Call Chain = TIMER2_IRQHandler
</UL>
<BR>[Address Reference Count : 1]<UL><LI> startup_armcm0.o(RESET)
</UL>
<P><STRONG><a name="[18]"></a>TIMER3_IRQHandler</STRONG> (Thumb, 36 bytes, Stack size 8 bytes, timer.o(.text))
<BR><BR>[Stack]<UL><LI>Max Depth = 8<LI>Call Chain = TIMER3_IRQHandler
</UL>
<BR>[Address Reference Count : 1]<UL><LI> startup_armcm0.o(RESET)
</UL>
<P><STRONG><a name="[19]"></a>TIMER4_IRQHandler</STRONG> (Thumb, 36 bytes, Stack size 8 bytes, timer.o(.text))
<BR><BR>[Stack]<UL><LI>Max Depth = 8<LI>Call Chain = TIMER4_IRQHandler
</UL>
<BR>[Address Reference Count : 1]<UL><LI> startup_armcm0.o(RESET)
</UL>
<P><STRONG><a name="[b4]"></a>is_timer_enabled</STRONG> (Thumb, 16 bytes, Stack size 0 bytes, timer.o(.text), UNUSED)
<BR><BR>[Called By]<UL><LI><a href="#[b3]">&gt;&gt;</a>&nbsp;&nbsp;&nbsp;timer_enable
<LI><a href="#[97]">&gt;&gt;</a>&nbsp;&nbsp;&nbsp;timer_disable
</UL>

<P><STRONG><a name="[b3]"></a>timer_enable</STRONG> (Thumb, 186 bytes, Stack size 20 bytes, timer.o(.text), UNUSED)
<BR><BR>[Calls]<UL><LI><a href="#[b4]">&gt;&gt;</a>&nbsp;&nbsp;&nbsp;is_timer_enabled
</UL>

<P><STRONG><a name="[97]"></a>timer_disable</STRONG> (Thumb, 44 bytes, Stack size 4 bytes, timer.o(.text), UNUSED)
<BR><BR>[Calls]<UL><LI><a href="#[b4]">&gt;&gt;</a>&nbsp;&nbsp;&nbsp;is_timer_enabled
</UL>
<BR>[Called By]<UL><LI><a href="#[96]">&gt;&gt;</a>&nbsp;&nbsp;&nbsp;timer_uart_wait
</UL>

<P><STRONG><a name="[188]"></a>timer_state_get</STRONG> (Thumb, 16 bytes, Stack size 0 bytes, timer.o(.text), UNUSED)

<P><STRONG><a name="[81]"></a>ota_cmd</STRONG> (Thumb, 88 bytes, Stack size 16 bytes, ota.o(.text))
<BR><BR>[Stack]<UL><LI>Max Depth = 192 + Unknown Stack Size
<LI>Call Chain = ota_cmd &rArr; BLSetConnectionUpdate &rArr; dbg_printf &rArr; __c89vsprintf &rArr; _printf_char_common &rArr; __printf
</UL>
<BR>[Calls]<UL><LI><a href="#[ba]">&gt;&gt;</a>&nbsp;&nbsp;&nbsp;CmdFwUpgrade
<LI><a href="#[b8]">&gt;&gt;</a>&nbsp;&nbsp;&nbsp;CmdFwWrite
<LI><a href="#[b6]">&gt;&gt;</a>&nbsp;&nbsp;&nbsp;CmdFwErase
<LI><a href="#[78]">&gt;&gt;</a>&nbsp;&nbsp;&nbsp;BLSetConnectionUpdate
</UL>
<BR>[Called By]<UL><LI><a href="#[7f]">&gt;&gt;</a>&nbsp;&nbsp;&nbsp;ble_gatt_write
</UL>

<P><STRONG><a name="[7e]"></a>ota_rsp</STRONG> (Thumb, 34 bytes, Stack size 16 bytes, ota.o(.text))
<BR><BR>[Stack]<UL><LI>Max Depth = 40<LI>Call Chain = ota_rsp &rArr; __aeabi_memcpy
</UL>
<BR>[Calls]<UL><LI><a href="#[85]">&gt;&gt;</a>&nbsp;&nbsp;&nbsp;__aeabi_memcpy
</UL>
<BR>[Called By]<UL><LI><a href="#[7c]">&gt;&gt;</a>&nbsp;&nbsp;&nbsp;ble_gatt_read
</UL>

<P><STRONG><a name="[6]"></a>Reset_Handler</STRONG> (Thumb, 8 bytes, Stack size 0 bytes, startup_armcm0.o(.text))
<BR>[Address Reference Count : 1]<UL><LI> startup_armcm0.o(RESET)
</UL>
<P><STRONG><a name="[7]"></a>NMI_Handler</STRONG> (Thumb, 2 bytes, Stack size 0 bytes, startup_armcm0.o(.text))
<BR><BR>[Calls]<UL><LI><a href="#[7]">&gt;&gt;</a>&nbsp;&nbsp;&nbsp;NMI_Handler
</UL>
<BR>[Called By]<UL><LI><a href="#[7]">&gt;&gt;</a>&nbsp;&nbsp;&nbsp;NMI_Handler
</UL>
<BR>[Address Reference Count : 1]<UL><LI> startup_armcm0.o(RESET)
</UL>
<P><STRONG><a name="[8]"></a>HardFault_Handler</STRONG> (Thumb, 2 bytes, Stack size 0 bytes, startup_armcm0.o(.text))
<BR><BR>[Calls]<UL><LI><a href="#[8]">&gt;&gt;</a>&nbsp;&nbsp;&nbsp;HardFault_Handler
</UL>
<BR>[Called By]<UL><LI><a href="#[8]">&gt;&gt;</a>&nbsp;&nbsp;&nbsp;HardFault_Handler
</UL>
<BR>[Address Reference Count : 1]<UL><LI> startup_armcm0.o(RESET)
</UL>
<P><STRONG><a name="[9]"></a>SVC_Handler</STRONG> (Thumb, 2 bytes, Stack size 0 bytes, startup_armcm0.o(.text))
<BR><BR>[Calls]<UL><LI><a href="#[9]">&gt;&gt;</a>&nbsp;&nbsp;&nbsp;SVC_Handler
</UL>
<BR>[Called By]<UL><LI><a href="#[9]">&gt;&gt;</a>&nbsp;&nbsp;&nbsp;SVC_Handler
</UL>
<BR>[Address Reference Count : 1]<UL><LI> startup_armcm0.o(RESET)
</UL>
<P><STRONG><a name="[a]"></a>PendSV_Handler</STRONG> (Thumb, 2 bytes, Stack size 0 bytes, startup_armcm0.o(.text))
<BR><BR>[Calls]<UL><LI><a href="#[a]">&gt;&gt;</a>&nbsp;&nbsp;&nbsp;PendSV_Handler
</UL>
<BR>[Called By]<UL><LI><a href="#[a]">&gt;&gt;</a>&nbsp;&nbsp;&nbsp;PendSV_Handler
</UL>
<BR>[Address Reference Count : 1]<UL><LI> startup_armcm0.o(RESET)
</UL>
<P><STRONG><a name="[b]"></a>SysTick_Handler</STRONG> (Thumb, 2 bytes, Stack size 0 bytes, startup_armcm0.o(.text))
<BR><BR>[Calls]<UL><LI><a href="#[b]">&gt;&gt;</a>&nbsp;&nbsp;&nbsp;SysTick_Handler
</UL>
<BR>[Called By]<UL><LI><a href="#[b]">&gt;&gt;</a>&nbsp;&nbsp;&nbsp;SysTick_Handler
</UL>
<BR>[Address Reference Count : 1]<UL><LI> startup_armcm0.o(RESET)
</UL>
<P><STRONG><a name="[26]"></a>CAPDET_IRQHandler</STRONG> (Thumb, 0 bytes, Stack size 0 bytes, startup_armcm0.o(.text))
<BR><BR>[Calls]<UL><LI><a href="#[26]">&gt;&gt;</a>&nbsp;&nbsp;&nbsp;CAPDET_IRQHandler
</UL>
<BR>[Called By]<UL><LI><a href="#[26]">&gt;&gt;</a>&nbsp;&nbsp;&nbsp;CAPDET_IRQHandler
</UL>
<BR>[Address Reference Count : 1]<UL><LI> startup_armcm0.o(RESET)
</UL>
<P><STRONG><a name="[24]"></a>GPADC_IRQHandler</STRONG> (Thumb, 0 bytes, Stack size 0 bytes, startup_armcm0.o(.text))
<BR>[Address Reference Count : 1]<UL><LI> startup_armcm0.o(RESET)
</UL>
<P><STRONG><a name="[10]"></a>I2CM0_IRQHandler</STRONG> (Thumb, 0 bytes, Stack size 0 bytes, startup_armcm0.o(.text))
<BR>[Address Reference Count : 1]<UL><LI> startup_armcm0.o(RESET)
</UL>
<P><STRONG><a name="[11]"></a>I2CM1_IRQHandler</STRONG> (Thumb, 0 bytes, Stack size 0 bytes, startup_armcm0.o(.text))
<BR>[Address Reference Count : 1]<UL><LI> startup_armcm0.o(RESET)
</UL>
<P><STRONG><a name="[14]"></a>I2CS_IRQHandler</STRONG> (Thumb, 0 bytes, Stack size 0 bytes, startup_armcm0.o(.text))
<BR>[Address Reference Count : 1]<UL><LI> startup_armcm0.o(RESET)
</UL>
<P><STRONG><a name="[2a]"></a>I2S_IRQHandler</STRONG> (Thumb, 0 bytes, Stack size 0 bytes, startup_armcm0.o(.text))
<BR>[Address Reference Count : 1]<UL><LI> startup_armcm0.o(RESET)
</UL>
<P><STRONG><a name="[2b]"></a>INTCOMB_IRQHandler</STRONG> (Thumb, 0 bytes, Stack size 0 bytes, startup_armcm0.o(.text))
<BR>[Address Reference Count : 1]<UL><LI> startup_armcm0.o(RESET)
</UL>
<P><STRONG><a name="[22]"></a>IR_IRQHandler</STRONG> (Thumb, 0 bytes, Stack size 0 bytes, startup_armcm0.o(.text))
<BR>[Address Reference Count : 1]<UL><LI> startup_armcm0.o(RESET)
</UL>
<P><STRONG><a name="[21]"></a>ISO_7816_IRQHandler</STRONG> (Thumb, 0 bytes, Stack size 0 bytes, startup_armcm0.o(.text))
<BR>[Address Reference Count : 1]<UL><LI> startup_armcm0.o(RESET)
</UL>
<P><STRONG><a name="[28]"></a>LLC2_IRQHandler</STRONG> (Thumb, 0 bytes, Stack size 0 bytes, startup_armcm0.o(.text))
<BR>[Address Reference Count : 1]<UL><LI> startup_armcm0.o(RESET)
</UL>
<P><STRONG><a name="[29]"></a>LLC3_IRQHandler</STRONG> (Thumb, 0 bytes, Stack size 0 bytes, startup_armcm0.o(.text))
<BR>[Address Reference Count : 1]<UL><LI> startup_armcm0.o(RESET)
</UL>
<P><STRONG><a name="[1f]"></a>M2M_IRQHandler</STRONG> (Thumb, 0 bytes, Stack size 0 bytes, startup_armcm0.o(.text))
<BR>[Address Reference Count : 1]<UL><LI> startup_armcm0.o(RESET)
</UL>
<P><STRONG><a name="[27]"></a>PDM_IRQHandler</STRONG> (Thumb, 0 bytes, Stack size 0 bytes, startup_armcm0.o(.text))
<BR>[Address Reference Count : 1]<UL><LI> startup_armcm0.o(RESET)
</UL>
<P><STRONG><a name="[1c]"></a>PWM1_IRQHandler</STRONG> (Thumb, 0 bytes, Stack size 0 bytes, startup_armcm0.o(.text))
<BR>[Address Reference Count : 1]<UL><LI> startup_armcm0.o(RESET)
</UL>
<P><STRONG><a name="[1d]"></a>PWM2_IRQHandler</STRONG> (Thumb, 0 bytes, Stack size 0 bytes, startup_armcm0.o(.text))
<BR>[Address Reference Count : 1]<UL><LI> startup_armcm0.o(RESET)
</UL>
<P><STRONG><a name="[1e]"></a>PWM3_IRQHandler</STRONG> (Thumb, 0 bytes, Stack size 0 bytes, startup_armcm0.o(.text))
<BR>[Address Reference Count : 1]<UL><LI> startup_armcm0.o(RESET)
</UL>
<P><STRONG><a name="[20]"></a>RTC_IRQHandler</STRONG> (Thumb, 0 bytes, Stack size 0 bytes, startup_armcm0.o(.text))
<BR>[Address Reference Count : 1]<UL><LI> startup_armcm0.o(RESET)
</UL>
<P><STRONG><a name="[e]"></a>SPIM_IRQHandler</STRONG> (Thumb, 0 bytes, Stack size 0 bytes, startup_armcm0.o(.text))
<BR>[Address Reference Count : 1]<UL><LI> startup_armcm0.o(RESET)
</UL>
<P><STRONG><a name="[f]"></a>SPIS_IRQHandler</STRONG> (Thumb, 0 bytes, Stack size 0 bytes, startup_armcm0.o(.text))
<BR>[Address Reference Count : 1]<UL><LI> startup_armcm0.o(RESET)
</UL>
<P><STRONG><a name="[1b]"></a>SW_IRQHandler</STRONG> (Thumb, 0 bytes, Stack size 0 bytes, startup_armcm0.o(.text))
<BR>[Address Reference Count : 1]<UL><LI> startup_armcm0.o(RESET)
</UL>
<P><STRONG><a name="[23]"></a>TRNG_IRQHandler</STRONG> (Thumb, 0 bytes, Stack size 0 bytes, startup_armcm0.o(.text))
<BR>[Address Reference Count : 1]<UL><LI> startup_armcm0.o(RESET)
</UL>
<P><STRONG><a name="[13]"></a>UART2_IRQHandler</STRONG> (Thumb, 0 bytes, Stack size 0 bytes, startup_armcm0.o(.text))
<BR>[Address Reference Count : 1]<UL><LI> startup_armcm0.o(RESET)
</UL>
<P><STRONG><a name="[1a]"></a>WDT_IRQHandler</STRONG> (Thumb, 0 bytes, Stack size 0 bytes, startup_armcm0.o(.text))
<BR>[Address Reference Count : 1]<UL><LI> startup_armcm0.o(RESET)
</UL>
<P><STRONG><a name="[14d]"></a>__user_initial_stackheap</STRONG> (Thumb, 10 bytes, Stack size 0 bytes, startup_armcm0.o(.text))
<BR><BR>[Called By]<UL><LI><a href="#[68]">&gt;&gt;</a>&nbsp;&nbsp;&nbsp;__user_setup_stackheap
</UL>

<P><STRONG><a name="[189]"></a>SystemCoreClockUpdate</STRONG> (Thumb, 8 bytes, Stack size 0 bytes, system_armcm0.o(.text), UNUSED)

<P><STRONG><a name="[2d]"></a>SystemInit</STRONG> (Thumb, 8 bytes, Stack size 0 bytes, system_armcm0.o(.text))
<BR>[Address Reference Count : 1]<UL><LI> startup_armcm0.o(.text)
</UL>
<P><STRONG><a name="[32]"></a>sw_timer_update_callback</STRONG> (Thumb, 20 bytes, Stack size 0 bytes, main.o(.text))
<BR>[Address Reference Count : 1]<UL><LI> main.o(.text)
</UL>
<P><STRONG><a name="[88]"></a>gap_s_ble_init</STRONG> (Thumb, 18 bytes, Stack size 8 bytes, main.o(.text))
<BR><BR>[Stack]<UL><LI>Max Depth = 48<LI>Call Chain = gap_s_ble_init &rArr; _rom_init
</UL>
<BR>[Calls]<UL><LI><a href="#[bc]">&gt;&gt;</a>&nbsp;&nbsp;&nbsp;_rom_init
</UL>
<BR>[Called By]<UL><LI><a href="#[87]">&gt;&gt;</a>&nbsp;&nbsp;&nbsp;ble_init
</UL>

<P><STRONG><a name="[bd]"></a>gap_s_disconnect</STRONG> (Thumb, 8 bytes, Stack size 8 bytes, main.o(.text), UNUSED)
<BR><BR>[Calls]<UL><LI><a href="#[be]">&gt;&gt;</a>&nbsp;&nbsp;&nbsp;_rom_gap_s_disconnect
</UL>

<P><STRONG><a name="[18a]"></a>gap_s_validate_irk</STRONG> (Thumb, 6 bytes, Stack size 0 bytes, main.o(.text), UNUSED)

<P><STRONG><a name="[18b]"></a>gap_s_ble_gen_random_private_address</STRONG> (Thumb, 6 bytes, Stack size 0 bytes, main.o(.text), UNUSED)

<P><STRONG><a name="[18c]"></a>gap_s_ble_address_set</STRONG> (Thumb, 6 bytes, Stack size 0 bytes, main.o(.text), UNUSED)

<P><STRONG><a name="[74]"></a>gap_s_ble_address_get</STRONG> (Thumb, 4 bytes, Stack size 0 bytes, main.o(.text))
<BR><BR>[Called By]<UL><LI><a href="#[72]">&gt;&gt;</a>&nbsp;&nbsp;&nbsp;setup_adv_data
</UL>

<P><STRONG><a name="[18d]"></a>gap_s_ble_feature_set</STRONG> (Thumb, 6 bytes, Stack size 0 bytes, main.o(.text), UNUSED)

<P><STRONG><a name="[18e]"></a>gap_s_ble_feature_get</STRONG> (Thumb, 6 bytes, Stack size 0 bytes, main.o(.text), UNUSED)

<P><STRONG><a name="[18f]"></a>gap_s_ble_slave_feature_set</STRONG> (Thumb, 6 bytes, Stack size 0 bytes, main.o(.text), UNUSED)

<P><STRONG><a name="[190]"></a>gap_s_ble_slave_feature_get</STRONG> (Thumb, 6 bytes, Stack size 0 bytes, main.o(.text), UNUSED)

<P><STRONG><a name="[191]"></a>gap_s_adv_access_code_set</STRONG> (Thumb, 6 bytes, Stack size 0 bytes, main.o(.text), UNUSED)

<P><STRONG><a name="[192]"></a>gap_s_adv_access_code_get</STRONG> (Thumb, 6 bytes, Stack size 0 bytes, main.o(.text), UNUSED)

<P><STRONG><a name="[73]"></a>gap_s_adv_parameters_set</STRONG> (Thumb, 6 bytes, Stack size 0 bytes, main.o(.text))
<BR><BR>[Called By]<UL><LI><a href="#[72]">&gt;&gt;</a>&nbsp;&nbsp;&nbsp;setup_adv_data
</UL>

<P><STRONG><a name="[75]"></a>gap_s_adv_data_set</STRONG> (Thumb, 10 bytes, Stack size 8 bytes, main.o(.text))
<BR><BR>[Stack]<UL><LI>Max Depth = 8<LI>Call Chain = gap_s_adv_data_set
</UL>
<BR>[Called By]<UL><LI><a href="#[72]">&gt;&gt;</a>&nbsp;&nbsp;&nbsp;setup_adv_data
</UL>

<P><STRONG><a name="[83]"></a>gap_s_adv_start</STRONG> (Thumb, 6 bytes, Stack size 0 bytes, main.o(.text))
<BR><BR>[Called By]<UL><LI><a href="#[2c]">&gt;&gt;</a>&nbsp;&nbsp;&nbsp;ble_evt_callback
</UL>

<P><STRONG><a name="[193]"></a>gap_s_adv_stop</STRONG> (Thumb, 4 bytes, Stack size 0 bytes, main.o(.text), UNUSED)

<P><STRONG><a name="[bf]"></a>gap_s_adv_start_powersaving</STRONG> (Thumb, 610 bytes, Stack size 24 bytes, main.o(.text), UNUSED)
<BR><BR>[Calls]<UL><LI><a href="#[c0]">&gt;&gt;</a>&nbsp;&nbsp;&nbsp;__aeabi_uidivmod
<LI><a href="#[85]">&gt;&gt;</a>&nbsp;&nbsp;&nbsp;__aeabi_memcpy
</UL>

<P><STRONG><a name="[194]"></a>gap_s_scan_parameters_set</STRONG> (Thumb, 6 bytes, Stack size 0 bytes, main.o(.text), UNUSED)

<P><STRONG><a name="[a3]"></a>gap_s_scan_start</STRONG> (Thumb, 6 bytes, Stack size 0 bytes, main.o(.text))
<BR><BR>[Called By]<UL><LI><a href="#[6c]">&gt;&gt;</a>&nbsp;&nbsp;&nbsp;main
</UL>

<P><STRONG><a name="[195]"></a>gap_s_scan_stop</STRONG> (Thumb, 4 bytes, Stack size 0 bytes, main.o(.text), UNUSED)

<P><STRONG><a name="[196]"></a>gap_s_coex_adv_data_set</STRONG> (Thumb, 14 bytes, Stack size 16 bytes, main.o(.text), UNUSED)

<P><STRONG><a name="[197]"></a>gap_s_coex_scan_rsp_data_set</STRONG> (Thumb, 12 bytes, Stack size 8 bytes, main.o(.text), UNUSED)

<P><STRONG><a name="[c1]"></a>gap_s_coex_adv_start</STRONG> (Thumb, 8 bytes, Stack size 8 bytes, main.o(.text), UNUSED)
<BR><BR>[Calls]<UL><LI><a href="#[c2]">&gt;&gt;</a>&nbsp;&nbsp;&nbsp;_rom_gap_s_coex_adv_start
</UL>

<P><STRONG><a name="[c3]"></a>gap_s_coex_adv_stop</STRONG> (Thumb, 8 bytes, Stack size 8 bytes, main.o(.text), UNUSED)
<BR><BR>[Calls]<UL><LI><a href="#[c4]">&gt;&gt;</a>&nbsp;&nbsp;&nbsp;_rom_gap_s_coex_adv_stop
</UL>

<P><STRONG><a name="[198]"></a>gap_s_coex_scan_req_data_set</STRONG> (Thumb, 6 bytes, Stack size 0 bytes, main.o(.text), UNUSED)

<P><STRONG><a name="[199]"></a>gap_s_coex_scan_start</STRONG> (Thumb, 4 bytes, Stack size 0 bytes, main.o(.text), UNUSED)

<P><STRONG><a name="[19a]"></a>gap_s_coex_scan_stop</STRONG> (Thumb, 6 bytes, Stack size 0 bytes, main.o(.text), UNUSED)

<P><STRONG><a name="[89]"></a>gap_s_gatt_profiles_set</STRONG> (Thumb, 6 bytes, Stack size 0 bytes, main.o(.text))
<BR><BR>[Called By]<UL><LI><a href="#[87]">&gt;&gt;</a>&nbsp;&nbsp;&nbsp;ble_init
</UL>

<P><STRONG><a name="[8a]"></a>gap_s_security_parameters_set</STRONG> (Thumb, 6 bytes, Stack size 0 bytes, main.o(.text))
<BR><BR>[Called By]<UL><LI><a href="#[87]">&gt;&gt;</a>&nbsp;&nbsp;&nbsp;ble_init
</UL>

<P><STRONG><a name="[19b]"></a>gap_s_security_parameters_get</STRONG> (Thumb, 6 bytes, Stack size 0 bytes, main.o(.text), UNUSED)

<P><STRONG><a name="[19c]"></a>gap_s_security_req</STRONG> (Thumb, 6 bytes, Stack size 0 bytes, main.o(.text), UNUSED)

<P><STRONG><a name="[c5]"></a>gap_s_numeric_comrison</STRONG> (Thumb, 8 bytes, Stack size 8 bytes, main.o(.text), UNUSED)
<BR><BR>[Calls]<UL><LI><a href="#[c6]">&gt;&gt;</a>&nbsp;&nbsp;&nbsp;Confirm_NumericComrison
</UL>

<P><STRONG><a name="[8b]"></a>gap_s_connection_param_set</STRONG> (Thumb, 6 bytes, Stack size 0 bytes, main.o(.text))
<BR><BR>[Called By]<UL><LI><a href="#[87]">&gt;&gt;</a>&nbsp;&nbsp;&nbsp;ble_init
</UL>

<P><STRONG><a name="[19d]"></a>gap_s_connection_param_get</STRONG> (Thumb, 4 bytes, Stack size 0 bytes, main.o(.text), UNUSED)

<P><STRONG><a name="[19e]"></a>gap_s_connection_update</STRONG> (Thumb, 6 bytes, Stack size 0 bytes, main.o(.text), UNUSED)

<P><STRONG><a name="[79]"></a>gap_s_link_parameters_get</STRONG> (Thumb, 6 bytes, Stack size 0 bytes, main.o(.text))
<BR><BR>[Called By]<UL><LI><a href="#[78]">&gt;&gt;</a>&nbsp;&nbsp;&nbsp;BLSetConnectionUpdate
</UL>

<P><STRONG><a name="[c7]"></a>gap_s_passkey_set</STRONG> (Thumb, 8 bytes, Stack size 8 bytes, main.o(.text), UNUSED)
<BR><BR>[Calls]<UL><LI><a href="#[c8]">&gt;&gt;</a>&nbsp;&nbsp;&nbsp;SmpPasskeyEntry
</UL>

<P><STRONG><a name="[c9]"></a>gap_s_connection_latency_mode</STRONG> (Thumb, 8 bytes, Stack size 8 bytes, main.o(.text), UNUSED)
<BR><BR>[Calls]<UL><LI><a href="#[ca]">&gt;&gt;</a>&nbsp;&nbsp;&nbsp;_rom_gap_s_connection_latency_mode
</UL>

<P><STRONG><a name="[19f]"></a>gap_s_check_fifo_sz</STRONG> (Thumb, 6 bytes, Stack size 0 bytes, main.o(.text), UNUSED)

<P><STRONG><a name="[cb]"></a>BBCheckTXFIFOEmpty</STRONG> (Thumb, 12 bytes, Stack size 0 bytes, main.o(.text))
<BR><BR>[Called By]<UL><LI><a href="#[2f]">&gt;&gt;</a>&nbsp;&nbsp;&nbsp;sw_timer_latency_callback
</UL>

<P><STRONG><a name="[2f]"></a>sw_timer_latency_callback</STRONG> (Thumb, 68 bytes, Stack size 16 bytes, main.o(.text))
<BR><BR>[Stack]<UL><LI>Max Depth = 56<LI>Call Chain = sw_timer_latency_callback &rArr; _rom_gap_s_connection_latency_mode &rArr; LinkWakeup
</UL>
<BR>[Calls]<UL><LI><a href="#[ca]">&gt;&gt;</a>&nbsp;&nbsp;&nbsp;_rom_gap_s_connection_latency_mode
<LI><a href="#[cb]">&gt;&gt;</a>&nbsp;&nbsp;&nbsp;BBCheckTXFIFOEmpty
</UL>
<BR>[Address Reference Count : 1]<UL><LI> main.o(.text)
</UL>
<P><STRONG><a name="[cc]"></a>smart_latency_start</STRONG> (Thumb, 256 bytes, Stack size 24 bytes, main.o(.text))
<BR><BR>[Stack]<UL><LI>Max Depth = 80<LI>Call Chain = smart_latency_start &rArr; __aeabi_dmul
</UL>
<BR>[Calls]<UL><LI><a href="#[ca]">&gt;&gt;</a>&nbsp;&nbsp;&nbsp;_rom_gap_s_connection_latency_mode
<LI><a href="#[ce]">&gt;&gt;</a>&nbsp;&nbsp;&nbsp;__aeabi_dmul
<LI><a href="#[cd]">&gt;&gt;</a>&nbsp;&nbsp;&nbsp;__aeabi_ui2d
<LI><a href="#[cf]">&gt;&gt;</a>&nbsp;&nbsp;&nbsp;__aeabi_d2uiz
<LI><a href="#[92]">&gt;&gt;</a>&nbsp;&nbsp;&nbsp;__aeabi_idivmod
</UL>
<BR>[Called By]<UL><LI><a href="#[30]">&gt;&gt;</a>&nbsp;&nbsp;&nbsp;gap_evt_Callback
<LI><a href="#[77]">&gt;&gt;</a>&nbsp;&nbsp;&nbsp;gap_s_gatt_data_send
<LI><a href="#[a4]">&gt;&gt;</a>&nbsp;&nbsp;&nbsp;ble_sched_execute
</UL>

<P><STRONG><a name="[d0]"></a>smart_latency_clear</STRONG> (Thumb, 12 bytes, Stack size 8 bytes, main.o(.text))
<BR><BR>[Stack]<UL><LI>Max Depth = 8<LI>Call Chain = smart_latency_clear
</UL>
<BR>[Calls]<UL><LI><a href="#[d1]">&gt;&gt;</a>&nbsp;&nbsp;&nbsp;__aeabi_memclr
</UL>
<BR>[Called By]<UL><LI><a href="#[30]">&gt;&gt;</a>&nbsp;&nbsp;&nbsp;gap_evt_Callback
</UL>

<P><STRONG><a name="[30]"></a>gap_evt_Callback</STRONG> (Thumb, 332 bytes, Stack size 72 bytes, main.o(.text))
<BR><BR>[Stack]<UL><LI>Max Depth = 152<LI>Call Chain = gap_evt_Callback &rArr; smart_latency_start &rArr; __aeabi_dmul
</UL>
<BR>[Calls]<UL><LI><a href="#[d0]">&gt;&gt;</a>&nbsp;&nbsp;&nbsp;smart_latency_clear
<LI><a href="#[cc]">&gt;&gt;</a>&nbsp;&nbsp;&nbsp;smart_latency_start
<LI><a href="#[82]">&gt;&gt;</a>&nbsp;&nbsp;&nbsp;__aeabi_uread4
<LI><a href="#[85]">&gt;&gt;</a>&nbsp;&nbsp;&nbsp;__aeabi_memcpy
</UL>
<BR>[Address Reference Count : 1]<UL><LI> main.o(.text)
</UL>
<P><STRONG><a name="[8d]"></a>gap_s_evt_handler_set</STRONG> (Thumb, 32 bytes, Stack size 8 bytes, main.o(.text))
<BR><BR>[Stack]<UL><LI>Max Depth = 8<LI>Call Chain = gap_s_evt_handler_set
</UL>
<BR>[Calls]<UL><LI><a href="#[8c]">&gt;&gt;</a>&nbsp;&nbsp;&nbsp;__aeabi_uwrite4
<LI><a href="#[82]">&gt;&gt;</a>&nbsp;&nbsp;&nbsp;__aeabi_uread4
</UL>
<BR>[Called By]<UL><LI><a href="#[87]">&gt;&gt;</a>&nbsp;&nbsp;&nbsp;ble_init
</UL>

<P><STRONG><a name="[1a0]"></a>gap_s_att_c_evt_handler_set</STRONG> (Thumb, 6 bytes, Stack size 0 bytes, main.o(.text), UNUSED)

<P><STRONG><a name="[8e]"></a>gap_s_gatt_report_handle_get</STRONG> (Thumb, 6 bytes, Stack size 0 bytes, main.o(.text))
<BR><BR>[Called By]<UL><LI><a href="#[87]">&gt;&gt;</a>&nbsp;&nbsp;&nbsp;ble_init
</UL>

<P><STRONG><a name="[7d]"></a>gap_s_gatt_read_rsp_set</STRONG> (Thumb, 6 bytes, Stack size 0 bytes, main.o(.text))
<BR><BR>[Called By]<UL><LI><a href="#[7c]">&gt;&gt;</a>&nbsp;&nbsp;&nbsp;ble_gatt_read
</UL>

<P><STRONG><a name="[1a1]"></a>gap_s_gatt_write_err_rsp_set</STRONG> (Thumb, 6 bytes, Stack size 0 bytes, main.o(.text), UNUSED)

<P><STRONG><a name="[d2]"></a>indicate_queue_size</STRONG> (Thumb, 26 bytes, Stack size 0 bytes, main.o(.text))
<BR><BR>[Called By]<UL><LI><a href="#[d4]">&gt;&gt;</a>&nbsp;&nbsp;&nbsp;gap_s_gatt_data_send_report_confirmation_handle
<LI><a href="#[31]">&gt;&gt;</a>&nbsp;&nbsp;&nbsp;sw_indicate_timer_callback
</UL>

<P><STRONG><a name="[31]"></a>sw_indicate_timer_callback</STRONG> (Thumb, 22 bytes, Stack size 4 bytes, main.o(.text))
<BR><BR>[Stack]<UL><LI>Max Depth = 4<LI>Call Chain = sw_indicate_timer_callback
</UL>
<BR>[Calls]<UL><LI><a href="#[d2]">&gt;&gt;</a>&nbsp;&nbsp;&nbsp;indicate_queue_size
</UL>
<BR>[Address Reference Count : 1]<UL><LI> main.o(.text)
</UL>
<P><STRONG><a name="[77]"></a>gap_s_gatt_data_send</STRONG> (Thumb, 38 bytes, Stack size 24 bytes, main.o(.text))
<BR><BR>[Stack]<UL><LI>Max Depth = 104<LI>Call Chain = gap_s_gatt_data_send &rArr; smart_latency_start &rArr; __aeabi_dmul
</UL>
<BR>[Calls]<UL><LI><a href="#[d3]">&gt;&gt;</a>&nbsp;&nbsp;&nbsp;_rom_gap_s_gatt_data_send
<LI><a href="#[cc]">&gt;&gt;</a>&nbsp;&nbsp;&nbsp;smart_latency_start
</UL>
<BR>[Called By]<UL><LI><a href="#[76]">&gt;&gt;</a>&nbsp;&nbsp;&nbsp;BLE_SendData
</UL>

<P><STRONG><a name="[d4]"></a>gap_s_gatt_data_send_report_confirmation_handle</STRONG> (Thumb, 112 bytes, Stack size 24 bytes, main.o(.text), UNUSED)
<BR><BR>[Calls]<UL><LI><a href="#[d2]">&gt;&gt;</a>&nbsp;&nbsp;&nbsp;indicate_queue_size
<LI><a href="#[85]">&gt;&gt;</a>&nbsp;&nbsp;&nbsp;__aeabi_memcpy
</UL>

<P><STRONG><a name="[d5]"></a>gap_s_profile_data_read</STRONG> (Thumb, 44 bytes, Stack size 16 bytes, main.o(.text), UNUSED)
<BR><BR>[Calls]<UL><LI><a href="#[82]">&gt;&gt;</a>&nbsp;&nbsp;&nbsp;__aeabi_uread4
</UL>

<P><STRONG><a name="[d7]"></a>gap_s_profile_data_write</STRONG> (Thumb, 208 bytes, Stack size 32 bytes, main.o(.text), UNUSED)
<BR><BR>[Calls]<UL><LI><a href="#[d6]">&gt;&gt;</a>&nbsp;&nbsp;&nbsp;update_profile_data
<LI><a href="#[82]">&gt;&gt;</a>&nbsp;&nbsp;&nbsp;__aeabi_uread4
<LI><a href="#[85]">&gt;&gt;</a>&nbsp;&nbsp;&nbsp;__aeabi_memcpy
</UL>

<P><STRONG><a name="[1a2]"></a>att_c_mtureq</STRONG> (Thumb, 4 bytes, Stack size 0 bytes, main.o(.text), UNUSED)

<P><STRONG><a name="[1a3]"></a>att_c_findinforeq</STRONG> (Thumb, 6 bytes, Stack size 0 bytes, main.o(.text), UNUSED)

<P><STRONG><a name="[1a4]"></a>att_c_findbytypevaluereq</STRONG> (Thumb, 14 bytes, Stack size 16 bytes, main.o(.text), UNUSED)

<P><STRONG><a name="[1a5]"></a>att_c_readbytypereq</STRONG> (Thumb, 12 bytes, Stack size 8 bytes, main.o(.text), UNUSED)

<P><STRONG><a name="[1a6]"></a>att_c_readreq</STRONG> (Thumb, 6 bytes, Stack size 0 bytes, main.o(.text), UNUSED)

<P><STRONG><a name="[1a7]"></a>att_c_readblobreq</STRONG> (Thumb, 6 bytes, Stack size 0 bytes, main.o(.text), UNUSED)

<P><STRONG><a name="[1a8]"></a>att_c_readmultiplereq</STRONG> (Thumb, 6 bytes, Stack size 0 bytes, main.o(.text), UNUSED)

<P><STRONG><a name="[1a9]"></a>att_c_readbygrouptypereq</STRONG> (Thumb, 12 bytes, Stack size 8 bytes, main.o(.text), UNUSED)

<P><STRONG><a name="[1aa]"></a>att_c_writereq</STRONG> (Thumb, 6 bytes, Stack size 0 bytes, main.o(.text), UNUSED)

<P><STRONG><a name="[1ab]"></a>att_c_writecmdreq</STRONG> (Thumb, 6 bytes, Stack size 0 bytes, main.o(.text), UNUSED)

<P><STRONG><a name="[1ac]"></a>att_c_preparewritereq</STRONG> (Thumb, 12 bytes, Stack size 8 bytes, main.o(.text), UNUSED)

<P><STRONG><a name="[1ad]"></a>att_c_executewritereq</STRONG> (Thumb, 6 bytes, Stack size 0 bytes, main.o(.text), UNUSED)

<P><STRONG><a name="[1ae]"></a>att_c_confirmation</STRONG> (Thumb, 6 bytes, Stack size 0 bytes, main.o(.text), UNUSED)

<P><STRONG><a name="[8f]"></a>bm_s_bond_manager_idx_set</STRONG> (Thumb, 6 bytes, Stack size 0 bytes, main.o(.text))
<BR><BR>[Called By]<UL><LI><a href="#[87]">&gt;&gt;</a>&nbsp;&nbsp;&nbsp;ble_init
</UL>

<P><STRONG><a name="[1af]"></a>bm_s_bond_manager_idx_get</STRONG> (Thumb, 4 bytes, Stack size 0 bytes, main.o(.text), UNUSED)

<P><STRONG><a name="[1b0]"></a>bm_s_bond_info_get</STRONG> (Thumb, 6 bytes, Stack size 0 bytes, main.o(.text), UNUSED)

<P><STRONG><a name="[1b1]"></a>bm_s_bond_info_add</STRONG> (Thumb, 6 bytes, Stack size 0 bytes, main.o(.text), UNUSED)

<P><STRONG><a name="[1b2]"></a>bm_s_bond_info_delete_all</STRONG> (Thumb, 6 bytes, Stack size 0 bytes, main.o(.text), UNUSED)

<P><STRONG><a name="[1b3]"></a>bm_s_bond_info_delete</STRONG> (Thumb, 6 bytes, Stack size 0 bytes, main.o(.text), UNUSED)

<P><STRONG><a name="[1b4]"></a>ecdh_public_key_get</STRONG> (Thumb, 4 bytes, Stack size 0 bytes, main.o(.text), UNUSED)

<P><STRONG><a name="[1b5]"></a>sys_mcu_clock_get</STRONG> (Thumb, 6 bytes, Stack size 0 bytes, main.o(.text), UNUSED)

<P><STRONG><a name="[9f]"></a>sys_mcu_clock_set</STRONG> (Thumb, 8 bytes, Stack size 8 bytes, main.o(.text))
<BR><BR>[Stack]<UL><LI>Max Depth = 48<LI>Call Chain = sys_mcu_clock_set &rArr; _rom_sys_mcu_clock_set &rArr; BBMCUClockSel &rArr; __ARM_common_switch8
</UL>
<BR>[Calls]<UL><LI><a href="#[d8]">&gt;&gt;</a>&nbsp;&nbsp;&nbsp;_rom_sys_mcu_clock_set
</UL>
<BR>[Called By]<UL><LI><a href="#[6c]">&gt;&gt;</a>&nbsp;&nbsp;&nbsp;main
</UL>

<P><STRONG><a name="[1b6]"></a>sys_mcu_clock_div_set</STRONG> (Thumb, 6 bytes, Stack size 0 bytes, main.o(.text), UNUSED)

<P><STRONG><a name="[1b7]"></a>sys_mcu_clock_div_get</STRONG> (Thumb, 6 bytes, Stack size 0 bytes, main.o(.text), UNUSED)

<P><STRONG><a name="[1b8]"></a>sys_32k_clock_get</STRONG> (Thumb, 6 bytes, Stack size 0 bytes, main.o(.text), UNUSED)

<P><STRONG><a name="[a1]"></a>sys_32k_clock_set</STRONG> (Thumb, 8 bytes, Stack size 8 bytes, main.o(.text))
<BR><BR>[Stack]<UL><LI>Max Depth = 16<LI>Call Chain = sys_32k_clock_set &rArr; _rom_sys_32k_clock_set
</UL>
<BR>[Calls]<UL><LI><a href="#[d9]">&gt;&gt;</a>&nbsp;&nbsp;&nbsp;_rom_sys_32k_clock_set
</UL>
<BR>[Called By]<UL><LI><a href="#[db]">&gt;&gt;</a>&nbsp;&nbsp;&nbsp;_sys_32k_lpo_calibration
<LI><a href="#[6c]">&gt;&gt;</a>&nbsp;&nbsp;&nbsp;main
</UL>

<P><STRONG><a name="[1b9]"></a>pmu_32m_xo_on</STRONG> (Thumb, 4 bytes, Stack size 0 bytes, main.o(.text), UNUSED)

<P><STRONG><a name="[da]"></a>sys_32k_lpo_calibration</STRONG> (Thumb, 66 bytes, Stack size 16 bytes, main.o(.text), UNUSED)
<BR><BR>[Calls]<UL><LI><a href="#[db]">&gt;&gt;</a>&nbsp;&nbsp;&nbsp;_sys_32k_lpo_calibration
<LI><a href="#[d9]">&gt;&gt;</a>&nbsp;&nbsp;&nbsp;_rom_sys_32k_clock_set
</UL>

<P><STRONG><a name="[a0]"></a>sys_mcu_rc_calibration</STRONG> (Thumb, 8 bytes, Stack size 8 bytes, main.o(.text))
<BR><BR>[Stack]<UL><LI>Max Depth = 24<LI>Call Chain = sys_mcu_rc_calibration &rArr; _sys_mcu_rc_calibration
</UL>
<BR>[Calls]<UL><LI><a href="#[dc]">&gt;&gt;</a>&nbsp;&nbsp;&nbsp;_sys_mcu_rc_calibration
</UL>
<BR>[Called By]<UL><LI><a href="#[6c]">&gt;&gt;</a>&nbsp;&nbsp;&nbsp;main
</UL>

<P><STRONG><a name="[90]"></a>pmu_wakeup_config</STRONG> (Thumb, 6 bytes, Stack size 0 bytes, main.o(.text))
<BR><BR>[Called By]<UL><LI><a href="#[87]">&gt;&gt;</a>&nbsp;&nbsp;&nbsp;ble_init
</UL>

<P><STRONG><a name="[1ba]"></a>pmu_power_saving</STRONG> (Thumb, 10 bytes, Stack size 8 bytes, main.o(.text), UNUSED)

<P><STRONG><a name="[1bb]"></a>pmu_mcu_off</STRONG> (Thumb, 6 bytes, Stack size 0 bytes, main.o(.text), UNUSED)

<P><STRONG><a name="[1bc]"></a>pmu_system_off</STRONG> (Thumb, 6 bytes, Stack size 0 bytes, main.o(.text), UNUSED)

<P><STRONG><a name="[1bd]"></a>pmu_reset</STRONG> (Thumb, 6 bytes, Stack size 0 bytes, main.o(.text), UNUSED)

<P><STRONG><a name="[1be]"></a>pmu_system_reset</STRONG> (Thumb, 6 bytes, Stack size 0 bytes, main.o(.text), UNUSED)

<P><STRONG><a name="[1bf]"></a>pmu_mcu_reset</STRONG> (Thumb, 6 bytes, Stack size 0 bytes, main.o(.text), UNUSED)

<P><STRONG><a name="[109]"></a>pmu_32m_xo_off</STRONG> (Thumb, 6 bytes, Stack size 0 bytes, main.o(.text), UNUSED)
<BR><BR>[Called By]<UL><LI><a href="#[db]">&gt;&gt;</a>&nbsp;&nbsp;&nbsp;_sys_32k_lpo_calibration
</UL>

<P><STRONG><a name="[1c0]"></a>pmu_32m_xo_on_polling</STRONG> (Thumb, 18 bytes, Stack size 8 bytes, main.o(.text), UNUSED)

<P><STRONG><a name="[1c1]"></a>_enable_sw_ccm</STRONG> (Thumb, 6 bytes, Stack size 0 bytes, main.o(.text), UNUSED)

<P><STRONG><a name="[b7]"></a>ota_code_erase</STRONG> (Thumb, 344 bytes, Stack size 24 bytes, main.o(.text))
<BR><BR>[Stack]<UL><LI>Max Depth = 24<LI>Call Chain = ota_code_erase
</UL>
<BR>[Calls]<UL><LI><a href="#[82]">&gt;&gt;</a>&nbsp;&nbsp;&nbsp;__aeabi_uread4
</UL>
<BR>[Called By]<UL><LI><a href="#[b6]">&gt;&gt;</a>&nbsp;&nbsp;&nbsp;CmdFwErase
</UL>

<P><STRONG><a name="[b9]"></a>ota_code_write</STRONG> (Thumb, 6 bytes, Stack size 0 bytes, main.o(.text))
<BR><BR>[Called By]<UL><LI><a href="#[ba]">&gt;&gt;</a>&nbsp;&nbsp;&nbsp;CmdFwUpgrade
<LI><a href="#[b8]">&gt;&gt;</a>&nbsp;&nbsp;&nbsp;CmdFwWrite
</UL>

<P><STRONG><a name="[1c2]"></a>ota_code_read</STRONG> (Thumb, 4 bytes, Stack size 0 bytes, main.o(.text), UNUSED)

<P><STRONG><a name="[1c3]"></a>ota_code_info_read</STRONG> (Thumb, 12 bytes, Stack size 8 bytes, main.o(.text), UNUSED)

<P><STRONG><a name="[bb]"></a>ota_code_update</STRONG> (Thumb, 10 bytes, Stack size 8 bytes, main.o(.text))
<BR><BR>[Stack]<UL><LI>Max Depth = 8<LI>Call Chain = ota_code_update
</UL>
<BR>[Called By]<UL><LI><a href="#[ba]">&gt;&gt;</a>&nbsp;&nbsp;&nbsp;CmdFwUpgrade
</UL>

<P><STRONG><a name="[a4]"></a>ble_sched_execute</STRONG> (Thumb, 166 bytes, Stack size 24 bytes, main.o(.text))
<BR><BR>[Stack]<UL><LI>Max Depth = 104<LI>Call Chain = ble_sched_execute &rArr; smart_latency_start &rArr; __aeabi_dmul
</UL>
<BR>[Calls]<UL><LI><a href="#[cc]">&gt;&gt;</a>&nbsp;&nbsp;&nbsp;smart_latency_start
<LI><a href="#[d6]">&gt;&gt;</a>&nbsp;&nbsp;&nbsp;update_profile_data
</UL>
<BR>[Called By]<UL><LI><a href="#[6c]">&gt;&gt;</a>&nbsp;&nbsp;&nbsp;main
</UL>

<P><STRONG><a name="[1c4]"></a>sys_rc_get</STRONG> (Thumb, 4 bytes, Stack size 0 bytes, main.o(.text), UNUSED)

<P><STRONG><a name="[1c5]"></a>sys_fclk_get</STRONG> (Thumb, 6 bytes, Stack size 0 bytes, main.o(.text), UNUSED)

<P><STRONG><a name="[1c6]"></a>sys_pclk_get</STRONG> (Thumb, 6 bytes, Stack size 0 bytes, main.o(.text), UNUSED)

<P><STRONG><a name="[1c7]"></a>sys_sclk_get</STRONG> (Thumb, 6 bytes, Stack size 0 bytes, main.o(.text), UNUSED)

<P><STRONG><a name="[1c8]"></a>sys_hclk_get</STRONG> (Thumb, 6 bytes, Stack size 0 bytes, main.o(.text), UNUSED)

<P><STRONG><a name="[1c9]"></a>gpadc_init</STRONG> (Thumb, 22 bytes, Stack size 0 bytes, main.o(.text), UNUSED)

<P><STRONG><a name="[1ca]"></a>pdm_set_amic_gain</STRONG> (Thumb, 58 bytes, Stack size 24 bytes, main.o(.text), UNUSED)

<P><STRONG><a name="[1cb]"></a>att_c_get_mtu_size</STRONG> (Thumb, 116 bytes, Stack size 0 bytes, main.o(.text), UNUSED)

<P><STRONG><a name="[1cc]"></a>capdet_set_bias</STRONG> (Thumb, 56 bytes, Stack size 24 bytes, main.o(.text), UNUSED)

<P><STRONG><a name="[1cd]"></a>capdet_get_bias</STRONG> (Thumb, 40 bytes, Stack size 16 bytes, main.o(.text), UNUSED)

<P><STRONG><a name="[1ce]"></a>module_clock_off</STRONG> (Thumb, 14 bytes, Stack size 0 bytes, main.o(.text), UNUSED)

<P><STRONG><a name="[1cf]"></a>module_clock_on</STRONG> (Thumb, 14 bytes, Stack size 0 bytes, main.o(.text), UNUSED)

<P><STRONG><a name="[dd]"></a>ll_length_req</STRONG> (Thumb, 24 bytes, Stack size 16 bytes, main.o(.text), UNUSED)
<BR><BR>[Calls]<UL><LI><a href="#[de]">&gt;&gt;</a>&nbsp;&nbsp;&nbsp;LLLengthReq
</UL>

<P><STRONG><a name="[1d0]"></a>get_pmu_reset_type</STRONG> (Thumb, 4 bytes, Stack size 0 bytes, main.o(.text), UNUSED)

<P><STRONG><a name="[1d1]"></a>reset_module</STRONG> (Thumb, 36 bytes, Stack size 16 bytes, main.o(.text), UNUSED)

<P><STRONG><a name="[a6]"></a>SystemSleep</STRONG> (Thumb, 42 bytes, Stack size 8 bytes, main.o(.text))
<BR><BR>[Stack]<UL><LI>Max Depth = 8<LI>Call Chain = SystemSleep
</UL>
<BR>[Called By]<UL><LI><a href="#[6c]">&gt;&gt;</a>&nbsp;&nbsp;&nbsp;main
</UL>

<P><STRONG><a name="[df]"></a>ble_flash_authority</STRONG> (Thumb, 88 bytes, Stack size 16 bytes, main.o(.text), UNUSED)
<BR><BR>[Calls]<UL><LI><a href="#[82]">&gt;&gt;</a>&nbsp;&nbsp;&nbsp;__aeabi_uread4
</UL>
<BR>[Called By]<UL><LI><a href="#[e0]">&gt;&gt;</a>&nbsp;&nbsp;&nbsp;ble_flash_read
</UL>

<P><STRONG><a name="[1d2]"></a>ble_flash_erase</STRONG> (Thumb, 12 bytes, Stack size 8 bytes, main.o(.text), UNUSED)

<P><STRONG><a name="[e0]"></a>ble_flash_read</STRONG> (Thumb, 32 bytes, Stack size 16 bytes, main.o(.text), UNUSED)
<BR><BR>[Calls]<UL><LI><a href="#[df]">&gt;&gt;</a>&nbsp;&nbsp;&nbsp;ble_flash_authority
</UL>

<P><STRONG><a name="[1d3]"></a>ble_flash_write</STRONG> (Thumb, 14 bytes, Stack size 8 bytes, main.o(.text), UNUSED)

<P><STRONG><a name="[1d4]"></a>ble_flash_write_burst</STRONG> (Thumb, 14 bytes, Stack size 8 bytes, main.o(.text), UNUSED)

<P><STRONG><a name="[1d5]"></a>_checksum_cache_496kb</STRONG> (Thumb, 110 bytes, Stack size 64 bytes, main.o(.text), UNUSED)

<P><STRONG><a name="[e1]"></a>ota_code_update_496kb</STRONG> (Thumb, 208 bytes, Stack size 40 bytes, main.o(.text), UNUSED)
<BR><BR>[Calls]<UL><LI><a href="#[8c]">&gt;&gt;</a>&nbsp;&nbsp;&nbsp;__aeabi_uwrite4
<LI><a href="#[82]">&gt;&gt;</a>&nbsp;&nbsp;&nbsp;__aeabi_uread4
<LI><a href="#[d1]">&gt;&gt;</a>&nbsp;&nbsp;&nbsp;__aeabi_memclr
<LI><a href="#[85]">&gt;&gt;</a>&nbsp;&nbsp;&nbsp;__aeabi_memcpy
</UL>

<P><STRONG><a name="[ea]"></a>BBRFWrite</STRONG> (Thumb, 4 bytes, Stack size 0 bytes, main.o(.text), UNUSED)
<BR><BR>[Called By]<UL><LI><a href="#[eb]">&gt;&gt;</a>&nbsp;&nbsp;&nbsp;amic_set_bias
<LI><a href="#[e9]">&gt;&gt;</a>&nbsp;&nbsp;&nbsp;ble_SetTxPower
</UL>

[...]
<BR><BR>[Stack]<UL><LI>Max Depth = 216 + Unknown Stack Size
<LI>Call Chain = ble_gatt_write &rArr; ota_cmd &rArr; BLSetConnectionUpdate &rArr; dbg_printf &rArr; __c89vsprintf &rArr; _printf_char_common &rArr; __printf
</UL>
<BR>[Calls]<UL><LI><a href="#[81]">&gt;&gt;</a>&nbsp;&nbsp;&nbsp;ota_cmd
<LI><a href="#[80]">&gt;&gt;</a>&nbsp;&nbsp;&nbsp;enqueue_all
</UL>
<BR>[Called By]<UL><LI><a href="#[2c]">&gt;&gt;</a>&nbsp;&nbsp;&nbsp;ble_evt_callback
</UL>

<P><STRONG><a name="[87]"></a>ble_init</STRONG> (Thumb, 248 bytes, Stack size 72 bytes, main.o(.text))
<BR><BR>[Stack]<UL><LI>Max Depth = 120<LI>Call Chain = ble_init &rArr; gap_s_ble_init &rArr; _rom_init
</UL>
<BR>[Calls]<UL><LI><a href="#[90]">&gt;&gt;</a>&nbsp;&nbsp;&nbsp;pmu_wakeup_config
<LI><a href="#[8a]">&gt;&gt;</a>&nbsp;&nbsp;&nbsp;gap_s_security_parameters_set
<LI><a href="#[8e]">&gt;&gt;</a>&nbsp;&nbsp;&nbsp;gap_s_gatt_report_handle_get
<LI><a href="#[89]">&gt;&gt;</a>&nbsp;&nbsp;&nbsp;gap_s_gatt_profiles_set
<LI><a href="#[8d]">&gt;&gt;</a>&nbsp;&nbsp;&nbsp;gap_s_evt_handler_set
<LI><a href="#[8b]">&gt;&gt;</a>&nbsp;&nbsp;&nbsp;gap_s_connection_param_set
<LI><a href="#[88]">&gt;&gt;</a>&nbsp;&nbsp;&nbsp;gap_s_ble_init
<LI><a href="#[8f]">&gt;&gt;</a>&nbsp;&nbsp;&nbsp;bm_s_bond_manager_idx_set
<LI><a href="#[72]">&gt;&gt;</a>&nbsp;&nbsp;&nbsp;setup_adv_data
<LI><a href="#[8c]">&gt;&gt;</a>&nbsp;&nbsp;&nbsp;__aeabi_uwrite4
</UL>
<BR>[Called By]<UL><LI><a href="#[6c]">&gt;&gt;</a>&nbsp;&nbsp;&nbsp;main
</UL>

<P><STRONG><a name="[a8]"></a>__NVIC_DisableIRQ</STRONG> (Thumb, 50 bytes, Stack size 0 bytes, uart.o(.text), UNUSED)
<BR><BR>[Called By]<UL><LI><a href="#[ab]">&gt;&gt;</a>&nbsp;&nbsp;&nbsp;uart_1_init
<LI><a href="#[a7]">&gt;&gt;</a>&nbsp;&nbsp;&nbsp;uart_0_init
</UL>

<P><STRONG><a name="[a9]"></a>__NVIC_EnableIRQ</STRONG> (Thumb, 20 bytes, Stack size 0 bytes, uart.o(.text), UNUSED)
<BR><BR>[Called By]<UL><LI><a href="#[ab]">&gt;&gt;</a>&nbsp;&nbsp;&nbsp;uart_1_init
<LI><a href="#[a7]">&gt;&gt;</a>&nbsp;&nbsp;&nbsp;uart_0_init
</UL>

<P><STRONG><a name="[af]"></a>debug_uart_0_init</STRONG> (Thumb, 204 bytes, Stack size 8 bytes, debug.o(.text))
<BR><BR>[Stack]<UL><LI>Max Depth = 8<LI>Call Chain = debug_uart_0_init
</UL>
<BR>[Called By]<UL><LI><a href="#[a2]">&gt;&gt;</a>&nbsp;&nbsp;&nbsp;dbg_init
</UL>

<P><STRONG><a name="[b1]"></a>debug_uart_write</STRONG> (Thumb, 80 bytes, Stack size 20 bytes, debug.o(.text))
<BR><BR>[Stack]<UL><LI>Max Depth = 20<LI>Call Chain = debug_uart_write
</UL>
<BR>[Called By]<UL><LI><a href="#[b2]">&gt;&gt;</a>&nbsp;&nbsp;&nbsp;dbg_printf_sel
<LI><a href="#[7a]">&gt;&gt;</a>&nbsp;&nbsp;&nbsp;dbg_printf
</UL>

<P><STRONG><a name="[b5]"></a>EvtCommandComplete</STRONG> (Thumb, 46 bytes, Stack size 16 bytes, ota.o(.text))
<BR><BR>[Stack]<UL><LI>Max Depth = 40<LI>Call Chain = EvtCommandComplete &rArr; __aeabi_memcpy
</UL>
<BR>[Calls]<UL><LI><a href="#[85]">&gt;&gt;</a>&nbsp;&nbsp;&nbsp;__aeabi_memcpy
</UL>
<BR>[Called By]<UL><LI><a href="#[ba]">&gt;&gt;</a>&nbsp;&nbsp;&nbsp;CmdFwUpgrade
<LI><a href="#[b8]">&gt;&gt;</a>&nbsp;&nbsp;&nbsp;CmdFwWrite
<LI><a href="#[b6]">&gt;&gt;</a>&nbsp;&nbsp;&nbsp;CmdFwErase
</UL>

<P><STRONG><a name="[b6]"></a>CmdFwErase</STRONG> (Thumb, 38 bytes, Stack size 8 bytes, ota.o(.text))
<BR><BR>[Stack]<UL><LI>Max Depth = 152 + Unknown Stack Size
<LI>Call Chain = CmdFwErase &rArr; dbg_printf &rArr; __c89vsprintf &rArr; _printf_char_common &rArr; __printf
</UL>
<BR>[Calls]<UL><LI><a href="#[b7]">&gt;&gt;</a>&nbsp;&nbsp;&nbsp;ota_code_erase
<LI><a href="#[b5]">&gt;&gt;</a>&nbsp;&nbsp;&nbsp;EvtCommandComplete
<LI><a href="#[7a]">&gt;&gt;</a>&nbsp;&nbsp;&nbsp;dbg_printf
</UL>
<BR>[Called By]<UL><LI><a href="#[81]">&gt;&gt;</a>&nbsp;&nbsp;&nbsp;ota_cmd
</UL>

<P><STRONG><a name="[b8]"></a>CmdFwWrite</STRONG> (Thumb, 118 bytes, Stack size 16 bytes, ota.o(.text))
<BR><BR>[Stack]<UL><LI>Max Depth = 56<LI>Call Chain = CmdFwWrite &rArr; EvtCommandComplete &rArr; __aeabi_memcpy
</UL>
<BR>[Calls]<UL><LI><a href="#[b9]">&gt;&gt;</a>&nbsp;&nbsp;&nbsp;ota_code_write
<LI><a href="#[b5]">&gt;&gt;</a>&nbsp;&nbsp;&nbsp;EvtCommandComplete
</UL>
<BR>[Called By]<UL><LI><a href="#[81]">&gt;&gt;</a>&nbsp;&nbsp;&nbsp;ota_cmd
</UL>

<P><STRONG><a name="[ba]"></a>CmdFwUpgrade</STRONG> (Thumb, 84 bytes, Stack size 16 bytes, ota.o(.text))
<BR><BR>[Stack]<UL><LI>Max Depth = 56<LI>Call Chain = CmdFwUpgrade &rArr; EvtCommandComplete &rArr; __aeabi_memcpy
</UL>
<BR>[Calls]<UL><LI><a href="#[b9]">&gt;&gt;</a>&nbsp;&nbsp;&nbsp;ota_code_write
<LI><a href="#[bb]">&gt;&gt;</a>&nbsp;&nbsp;&nbsp;ota_code_update
<LI><a href="#[b5]">&gt;&gt;</a>&nbsp;&nbsp;&nbsp;EvtCommandComplete
<LI><a href="#[82]">&gt;&gt;</a>&nbsp;&nbsp;&nbsp;__aeabi_uread4
</UL>
<BR>[Called By]<UL><LI><a href="#[81]">&gt;&gt;</a>&nbsp;&nbsp;&nbsp;ota_cmd
</UL>

<P><STRONG><a name="[d6]"></a>update_profile_data</STRONG> (Thumb, 84 bytes, Stack size 24 bytes, main.o(.text))
<BR><BR>[Stack]<UL><LI>Max Depth = 24<LI>Call Chain = update_profile_data
</UL>
<BR>[Calls]<UL><LI><a href="#[82]">&gt;&gt;</a>&nbsp;&nbsp;&nbsp;__aeabi_uread4
</UL>
<BR>[Called By]<UL><LI><a href="#[d7]">&gt;&gt;</a>&nbsp;&nbsp;&nbsp;gap_s_profile_data_write
<LI><a href="#[a4]">&gt;&gt;</a>&nbsp;&nbsp;&nbsp;ble_sched_execute
</UL>

<P><STRONG><a name="[f4]"></a>AttReadByGroupTypeRsp</STRONG> (Thumb, 326 bytes, Stack size 32 bytes, rom.o(.text))
<BR><BR>[Stack]<UL><LI>Max Depth = 56<LI>Call Chain = AttReadByGroupTypeRsp &rArr; __aeabi_memcpy
</UL>
<BR>[Calls]<UL><LI><a href="#[82]">&gt;&gt;</a>&nbsp;&nbsp;&nbsp;__aeabi_uread4
<LI><a href="#[85]">&gt;&gt;</a>&nbsp;&nbsp;&nbsp;__aeabi_memcpy
</UL>
<BR>[Called By]<UL><LI><a href="#[104]">&gt;&gt;</a>&nbsp;&nbsp;&nbsp;Protocol_Hook_Callback
</UL>

<P><STRONG><a name="[f5]"></a>AttReadByTypeServiceRsp</STRONG> (Thumb, 234 bytes, Stack size 32 bytes, rom.o(.text))
<BR><BR>[Stack]<UL><LI>Max Depth = 56<LI>Call Chain = AttReadByTypeServiceRsp &rArr; __aeabi_memcpy
</UL>
<BR>[Calls]<UL><LI><a href="#[82]">&gt;&gt;</a>&nbsp;&nbsp;&nbsp;__aeabi_uread4
<LI><a href="#[85]">&gt;&gt;</a>&nbsp;&nbsp;&nbsp;__aeabi_memcpy
</UL>
<BR>[Called By]<UL><LI><a href="#[f8]">&gt;&gt;</a>&nbsp;&nbsp;&nbsp;AttReadByTypeReq
</UL>

<P><STRONG><a name="[f6]"></a>AttReadByTypeChartRsp</STRONG> (Thumb, 286 bytes, Stack size 32 bytes, rom.o(.text))
<BR><BR>[Stack]<UL><LI>Max Depth = 56<LI>Call Chain = AttReadByTypeChartRsp &rArr; __aeabi_memcpy
</UL>
<BR>[Calls]<UL><LI><a href="#[82]">&gt;&gt;</a>&nbsp;&nbsp;&nbsp;__aeabi_uread4
<LI><a href="#[85]">&gt;&gt;</a>&nbsp;&nbsp;&nbsp;__aeabi_memcpy
</UL>
<BR>[Called By]<UL><LI><a href="#[f8]">&gt;&gt;</a>&nbsp;&nbsp;&nbsp;AttReadByTypeReq
</UL>

<P><STRONG><a name="[f7]"></a>AttReadByTypeValRsp</STRONG> (Thumb, 462 bytes, Stack size 72 bytes, rom.o(.text))
<BR><BR>[Stack]<UL><LI>Max Depth = 96<LI>Call Chain = AttReadByTypeValRsp &rArr; __aeabi_memcpy
</UL>
<BR>[Calls]<UL><LI><a href="#[82]">&gt;&gt;</a>&nbsp;&nbsp;&nbsp;__aeabi_uread4
<LI><a href="#[85]">&gt;&gt;</a>&nbsp;&nbsp;&nbsp;__aeabi_memcpy
</UL>
<BR>[Called By]<UL><LI><a href="#[f8]">&gt;&gt;</a>&nbsp;&nbsp;&nbsp;AttReadByTypeReq
</UL>

<P><STRONG><a name="[f8]"></a>AttReadByTypeReq</STRONG> (Thumb, 122 bytes, Stack size 8 bytes, rom.o(.text))
<BR><BR>[Stack]<UL><LI>Max Depth = 104<LI>Call Chain = AttReadByTypeReq &rArr; AttReadByTypeValRsp &rArr; __aeabi_memcpy
</UL>
<BR>[Calls]<UL><LI><a href="#[f7]">&gt;&gt;</a>&nbsp;&nbsp;&nbsp;AttReadByTypeValRsp
<LI><a href="#[f6]">&gt;&gt;</a>&nbsp;&nbsp;&nbsp;AttReadByTypeChartRsp
<LI><a href="#[f5]">&gt;&gt;</a>&nbsp;&nbsp;&nbsp;AttReadByTypeServiceRsp
</UL>
<BR>[Called By]<UL><LI><a href="#[104]">&gt;&gt;</a>&nbsp;&nbsp;&nbsp;Protocol_Hook_Callback
</UL>

<P><STRONG><a name="[f9]"></a>FW_Encrypt_Packet</STRONG> (Thumb, 314 bytes, Stack size 40 bytes, rom.o(.text))
<BR><BR>[Stack]<UL><LI>Max Depth = 472<LI>Call Chain = FW_Encrypt_Packet &rArr; aes_ccm_encrypt &rArr; cbcmac_calc &rArr; cbcmac_append &rArr; aes_encrypt &rArr; aes_encr
</UL>
<BR>[Calls]<UL><LI><a href="#[82]">&gt;&gt;</a>&nbsp;&nbsp;&nbsp;__aeabi_uread4
<LI><a href="#[85]">&gt;&gt;</a>&nbsp;&nbsp;&nbsp;__aeabi_memcpy
<LI><a href="#[fb]">&gt;&gt;</a>&nbsp;&nbsp;&nbsp;aes_ccm_encrypt
<LI><a href="#[fa]">&gt;&gt;</a>&nbsp;&nbsp;&nbsp;CCM_NONCE
</UL>
<BR>[Called By]<UL><LI><a href="#[33]">&gt;&gt;</a>&nbsp;&nbsp;&nbsp;B01_Hook_Callback
</UL>

<P><STRONG><a name="[fd]"></a>Get_OVER_SLPTH</STRONG> (Thumb, 42 bytes, Stack size 0 bytes, rom.o(.text))
<BR><BR>[Called By]<UL><LI><a href="#[114]">&gt;&gt;</a>&nbsp;&nbsp;&nbsp;LinkWakeup
<LI><a href="#[fc]">&gt;&gt;</a>&nbsp;&nbsp;&nbsp;HW_LLC_Sleep_WorkAround
</UL>

<P><STRONG><a name="[101]"></a>LLENCReq</STRONG> (Thumb, 484 bytes, Stack size 24 bytes, rom.o(.text))
<BR><BR>[Stack]<UL><LI>Max Depth = 56<LI>Call Chain = LLENCReq &rArr; LLStartENCReq &rArr; rvereseArray
</UL>
<BR>[Calls]<UL><LI><a href="#[85]">&gt;&gt;</a>&nbsp;&nbsp;&nbsp;__aeabi_memcpy
<LI><a href="#[ee]">&gt;&gt;</a>&nbsp;&nbsp;&nbsp;memcmp
<LI><a href="#[ff]">&gt;&gt;</a>&nbsp;&nbsp;&nbsp;LLStartENCReq
</UL>
<BR>[Called By]<UL><LI><a href="#[104]">&gt;&gt;</a>&nbsp;&nbsp;&nbsp;Protocol_Hook_Callback
</UL>

<P><STRONG><a name="[103]"></a>LLTxStartENCRsp</STRONG> (Thumb, 494 bytes, Stack size 24 bytes, rom.o(.text))
<BR><BR>[Stack]<UL><LI>Max Depth = 24<LI>Call Chain = LLTxStartENCRsp
</UL>
<BR>[Called By]<UL><LI><a href="#[104]">&gt;&gt;</a>&nbsp;&nbsp;&nbsp;Protocol_Hook_Callback
<LI><a href="#[102]">&gt;&gt;</a>&nbsp;&nbsp;&nbsp;LLRxStartENCRsp
</UL>

<P><STRONG><a name="[10d]"></a>_LCRxPkt_Handler</STRONG> (Thumb, 580 bytes, Stack size 48 bytes, rom.o(.text))
<BR><BR>[Stack]<UL><LI>Max Depth = 544<LI>Call Chain = _LCRxPkt_Handler &rArr; BBRXFIFORead &rArr; aes_ccm_verify &rArr; cbcmac_verify &rArr; ctr_next_ctr_block &rArr; aes_encrypt &rArr; aes_encr
</UL>
<BR>[Calls]<UL><LI><a href="#[10e]">&gt;&gt;</a>&nbsp;&nbsp;&nbsp;_BBRXFIFO_Coex_Read
<LI><a href="#[82]">&gt;&gt;</a>&nbsp;&nbsp;&nbsp;__aeabi_uread4
<LI><a href="#[85]">&gt;&gt;</a>&nbsp;&nbsp;&nbsp;__aeabi_memcpy
<LI><a href="#[10a]">&gt;&gt;</a>&nbsp;&nbsp;&nbsp;BBRXFIFORead
<LI><a href="#[105]">&gt;&gt;</a>&nbsp;&nbsp;&nbsp;HW_WindowOffsetWorkAround
</UL>
<BR>[Called By]<UL><LI><a href="#[d]">&gt;&gt;</a>&nbsp;&nbsp;&nbsp;LLC_IRQHandler
</UL>

<P><STRONG><a name="[10e]"></a>_BBRXFIFO_Coex_Read</STRONG> (Thumb, 92 bytes, Stack size 16 bytes, rom.o(.text))
<BR><BR>[Stack]<UL><LI>Max Depth = 16<LI>Call Chain = _BBRXFIFO_Coex_Read
</UL>
<BR>[Called By]<UL><LI><a href="#[10d]">&gt;&gt;</a>&nbsp;&nbsp;&nbsp;_LCRxPkt_Handler
</UL>

<P><STRONG><a name="[111]"></a>_LCConnEvt_Handler</STRONG> (Thumb, 68 bytes, Stack size 8 bytes, rom.o(.text))
<BR><BR>[Stack]<UL><LI>Max Depth = 8<LI>Call Chain = _LCConnEvt_Handler
</UL>
<BR>[Called By]<UL><LI><a href="#[d]">&gt;&gt;</a>&nbsp;&nbsp;&nbsp;LLC_IRQHandler
</UL>

<P><STRONG><a name="[114]"></a>LinkWakeup</STRONG> (Thumb, 100 bytes, Stack size 16 bytes, rom.o(.text))
<BR><BR>[Stack]<UL><LI>Max Depth = 16<LI>Call Chain = LinkWakeup
</UL>
<BR>[Calls]<UL><LI><a href="#[fd]">&gt;&gt;</a>&nbsp;&nbsp;&nbsp;Get_OVER_SLPTH
</UL>
<BR>[Called By]<UL><LI><a href="#[ca]">&gt;&gt;</a>&nbsp;&nbsp;&nbsp;_rom_gap_s_connection_latency_mode
</UL>

<P><STRONG><a name="[115]"></a>ctr_next_ctr_block</STRONG> (Thumb, 66 bytes, Stack size 24 bytes, aec-ccm.o(.text))
<BR><BR>[Stack]<UL><LI>Max Depth = 296<LI>Call Chain = ctr_next_ctr_block &rArr; aes_encrypt &rArr; aes_encr
</UL>
<BR>[Calls]<UL><LI><a href="#[d1]">&gt;&gt;</a>&nbsp;&nbsp;&nbsp;__aeabi_memclr
<LI><a href="#[85]">&gt;&gt;</a>&nbsp;&nbsp;&nbsp;__aeabi_memcpy
<LI><a href="#[116]">&gt;&gt;</a>&nbsp;&nbsp;&nbsp;aes_encrypt
</UL>
<BR>[Called By]<UL><LI><a href="#[11b]">&gt;&gt;</a>&nbsp;&nbsp;&nbsp;ctr_payload
<LI><a href="#[11a]">&gt;&gt;</a>&nbsp;&nbsp;&nbsp;cbcmac_verify
</UL>

<P><STRONG><a name="[117]"></a>cbcmac_calc</STRONG> (Thumb, 318 bytes, Stack size 72 bytes, aec-ccm.o(.text))
<BR><BR>[Stack]<UL><LI>Max Depth = 360<LI>Call Chain = cbcmac_calc &rArr; cbcmac_append &rArr; aes_encrypt &rArr; aes_encr
</UL>
<BR>[Calls]<UL><LI><a href="#[85]">&gt;&gt;</a>&nbsp;&nbsp;&nbsp;__aeabi_memcpy
<LI><a href="#[119]">&gt;&gt;</a>&nbsp;&nbsp;&nbsp;cbcmac_append
<LI><a href="#[118]">&gt;&gt;</a>&nbsp;&nbsp;&nbsp;cbcmac_clear
</UL>
<BR>[Called By]<UL><LI><a href="#[fb]">&gt;&gt;</a>&nbsp;&nbsp;&nbsp;aes_ccm_encrypt
<LI><a href="#[10c]">&gt;&gt;</a>&nbsp;&nbsp;&nbsp;aes_ccm_decrypt
</UL>

<P><STRONG><a name="[11a]"></a>cbcmac_verify</STRONG> (Thumb, 344 bytes, Stack size 72 bytes, aec-ccm.o(.text))
<BR><BR>[Stack]<UL><LI>Max Depth = 368<LI>Call Chain = cbcmac_verify &rArr; ctr_next_ctr_block &rArr; aes_encrypt &rArr; aes_encr
</UL>
<BR>[Calls]<UL><LI><a href="#[85]">&gt;&gt;</a>&nbsp;&nbsp;&nbsp;__aeabi_memcpy
<LI><a href="#[119]">&gt;&gt;</a>&nbsp;&nbsp;&nbsp;cbcmac_append
<LI><a href="#[118]">&gt;&gt;</a>&nbsp;&nbsp;&nbsp;cbcmac_clear
<LI><a href="#[115]">&gt;&gt;</a>&nbsp;&nbsp;&nbsp;ctr_next_ctr_block
</UL>
<BR>[Called By]<UL><LI><a href="#[10b]">&gt;&gt;</a>&nbsp;&nbsp;&nbsp;aes_ccm_verify
</UL>

<P><STRONG><a name="[11b]"></a>ctr_payload</STRONG> (Thumb, 112 bytes, Stack size 56 bytes, aec-ccm.o(.text))
<BR><BR>[Stack]<UL><LI>Max Depth = 352<LI>Call Chain = ctr_payload &rArr; ctr_next_ctr_block &rArr; aes_encrypt &rArr; aes_encr
</UL>
<BR>[Calls]<UL><LI><a href="#[85]">&gt;&gt;</a>&nbsp;&nbsp;&nbsp;__aeabi_memcpy
<LI><a href="#[115]">&gt;&gt;</a>&nbsp;&nbsp;&nbsp;ctr_next_ctr_block
</UL>
<BR>[Called By]<UL><LI><a href="#[fb]">&gt;&gt;</a>&nbsp;&nbsp;&nbsp;aes_ccm_encrypt
<LI><a href="#[10c]">&gt;&gt;</a>&nbsp;&nbsp;&nbsp;aes_ccm_decrypt
</UL>

<P><STRONG><a name="[11c]"></a>ctr_mic</STRONG> (Thumb, 86 bytes, Stack size 56 bytes, aec-ccm.o(.text))
<BR><BR>[Stack]<UL><LI>Max Depth = 328<LI>Call Chain = ctr_mic &rArr; aes_encrypt &rArr; aes_encr
</UL>
<BR>[Calls]<UL><LI><a href="#[85]">&gt;&gt;</a>&nbsp;&nbsp;&nbsp;__aeabi_memcpy
<LI><a href="#[116]">&gt;&gt;</a>&nbsp;&nbsp;&nbsp;aes_encrypt
</UL>
<BR>[Called By]<UL><LI><a href="#[10b]">&gt;&gt;</a>&nbsp;&nbsp;&nbsp;aes_ccm_verify
<LI><a href="#[fb]">&gt;&gt;</a>&nbsp;&nbsp;&nbsp;aes_ccm_encrypt
<LI><a href="#[10c]">&gt;&gt;</a>&nbsp;&nbsp;&nbsp;aes_ccm_decrypt
</UL>

<P><STRONG><a name="[118]"></a>cbcmac_clear</STRONG> (Thumb, 12 bytes, Stack size 8 bytes, aec-ccm.o(.text))
<BR><BR>[Stack]<UL><LI>Max Depth = 8<LI>Call Chain = cbcmac_clear
</UL>
<BR>[Calls]<UL><LI><a href="#[d1]">&gt;&gt;</a>&nbsp;&nbsp;&nbsp;__aeabi_memclr
</UL>
<BR>[Called By]<UL><LI><a href="#[11a]">&gt;&gt;</a>&nbsp;&nbsp;&nbsp;cbcmac_verify
<LI><a href="#[117]">&gt;&gt;</a>&nbsp;&nbsp;&nbsp;cbcmac_calc
</UL>

<P><STRONG><a name="[119]"></a>cbcmac_append</STRONG> (Thumb, 42 bytes, Stack size 16 bytes, aec-ccm.o(.text))
<BR><BR>[Stack]<UL><LI>Max Depth = 288<LI>Call Chain = cbcmac_append &rArr; aes_encrypt &rArr; aes_encr
</UL>
<BR>[Calls]<UL><LI><a href="#[85]">&gt;&gt;</a>&nbsp;&nbsp;&nbsp;__aeabi_memcpy
<LI><a href="#[116]">&gt;&gt;</a>&nbsp;&nbsp;&nbsp;aes_encrypt
</UL>
<BR>[Called By]<UL><LI><a href="#[11a]">&gt;&gt;</a>&nbsp;&nbsp;&nbsp;cbcmac_verify
<LI><a href="#[117]">&gt;&gt;</a>&nbsp;&nbsp;&nbsp;cbcmac_calc
</UL>

<P><STRONG><a name="[120]"></a>expandKey</STRONG> (Thumb, 186 bytes, Stack size 28 bytes, aes.o(.text))
<BR><BR>[Stack]<UL><LI>Max Depth = 28<LI>Call Chain = expandKey
</UL>
<BR>[Called By]<UL><LI><a href="#[121]">&gt;&gt;</a>&nbsp;&nbsp;&nbsp;aes_decrypt
<LI><a href="#[116]">&gt;&gt;</a>&nbsp;&nbsp;&nbsp;aes_encrypt
</UL>

<P><STRONG><a name="[11d]"></a>aes_encr</STRONG> (Thumb, 912 bytes, Stack size 88 bytes, aes.o(.text))
<BR><BR>[Stack]<UL><LI>Max Depth = 88<LI>Call Chain = aes_encr
</UL>
<BR>[Calls]<UL><LI><a href="#[11e]">&gt;&gt;</a>&nbsp;&nbsp;&nbsp;galois_mul2
</UL>
<BR>[Called By]<UL><LI><a href="#[116]">&gt;&gt;</a>&nbsp;&nbsp;&nbsp;aes_encrypt
</UL>

<P><STRONG><a name="[11f]"></a>aes_decr</STRONG> (Thumb, 1124 bytes, Stack size 88 bytes, aes.o(.text), UNUSED)
<BR><BR>[Calls]<UL><LI><a href="#[11e]">&gt;&gt;</a>&nbsp;&nbsp;&nbsp;galois_mul2
</UL>
<BR>[Called By]<UL><LI><a href="#[121]">&gt;&gt;</a>&nbsp;&nbsp;&nbsp;aes_decrypt
</UL>

<P><STRONG><a name="[11e]"></a>galois_mul2</STRONG> (Thumb, 20 bytes, Stack size 0 bytes, aes.o(.text))
<BR><BR>[Called By]<UL><LI><a href="#[11f]">&gt;&gt;</a>&nbsp;&nbsp;&nbsp;aes_decr
<LI><a href="#[11d]">&gt;&gt;</a>&nbsp;&nbsp;&nbsp;aes_encr
</UL>

<P><STRONG><a name="[129]"></a>_dadd1</STRONG> (Thumb, 290 bytes, Stack size 20 bytes, daddsub.o(.text), UNUSED)
<BR><BR>[Called By]<UL><LI><a href="#[12b]">&gt;&gt;</a>&nbsp;&nbsp;&nbsp;_drsb
<LI><a href="#[12a]">&gt;&gt;</a>&nbsp;&nbsp;&nbsp;_dsub
<LI><a href="#[127]">&gt;&gt;</a>&nbsp;&nbsp;&nbsp;_dadd
</UL>

<P><STRONG><a name="[128]"></a>_dsub1</STRONG> (Thumb, 470 bytes, Stack size 40 bytes, daddsub.o(.text), UNUSED)
<BR><BR>[Called By]<UL><LI><a href="#[12b]">&gt;&gt;</a>&nbsp;&nbsp;&nbsp;_drsb
<LI><a href="#[12a]">&gt;&gt;</a>&nbsp;&nbsp;&nbsp;_dsub
<LI><a href="#[127]">&gt;&gt;</a>&nbsp;&nbsp;&nbsp;_dadd
</UL>

<P><STRONG><a name="[159]"></a>_fadd1</STRONG> (Thumb, 0 bytes, Stack size unknown bytes, faddsub.o(x$fpl$fadd), UNUSED)
<BR><BR>[Called By]<UL><LI><a href="#[158]">&gt;&gt;</a>&nbsp;&nbsp;&nbsp;_fsub
</UL>

<P><STRONG><a name="[157]"></a>_fsub1</STRONG> (Thumb, 0 bytes, Stack size unknown bytes, faddsub.o(x$fpl$fsub), UNUSED)
<BR><BR>[Called By]<UL><LI><a href="#[156]">&gt;&gt;</a>&nbsp;&nbsp;&nbsp;_fadd
</UL>

<P><STRONG><a name="[35]"></a>_printf_input_char</STRONG> (Thumb, 10 bytes, Stack size 0 bytes, _printf_char_common.o(.text))
<BR>[Address Reference Count : 1]<UL><LI> _printf_char_common.o(.text)
</UL>
<P><STRONG><a name="[140]"></a>_fp_digits</STRONG> (Thumb, 408 bytes, Stack size 96 bytes, _printf_fp_dec.o(.text))
<BR><BR>[Stack]<UL><LI>Max Depth = 272<LI>Call Chain = _fp_digits &rArr; _btod_etento &rArr; _btod_emul &rArr; btod_internal_mul &rArr; __ARM_common_ll_muluu
</UL>
<BR>[Calls]<UL><LI><a href="#[143]">&gt;&gt;</a>&nbsp;&nbsp;&nbsp;_btod_ediv
<LI><a href="#[144]">&gt;&gt;</a>&nbsp;&nbsp;&nbsp;_btod_emul
<LI><a href="#[142]">&gt;&gt;</a>&nbsp;&nbsp;&nbsp;_btod_d2e
<LI><a href="#[141]">&gt;&gt;</a>&nbsp;&nbsp;&nbsp;_btod_etento
<LI><a href="#[13b]">&gt;&gt;</a>&nbsp;&nbsp;&nbsp;_ll_udiv10
</UL>
<BR>[Called By]<UL><LI><a href="#[37]">&gt;&gt;</a>&nbsp;&nbsp;&nbsp;_printf_fp_dec_real
</UL>

<P><STRONG><a name="[14e]"></a>btod_internal_mul</STRONG> (Thumb, 456 bytes, Stack size 56 bytes, btod.o(.text))
<BR><BR>[Stack]<UL><LI>Max Depth = 80<LI>Call Chain = btod_internal_mul &rArr; __ARM_common_ll_muluu
</UL>
<BR>[Calls]<UL><LI><a href="#[14f]">&gt;&gt;</a>&nbsp;&nbsp;&nbsp;__ARM_common_ll_muluu
</UL>
<BR>[Called By]<UL><LI><a href="#[150]">&gt;&gt;</a>&nbsp;&nbsp;&nbsp;_btod_emuld
<LI><a href="#[144]">&gt;&gt;</a>&nbsp;&nbsp;&nbsp;_btod_emul
</UL>

<P><STRONG><a name="[151]"></a>btod_internal_div</STRONG> (Thumb, 494 bytes, Stack size 64 bytes, btod.o(.text))
<BR><BR>[Stack]<UL><LI>Max Depth = 64<LI>Call Chain = btod_internal_div
</UL>
<BR>[Called By]<UL><LI><a href="#[152]">&gt;&gt;</a>&nbsp;&nbsp;&nbsp;_btod_edivd
<LI><a href="#[143]">&gt;&gt;</a>&nbsp;&nbsp;&nbsp;_btod_ediv
</UL>
<P>
<H3>
Undefined Global Symbols
</H3>
<P><STRONG><a name="[153]"></a>_call_atexit_fns</STRONG> (ARM, 0 bytes, Stack size 0 bytes, UNDEFINED)
<BR><BR>[Called By]<UL><LI><a href="#[6d]">&gt;&gt;</a>&nbsp;&nbsp;&nbsp;exit
</UL>

<P><STRONG><a name="[47]"></a>_printf_fp_hex</STRONG> (Unknown, 0 bytes, Stack size 0 bytes, UNDEFINED)
<BR><BR>[Called By]<UL><LI><a href="#[45]">&gt;&gt;</a>&nbsp;&nbsp;&nbsp;_printf_a
</UL>

<P><STRONG><a name="[148]"></a>_printf_mbtowc</STRONG> (ARM, 0 bytes, Stack size 0 bytes, UNDEFINED)
<BR><BR>[Called By]<UL><LI><a href="#[147]">&gt;&gt;</a>&nbsp;&nbsp;&nbsp;_printf_cs_common
</UL>

<P><STRONG><a name="[14a]"></a>_printf_wc</STRONG> (ARM, 0 bytes, Stack size 0 bytes, UNDEFINED)
<BR><BR>[Called By]<UL><LI><a href="#[149]">&gt;&gt;</a>&nbsp;&nbsp;&nbsp;_printf_lcs_common
</UL>
<HR></body></html>
