Component: ARM Compiler 5.06 (build 20) Tool: armlink [4d35a3]

==============================================================================

Section Cross References

    main.o(.text) refers to main.o(.text) for gap_s_adv_parameters_set
    main.o(.text) refers to rt_memclr.o(.text) for __aeabi_memclr4
    main.o(.text) refers to ota.o(.text) for ota_rsp
    main.o(.text) refers to uread4.o(.text) for __aeabi_uread4
    main.o(.text) refers to main.o(.data) for dev_addr
    main.o(.text) refers to ota.o(.data) for ota_state
    main.o(.text) refers to rt_memcpy.o(.text) for __aeabi_memcpy
    main.o(.text) refers to main.o(i.__ARM_common_switch8) for __ARM_common_switch8
    main.o(.text) refers to uwrite4.o(.text) for __aeabi_uwrite4
    main.o(.text) refers to pad_mux_ctrl.o(.text) for pad_mux_write
    main.o(.text) refers to gpio.o(.text) for gpi_config
    main.o(.text) refers to delay.o(.text) for delay_ms
    main.o(.text) refers to main.o(.constdata) for _gatt_database_report_handle
    gpio.o(.text) refers to gpio.o(.data) for gpio_callback
    pad_mux_ctrl.o(.text) refers to pad_mux_ctrl.o(.data) for pad
    timer.o(.text) refers to timer.o(.data) for ctrl
    timer.o(.text) refers to timer.o(.bss) for cb
    ota.o(.text) refers to rt_memcpy.o(.text) for __aeabi_memcpy
    ota.o(.text) refers to main.o(.text) for ota_code_erase
    ota.o(.text) refers to uread4.o(.text) for __aeabi_uread4
    ota.o(.text) refers to main.o(.text) for BLSetConnectionUpdate
    ota.o(.text) refers to ota.o(.data) for pevt
    ota.o(.text) refers to ota.o(.bss) for ota_w
    startup_armcm0.o(STACK) refers (Special) to heapauxi.o(.text) for __use_two_region_memory
    startup_armcm0.o(HEAP) refers (Special) to heapauxi.o(.text) for __use_two_region_memory
    startup_armcm0.o(RESET) refers (Special) to heapauxi.o(.text) for __use_two_region_memory
    startup_armcm0.o(RESET) refers to startup_armcm0.o(STACK) for __initial_sp
    startup_armcm0.o(RESET) refers to startup_armcm0.o(.text) for Reset_Handler
    startup_armcm0.o(RESET) refers to gpio.o(.text) for GPIO_IRQHandler
    startup_armcm0.o(RESET) refers to rom.o(.text) for LLC_IRQHandler
    startup_armcm0.o(RESET) refers to timer.o(.text) for TIMER0_IRQHandler
    startup_armcm0.o(.text) refers (Special) to heapauxi.o(.text) for __use_two_region_memory
    startup_armcm0.o(.text) refers to system_armcm0.o(.text) for SystemInit
    startup_armcm0.o(.text) refers to __main.o(!!!main) for __main
    startup_armcm0.o(.text) refers to startup_armcm0.o(HEAP) for Heap_Mem
    startup_armcm0.o(.text) refers to startup_armcm0.o(STACK) for Stack_Mem
    system_armcm0.o(.text) refers to system_armcm0.o(.data) for SystemCoreClock
    main.o(.text) refers to rom.o(.text) for _rom_init
    main.o(.text) refers to rt_memcpy.o(.text) for __aeabi_memcpy
    main.o(.text) refers to aeabi_sdiv.o(.text) for __aeabi_uidivmod
    main.o(.text) refers to main.o(.bss) for .bss
    main.o(.text) refers to rom.o(.data) for txpdu
    main.o(.text) refers to dflti.o(.text) for __aeabi_ui2d
    main.o(.text) refers to dmul.o(.text) for __aeabi_dmul
    main.o(.text) refers to dfixui.o(.text) for __aeabi_d2uiz
    main.o(.text) refers to rt_memclr.o(.text) for __aeabi_memclr
    main.o(.text) refers to uread4.o(.text) for __aeabi_uread4
    main.o(.text) refers to uwrite4.o(.text) for __aeabi_uwrite4
    main.o(.text) refers to main.o(.data) for .data
    main.o(.text) refers to daddsub.o(.text) for __aeabi_dadd
    main.o(.text) refers to fflti.o(.text) for __aeabi_ui2f
    main.o(.text) refers to faddsub.o(x$fpl$fadd) for __aeabi_fadd
    main.o(.text) refers to f2d.o(.text) for __aeabi_f2d
    main.o(.text) refers to ddiv.o(.text) for __aeabi_ddiv
    main.o(.text) refers to main.o(i.__ARM_common_switch8) for __ARM_common_switch8
    rom.o(.text) refers to rt_memcpy.o(.text) for __aeabi_memcpy
    rom.o(.text) refers to memcmp.o(.text) for memcmp
    rom.o(.text) refers to uread4.o(.text) for __aeabi_uread4
    rom.o(.text) refers to aeabi_sdiv.o(.text) for __aeabi_uidivmod
    rom.o(.text) refers to rom.o(.data) for .data
    rom.o(.text) refers to rt_memclr.o(.text) for __aeabi_memclr
    rom.o(.text) refers to rom.o(.constdata) for .constdata
    rom.o(.text) refers to aec-ccm.o(.text) for CCM_NONCE
    rom.o(.text) refers to rom.o(.bss) for .bss
    rom.o(.text) refers to main.o(.text) for smart_update_latency_updatareq
    rom.o(.text) refers to rom.o(.emb_text) for B01_correct_TXPacket_length
    rom.o(.text) refers to main.o(i.__ARM_common_switch8) for __ARM_common_switch8
    aec-ccm.o(.text) refers to rt_memclr.o(.text) for __aeabi_memclr
    aec-ccm.o(.text) refers to rt_memcpy.o(.text) for __aeabi_memcpy
    aec-ccm.o(.text) refers to aes.o(.text) for aes_encrypt
    aec-ccm.o(.text) refers to aec-ccm.o(.bss) for .bss
    aes.o(.text) refers to aes.o(.constdata) for .constdata
    rt_memcpy.o(.text) refers to rt_memcpy.o(.emb_text) for __aeabi_memcpy4
[...]
    libinit.o(.ARM.Collect$$libinit$$00000000) refers (Special) to libinit2.o(.ARM.Collect$$libinit$$00000025) for __rt_lib_init_stdio_1
    libinit.o(.ARM.Collect$$libinit$$00000000) refers (Special) to libinit2.o(.ARM.Collect$$libinit$$0000000C) for __rt_lib_init_user_alloc_1
    libspace.o(.text) refers to libspace.o(.bss) for __libspace_start
    rtexit.o(.ARM.Collect$$rtexit$$00000000) refers (Special) to rtexit2.o(.ARM.Collect$$rtexit$$00000004) for __rt_exit_exit
    rtexit.o(.ARM.Collect$$rtexit$$00000000) refers (Special) to rtexit2.o(.ARM.Collect$$rtexit$$00000003) for __rt_exit_ls
    rtexit.o(.ARM.Collect$$rtexit$$00000000) refers (Special) to rtexit2.o(.ARM.Collect$$rtexit$$00000002) for __rt_exit_prels_1
    rtexit.o(.ARM.exidx) refers (Special) to rtexit2.o(.ARM.Collect$$rtexit$$00000004) for __rt_exit_exit
    rtexit.o(.ARM.exidx) refers (Special) to rtexit2.o(.ARM.Collect$$rtexit$$00000003) for __rt_exit_ls
    rtexit.o(.ARM.exidx) refers (Special) to rtexit2.o(.ARM.Collect$$rtexit$$00000002) for __rt_exit_prels_1
    rtexit.o(.ARM.exidx) refers to rtexit.o(.ARM.Collect$$rtexit$$00000000) for .ARM.Collect$$rtexit$$00000000
    rt_raise.o(.text) refers to __raise.o(.text) for __raise
    rt_raise.o(.text) refers to sys_exit.o(.text) for _sys_exit
    defsig_exit.o(.text) refers to sys_exit.o(.text) for _sys_exit
    defsig_fpe_inner.o(.text) refers to defsig_general.o(.text) for __default_signal_display
    libinit2.o(.ARM.Collect$$libinit$$00000010) refers to libinit2.o(.ARM.Collect$$libinit$$0000000F) for .ARM.Collect$$libinit$$0000000F
    libinit2.o(.ARM.Collect$$libinit$$00000012) refers to libinit2.o(.ARM.Collect$$libinit$$0000000F) for .ARM.Collect$$libinit$$0000000F
    libinit2.o(.ARM.Collect$$libinit$$00000014) refers to libinit2.o(.ARM.Collect$$libinit$$0000000F) for .ARM.Collect$$libinit$$0000000F
    libinit2.o(.ARM.Collect$$libinit$$00000016) refers to libinit2.o(.ARM.Collect$$libinit$$0000000F) for .ARM.Collect$$libinit$$0000000F
    libinit2.o(.ARM.Collect$$libinit$$00000018) refers to libinit2.o(.ARM.Collect$$libinit$$0000000F) for .ARM.Collect$$libinit$$0000000F
    libinit2.o(.ARM.Collect$$libinit$$00000026) refers to argv_veneer.o(.text) for __ARM_argv_veneer
    libinit2.o(.ARM.Collect$$libinit$$00000027) refers to argv_veneer.o(.text) for __ARM_argv_veneer
    sys_exit.o(.text) refers (Special) to use_no_semi.o(.text) for __I$use$semihosting
    sys_exit.o(.text) refers (Special) to indicate_semi.o(.text) for __semihosting_library_function
    rtexit2.o(.ARM.Collect$$rtexit$$00000003) refers to libshutdown.o(.ARM.Collect$$libshutdown$$00000000) for __rt_lib_shutdown
    rtexit2.o(.ARM.Collect$$rtexit$$00000004) refers to sys_exit.o(.text) for _sys_exit
    rtexit2.o(.ARM.exidx) refers to rtexit2.o(.ARM.Collect$$rtexit$$00000001) for .ARM.Collect$$rtexit$$00000001
    rtexit2.o(.ARM.exidx) refers to rtexit2.o(.ARM.Collect$$rtexit$$00000003) for .ARM.Collect$$rtexit$$00000003
    rtexit2.o(.ARM.exidx) refers to rtexit2.o(.ARM.Collect$$rtexit$$00000004) for .ARM.Collect$$rtexit$$00000004
    __raise.o(.text) refers to defsig.o(CL$$defsig) for __default_signal_handler
    defsig_general.o(.text) refers to sys_wrch.o(.text) for _ttywrch
    sys_wrch.o(.text) refers (Special) to use_no_semi.o(.text) for __I$use$semihosting
    sys_wrch.o(.text) refers (Special) to indicate_semi.o(.text) for __semihosting_library_function
    defsig.o(CL$$defsig) refers to defsig_fpe_inner.o(.text) for __rt_SIGFPE_inner
    defsig.o(CL$$defsig) refers to defsig_rtmem_inner.o(.text) for __rt_SIGRTMEM_inner
    _get_argv_nomalloc.o(.text) refers (Special) to hrguard.o(.text) for __heap_region$guard
    _get_argv_nomalloc.o(.text) refers to defsig_rtmem_outer.o(.text) for __rt_SIGRTMEM
    _get_argv_nomalloc.o(.text) refers to sys_command.o(.text) for _sys_command_string
    libshutdown.o(.ARM.Collect$$libshutdown$$00000000) refers (Special) to libshutdown2.o(.ARM.Collect$$libshutdown$$00000002) for __rt_lib_shutdown_cpp_1
    libshutdown.o(.ARM.Collect$$libshutdown$$00000000) refers (Special) to libshutdown2.o(.ARM.Collect$$libshutdown$$00000007) for __rt_lib_shutdown_fp_trap_1
    libshutdown.o(.ARM.Collect$$libshutdown$$00000000) refers (Special) to libshutdown2.o(.ARM.Collect$$libshutdown$$0000000F) for __rt_lib_shutdown_heap_1
    libshutdown.o(.ARM.Collect$$libshutdown$$00000000) refers (Special) to libshutdown2.o(.ARM.Collect$$libshutdown$$00000010) for __rt_lib_shutdown_return
    libshutdown.o(.ARM.Collect$$libshutdown$$00000000) refers (Special) to libshutdown2.o(.ARM.Collect$$libshutdown$$0000000A) for __rt_lib_shutdown_signal_1
    libshutdown.o(.ARM.Collect$$libshutdown$$00000000) refers (Special) to libshutdown2.o(.ARM.Collect$$libshutdown$$00000004) for __rt_lib_shutdown_stdio_1
    libshutdown.o(.ARM.Collect$$libshutdown$$00000000) refers (Special) to libshutdown2.o(.ARM.Collect$$libshutdown$$0000000C) for __rt_lib_shutdown_user_alloc_1
    sys_command.o(.text) refers (Special) to use_no_semi.o(.text) for __I$use$semihosting
    sys_command.o(.text) refers (Special) to indicate_semi.o(.text) for __semihosting_library_function
    defsig_abrt_inner.o(.text) refers to defsig_general.o(.text) for __default_signal_display
    defsig_rtred_inner.o(.text) refers to defsig_general.o(.text) for __default_signal_display
    defsig_rtmem_inner.o(.text) refers to defsig_general.o(.text) for __default_signal_display
    defsig_rtmem_outer.o(.text) refers to defsig_rtmem_inner.o(.text) for __rt_SIGRTMEM_inner
    defsig_rtmem_outer.o(.text) refers to defsig_exit.o(.text) for __sig_exit
    defsig_rtmem_formal.o(.text) refers to rt_raise.o(.text) for __rt_raise
    defsig_stak_inner.o(.text) refers to defsig_general.o(.text) for __default_signal_display
    defsig_pvfn_inner.o(.text) refers to defsig_general.o(.text) for __default_signal_display
    defsig_cppl_inner.o(.text) refers to defsig_general.o(.text) for __default_signal_display
    defsig_segv_inner.o(.text) refers to defsig_general.o(.text) for __default_signal_display
    defsig_other.o(.text) refers to defsig_general.o(.text) for __default_signal_display


==============================================================================

Removing Unused input sections from the image.

    Removing main.o(.rev16_text), (4 bytes).
    Removing main.o(.revsh_text), (4 bytes).
    Removing gpio.o(.rev16_text), (4 bytes).
    Removing gpio.o(.revsh_text), (4 bytes).
    Removing delay.o(.rev16_text), (4 bytes).
    Removing delay.o(.revsh_text), (4 bytes).
    Removing pad_mux_ctrl.o(.rev16_text), (4 bytes).
    Removing pad_mux_ctrl.o(.revsh_text), (4 bytes).
    Removing debug.o(.rev16_text), (4 bytes).
    Removing debug.o(.revsh_text), (4 bytes).
    Removing timer.o(.rev16_text), (4 bytes).
    Removing timer.o(.revsh_text), (4 bytes).
    Removing ota.o(.rev16_text), (4 bytes).
    Removing ota.o(.revsh_text), (4 bytes).
    Removing segger_rtt.o(.rev16_text), (4 bytes).
    Removing segger_rtt.o(.revsh_text), (4 bytes).
    Removing segger_rtt_printf.o(.rev16_text), (4 bytes).
    Removing segger_rtt_printf.o(.revsh_text), (4 bytes).
    Removing segger_rtt_syscalls_keil.o(.rev16_text), (4 bytes).
    Removing segger_rtt_syscalls_keil.o(.revsh_text), (4 bytes).
    Removing system_armcm0.o(.rev16_text), (4 bytes).
    Removing system_armcm0.o(.revsh_text), (4 bytes).
    Removing main.o(.rev16_text), (4 bytes).
    Removing main.o(.revsh_text), (4 bytes).
    Removing rom.o(.rev16_text), (4 bytes).
    Removing rom.o(.revsh_text), (4 bytes).
    Removing aec-ccm.o(.rev16_text), (4 bytes).
    Removing aec-ccm.o(.revsh_text), (4 bytes).

28 unused section(s) (total 112 bytes) removed from the image.

==============================================================================

Image Symbol Table

    Local Symbols

    Symbol Name                              Value     Ov Type        Size  Object(Section)

    ../clib/angel/boardlib.s                 0x00000000   Number         0  boardinit3.o ABSOLUTE
    ../clib/angel/boardlib.s                 0x00000000   Number         0  boardinit2.o ABSOLUTE
    ../clib/angel/boardlib.s                 0x00000000   Number         0  boardinit1.o ABSOLUTE
    ../clib/angel/boardlib.s                 0x00000000   Number         0  boardshut.o ABSOLUTE
    ../clib/angel/handlers.s                 0x00000000   Number         0  __scatter_zi.o ABSOLUTE
    ../clib/angel/handlers.s                 0x00000000   Number         0  __scatter_copy.o ABSOLUTE
    ../clib/angel/kernel.s                   0x00000000   Number         0  rtexit2.o ABSOLUTE
    ../clib/angel/kernel.s                   0x00000000   Number         0  __rtentry2.o ABSOLUTE
    ../clib/angel/kernel.s                   0x00000000   Number         0  __rtentry4.o ABSOLUTE
    ../clib/angel/kernel.s                   0x00000000   Number         0  rtexit.o ABSOLUTE
    ../clib/angel/kernel.s                   0x00000000   Number         0  __rtentry.o ABSOLUTE
    ../clib/angel/rt.s                       0x00000000   Number         0  aeabi_idiv0_sigfpe.o ABSOLUTE
    ../clib/angel/rt.s                       0x00000000   Number         0  rt_raise.o ABSOLUTE
    ../clib/angel/rt.s                       0x00000000   Number         0  rt_div0.o ABSOLUTE
    ../clib/angel/rt.s                       0x00000000   Number         0  aeabi_idiv0.o ABSOLUTE
    ../clib/angel/scatterp.s                 0x00000000   Number         0  __scatter.o ABSOLUTE
    ../clib/angel/startup.s                  0x00000000   Number         0  __main.o ABSOLUTE
    ../clib/angel/sys.s                      0x00000000   Number         0  tempstk.o ABSOLUTE
    ../clib/angel/sys.s                      0x00000000   Number         0  libspace.o ABSOLUTE
    ../clib/angel/sys.s                      0x00000000   Number         0  sys_stackheap_outer.o ABSOLUTE
    ../clib/angel/sys.s                      0x00000000   Number         0  indicate_semi.o ABSOLUTE
    ../clib/angel/sys.s                      0x00000000   Number         0  use_no_semi.o ABSOLUTE
    ../clib/angel/sysapp.c                   0x00000000   Number         0  sys_exit.o ABSOLUTE
    ../clib/angel/sysapp.c                   0x00000000   Number         0  sys_wrch.o ABSOLUTE
    ../clib/angel/sysapp.c                   0x00000000   Number         0  sys_command.o ABSOLUTE
    ../clib/armsys.c                         0x00000000   Number         0  no_argv.o ABSOLUTE
    ../clib/armsys.c                         0x00000000   Number         0  _get_argv_nomalloc.o ABSOLUTE
    ../clib/armsys.c                         0x00000000   Number         0  argv_veneer.o ABSOLUTE
    ../clib/division.s                       0x00000000   Number         0  aeabi_sdiv_div0.o ABSOLUTE
    ../clib/division.s                       0x00000000   Number         0  aeabi_sdiv.o ABSOLUTE
    ../clib/heapalloc.c                      0x00000000   Number         0  hrguard.o ABSOLUTE
    ../clib/heapaux.c                        0x00000000   Number         0  heapauxi.o ABSOLUTE
    ../clib/libinit.s                        0x00000000   Number         0  libinit.o ABSOLUTE
    ../clib/libinit.s                        0x00000000   Number         0  libshutdown2.o ABSOLUTE
    ../clib/libinit.s                        0x00000000   Number         0  libshutdown.o ABSOLUTE
    ../clib/libinit.s                        0x00000000   Number         0  libinit2.o ABSOLUTE
    ../clib/memcpset.c                       0x00000000   Number         0  rt_memcpy.o ABSOLUTE
    ../clib/memcpset.c                       0x00000000   Number         0  rt_memclr.o ABSOLUTE
    ../clib/memcpset.c                       0x00000000   Number         0  rt_memcpy.o ABSOLUTE
    ../clib/signal.c                         0x00000000   Number         0  defsig_rtmem_formal.o ABSOLUTE
    ../clib/signal.c                         0x00000000   Number         0  defsig_rtmem_inner.o ABSOLUTE
    ../clib/signal.c                         0x00000000   Number         0  defsig_rtred_inner.o ABSOLUTE
    ../clib/signal.c                         0x00000000   Number         0  defsig_abrt_inner.o ABSOLUTE
    ../clib/signal.c                         0x00000000   Number         0  defsig_fpe_outer.o ABSOLUTE
    ../clib/signal.c                         0x00000000   Number         0  defsig_fpe_formal.o ABSOLUTE
    ../clib/signal.c                         0x00000000   Number         0  __raise.o ABSOLUTE
    ../clib/signal.c                         0x00000000   Number         0  defsig_exit.o ABSOLUTE
    ../clib/signal.c                         0x00000000   Number         0  defsig_fpe_inner.o ABSOLUTE
    ../clib/signal.c                         0x00000000   Number         0  defsig_stak_inner.o ABSOLUTE
    ../clib/signal.c                         0x00000000   Number         0  defsig_rtmem_outer.o ABSOLUTE
    ../clib/signal.c                         0x00000000   Number         0  defsig_pvfn_inner.o ABSOLUTE
    ../clib/signal.c                         0x00000000   Number         0  defsig_cppl_inner.o ABSOLUTE
    ../clib/signal.c                         0x00000000   Number         0  defsig_segv_inner.o ABSOLUTE
    ../clib/signal.c                         0x00000000   Number         0  defsig_other.o ABSOLUTE
    ../clib/signal.c                         0x00000000   Number         0  defsig_general.o ABSOLUTE
    ../clib/signal.s                         0x00000000   Number         0  defsig.o ABSOLUTE
    ../clib/stdlib.c                         0x00000000   Number         0  exit.o ABSOLUTE
    ../clib/string.c                         0x00000000   Number         0  memcmp.o ABSOLUTE
    ../clib/unhosted.c                       0x00000000   Number         0  uread4.o ABSOLUTE
    ../clib/unhosted.c                       0x00000000   Number         0  uwrite4.o ABSOLUTE
    ../fplib/cfplib/daddsub.c                0x00000000   Number         0  daddsub.o ABSOLUTE
    ../fplib/cfplib/ddiv.c                   0x00000000   Number         0  ddiv.o ABSOLUTE
    ../fplib/cfplib/dmul.c                   0x00000000   Number         0  dmul.o ABSOLUTE
    ../fplib/cfplib/f2d.c                    0x00000000   Number         0  f2d.o ABSOLUTE
    ../fplib/cfplib/ffix.c                   0x00000000   Number         0  dfixui.o ABSOLUTE
    ../fplib/cfplib/fflt.c                   0x00000000   Number         0  dflti.o ABSOLUTE
    ../fplib/cfplib/fflt.c                   0x00000000   Number         0  fflti.o ABSOLUTE
    ../fplib/cfplib/fpinit.c                 0x00000000   Number         0  fpinit.o ABSOLUTE
    ../fplib/faddsub6m.s                     0x00000000   Number         0  faddsub.o ABSOLUTE
    ../fplib/usenofp.s                       0x00000000   Number         0  usenofp.o ABSOLUTE
    ..\..\..\BLE\ota.c                       0x00000000   Number         0  ota.o ABSOLUTE
    ..\..\..\Rtt\SEGGER_RTT.c                0x00000000   Number         0  segger_rtt.o ABSOLUTE
    ..\..\..\Rtt\SEGGER_RTT_Syscalls_KEIL.c  0x00000000   Number         0  segger_rtt_syscalls_keil.o ABSOLUTE
    ..\..\..\Rtt\SEGGER_RTT_printf.c         0x00000000   Number         0  segger_rtt_printf.o ABSOLUTE
    ..\..\..\Source\debug.c                  0x00000000   Number         0  debug.o ABSOLUTE
    ..\..\..\Source\delay.c                  0x00000000   Number         0  delay.o ABSOLUTE
    ..\..\..\Source\gpio.c                   0x00000000   Number         0  gpio.o ABSOLUTE
    ..\..\..\Source\pad_mux_ctrl.c           0x00000000   Number         0  pad_mux_ctrl.o ABSOLUTE
    ..\..\..\Source\timer.c                  0x00000000   Number         0  timer.o ABSOLUTE
    ..\\..\\..\\BLE\\ota.c                   0x00000000   Number         0  ota.o ABSOLUTE
    ..\\..\\..\\Rtt\\SEGGER_RTT.c            0x00000000   Number         0  segger_rtt.o ABSOLUTE
    ..\\..\\..\\Rtt\\SEGGER_RTT_Syscalls_KEIL.c 0x00000000   Number         0  segger_rtt_syscalls_keil.o ABSOLUTE
    ..\\..\\..\\Rtt\\SEGGER_RTT_printf.c     0x00000000   Number         0  segger_rtt_printf.o ABSOLUTE
    ..\\..\\..\\Source\\debug.c              0x00000000   Number         0  debug.o ABSOLUTE
    ..\\..\\..\\Source\\delay.c              0x00000000   Number         0  delay.o ABSOLUTE
    ..\\..\\..\\Source\\gpio.c               0x00000000   Number         0  gpio.o ABSOLUTE
    ..\\..\\..\\Source\\pad_mux_ctrl.c       0x00000000   Number         0  pad_mux_ctrl.o ABSOLUTE
    ..\\..\\..\\Source\\timer.c              0x00000000   Number         0  timer.o ABSOLUTE
    ..\\main.c                               0x00000000   Number         0  main.o ABSOLUTE
    ..\main.c                                0x00000000   Number         0  main.o ABSOLUTE
    Driver\\aec-ccm.c                        0x00000000   Number         0  aec-ccm.o ABSOLUTE
    Driver\aec-ccm.c                         0x00000000   Number         0  aec-ccm.o ABSOLUTE
    Driver\aes.c                             0x00000000   Number         0  aes.o ABSOLUTE
    Main\\main.c                             0x00000000   Number         0  main.o ABSOLUTE
    Main\\rom.c                              0x00000000   Number         0  rom.o ABSOLUTE
    Main\main.c                              0x00000000   Number         0  main.o ABSOLUTE
    Main\rom.c                               0x00000000   Number         0  rom.o ABSOLUTE
    RTE\Device\ARMCM0\startup_ARMCM0.s       0x00000000   Number         0  startup_armcm0.o ABSOLUTE
    RTE\Device\ARMCM0\system_ARMCM0.c        0x00000000   Number         0  system_armcm0.o ABSOLUTE
    RTE\\Device\\ARMCM0\\system_ARMCM0.c     0x00000000   Number         0  system_armcm0.o ABSOLUTE
    dc.s                                     0x00000000   Number         0  dc.o ABSOLUTE
    RESET                                    0x10000000   Section      192  startup_armcm0.o(RESET)
    !!!main                                  0x100000c0   Section        8  __main.o(!!!main)
    !!!scatter                               0x100000c8   Section       60  __scatter.o(!!!scatter)
    !!handler_copy                           0x10000104   Section       26  __scatter_copy.o(!!handler_copy)
    !!handler_zi                             0x10000120   Section       28  __scatter_zi.o(!!handler_zi)
    .ARM.Collect$$libinit$$00000000          0x1000013c   Section        2  libinit.o(.ARM.Collect$$libinit$$00000000)
    .ARM.Collect$$libinit$$00000002          0x1000013e   Section        0  libinit2.o(.ARM.Collect$$libinit$$00000002)
    .ARM.Collect$$libinit$$00000004          0x1000013e   Section        0  libinit2.o(.ARM.Collect$$libinit$$00000004)
    .ARM.Collect$$libinit$$0000000A          0x1000013e   Section        0  libinit2.o(.ARM.Collect$$libinit$$0000000A)
    .ARM.Collect$$libinit$$0000000C          0x1000013e   Section        0  libinit2.o(.ARM.Collect$$libinit$$0000000C)
    .ARM.Collect$$libinit$$0000000E          0x1000013e   Section        0  libinit2.o(.ARM.Collect$$libinit$$0000000E)
    .ARM.Collect$$libinit$$00000011          0x1000013e   Section        0  libinit2.o(.ARM.Collect$$libinit$$00000011)
    .ARM.Collect$$libinit$$00000013          0x1000013e   Section        0  libinit2.o(.ARM.Collect$$libinit$$00000013)
    .ARM.Collect$$libinit$$00000015          0x1000013e   Section        0  libinit2.o(.ARM.Collect$$libinit$$00000015)
    .ARM.Collect$$libinit$$00000017          0x1000013e   Section        0  libinit2.o(.ARM.Collect$$libinit$$00000017)
    .ARM.Collect$$libinit$$00000019          0x1000013e   Section        0  libinit2.o(.ARM.Collect$$libinit$$00000019)
    .ARM.Collect$$libinit$$0000001B          0x1000013e   Section        0  libinit2.o(.ARM.Collect$$libinit$$0000001B)
    .ARM.Collect$$libinit$$0000001D          0x1000013e   Section        0  libinit2.o(.ARM.Collect$$libinit$$0000001D)
    .ARM.Collect$$libinit$$0000001F          0x1000013e   Section        0  libinit2.o(.ARM.Collect$$libinit$$0000001F)
    .ARM.Collect$$libinit$$00000021          0x1000013e   Section        0  libinit2.o(.ARM.Collect$$libinit$$00000021)
    .ARM.Collect$$libinit$$00000023          0x1000013e   Section        0  libinit2.o(.ARM.Collect$$libinit$$00000023)
    .ARM.Collect$$libinit$$00000025          0x1000013e   Section        0  libinit2.o(.ARM.Collect$$libinit$$00000025)
    .ARM.Collect$$libinit$$0000002C          0x1000013e   Section        0  libinit2.o(.ARM.Collect$$libinit$$0000002C)
    .ARM.Collect$$libinit$$0000002E          0x1000013e   Section        0  libinit2.o(.ARM.Collect$$libinit$$0000002E)
    .ARM.Collect$$libinit$$00000030          0x1000013e   Section        0  libinit2.o(.ARM.Collect$$libinit$$00000030)
    .ARM.Collect$$libinit$$00000032          0x1000013e   Section        0  libinit2.o(.ARM.Collect$$libinit$$00000032)
    .ARM.Collect$$libinit$$00000033          0x1000013e   Section        2  libinit2.o(.ARM.Collect$$libinit$$00000033)
    .ARM.Collect$$libshutdown$$00000000      0x10000140   Section        2  libshutdown.o(.ARM.Collect$$libshutdown$$00000000)
    .ARM.Collect$$libshutdown$$00000002      0x10000142   Section        0  libshutdown2.o(.ARM.Collect$$libshutdown$$00000002)
    .ARM.Collect$$libshutdown$$00000004      0x10000142   Section        0  libshutdown2.o(.ARM.Collect$$libshutdown$$00000004)
    .ARM.Collect$$libshutdown$$00000007      0x10000142   Section        0  libshutdown2.o(.ARM.Collect$$libshutdown$$00000007)
    .ARM.Collect$$libshutdown$$0000000A      0x10000142   Section        0  libshutdown2.o(.ARM.Collect$$libshutdown$$0000000A)
    .ARM.Collect$$libshutdown$$0000000C      0x10000142   Section        0  libshutdown2.o(.ARM.Collect$$libshutdown$$0000000C)
    .ARM.Collect$$libshutdown$$0000000F      0x10000142   Section        0  libshutdown2.o(.ARM.Collect$$libshutdown$$0000000F)
    .ARM.Collect$$libshutdown$$00000010      0x10000142   Section        2  libshutdown2.o(.ARM.Collect$$libshutdown$$00000010)
    .ARM.Collect$$rtentry$$00000000          0x10000144   Section        0  __rtentry.o(.ARM.Collect$$rtentry$$00000000)
    .ARM.Collect$$rtentry$$00000002          0x10000144   Section        0  __rtentry2.o(.ARM.Collect$$rtentry$$00000002)
    .ARM.Collect$$rtentry$$00000004          0x10000144   Section        6  __rtentry4.o(.ARM.Collect$$rtentry$$00000004)
    .ARM.Collect$$rtentry$$00000009          0x1000014a   Section        0  __rtentry2.o(.ARM.Collect$$rtentry$$00000009)
    .ARM.Collect$$rtentry$$0000000A          0x1000014a   Section        4  __rtentry2.o(.ARM.Collect$$rtentry$$0000000A)
    .ARM.Collect$$rtentry$$0000000C          0x1000014e   Section        0  __rtentry2.o(.ARM.Collect$$rtentry$$0000000C)
    .ARM.Collect$$rtentry$$0000000D          0x1000014e   Section        8  __rtentry2.o(.ARM.Collect$$rtentry$$0000000D)
    .ARM.Collect$$rtexit$$00000000           0x10000156   Section        2  rtexit.o(.ARM.Collect$$rtexit$$00000000)
    .ARM.Collect$$rtexit$$00000002           0x10000158   Section        0  rtexit2.o(.ARM.Collect$$rtexit$$00000002)
    .ARM.Collect$$rtexit$$00000003           0x10000158   Section        4  rtexit2.o(.ARM.Collect$$rtexit$$00000003)
    .ARM.Collect$$rtexit$$00000004           0x1000015c   Section        6  rtexit2.o(.ARM.Collect$$rtexit$$00000004)
    .emb_text                                0x10000164   Section        6  rom.o(.emb_text)
    .emb_text                                0x1000016c   Section       56  rt_memcpy.o(.emb_text)
    .text                                    0x100001a4   Section        0  main.o(.text)
    setup_adv_data                           0x100001a5   Thumb Code    58  main.o(.text)
    ble_gatt_read                            0x1000029b   Thumb Code   410  main.o(.text)
    ble_gatt_write                           0x10000435   Thumb Code    60  main.o(.text)
    ble_init                                 0x10000709   Thumb Code   256  main.o(.text)
    .text                                    0x10000a24   Section        0  gpio.o(.text)
    .text                                    0x10000d7c   Section        0  delay.o(.text)
    .text                                    0x10000db4   Section        0  pad_mux_ctrl.o(.text)
    .text                                    0x10000e44   Section        0  timer.o(.text)
    .text                                    0x10001008   Section        0  ota.o(.text)
    EvtCommandComplete                       0x10001009   Thumb Code    46  ota.o(.text)
    CmdFwErase                               0x10001037   Thumb Code    32  ota.o(.text)
    CmdFwWrite                               0x10001057   Thumb Code   118  ota.o(.text)
    CmdFwUpgrade                             0x100010cd   Thumb Code    84  ota.o(.text)
    .text                                    0x100011b0   Section       56  startup_armcm0.o(.text)
    .text                                    0x100011e8   Section        0  system_armcm0.o(.text)
    .text                                    0x10001200   Section        0  main.o(.text)
    update_profile_data                      0x1000194d   Thumb Code    84  main.o(.text)
    .text                                    0x100026f8   Section        0  rom.o(.text)
    AttReadByGroupTypeRsp                    0x10002e9b   Thumb Code   326  rom.o(.text)
    AttReadByTypeServiceRsp                  0x10002fe1   Thumb Code   234  rom.o(.text)
    AttReadByTypeChartRsp                    0x100030cb   Thumb Code   286  rom.o(.text)
    AttReadByTypeValRsp                      0x100031e9   Thumb Code   462  rom.o(.text)
    AttReadByTypeReq                         0x100033b7   Thumb Code   122  rom.o(.text)
    FW_Encrypt_Packet                        0x10003431   Thumb Code   314  rom.o(.text)
    Get_OVER_SLPTH                           0x1000356b   Thumb Code    42  rom.o(.text)
    LLENCReq                                 0x100038af   Thumb Code   484  rom.o(.text)
    LLTxStartENCRsp                          0x10003a93   Thumb Code   494  rom.o(.text)
    _LCRxPkt_Handler                         0x10004323   Thumb Code   580  rom.o(.text)
    _BBRXFIFO_Coex_Read                      0x10004a0b   Thumb Code    92  rom.o(.text)
    _LCConnEvt_Handler                       0x10004a67   Thumb Code    68  rom.o(.text)
    LinkWakeup                               0x10004aab   Thumb Code   100  rom.o(.text)
    .text                                    0x10004b24   Section        0  aec-ccm.o(.text)
    ctr_next_ctr_block                       0x10004b25   Thumb Code    66  aec-ccm.o(.text)
    cbcmac_calc                              0x10004b67   Thumb Code   318  aec-ccm.o(.text)
    cbcmac_verify                            0x10004ca5   Thumb Code   344  aec-ccm.o(.text)
    ctr_payload                              0x10004dfd   Thumb Code   112  aec-ccm.o(.text)
    ctr_mic                                  0x10004e6d   Thumb Code    86  aec-ccm.o(.text)
    cbcmac_clear                             0x1000506b   Thumb Code    12  aec-ccm.o(.text)
    cbcmac_append                            0x10005077   Thumb Code    42  aec-ccm.o(.text)
    .text                                    0x100050a4   Section        0  aes.o(.text)
    expandKey                                0x100050a5   Thumb Code   186  aes.o(.text)
    aes_encr                                 0x1000515f   Thumb Code   912  aes.o(.text)
    aes_decr                                 0x100054ef   Thumb Code  1124  aes.o(.text)
    galois_mul2                              0x10005985   Thumb Code    20  aes.o(.text)
    .text                                    0x10005998   Section        0  memcmp.o(.text)
    .text                                    0x100059f2   Section        0  rt_memcpy.o(.text)
    .text                                    0x10005a74   Section        0  rt_memclr.o(.text)
    .text                                    0x10005ab4   Section        0  uread4.o(.text)
    .text                                    0x10005ad6   Section        0  uwrite4.o(.text)
    .text                                    0x10005ae6   Section      346  aeabi_sdiv.o(.text)
    .text                                    0x10005c40   Section        0  heapauxi.o(.text)
    .text                                    0x10005c48   Section        0  daddsub.o(.text)
    _dadd1                                   0x10005c49   Thumb Code   290  daddsub.o(.text)
    _dsub1                                   0x10005d6b   Thumb Code   470  daddsub.o(.text)
    .text                                    0x10005fa0   Section        0  ddiv.o(.text)
    .text                                    0x100063e8   Section        0  dfixui.o(.text)
    .text                                    0x10006430   Section        0  dflti.o(.text)
    .text                                    0x10006488   Section        0  dmul.o(.text)
    .text                                    0x100066d0   Section        0  f2d.o(.text)
    .text                                    0x10006724   Section        0  fflti.o(.text)
    .text                                    0x10006782   Section       62  sys_stackheap_outer.o(.text)
    .text                                    0x100067c0   Section        0  exit.o(.text)
    .text                                    0x100067d0   Section        8  libspace.o(.text)
    .text                                    0x100067d8   Section        0  sys_exit.o(.text)
    .text                                    0x100067e4   Section        2  use_no_semi.o(.text)
    .text                                    0x100067e6   Section        0  indicate_semi.o(.text)
    i.__ARM_common_switch8                   0x100067e6   Section        0  main.o(i.__ARM_common_switch8)
    x$fpl$fadd                               0x10006800   Section      140  faddsub.o(x$fpl$fadd)
    _fadd1                                   0x1000680d   Thumb Code     0  faddsub.o(x$fpl$fadd)
    x$fpl$fsub                               0x1000688c   Section      208  faddsub.o(x$fpl$fsub)
    _fsub1                                   0x10006899   Thumb Code     0  faddsub.o(x$fpl$fsub)
    .constdata                               0x1000695c   Section     1263  main.o(.constdata)
    x$fpl$usenofp                            0x1000695c   Section        0  usenofp.o(x$fpl$usenofp)
    _gatt_database_report_handle             0x1000695c   Data          97  main.o(.constdata)
    _gatt_database_include                   0x100069bd   Data          11  main.o(.constdata)
    _gatt_database_primary                   0x100069c8   Data          72  main.o(.constdata)
    _gatt_database_characteristic            0x10006a10   Data         310  main.o(.constdata)
    _gatt_database_value                     0x10006b46   Data         773  main.o(.constdata)
    .constdata                               0x10006e4b   Section       50  rom.o(.constdata)
    _smp_key_                                0x10006e4b   Data          25  rom.o(.constdata)
    _smp_sc_key_                             0x10006e64   Data          25  rom.o(.constdata)
    .constdata                               0x10006e7d   Section      523  aes.o(.constdata)
    sbox                                     0x10006e7d   Data         256  aes.o(.constdata)
    rsbox                                    0x10006f7d   Data         256  aes.o(.constdata)
    Rcon                                     0x1000707d   Data          11  aes.o(.constdata)
    .constdata                               0x10007088   Section      128  ddiv.o(.constdata)
    ddiv_reciptbl                            0x10007088   Data         128  ddiv.o(.constdata)
    .data                                    0x20000000   Section       74  main.o(.data)
    g_report                                 0x20000008   Data           4  main.o(.data)
    start_tx                                 0x2000000c   Data           1  main.o(.data)
    kb_media_report                          0x20000010   Data           2  main.o(.data)
    dev_addr                                 0x2000003c   Data           7  main.o(.data)
    dev_addr                                 0x20000043   Data           7  main.o(.data)
    .data                                    0x2000004c   Section       12  gpio.o(.data)
    GPIO_CTRL                                0x2000004c   Data           8  gpio.o(.data)
    gpio_callback                            0x20000054   Data           4  gpio.o(.data)
    .data                                    0x20000058   Section        8  pad_mux_ctrl.o(.data)
    pad                                      0x20000058   Data           8  pad_mux_ctrl.o(.data)
    .data                                    0x20000060   Section       20  timer.o(.data)
    ctrl                                     0x20000060   Data          20  timer.o(.data)
    .data                                    0x20000074   Section       12  ota.o(.data)
    EvtBuf                                   0x20000076   Data           4  ota.o(.data)
    .data                                    0x20000080   Section        4  system_armcm0.o(.data)
    .data                                    0x20000084   Section       20  main.o(.data)
    syd_confirm                              0x20000084   Data           1  main.o(.data)
    sched_execute_mask                       0x20000085   Data           1  main.o(.data)
    profile_to_flash                         0x20000086   Data           1  main.o(.data)
    profile_update_offset                    0x20000088   Data           2  main.o(.data)
    PMU_CTRL                                 0x2000008c   Data           4  main.o(.data)
    p_sched_callback                         0x20000090   Data           4  main.o(.data)
    .data                                    0x20000098   Section      106  rom.o(.data)
    NumericYesOrNo                           0x20000098   Data           1  rom.o(.data)
    MCUFreq                                  0x20000099   Data           1  rom.o(.data)
    coex_evt_mask_sleep                      0x2000009d   Data           1  rom.o(.data)
    passkey_cnt                              0x200000b4   Data           4  rom.o(.data)
    passkey_value                            0x200000b8   Data           4  rom.o(.data)
    save_device_to_flash                     0x200000bc   Data           4  rom.o(.data)
    ReadRsp                                  0x200000c0   Data           4  rom.o(.data)
    ReadRspLen                               0x200000c4   Data           4  rom.o(.data)
    ReadRspData                              0x200000c8   Data           4  rom.o(.data)
    IRQCallbackHook                          0x200000cc   Data           4  rom.o(.data)
    IRQCallbackSkip                          0x200000d0   Data           4  rom.o(.data)
    HCIDTM                                   0x200000d4   Data           4  rom.o(.data)
    ACLTx                                    0x200000d8   Data           4  rom.o(.data)
    flash                                    0x200000dc   Data           4  rom.o(.data)
    ble_data                                 0x200000e8   Data           4  rom.o(.data)
    .bss                                     0x20000104   Section       20  timer.o(.bss)
    cb                                       0x20000104   Data          20  timer.o(.bss)
    .bss                                     0x20000118   Section       40  ota.o(.bss)
    .bss                                     0x20000140   Section     4313  main.o(.bss)
    flash_hdr                                0x20000140   Data          53  main.o(.bss)
    code_hdr                                 0x20000175   Data          87  main.o(.bss)
    profile                                  0x200001cc   Data        4096  main.o(.bss)
    confirmation_list                        0x200011cc   Data          62  main.o(.bss)
    .bss                                     0x2000121c   Section     1055  rom.o(.bss)
    .bss                                     0x2000163b   Section       16  aec-ccm.o(.bss)
    cbcmac_xor                               0x2000163b   Data          16  aec-ccm.o(.bss)
    .bss                                     0x2000164c   Section       96  libspace.o(.bss)
    HEAP                                     0x200016b0   Section    16384  startup_armcm0.o(HEAP)
    Heap_Mem                                 0x200016b0   Data       16384  startup_armcm0.o(HEAP)
    STACK                                    0x200056b0   Section     4096  startup_armcm0.o(STACK)
    Stack_Mem                                0x200056b0   Data        4096  startup_armcm0.o(STACK)
    __initial_sp                             0x200066b0   Data           0  startup_armcm0.o(STACK)

    Global Symbols

    Symbol Name                              Value     Ov Type        Size  Object(Section)

    BuildAttributes$$THM_ISAv3M$S$PE$A:L22$X:L11$S22$IEEE1$IW$USESV6$~STKCKD$USESV7$~SHL$OSPACE$ROPI$EBA8$UX$STANDARDLIB$REQ8$EABIv2 0x00000000   Number         0  anon$$obj.o ABSOLUTE
    __ARM_use_no_argv                        0x00000000   Number         0  main.o ABSOLUTE
    __ARM_exceptions_init                     - Undefined Weak Reference
    __alloca_initialize                       - Undefined Weak Reference
    __arm_preinit_                            - Undefined Weak Reference
    __cpp_initialize__aeabi_                  - Undefined Weak Reference
    __cxa_finalize                            - Undefined Weak Reference
    __rt_locale                               - Undefined Weak Reference
    __sigvec_lookup                           - Undefined Weak Reference
    _atexit_init                              - Undefined Weak Reference
    _call_atexit_fns                          - Undefined Weak Reference
    _clock_init                               - Undefined Weak Reference
    _fp_trap_init                             - Undefined Weak Reference
    _fp_trap_shutdown                         - Undefined Weak Reference
    _get_lc_collate                           - Undefined Weak Reference
    _get_lc_ctype                             - Undefined Weak Reference
    _get_lc_monetary                          - Undefined Weak Reference
    _get_lc_numeric                           - Undefined Weak Reference
    _get_lc_time                              - Undefined Weak Reference
    _getenv_init                              - Undefined Weak Reference
    _handle_redirection                       - Undefined Weak Reference
    _init_alloc                               - Undefined Weak Reference
    _init_user_alloc                          - Undefined Weak Reference
    _initio                                   - Undefined Weak Reference
    _rand_init                                - Undefined Weak Reference
    _signal_finish                            - Undefined Weak Reference
    _signal_init                              - Undefined Weak Reference
    _terminate_alloc                          - Undefined Weak Reference
    _terminate_user_alloc                     - Undefined Weak Reference
    _terminateio                              - Undefined Weak Reference
    __Vectors_Size                           0x000000c0   Number         0  startup_armcm0.o ABSOLUTE
    __Vectors                                0x10000000   Data           4  startup_armcm0.o(RESET)
    __Vectors_End                            0x100000c0   Data           0  startup_armcm0.o(RESET)
    __main                                   0x100000c1   Thumb Code     8  __main.o(!!!main)
    __scatterload                            0x100000c9   Thumb Code     0  __scatter.o(!!!scatter)
    __scatterload_rt2                        0x100000c9   Thumb Code    52  __scatter.o(!!!scatter)
    __scatterload_rt2_thumb_only             0x100000c9   Thumb Code     0  __scatter.o(!!!scatter)
    __scatterload_null                       0x100000d9   Thumb Code     0  __scatter.o(!!!scatter)
    __scatterload_copy                       0x10000105   Thumb Code    26  __scatter_copy.o(!!handler_copy)
    __scatterload_zeroinit                   0x10000121   Thumb Code    28  __scatter_zi.o(!!handler_zi)
    __rt_lib_init                            0x1000013d   Thumb Code     0  libinit.o(.ARM.Collect$$libinit$$00000000)
    __rt_lib_init_alloca_1                   0x1000013f   Thumb Code     0  libinit2.o(.ARM.Collect$$libinit$$0000002E)
    __rt_lib_init_argv_1                     0x1000013f   Thumb Code     0  libinit2.o(.ARM.Collect$$libinit$$0000002C)
    __rt_lib_init_atexit_1                   0x1000013f   Thumb Code     0  libinit2.o(.ARM.Collect$$libinit$$0000001B)
    __rt_lib_init_clock_1                    0x1000013f   Thumb Code     0  libinit2.o(.ARM.Collect$$libinit$$00000021)
    __rt_lib_init_cpp_1                      0x1000013f   Thumb Code     0  libinit2.o(.ARM.Collect$$libinit$$00000032)
    __rt_lib_init_exceptions_1               0x1000013f   Thumb Code     0  libinit2.o(.ARM.Collect$$libinit$$00000030)
    __rt_lib_init_fp_1                       0x1000013f   Thumb Code     0  libinit2.o(.ARM.Collect$$libinit$$00000002)
    __rt_lib_init_fp_trap_1                  0x1000013f   Thumb Code     0  libinit2.o(.ARM.Collect$$libinit$$0000001F)
    __rt_lib_init_getenv_1                   0x1000013f   Thumb Code     0  libinit2.o(.ARM.Collect$$libinit$$00000023)
    __rt_lib_init_heap_1                     0x1000013f   Thumb Code     0  libinit2.o(.ARM.Collect$$libinit$$0000000A)
    __rt_lib_init_lc_collate_1               0x1000013f   Thumb Code     0  libinit2.o(.ARM.Collect$$libinit$$00000011)
    __rt_lib_init_lc_ctype_1                 0x1000013f   Thumb Code     0  libinit2.o(.ARM.Collect$$libinit$$00000013)
    __rt_lib_init_lc_monetary_1              0x1000013f   Thumb Code     0  libinit2.o(.ARM.Collect$$libinit$$00000015)
    __rt_lib_init_lc_numeric_1               0x1000013f   Thumb Code     0  libinit2.o(.ARM.Collect$$libinit$$00000017)
    __rt_lib_init_lc_time_1                  0x1000013f   Thumb Code     0  libinit2.o(.ARM.Collect$$libinit$$00000019)
    __rt_lib_init_preinit_1                  0x1000013f   Thumb Code     0  libinit2.o(.ARM.Collect$$libinit$$00000004)
    __rt_lib_init_rand_1                     0x1000013f   Thumb Code     0  libinit2.o(.ARM.Collect$$libinit$$0000000E)
    __rt_lib_init_return                     0x1000013f   Thumb Code     0  libinit2.o(.ARM.Collect$$libinit$$00000033)
    __rt_lib_init_signal_1                   0x1000013f   Thumb Code     0  libinit2.o(.ARM.Collect$$libinit$$0000001D)
    __rt_lib_init_stdio_1                    0x1000013f   Thumb Code     0  libinit2.o(.ARM.Collect$$libinit$$00000025)
    __rt_lib_init_user_alloc_1               0x1000013f   Thumb Code     0  libinit2.o(.ARM.Collect$$libinit$$0000000C)
    __rt_lib_shutdown                        0x10000141   Thumb Code     0  libshutdown.o(.ARM.Collect$$libshutdown$$00000000)
    __rt_lib_shutdown_cpp_1                  0x10000143   Thumb Code     0  libshutdown2.o(.ARM.Collect$$libshutdown$$00000002)
    __rt_lib_shutdown_fp_trap_1              0x10000143   Thumb Code     0  libshutdown2.o(.ARM.Collect$$libshutdown$$00000007)
    __rt_lib_shutdown_heap_1                 0x10000143   Thumb Code     0  libshutdown2.o(.ARM.Collect$$libshutdown$$0000000F)
    __rt_lib_shutdown_return                 0x10000143   Thumb Code     0  libshutdown2.o(.ARM.Collect$$libshutdown$$00000010)
    __rt_lib_shutdown_signal_1               0x10000143   Thumb Code     0  libshutdown2.o(.ARM.Collect$$libshutdown$$0000000A)
    __rt_lib_shutdown_stdio_1                0x10000143   Thumb Code     0  libshutdown2.o(.ARM.Collect$$libshutdown$$00000004)
    __rt_lib_shutdown_user_alloc_1           0x10000143   Thumb Code     0  libshutdown2.o(.ARM.Collect$$libshutdown$$0000000C)
    __rt_entry                               0x10000145   Thumb Code     0  __rtentry.o(.ARM.Collect$$rtentry$$00000000)
    __rt_entry_presh_1                       0x10000145   Thumb Code     0  __rtentry2.o(.ARM.Collect$$rtentry$$00000002)
    __rt_entry_sh                            0x10000145   Thumb Code     0  __rtentry4.o(.ARM.Collect$$rtentry$$00000004)
    __rt_entry_li                            0x1000014b   Thumb Code     0  __rtentry2.o(.ARM.Collect$$rtentry$$0000000A)
    __rt_entry_postsh_1                      0x1000014b   Thumb Code     0  __rtentry2.o(.ARM.Collect$$rtentry$$00000009)
    __rt_entry_main                          0x1000014f   Thumb Code     0  __rtentry2.o(.ARM.Collect$$rtentry$$0000000D)
    __rt_entry_postli_1                      0x1000014f   Thumb Code     0  __rtentry2.o(.ARM.Collect$$rtentry$$0000000C)
    __rt_exit                                0x10000157   Thumb Code     0  rtexit.o(.ARM.Collect$$rtexit$$00000000)
    __rt_exit_ls                             0x10000159   Thumb Code     0  rtexit2.o(.ARM.Collect$$rtexit$$00000003)
    __rt_exit_prels_1                        0x10000159   Thumb Code     0  rtexit2.o(.ARM.Collect$$rtexit$$00000002)
    __rt_exit_exit                           0x1000015d   Thumb Code     0  rtexit2.o(.ARM.Collect$$rtexit$$00000004)
    B01_correct_TXPacket_length              0x10000165   Thumb Code     6  rom.o(.emb_text)
    __aeabi_memcpy4                          0x1000016d   Thumb Code    56  rt_memcpy.o(.emb_text)
    __aeabi_memcpy8                          0x1000016d   Thumb Code     0  rt_memcpy.o(.emb_text)
    BLE_SendData                             0x100001df   Thumb Code    50  main.o(.text)
    BLSetConnectionUpdate                    0x10000211   Thumb Code   138  main.o(.text)
    Battery_SendData                         0x10000471   Thumb Code    52  main.o(.text)
    HID_Key_Vlaue_Send                       0x100004a5   Thumb Code    58  main.o(.text)
    ble_evt_callback                         0x100004df   Thumb Code   554  main.o(.text)
    gpio_init                                0x10000809   Thumb Code   188  main.o(.text)
    ota_user_handle                          0x100008c5   Thumb Code    46  main.o(.text)
    main                                     0x100008f3   Thumb Code   228  main.o(.text)
    gpi_irq_set_cb                           0x10000a25   Thumb Code     6  gpio.o(.text)
    gpi_config                               0x10000a2b   Thumb Code   114  gpio.o(.text)
    pad_input_configure                      0x10000a9d   Thumb Code    94  gpio.o(.text)
    gpo_config                               0x10000afb   Thumb Code    90  gpio.o(.text)
    gpo_toggle                               0x10000b55   Thumb Code    42  gpio.o(.text)
    gpo_set                                  0x10000b7f   Thumb Code    42  gpio.o(.text)
    gpo_clr                                  0x10000ba9   Thumb Code    42  gpio.o(.text)
    gpi_get_val                              0x10000bd3   Thumb Code    70  gpio.o(.text)
    gpi_enable_int                           0x10000c19   Thumb Code   162  gpio.o(.text)
    gpi_disable_int                          0x10000cbb   Thumb Code    44  gpio.o(.text)
    GPIO_IRQHandler                          0x10000ce7   Thumb Code   134  gpio.o(.text)
    delay_ms                                 0x10000d7d   Thumb Code    30  delay.o(.text)
    delay_us                                 0x10000d9b   Thumb Code    26  delay.o(.text)
    pad_mux_read                             0x10000db5   Thumb Code    62  pad_mux_ctrl.o(.text)
    pad_mux_write                            0x10000df3   Thumb Code    78  pad_mux_ctrl.o(.text)
    TIMER0_IRQHandler                        0x10000e45   Thumb Code    36  timer.o(.text)
    TIMER1_IRQHandler                        0x10000e69   Thumb Code    36  timer.o(.text)
    TIMER2_IRQHandler                        0x10000e8d   Thumb Code    36  timer.o(.text)
    TIMER3_IRQHandler                        0x10000eb1   Thumb Code    36  timer.o(.text)
    TIMER4_IRQHandler                        0x10000ed5   Thumb Code    36  timer.o(.text)
    is_timer_enabled                         0x10000ef9   Thumb Code    16  timer.o(.text)
    timer_enable                             0x10000f09   Thumb Code   186  timer.o(.text)
    timer_disable                            0x10000fc3   Thumb Code    44  timer.o(.text)
    timer_state_get                          0x10000fef   Thumb Code    16  timer.o(.text)
    ota_cmd                                  0x10001121   Thumb Code    88  ota.o(.text)
    ota_rsp                                  0x10001179   Thumb Code    34  ota.o(.text)
    Reset_Handler                            0x100011b1   Thumb Code     8  startup_armcm0.o(.text)
    NMI_Handler                              0x100011b9   Thumb Code     2  startup_armcm0.o(.text)
    HardFault_Handler                        0x100011bb   Thumb Code     2  startup_armcm0.o(.text)
    SVC_Handler                              0x100011bd   Thumb Code     2  startup_armcm0.o(.text)
    PendSV_Handler                           0x100011bf   Thumb Code     2  startup_armcm0.o(.text)
    SysTick_Handler                          0x100011c1   Thumb Code     2  startup_armcm0.o(.text)
    CAPDET_IRQHandler                        0x100011c3   Thumb Code     0  startup_armcm0.o(.text)
    GPADC_IRQHandler                         0x100011c3   Thumb Code     0  startup_armcm0.o(.text)
    I2CM0_IRQHandler                         0x100011c3   Thumb Code     0  startup_armcm0.o(.text)
    I2CM1_IRQHandler                         0x100011c3   Thumb Code     0  startup_armcm0.o(.text)
    I2CS_IRQHandler                          0x100011c3   Thumb Code     0  startup_armcm0.o(.text)
    I2S_IRQHandler                           0x100011c3   Thumb Code     0  startup_armcm0.o(.text)
    INTCOMB_IRQHandler                       0x100011c3   Thumb Code     0  startup_armcm0.o(.text)
    IR_IRQHandler                            0x100011c3   Thumb Code     0  startup_armcm0.o(.text)
    ISO_7816_IRQHandler                      0x100011c3   Thumb Code     0  startup_armcm0.o(.text)
    LLC2_IRQHandler                          0x100011c3   Thumb Code     0  startup_armcm0.o(.text)
    LLC3_IRQHandler                          0x100011c3   Thumb Code     0  startup_armcm0.o(.text)
    M2M_IRQHandler                           0x100011c3   Thumb Code     0  startup_armcm0.o(.text)
    PDM_IRQHandler                           0x100011c3   Thumb Code     0  startup_armcm0.o(.text)
    PWM1_IRQHandler                          0x100011c3   Thumb Code     0  startup_armcm0.o(.text)
    PWM2_IRQHandler                          0x100011c3   Thumb Code     0  startup_armcm0.o(.text)
    PWM3_IRQHandler                          0x100011c3   Thumb Code     0  startup_armcm0.o(.text)
    RTC_IRQHandler                           0x100011c3   Thumb Code     0  startup_armcm0.o(.text)
    SPIM_IRQHandler                          0x100011c3   Thumb Code     0  startup_armcm0.o(.text)
    SPIS_IRQHandler                          0x100011c3   Thumb Code     0  startup_armcm0.o(.text)
    SW_IRQHandler                            0x100011c3   Thumb Code     0  startup_armcm0.o(.text)
    TRNG_IRQHandler                          0x100011c3   Thumb Code     0  startup_armcm0.o(.text)
    UART0_IRQHandler                         0x100011c3   Thumb Code     0  startup_armcm0.o(.text)
    UART1_IRQHandler                         0x100011c3   Thumb Code     0  startup_armcm0.o(.text)
    UART2_IRQHandler                         0x100011c3   Thumb Code     0  startup_armcm0.o(.text)
    WDT_IRQHandler                           0x100011c3   Thumb Code     0  startup_armcm0.o(.text)
    __user_initial_stackheap                 0x100011c5   Thumb Code    10  startup_armcm0.o(.text)
    SystemCoreClockUpdate                    0x100011e9   Thumb Code     8  system_armcm0.o(.text)
    SystemInit                               0x100011f1   Thumb Code     8  system_armcm0.o(.text)
    sw_timer_update_callback                 0x10001201   Thumb Code    20  main.o(.text)
    gap_s_ble_init                           0x10001215   Thumb Code    18  main.o(.text)
    gap_s_disconnect                         0x10001227   Thumb Code     8  main.o(.text)
    gap_s_validate_irk                       0x1000122f   Thumb Code     6  main.o(.text)
    gap_s_ble_gen_random_private_address     0x10001235   Thumb Code     6  main.o(.text)
    gap_s_ble_address_set                    0x1000123b   Thumb Code     6  main.o(.text)
    gap_s_ble_address_get                    0x10001241   Thumb Code     4  main.o(.text)
    gap_s_ble_feature_set                    0x10001245   Thumb Code     6  main.o(.text)
    gap_s_ble_feature_get                    0x1000124b   Thumb Code     6  main.o(.text)
    gap_s_ble_slave_feature_set              0x10001251   Thumb Code     6  main.o(.text)
    gap_s_ble_slave_feature_get              0x10001257   Thumb Code     6  main.o(.text)
    gap_s_adv_access_code_set                0x1000125d   Thumb Code     6  main.o(.text)
    gap_s_adv_access_code_get                0x10001263   Thumb Code     6  main.o(.text)
    gap_s_adv_parameters_set                 0x10001269   Thumb Code     6  main.o(.text)
    gap_s_adv_data_set                       0x1000126f   Thumb Code    10  main.o(.text)
    gap_s_adv_start                          0x10001279   Thumb Code     6  main.o(.text)
    gap_s_adv_stop                           0x1000127f   Thumb Code     4  main.o(.text)
    gap_s_adv_start_powersaving              0x10001283   Thumb Code   610  main.o(.text)
    gap_s_scan_parameters_set                0x100014e5   Thumb Code     6  main.o(.text)
    gap_s_scan_start                         0x100014eb   Thumb Code     6  main.o(.text)
    gap_s_scan_stop                          0x100014f1   Thumb Code     4  main.o(.text)
    gap_s_coex_adv_data_set                  0x100014f5   Thumb Code    14  main.o(.text)
    gap_s_coex_scan_rsp_data_set             0x10001503   Thumb Code    12  main.o(.text)
    gap_s_coex_adv_start                     0x1000150f   Thumb Code     8  main.o(.text)
    gap_s_coex_adv_stop                      0x10001517   Thumb Code     8  main.o(.text)
    gap_s_coex_scan_req_data_set             0x1000151f   Thumb Code     6  main.o(.text)
    gap_s_coex_scan_start                    0x10001525   Thumb Code     4  main.o(.text)
    gap_s_coex_scan_stop                     0x10001529   Thumb Code     6  main.o(.text)
    gap_s_gatt_profiles_set                  0x1000152f   Thumb Code     6  main.o(.text)
    gap_s_security_parameters_set            0x10001535   Thumb Code     6  main.o(.text)
    gap_s_security_parameters_get            0x1000153b   Thumb Code     6  main.o(.text)
    gap_s_security_req                       0x10001541   Thumb Code     6  main.o(.text)
    gap_s_numeric_comrison                   0x10001547   Thumb Code     8  main.o(.text)
    gap_s_connection_param_set               0x1000154f   Thumb Code     6  main.o(.text)
    gap_s_connection_param_get               0x10001555   Thumb Code     4  main.o(.text)
    gap_s_connection_update                  0x10001559   Thumb Code     6  main.o(.text)
    gap_s_link_parameters_get                0x1000155f   Thumb Code     6  main.o(.text)
    gap_s_passkey_set                        0x10001565   Thumb Code     8  main.o(.text)
    gap_s_connection_latency_mode            0x1000156d   Thumb Code     8  main.o(.text)
    gap_s_check_fifo_sz                      0x10001575   Thumb Code     6  main.o(.text)
    BBCheckTXFIFOEmpty                       0x1000157b   Thumb Code    12  main.o(.text)
    sw_timer_latency_callback                0x10001587   Thumb Code    68  main.o(.text)
    smart_latency_start                      0x100015cb   Thumb Code   256  main.o(.text)
    smart_latency_clear                      0x100016cb   Thumb Code    12  main.o(.text)
    gap_evt_Callback                         0x100016d7   Thumb Code   332  main.o(.text)
    gap_s_evt_handler_set                    0x10001823   Thumb Code    32  main.o(.text)
    gap_s_att_c_evt_handler_set              0x10001843   Thumb Code     6  main.o(.text)
    gap_s_gatt_report_handle_get             0x10001849   Thumb Code     6  main.o(.text)
    gap_s_gatt_read_rsp_set                  0x1000184f   Thumb Code     6  main.o(.text)
    gap_s_gatt_write_err_rsp_set             0x10001855   Thumb Code     6  main.o(.text)
    indicate_queue_size                      0x1000185b   Thumb Code    26  main.o(.text)
    sw_indicate_timer_callback               0x10001875   Thumb Code    22  main.o(.text)
    gap_s_gatt_data_send                     0x1000188b   Thumb Code    38  main.o(.text)
    gap_s_gatt_data_send_report_confirmation_handle 0x100018b1   Thumb Code   112  main.o(.text)
    gap_s_profile_data_read                  0x10001921   Thumb Code    44  main.o(.text)
    gap_s_profile_data_write                 0x100019a1   Thumb Code   208  main.o(.text)
    att_c_mtureq                             0x10001a71   Thumb Code     4  main.o(.text)
    att_c_findinforeq                        0x10001a75   Thumb Code     6  main.o(.text)
    att_c_findbytypevaluereq                 0x10001a7b   Thumb Code    14  main.o(.text)
    att_c_readbytypereq                      0x10001a89   Thumb Code    12  main.o(.text)
    att_c_readreq                            0x10001a95   Thumb Code     6  main.o(.text)
    att_c_readblobreq                        0x10001a9b   Thumb Code     6  main.o(.text)
    att_c_readmultiplereq                    0x10001aa1   Thumb Code     6  main.o(.text)
    att_c_readbygrouptypereq                 0x10001aa7   Thumb Code    12  main.o(.text)
    att_c_writereq                           0x10001ab3   Thumb Code     6  main.o(.text)
    att_c_writecmdreq                        0x10001ab9   Thumb Code     6  main.o(.text)
    att_c_preparewritereq                    0x10001abf   Thumb Code    12  main.o(.text)
    att_c_executewritereq                    0x10001acb   Thumb Code     6  main.o(.text)
    att_c_confirmation                       0x10001ad1   Thumb Code     6  main.o(.text)
    bm_s_bond_manager_idx_set                0x10001ad7   Thumb Code     6  main.o(.text)
    bm_s_bond_manager_idx_get                0x10001add   Thumb Code     4  main.o(.text)
    bm_s_bond_info_get                       0x10001ae1   Thumb Code     6  main.o(.text)
    bm_s_bond_info_add                       0x10001ae7   Thumb Code     6  main.o(.text)
    bm_s_bond_info_delete_all                0x10001aed   Thumb Code     6  main.o(.text)
    bm_s_bond_info_delete                    0x10001af3   Thumb Code     6  main.o(.text)
    ecdh_public_key_get                      0x10001af9   Thumb Code     4  main.o(.text)
    sys_mcu_clock_get                        0x10001afd   Thumb Code     6  main.o(.text)
    sys_mcu_clock_set                        0x10001b03   Thumb Code     8  main.o(.text)
    sys_mcu_clock_div_set                    0x10001b0b   Thumb Code     6  main.o(.text)
    sys_mcu_clock_div_get                    0x10001b11   Thumb Code     6  main.o(.text)
    sys_32k_clock_get                        0x10001b17   Thumb Code     6  main.o(.text)
    sys_32k_clock_set                        0x10001b1d   Thumb Code     8  main.o(.text)
    pmu_32m_xo_on                            0x10001b25   Thumb Code     4  main.o(.text)
    sys_32k_lpo_calibration                  0x10001b29   Thumb Code    66  main.o(.text)
    sys_mcu_rc_calibration                   0x10001b6b   Thumb Code     8  main.o(.text)
    pmu_wakeup_config                        0x10001b73   Thumb Code     6  main.o(.text)
    pmu_power_saving                         0x10001b79   Thumb Code    10  main.o(.text)
    pmu_mcu_off                              0x10001b83   Thumb Code     6  main.o(.text)
    pmu_system_off                           0x10001b89   Thumb Code     6  main.o(.text)
    pmu_reset                                0x10001b8f   Thumb Code     6  main.o(.text)
    pmu_system_reset                         0x10001b95   Thumb Code     6  main.o(.text)
    pmu_mcu_reset                            0x10001b9b   Thumb Code     6  main.o(.text)
    pmu_32m_xo_off                           0x10001ba1   Thumb Code     6  main.o(.text)
    pmu_32m_xo_on_polling                    0x10001ba7   Thumb Code    18  main.o(.text)
    _enable_sw_ccm                           0x10001bb9   Thumb Code     6  main.o(.text)
    ota_code_erase                           0x10001bbf   Thumb Code   344  main.o(.text)
    ota_code_write                           0x10001d17   Thumb Code     6  main.o(.text)
    ota_code_read                            0x10001d1d   Thumb Code     4  main.o(.text)
    ota_code_info_read                       0x10001d21   Thumb Code    12  main.o(.text)
    ota_code_update                          0x10001d2d   Thumb Code    10  main.o(.text)
    ble_sched_execute                        0x10001d37   Thumb Code   166  main.o(.text)
    sys_rc_get                               0x10001ddd   Thumb Code     4  main.o(.text)
    sys_fclk_get                             0x10001de1   Thumb Code     6  main.o(.text)
    sys_pclk_get                             0x10001de7   Thumb Code     6  main.o(.text)
    sys_sclk_get                             0x10001ded   Thumb Code     6  main.o(.text)
    sys_hclk_get                             0x10001df3   Thumb Code     6  main.o(.text)
    gpadc_init                               0x10001df9   Thumb Code    22  main.o(.text)
    pdm_set_amic_gain                        0x10001e0f   Thumb Code    58  main.o(.text)
    att_c_get_mtu_size                       0x10001e49   Thumb Code   116  main.o(.text)
    capdet_set_bias                          0x10001ebd   Thumb Code    56  main.o(.text)
    capdet_get_bias                          0x10001ef5   Thumb Code    40  main.o(.text)
    module_clock_off                         0x10001f1d   Thumb Code    14  main.o(.text)
    module_clock_on                          0x10001f2b   Thumb Code    14  main.o(.text)
    ll_length_req                            0x10001f39   Thumb Code    24  main.o(.text)
    get_pmu_reset_type                       0x10001f51   Thumb Code     4  main.o(.text)
    reset_module                             0x10001f55   Thumb Code    36  main.o(.text)
    SystemSleep                              0x10001f79   Thumb Code    42  main.o(.text)
    ble_flash_authority                      0x10001fa3   Thumb Code    88  main.o(.text)
    ble_flash_erase                          0x10001ffb   Thumb Code    12  main.o(.text)
    ble_flash_read                           0x10002007   Thumb Code    32  main.o(.text)
    ble_flash_write                          0x10002027   Thumb Code    14  main.o(.text)
    ble_flash_write_burst                    0x10002035   Thumb Code    14  main.o(.text)
    _checksum_cache_496kb                    0x10002043   Thumb Code   110  main.o(.text)
    ota_code_update_496kb                    0x100020b1   Thumb Code   208  main.o(.text)
    BBRFWrite                                0x10002181   Thumb Code     4  main.o(.text)
    BBRFRead                                 0x10002185   Thumb Code     6  main.o(.text)
    gap_s_smart_update_latency               0x1000218b   Thumb Code   368  main.o(.text)
    smart_update_latency_updatareq           0x100022fb   Thumb Code   296  main.o(.text)
    syd8821_chip_confirm                     0x10002423   Thumb Code    24  main.o(.text)
    APPtimer_enable                          0x1000243b   Thumb Code    24  main.o(.text)
    APPtimer_disable                         0x10002453   Thumb Code    26  main.o(.text)
    sched_callback_enable                    0x1000246d   Thumb Code    26  main.o(.text)
    gap_s_adv_state_get                      0x10002487   Thumb Code     8  main.o(.text)
    gap_s_att_mtu_get                        0x1000248f   Thumb Code    18  main.o(.text)
    ble_SetTxPower                           0x100024a1   Thumb Code   470  main.o(.text)
    ll_set_replying_packet_timer             0x10002677   Thumb Code    10  main.o(.text)
    amic_set_bias                            0x10002681   Thumb Code    72  main.o(.text)
    Confirm_NumericComrison                  0x100026f9   Thumb Code    12  rom.o(.text)
    SmpRxPairingConfirm                      0x10002705   Thumb Code   210  rom.o(.text)
    SmpRxPairingRandom                       0x100027d7   Thumb Code   652  rom.o(.text)
    SmpPairingReq                            0x10002a63   Thumb Code   450  rom.o(.text)
    SmpPairingPublicKey                      0x10002c25   Thumb Code   146  rom.o(.text)
    SmpPasskeyEntry                          0x10002cb7   Thumb Code   226  rom.o(.text)
    PreCkQueSz                               0x10002d99   Thumb Code   146  rom.o(.text)
    AttNotify                                0x10002e2b   Thumb Code    56  rom.o(.text)
    AttIndication                            0x10002e63   Thumb Code    56  rom.o(.text)
    HW_LLC_Sleep_WorkAround                  0x10003595   Thumb Code    54  rom.o(.text)
    HW_WindowOffsetWorkAround                0x100035cb   Thumb Code    68  rom.o(.text)
    LLLengthRsp                              0x1000360f   Thumb Code   194  rom.o(.text)
    LLLengthReq                              0x100036d1   Thumb Code   300  rom.o(.text)
    rvereseArray                             0x100037fd   Thumb Code    26  rom.o(.text)
    LLStartENCReq                            0x10003817   Thumb Code   152  rom.o(.text)
    LLRxStartENCRsp                          0x10003c81   Thumb Code     2  rom.o(.text)
    Protocol_Hook_Callback                   0x10003c83   Thumb Code   374  rom.o(.text)
    B01_Hook_Callback                        0x10003df9   Thumb Code    44  rom.o(.text)
    _rom_init                                0x10003e25   Thumb Code    78  rom.o(.text)
    LLTerminateReq                           0x10003e73   Thumb Code   120  rom.o(.text)
    _rom_gap_s_disconnect                    0x10003eeb   Thumb Code    32  rom.o(.text)
    _rom_sys_32k_lpo_calibration             0x10003f0b   Thumb Code   132  rom.o(.text)
    _sys_32k_lpo_calibration                 0x10003f8f   Thumb Code    66  rom.o(.text)
    _rom_sys_32k_clock_set                   0x10003fd1   Thumb Code   188  rom.o(.text)
    _rom_gap_s_gatt_data_send                0x1000408d   Thumb Code    72  rom.o(.text)
    _rom_gap_s_coex_adv_start                0x100040d5   Thumb Code    56  rom.o(.text)
    _rom_gap_s_coex_adv_stop                 0x1000410d   Thumb Code    40  rom.o(.text)
    BBRXFIFORead                             0x10004135   Thumb Code   494  rom.o(.text)
    LCTxPkt_Handler                          0x10004567   Thumb Code   286  rom.o(.text)
    ConnectionLost                           0x10004685   Thumb Code   122  rom.o(.text)
    LLC_IRQHandler                           0x100046ff   Thumb Code   210  rom.o(.text)
    _sys_mcu_rc_calibration                  0x100047d1   Thumb Code    54  rom.o(.text)
    _rom_sys_mcu_clock_div_get               0x10004807   Thumb Code    12  rom.o(.text)
    _rom_sys_mcu_clock_get                   0x10004813   Thumb Code     8  rom.o(.text)
    BBMCUClockSel                            0x1000481b   Thumb Code   126  rom.o(.text)
    _rom_sys_mcu_clock_set                   0x10004899   Thumb Code    14  rom.o(.text)
    _rom_ota_code_erase                      0x100048a7   Thumb Code   188  rom.o(.text)
    _rom_gap_s_connection_latency_mode       0x10004963   Thumb Code   168  rom.o(.text)
    aes_ccm_encrypt                          0x10004ec3   Thumb Code   114  aec-ccm.o(.text)
    aes_ccm_decrypt                          0x10004f35   Thumb Code   152  aec-ccm.o(.text)
    aes_ccm_verify                           0x10004fcd   Thumb Code    96  aec-ccm.o(.text)
    CCM_NONCE                                0x1000502d   Thumb Code    62  aec-ccm.o(.text)
    aes_encrypt                              0x10005953   Thumb Code    24  aes.o(.text)
    aes_decrypt                              0x1000596b   Thumb Code    26  aes.o(.text)
    memcmp                                   0x10005999   Thumb Code    90  memcmp.o(.text)
    __aeabi_memcpy                           0x100059f3   Thumb Code   130  rt_memcpy.o(.text)
    __rt_memcpy                              0x100059f3   Thumb Code     0  rt_memcpy.o(.text)
    _memset_w                                0x10005a75   Thumb Code    26  rt_memclr.o(.text)
    _memset                                  0x10005a8f   Thumb Code    30  rt_memclr.o(.text)
    __aeabi_memclr                           0x10005aad   Thumb Code     4  rt_memclr.o(.text)
    __rt_memclr                              0x10005aad   Thumb Code     0  rt_memclr.o(.text)
    __aeabi_memclr4                          0x10005ab1   Thumb Code     0  rt_memclr.o(.text)
    __aeabi_memclr8                          0x10005ab1   Thumb Code     0  rt_memclr.o(.text)
    __rt_memclr_w                            0x10005ab1   Thumb Code     4  rt_memclr.o(.text)
    __aeabi_uread4                           0x10005ab5   Thumb Code    34  uread4.o(.text)
    __rt_uread4                              0x10005ab5   Thumb Code     0  uread4.o(.text)
    __aeabi_uwrite4                          0x10005ad7   Thumb Code    16  uwrite4.o(.text)
    __rt_uwrite4                             0x10005ad7   Thumb Code     0  uwrite4.o(.text)
    __aeabi_uidiv                            0x10005ae7   Thumb Code     0  aeabi_sdiv.o(.text)
    __aeabi_uidivmod                         0x10005ae7   Thumb Code    20  aeabi_sdiv.o(.text)
    __aeabi_idiv                             0x10005afb   Thumb Code     0  aeabi_sdiv.o(.text)
    __aeabi_idivmod                          0x10005afb   Thumb Code   326  aeabi_sdiv.o(.text)
    __use_two_region_memory                  0x10005c41   Thumb Code     2  heapauxi.o(.text)
    __rt_heap_escrow$2region                 0x10005c43   Thumb Code     2  heapauxi.o(.text)
    __rt_heap_expand$2region                 0x10005c45   Thumb Code     2  heapauxi.o(.text)
    __aeabi_dadd                             0x10005f41   Thumb Code     0  daddsub.o(.text)
    _dadd                                    0x10005f41   Thumb Code    26  daddsub.o(.text)
    __aeabi_dsub                             0x10005f5b   Thumb Code     0  daddsub.o(.text)
    _dsub                                    0x10005f5b   Thumb Code    22  daddsub.o(.text)
    __aeabi_drsub                            0x10005f71   Thumb Code     0  daddsub.o(.text)
    _drsb                                    0x10005f71   Thumb Code    28  daddsub.o(.text)
    __aeabi_ddiv                             0x10005fa1   Thumb Code     0  ddiv.o(.text)
    _ddiv                                    0x10005fa1   Thumb Code  1072  ddiv.o(.text)
    _drdiv                                   0x100063d1   Thumb Code    20  ddiv.o(.text)
    __aeabi_d2uiz                            0x100063e9   Thumb Code     0  dfixui.o(.text)
    _dfixu                                   0x100063e9   Thumb Code    68  dfixui.o(.text)
    __aeabi_i2d_normalise                    0x10006431   Thumb Code    66  dflti.o(.text)
    __aeabi_i2d                              0x10006473   Thumb Code    16  dflti.o(.text)
    _dflt                                    0x10006473   Thumb Code     0  dflti.o(.text)
    __aeabi_ui2d                             0x10006483   Thumb Code     6  dflti.o(.text)
    _dfltu                                   0x10006483   Thumb Code     0  dflti.o(.text)
    __aeabi_dmul                             0x10006489   Thumb Code     0  dmul.o(.text)
    _dmul                                    0x10006489   Thumb Code   558  dmul.o(.text)
    __aeabi_f2d                              0x100066d1   Thumb Code     0  f2d.o(.text)
    _f2d                                     0x100066d1   Thumb Code    80  f2d.o(.text)
    __aeabi_i2f_normalise                    0x10006725   Thumb Code    72  fflti.o(.text)
    __aeabi_i2f                              0x1000676d   Thumb Code    16  fflti.o(.text)
    _fflt                                    0x1000676d   Thumb Code     0  fflti.o(.text)
    __aeabi_ui2f                             0x1000677d   Thumb Code     6  fflti.o(.text)
    _ffltu                                   0x1000677d   Thumb Code     0  fflti.o(.text)
    __user_setup_stackheap                   0x10006783   Thumb Code    62  sys_stackheap_outer.o(.text)
    exit                                     0x100067c1   Thumb Code    16  exit.o(.text)
    __user_libspace                          0x100067d1   Thumb Code     8  libspace.o(.text)
    __user_perproc_libspace                  0x100067d1   Thumb Code     0  libspace.o(.text)
    __user_perthread_libspace                0x100067d1   Thumb Code     0  libspace.o(.text)
    _sys_exit                                0x100067d9   Thumb Code     8  sys_exit.o(.text)
    __I$use$semihosting                      0x100067e5   Thumb Code     0  use_no_semi.o(.text)
    __use_no_semihosting_swi                 0x100067e5   Thumb Code     2  use_no_semi.o(.text)
    __ARM_common_switch8                     0x100067e7   Thumb Code    26  main.o(i.__ARM_common_switch8)
    __semihosting_library_function           0x100067e7   Thumb Code     0  indicate_semi.o(.text)
    __aeabi_fadd                             0x10006801   Thumb Code     0  faddsub.o(x$fpl$fadd)
    _fadd                                    0x10006801   Thumb Code   134  faddsub.o(x$fpl$fadd)
    __aeabi_fsub                             0x1000688d   Thumb Code     0  faddsub.o(x$fpl$fsub)
    _fsub                                    0x1000688d   Thumb Code   204  faddsub.o(x$fpl$fsub)
    __I$use$fp                               0x1000695c   Number         0  usenofp.o(x$fpl$usenofp)
    Region$$Table$$Base                      0x10007108   Number         0  anon$$obj.o(Region$$Table)
    Region$$Table$$Limit                     0x10007128   Number         0  anon$$obj.o(Region$$Table)
    GAP_Event                                0x20000000   Data           8  main.o(.data)
    battery_tx                               0x2000000d   Data           1  main.o(.data)
    hid_key_tx                               0x2000000e   Data           1  main.o(.data)
    connect_flag                             0x2000000f   Data           1  main.o(.data)
    KEY1_Status                              0x20000012   Data           1  main.o(.data)
    KEY2_Status                              0x20000013   Data           1  main.o(.data)
    ADV_DATA                                 0x20000014   Data          31  main.o(.data)
    ADV_DATA_SZ                              0x20000034   Data           2  main.o(.data)
    SCAN_DATA                                0x20000036   Data           4  main.o(.data)
    SCAN_DATA_SZ                             0x2000003a   Data           2  main.o(.data)
    ota_state                                0x20000074   Data           1  ota.o(.data)
    ota_writecnt                             0x20000075   Data           1  ota.o(.data)
    pevt                                     0x2000007c   Data           4  ota.o(.data)
    SystemCoreClock                          0x20000080   Data           4  system_armcm0.o(.data)
    app_gap_evt_callback                     0x20000094   Data           4  main.o(.data)
    enable_sw_ccm                            0x2000009a   Data           1  rom.o(.data)
    using_oob                                0x2000009b   Data           1  rom.o(.data)
    using_numeric_compairison                0x2000009c   Data           1  rom.o(.data)
    LL_Header                                0x2000009e   Data           1  rom.o(.data)
    isStartLlid                              0x2000009f   Data           1  rom.o(.data)
    LL_Header_len                            0x200000a0   Data           2  rom.o(.data)
    BB_CTRL                                  0x200000a4   Data           4  rom.o(.data)
    flash_hdr                                0x200000a8   Data           4  rom.o(.data)
    lclink                                   0x200000ac   Data           4  rom.o(.data)
    txpdu                                    0x200000b0   Data           4  rom.o(.data)
    mic_len                                  0x200000e0   Data           4  rom.o(.data)
    l2capTmpBuf                              0x200000e4   Data           4  rom.o(.data)
    att_handle_config_evt                    0x200000ec   Data           6  rom.o(.data)
    RxCounter                                0x200000f2   Data           8  rom.o(.data)
    TxCounter                                0x200000fa   Data           8  rom.o(.data)
    ota_w                                    0x20000118   Data          40  ota.o(.bss)
    smart_update_ctrol                       0x2000120a   Data          15  main.o(.bss)
    Nonce                                    0x2000121c   Data          13  rom.o(.bss)
    rxbuf                                    0x2000122c   Data         260  rom.o(.bss)
    encPayload                               0x20001330   Data         260  rom.o(.bss)
    att_write_evt                            0x20001434   Data         519  rom.o(.bss)
    __libspace_start                         0x2000164c   Data          96  libspace.o(.bss)
    __temporary_stack_top$libspace           0x200016ac   Data           0  libspace.o(.bss)



==============================================================================

Memory Map of the image

  Image Entry point : 0x100000c1

  Load Region LR_IROM1 (Base: 0x10000000, Size: 0x0000722c, Max: 0x0003e000, ABSOLUTE)

    Execution Region ER_IROM1 (Base: 0x10000000, Size: 0x00007128, Max: 0x0003e000, ABSOLUTE)

    Base Addr    Size         Type   Attr      Idx    E Section Name        Object

    0x10000000   0x000000c0   Data   RO          306    RESET               startup_armcm0.o
    0x100000c0   0x00000008   Code   RO          507  * !!!main             c_p.l(__main.o)
    0x100000c8   0x0000003c   Code   RO          697    !!!scatter          c_p.l(__scatter.o)
    0x10000104   0x0000001a   Code   RO          699    !!handler_copy      c_p.l(__scatter_copy.o)
    0x1000011e   0x00000002   PAD
    0x10000120   0x0000001c   Code   RO          701    !!handler_zi        c_p.l(__scatter_zi.o)
    0x1000013c   0x00000002   Code   RO          567    .ARM.Collect$$libinit$$00000000  c_p.l(libinit.o)
    0x1000013e   0x00000000   Code   RO          581    .ARM.Collect$$libinit$$00000002  c_p.l(libinit2.o)
    0x1000013e   0x00000000   Code   RO          583    .ARM.Collect$$libinit$$00000004  c_p.l(libinit2.o)
    0x1000013e   0x00000000   Code   RO          586    .ARM.Collect$$libinit$$0000000A  c_p.l(libinit2.o)
    0x1000013e   0x00000000   Code   RO          588    .ARM.Collect$$libinit$$0000000C  c_p.l(libinit2.o)
    0x1000013e   0x00000000   Code   RO          590    .ARM.Collect$$libinit$$0000000E  c_p.l(libinit2.o)
    0x1000013e   0x00000000   Code   RO          593    .ARM.Collect$$libinit$$00000011  c_p.l(libinit2.o)
    0x1000013e   0x00000000   Code   RO          595    .ARM.Collect$$libinit$$00000013  c_p.l(libinit2.o)
    0x1000013e   0x00000000   Code   RO          597    .ARM.Collect$$libinit$$00000015  c_p.l(libinit2.o)
    0x1000013e   0x00000000   Code   RO          599    .ARM.Collect$$libinit$$00000017  c_p.l(libinit2.o)
    0x1000013e   0x00000000   Code   RO          601    .ARM.Collect$$libinit$$00000019  c_p.l(libinit2.o)
    0x1000013e   0x00000000   Code   RO          603    .ARM.Collect$$libinit$$0000001B  c_p.l(libinit2.o)
    0x1000013e   0x00000000   Code   RO          605    .ARM.Collect$$libinit$$0000001D  c_p.l(libinit2.o)
    0x1000013e   0x00000000   Code   RO          607    .ARM.Collect$$libinit$$0000001F  c_p.l(libinit2.o)
    0x1000013e   0x00000000   Code   RO          609    .ARM.Collect$$libinit$$00000021  c_p.l(libinit2.o)
    0x1000013e   0x00000000   Code   RO          611    .ARM.Collect$$libinit$$00000023  c_p.l(libinit2.o)
    0x1000013e   0x00000000   Code   RO          613    .ARM.Collect$$libinit$$00000025  c_p.l(libinit2.o)
    0x1000013e   0x00000000   Code   RO          617    .ARM.Collect$$libinit$$0000002C  c_p.l(libinit2.o)
    0x1000013e   0x00000000   Code   RO          619    .ARM.Collect$$libinit$$0000002E  c_p.l(libinit2.o)
    0x1000013e   0x00000000   Code   RO          621    .ARM.Collect$$libinit$$00000030  c_p.l(libinit2.o)
    0x1000013e   0x00000000   Code   RO          623    .ARM.Collect$$libinit$$00000032  c_p.l(libinit2.o)
    0x1000013e   0x00000002   Code   RO          624    .ARM.Collect$$libinit$$00000033  c_p.l(libinit2.o)
    0x10000140   0x00000002   Code   RO          655    .ARM.Collect$$libshutdown$$00000000  c_p.l(libshutdown.o)
    0x10000142   0x00000000   Code   RO          681    .ARM.Collect$$libshutdown$$00000002  c_p.l(libshutdown2.o)
    0x10000142   0x00000000   Code   RO          683    .ARM.Collect$$libshutdown$$00000004  c_p.l(libshutdown2.o)
    0x10000142   0x00000000   Code   RO          686    .ARM.Collect$$libshutdown$$00000007  c_p.l(libshutdown2.o)
    0x10000142   0x00000000   Code   RO          689    .ARM.Collect$$libshutdown$$0000000A  c_p.l(libshutdown2.o)
    0x10000142   0x00000000   Code   RO          691    .ARM.Collect$$libshutdown$$0000000C  c_p.l(libshutdown2.o)
    0x10000142   0x00000000   Code   RO          694    .ARM.Collect$$libshutdown$$0000000F  c_p.l(libshutdown2.o)
    0x10000142   0x00000002   Code   RO          695    .ARM.Collect$$libshutdown$$00000010  c_p.l(libshutdown2.o)
    0x10000144   0x00000000   Code   RO          530    .ARM.Collect$$rtentry$$00000000  c_p.l(__rtentry.o)
    0x10000144   0x00000000   Code   RO          537    .ARM.Collect$$rtentry$$00000002  c_p.l(__rtentry2.o)
    0x10000144   0x00000006   Code   RO          549    .ARM.Collect$$rtentry$$00000004  c_p.l(__rtentry4.o)
    0x1000014a   0x00000000   Code   RO          539    .ARM.Collect$$rtentry$$00000009  c_p.l(__rtentry2.o)
    0x1000014a   0x00000004   Code   RO          540    .ARM.Collect$$rtentry$$0000000A  c_p.l(__rtentry2.o)
    0x1000014e   0x00000000   Code   RO          542    .ARM.Collect$$rtentry$$0000000C  c_p.l(__rtentry2.o)
    0x1000014e   0x00000008   Code   RO          543    .ARM.Collect$$rtentry$$0000000D  c_p.l(__rtentry2.o)
    0x10000156   0x00000002   Code   RO          572    .ARM.Collect$$rtexit$$00000000  c_p.l(rtexit.o)
    0x10000158   0x00000000   Code   RO          628    .ARM.Collect$$rtexit$$00000002  c_p.l(rtexit2.o)
    0x10000158   0x00000004   Code   RO          629    .ARM.Collect$$rtexit$$00000003  c_p.l(rtexit2.o)
    0x1000015c   0x00000006   Code   RO          630    .ARM.Collect$$rtexit$$00000004  c_p.l(rtexit2.o)
    0x10000162   0x00000002   PAD
    0x10000164   0x00000006   Code   RO          402    .emb_text           syd8821_ble_slave.lib(rom.o)
    0x1000016a   0x00000002   PAD
    0x1000016c   0x00000038   Code   RO          491    .emb_text           c_p.l(rt_memcpy.o)
    0x100001a4   0x00000880   Code   RO            3    .text               main.o
    0x10000a24   0x00000358   Code   RO           99    .text               gpio.o
    0x10000d7c   0x00000038   Code   RO          130    .text               delay.o
    0x10000db4   0x00000090   Code   RO          159    .text               pad_mux_ctrl.o
    0x10000e44   0x000001c4   Code   RO          205    .text               timer.o
    0x10001008   0x000001a8   Code   RO          231    .text               ota.o
    0x100011b0   0x00000038   Code   RO          307    .text               startup_armcm0.o
    0x100011e8   0x00000018   Code   RO          313    .text               system_armcm0.o
    0x10001200   0x000014f8   Code   RO          339    .text               syd8821_ble_slave.lib(main.o)
    0x100026f8   0x0000242c   Code   RO          403    .text               syd8821_ble_slave.lib(rom.o)
    0x10004b24   0x00000580   Code   RO          441    .text               syd8821_ble_slave.lib(aec-ccm.o)
    0x100050a4   0x000008f4   Code   RO          474    .text               syd8821_ble_slave.lib(aes.o)
    0x10005998   0x0000005a   Code   RO          489    .text               c_p.l(memcmp.o)
    0x100059f2   0x00000082   Code   RO          492    .text               c_p.l(rt_memcpy.o)
    0x10005a74   0x00000040   Code   RO          495    .text               c_p.l(rt_memclr.o)
    0x10005ab4   0x00000022   Code   RO          497    .text               c_p.l(uread4.o)
    0x10005ad6   0x00000010   Code   RO          499    .text               c_p.l(uwrite4.o)
    0x10005ae6   0x0000015a   Code   RO          501    .text               c_p.l(aeabi_sdiv.o)
    0x10005c40   0x00000006   Code   RO          505    .text               c_p.l(heapauxi.o)
    0x10005c46   0x00000002   PAD
    0x10005c48   0x00000358   Code   RO          509    .text               fz_ps.l(daddsub.o)
    0x10005fa0   0x00000448   Code   RO          511    .text               fz_ps.l(ddiv.o)
    0x100063e8   0x00000048   Code   RO          514    .text               fz_ps.l(dfixui.o)
    0x10006430   0x00000058   Code   RO          516    .text               fz_ps.l(dflti.o)
    0x10006488   0x00000248   Code   RO          518    .text               fz_ps.l(dmul.o)
    0x100066d0   0x00000054   Code   RO          520    .text               fz_ps.l(f2d.o)
    0x10006724   0x0000005e   Code   RO          528    .text               fz_ps.l(fflti.o)
    0x10006782   0x0000003e   Code   RO          553    .text               c_p.l(sys_stackheap_outer.o)
    0x100067c0   0x00000010   Code   RO          556    .text               c_p.l(exit.o)
    0x100067d0   0x00000008   Code   RO          568    .text               c_p.l(libspace.o)
    0x100067d8   0x0000000c   Code   RO          625    .text               c_p.l(sys_exit.o)
    0x100067e4   0x00000002   Code   RO          644    .text               c_p.l(use_no_semi.o)
    0x100067e6   0x00000000   Code   RO          646    .text               c_p.l(indicate_semi.o)
    0x100067e6   0x0000001a   Code   RO          359    i.__ARM_common_switch8  syd8821_ble_slave.lib(main.o)
    0x10006800   0x0000008c   Code   RO          522    x$fpl$fadd          fz_ps.l(faddsub.o)
    0x1000688c   0x000000d0   Code   RO          524    x$fpl$fsub          fz_ps.l(faddsub.o)
    0x1000695c   0x00000000   Code   RO          535    x$fpl$usenofp       fz_ps.l(usenofp.o)
    0x1000695c   0x000004ef   Data   RO            4    .constdata          main.o
    0x10006e4b   0x00000032   Data   RO          405    .constdata          syd8821_ble_slave.lib(rom.o)
    0x10006e7d   0x0000020b   Data   RO          475    .constdata          syd8821_ble_slave.lib(aes.o)
    0x10007088   0x00000080   Data   RO          512    .constdata          fz_ps.l(ddiv.o)
    0x10007108   0x00000020   Data   RO          696    Region$$Table       anon$$obj.o


    Execution Region RW_IRAM1 (Base: 0x20000000, Size: 0x000066b0, Max: 0x00028000, ABSOLUTE)

    Base Addr    Size         Type   Attr      Idx    E Section Name        Object

    0x20000000   0x0000004a   Data   RW            5    .data               main.o
    0x2000004a   0x00000002   PAD
    0x2000004c   0x0000000c   Data   RW          100    .data               gpio.o
    0x20000058   0x00000008   Data   RW          160    .data               pad_mux_ctrl.o
    0x20000060   0x00000014   Data   RW          207    .data               timer.o
    0x20000074   0x0000000c   Data   RW          233    .data               ota.o
    0x20000080   0x00000004   Data   RW          314    .data               system_armcm0.o
    0x20000084   0x00000014   Data   RW          341    .data               syd8821_ble_slave.lib(main.o)
    0x20000098   0x0000006a   Data   RW          406    .data               syd8821_ble_slave.lib(rom.o)
    0x20000102   0x00000002   PAD
    0x20000104   0x00000014   Zero   RW          206    .bss                timer.o
    0x20000118   0x00000028   Zero   RW          232    .bss                ota.o
    0x20000140   0x000010d9   Zero   RW          340    .bss                syd8821_ble_slave.lib(main.o)
    0x20001219   0x00000003   PAD
    0x2000121c   0x0000041f   Zero   RW          404    .bss                syd8821_ble_slave.lib(rom.o)
    0x2000163b   0x00000010   Zero   RW          442    .bss                syd8821_ble_slave.lib(aec-ccm.o)
    0x2000164b   0x00000001   PAD
    0x2000164c   0x00000060   Zero   RW          569    .bss                c_p.l(libspace.o)
    0x200016ac   0x00000004   PAD
    0x200016b0   0x00004000   Zero   RW          305    HEAP                startup_armcm0.o
    0x200056b0   0x00001000   Zero   RW          304    STACK               startup_armcm0.o


==============================================================================

Image component sizes


      Code (inc. data)   RO Data    RW Data    ZI Data      Debug   Object Name

        56          0          0          0          0      35240   delay.o
       856         16          0         12          0      45261   gpio.o
      2176        210       1263         74          0      23144   main.o
       424         22          0         12         40       3654   ota.o
       144          4          0          8          0       1793   pad_mux_ctrl.o
        56         26        192          0      20480        708   startup_armcm0.o
        24          8          0          4          0        853   system_armcm0.o
       452         10          0         20         20       3020   timer.o

    ----------------------------------------------------------------------
      4188        296       1487        132      20540     113673   Object Totals
         0          0         32          0          0          0   (incl. Generated)
         0          0          0          2          0          0   (incl. Padding)

    ----------------------------------------------------------------------

      Code (inc. data)   RO Data    RW Data    ZI Data      Debug   Library Member Name

         8          0          0          0          0         68   __main.o
         0          0          0          0          0          0   __rtentry.o
        12          0          0          0          0          0   __rtentry2.o
         6          0          0          0          0          0   __rtentry4.o
        60          8          0          0          0          0   __scatter.o
        26          0          0          0          0          0   __scatter_copy.o
        28          0          0          0          0          0   __scatter_zi.o
       346          0          0          0          0         92   aeabi_sdiv.o
        16          0          0          0          0         68   exit.o
         6          0          0          0          0        136   heapauxi.o
         0          0          0          0          0          0   indicate_semi.o
         2          0          0          0          0          0   libinit.o
         2          0          0          0          0          0   libinit2.o
         2          0          0          0          0          0   libshutdown.o
         2          0          0          0          0          0   libshutdown2.o
         8          4          0          0         96         68   libspace.o
        90          0          0          0          0         68   memcmp.o
        64          0          0          0          0        108   rt_memclr.o
       186          0          0          0          0        144   rt_memcpy.o
         2          0          0          0          0          0   rtexit.o
        10          0          0          0          0          0   rtexit2.o
        12          4          0          0          0         60   sys_exit.o
        62          0          0          0          0         80   sys_stackheap_outer.o
        34          0          0          0          0         60   uread4.o
         2          0          0          0          0         68   use_no_semi.o
        16          0          0          0          0         60   uwrite4.o
       856         20          0          0          0        208   daddsub.o
      1096         26        128          0          0        112   ddiv.o
        72          4          0          0          0         68   dfixui.o
        88          0          0          0          0         92   dflti.o
       584         26          0          0          0         84   dmul.o
        84          4          0          0          0         60   f2d.o
       348          8          0          0          0        160   faddsub.o
        94          0          0          0          0         92   fflti.o
         0          0          0          0          0          0   usenofp.o
      1408          4          0          0         16       8207   aec-ccm.o
      2292         12        523          0          0       3530   aes.o
      5394        344          0         20       4313     124697   main.o
      9266        454         50        106       1055      24238   rom.o

    ----------------------------------------------------------------------
     22592        918        701        128       5488     162628   Library Totals
         8          0          0          2          8          0   (incl. Padding)

    ----------------------------------------------------------------------

      Code (inc. data)   RO Data    RW Data    ZI Data      Debug   Library Name

      1002         16          0          0         96       1080   c_p.l
      3222         88        128          0          0        876   fz_ps.l
     18360        814        573        126       5384     160672   syd8821_ble_slave.lib

    ----------------------------------------------------------------------
     22592        918        701        128       5488     162628   Library Totals

    ----------------------------------------------------------------------

==============================================================================


      Code (inc. data)   RO Data    RW Data    ZI Data      Debug   

     26780       1214       2188        260      26028     274717   Grand Totals
     26780       1214       2188        260      26028     274717   ELF Image Totals
     26780       1214       2188        260          0          0   ROM Totals

==============================================================================

    Total RO  Size (Code + RO Data)                28968 (  28.29kB)
    Total RW  Size (RW Data + ZI Data)             26288 (  25.67kB)
    Total ROM Size (Code + RO Data + RW Data)      29228 (  28.54kB)

==============================================================================

