Component: ARM Compiler 5.06 (build 20) Tool: armlink [4d35a3]

==============================================================================

Section Cross References

    main.o(.text) refers to main.o(.text) for gap_s_adv_parameters_set
    main.o(.text) refers to debug.o(.text) for dbg_printf
    main.o(.text) refers to rt_memclr.o(.text) for __aeabi_memclr4
    main.o(.text) refers to ota.o(.text) for ota_rsp
    main.o(.text) refers to uread4.o(.text) for __aeabi_uread4
    main.o(.text) refers to main.o(.data) for dev_addr
    main.o(.text) refers to ota.o(.data) for ota_state
    main.o(.text) refers to rt_memcpy.o(.text) for __aeabi_memcpy
    main.o(.text) refers to main.o(i.__ARM_common_switch8) for __ARM_common_switch8
    main.o(.text) refers to uwrite4.o(.text) for __aeabi_uwrite4
    main.o(.text) refers to pad_mux_ctrl.o(.text) for pad_mux_write
    main.o(.text) refers to gpio.o(.text) for gpi_config
    main.o(.text) refers to delay.o(.text) for delay_ms
    main.o(.text) refers to main.o(.constdata) for _gatt_database_report_handle
    gpio.o(.text) refers to gpio.o(.data) for gpio_callback
    pad_mux_ctrl.o(.text) refers to pad_mux_ctrl.o(.data) for pad
    debug.o(.text) refers to c89vsprintf.o(.text) for __c89vsprintf
    debug.o(.text) refers to debug.o(.data) for UART_CTRL
    debug.o(.text) refers to debug.o(.bss) for s_formatBuffer
    timer.o(.text) refers to timer.o(.data) for ctrl
    timer.o(.text) refers to timer.o(.bss) for cb
    ota.o(.text) refers to rt_memcpy.o(.text) for __aeabi_memcpy
    ota.o(.text) refers to debug.o(.text) for dbg_printf
    ota.o(.text) refers to main.o(.text) for ota_code_erase
    ota.o(.text) refers to uread4.o(.text) for __aeabi_uread4
    ota.o(.text) refers to main.o(.text) for BLSetConnectionUpdate
    ota.o(.text) refers to ota.o(.data) for pevt
    ota.o(.text) refers to ota.o(.bss) for ota_w
    startup_armcm0.o(STACK) refers (Special) to heapauxi.o(.text) for __use_two_region_memory
    startup_armcm0.o(HEAP) refers (Special) to heapauxi.o(.text) for __use_two_region_memory
    startup_armcm0.o(RESET) refers (Special) to heapauxi.o(.text) for __use_two_region_memory
    startup_armcm0.o(RESET) refers to startup_armcm0.o(STACK) for __initial_sp
    startup_armcm0.o(RESET) refers to startup_armcm0.o(.text) for Reset_Handler
    startup_armcm0.o(RESET) refers to gpio.o(.text) for GPIO_IRQHandler
    startup_armcm0.o(RESET) refers to rom.o(.text) for LLC_IRQHandler
    startup_armcm0.o(RESET) refers to timer.o(.text) for TIMER0_IRQHandler
    startup_armcm0.o(.text) refers (Special) to heapauxi.o(.text) for __use_two_region_memory
    startup_armcm0.o(.text) refers to system_armcm0.o(.text) for SystemInit
    startup_armcm0.o(.text) refers to __main.o(!!!main) for __main
    startup_armcm0.o(.text) refers to startup_armcm0.o(HEAP) for Heap_Mem
    startup_armcm0.o(.text) refers to startup_armcm0.o(STACK) for Stack_Mem
    system_armcm0.o(.text) refers to system_armcm0.o(.data) for SystemCoreClock
    main.o(.text) refers to rom.o(.text) for _rom_init
    main.o(.text) refers to rt_memcpy.o(.text) for __aeabi_memcpy
    main.o(.text) refers to aeabi_sdiv.o(.text) for __aeabi_uidivmod
    main.o(.text) refers to main.o(.bss) for .bss
    main.o(.text) refers to rom.o(.data) for txpdu
    main.o(.text) refers to dflti.o(.text) for __aeabi_ui2d
    main.o(.text) refers to dmul.o(.text) for __aeabi_dmul
    main.o(.text) refers to dfixui.o(.text) for __aeabi_d2uiz
    main.o(.text) refers to rt_memclr.o(.text) for __aeabi_memclr
    main.o(.text) refers to uread4.o(.text) for __aeabi_uread4
    main.o(.text) refers to uwrite4.o(.text) for __aeabi_uwrite4
    main.o(.text) refers to main.o(.data) for .data
    main.o(.text) refers to daddsub.o(.text) for __aeabi_dadd
    main.o(.text) refers to fflti.o(.text) for __aeabi_ui2f
    main.o(.text) refers to faddsub.o(x$fpl$fadd) for __aeabi_fadd
    main.o(.text) refers to f2d.o(.text) for __aeabi_f2d
    main.o(.text) refers to ddiv.o(.text) for __aeabi_ddiv
    main.o(.text) refers to main.o(i.__ARM_common_switch8) for __ARM_common_switch8
    rom.o(.text) refers to rt_memcpy.o(.text) for __aeabi_memcpy
    rom.o(.text) refers to memcmp.o(.text) for memcmp
    rom.o(.text) refers to uread4.o(.text) for __aeabi_uread4
    rom.o(.text) refers to aeabi_sdiv.o(.text) for __aeabi_uidivmod
    rom.o(.text) refers to rom.o(.data) for .data
    rom.o(.text) refers to rt_memclr.o(.text) for __aeabi_memclr
    rom.o(.text) refers to rom.o(.constdata) for .constdata
    rom.o(.text) refers to main.o(.text) for smart_update_latency_updatareq
    rom.o(.text) refers to rom.o(.bss) for .bss
    c89vsprintf.o(.text) refers (Special) to _printf_a.o(.ARM.Collect$$_printf_percent$$00000006) for _printf_a
    c89vsprintf.o(.text) refers (Special) to _printf_c.o(.ARM.Collect$$_printf_percent$$00000013) for _printf_c
    c89vsprintf.o(.text) refers (Special) to _printf_charcount.o(.text) for _printf_charcount
[...]
    .ARM.Collect$$libinit$$0000001F          0x1000023c   Section        0  libinit2.o(.ARM.Collect$$libinit$$0000001F)
    .ARM.Collect$$libinit$$00000021          0x1000023c   Section        0  libinit2.o(.ARM.Collect$$libinit$$00000021)
    .ARM.Collect$$libinit$$00000023          0x1000023c   Section        0  libinit2.o(.ARM.Collect$$libinit$$00000023)
    .ARM.Collect$$libinit$$00000025          0x1000023c   Section        0  libinit2.o(.ARM.Collect$$libinit$$00000025)
    .ARM.Collect$$libinit$$0000002C          0x1000023c   Section        0  libinit2.o(.ARM.Collect$$libinit$$0000002C)
    .ARM.Collect$$libinit$$0000002E          0x1000023c   Section        0  libinit2.o(.ARM.Collect$$libinit$$0000002E)
    .ARM.Collect$$libinit$$00000030          0x1000023c   Section        0  libinit2.o(.ARM.Collect$$libinit$$00000030)
    .ARM.Collect$$libinit$$00000032          0x1000023c   Section        0  libinit2.o(.ARM.Collect$$libinit$$00000032)
    .ARM.Collect$$libinit$$00000033          0x1000023c   Section        2  libinit2.o(.ARM.Collect$$libinit$$00000033)
    .ARM.Collect$$libshutdown$$00000000      0x1000023e   Section        2  libshutdown.o(.ARM.Collect$$libshutdown$$00000000)
    .ARM.Collect$$libshutdown$$00000002      0x10000240   Section        0  libshutdown2.o(.ARM.Collect$$libshutdown$$00000002)
    .ARM.Collect$$libshutdown$$00000004      0x10000240   Section        0  libshutdown2.o(.ARM.Collect$$libshutdown$$00000004)
    .ARM.Collect$$libshutdown$$00000007      0x10000240   Section        0  libshutdown2.o(.ARM.Collect$$libshutdown$$00000007)
    .ARM.Collect$$libshutdown$$0000000A      0x10000240   Section        0  libshutdown2.o(.ARM.Collect$$libshutdown$$0000000A)
    .ARM.Collect$$libshutdown$$0000000C      0x10000240   Section        0  libshutdown2.o(.ARM.Collect$$libshutdown$$0000000C)
    .ARM.Collect$$libshutdown$$0000000F      0x10000240   Section        0  libshutdown2.o(.ARM.Collect$$libshutdown$$0000000F)
    .ARM.Collect$$libshutdown$$00000010      0x10000240   Section        2  libshutdown2.o(.ARM.Collect$$libshutdown$$00000010)
    .ARM.Collect$$rtentry$$00000000          0x10000242   Section        0  __rtentry.o(.ARM.Collect$$rtentry$$00000000)
    .ARM.Collect$$rtentry$$00000002          0x10000242   Section        0  __rtentry2.o(.ARM.Collect$$rtentry$$00000002)
    .ARM.Collect$$rtentry$$00000004          0x10000242   Section        6  __rtentry4.o(.ARM.Collect$$rtentry$$00000004)
    .ARM.Collect$$rtentry$$00000009          0x10000248   Section        0  __rtentry2.o(.ARM.Collect$$rtentry$$00000009)
    .ARM.Collect$$rtentry$$0000000A          0x10000248   Section        4  __rtentry2.o(.ARM.Collect$$rtentry$$0000000A)
    .ARM.Collect$$rtentry$$0000000C          0x1000024c   Section        0  __rtentry2.o(.ARM.Collect$$rtentry$$0000000C)
    .ARM.Collect$$rtentry$$0000000D          0x1000024c   Section        8  __rtentry2.o(.ARM.Collect$$rtentry$$0000000D)
    .ARM.Collect$$rtexit$$00000000           0x10000254   Section        2  rtexit.o(.ARM.Collect$$rtexit$$00000000)
    .ARM.Collect$$rtexit$$00000002           0x10000256   Section        0  rtexit2.o(.ARM.Collect$$rtexit$$00000002)
    .ARM.Collect$$rtexit$$00000003           0x10000256   Section        4  rtexit2.o(.ARM.Collect$$rtexit$$00000003)
    .ARM.Collect$$rtexit$$00000004           0x1000025a   Section        6  rtexit2.o(.ARM.Collect$$rtexit$$00000004)
    .emb_text                                0x10000260   Section       56  rt_memcpy.o(.emb_text)
    .text                                    0x10000298   Section        0  main.o(.text)
    setup_adv_data                           0x10000299   Thumb Code   118  main.o(.text)
    ble_gatt_read                            0x100003e3   Thumb Code   410  main.o(.text)
    ble_gatt_write                           0x1000057d   Thumb Code    60  main.o(.text)
    ble_init                                 0x1000095f   Thumb Code   250  main.o(.text)
    .text                                    0x10000e64   Section        0  gpio.o(.text)
    .text                                    0x100011c4   Section        0  delay.o(.text)
    .text                                    0x100011fc   Section        0  pad_mux_ctrl.o(.text)
    .text                                    0x1000128c   Section        0  debug.o(.text)
    debug_uart_0_init                        0x1000128d   Thumb Code   204  debug.o(.text)
    debug_uart_write                         0x10001359   Thumb Code    80  debug.o(.text)
    .text                                    0x100014c0   Section        0  timer.o(.text)
    .text                                    0x10001684   Section        0  ota.o(.text)
    EvtCommandComplete                       0x10001685   Thumb Code    46  ota.o(.text)
    CmdFwErase                               0x100016b3   Thumb Code    38  ota.o(.text)
    CmdFwWrite                               0x100016d9   Thumb Code   118  ota.o(.text)
    CmdFwUpgrade                             0x1000174f   Thumb Code    84  ota.o(.text)
    .text                                    0x10001840   Section       56  startup_armcm0.o(.text)
    .text                                    0x10001878   Section        0  system_armcm0.o(.text)
    .text                                    0x10001890   Section        0  main.o(.text)
    update_profile_data                      0x10001fef   Thumb Code    84  main.o(.text)
    .text                                    0x10002a74   Section        0  rom.o(.text)
    AttReadByGroupTypeRsp                    0x10003167   Thumb Code   258  rom.o(.text)
    AttReadByTypeServiceRsp                  0x10003269   Thumb Code   276  rom.o(.text)
    AttReadByTypeChartRsp                    0x1000337d   Thumb Code   270  rom.o(.text)
    AttReadByTypeReq                         0x1000348b   Thumb Code   118  rom.o(.text)
    LLENCReq                                 0x10003613   Thumb Code   490  rom.o(.text)
    LLTxStartENCRsp                          0x100037fd   Thumb Code   386  rom.o(.text)
    _LCRxPkt_Handler                         0x10003df5   Thumb Code   540  rom.o(.text)
    _LCConnEvt_Handler                       0x10004201   Thumb Code    68  rom.o(.text)
    .text                                    0x10004278   Section        0  c89vsprintf.o(.text)
    .text                                    0x1000429c   Section        0  memcmp.o(.text)
    .text                                    0x100042f6   Section        0  rt_memcpy.o(.text)
    .text                                    0x10004378   Section        0  rt_memclr.o(.text)
    .text                                    0x100043b8   Section        0  uread4.o(.text)
    .text                                    0x100043da   Section        0  uwrite4.o(.text)
    .text                                    0x100043ea   Section      346  aeabi_sdiv.o(.text)
    .text                                    0x10004544   Section        0  heapauxi.o(.text)
    .text                                    0x1000454c   Section        0  daddsub.o(.text)
    _dadd1                                   0x1000454d   Thumb Code   290  daddsub.o(.text)
    _dsub1                                   0x1000466f   Thumb Code   470  daddsub.o(.text)
    .text                                    0x100048a4   Section        0  ddiv.o(.text)
    .text                                    0x10004cec   Section        0  dfixui.o(.text)
    .text                                    0x10004d34   Section        0  dflti.o(.text)
    .text                                    0x10004d8c   Section        0  dmul.o(.text)
    .text                                    0x10004fd4   Section        0  f2d.o(.text)
    .text                                    0x10005028   Section        0  fflti.o(.text)
    .text                                    0x10005086   Section        0  _printf_pad.o(.text)
    .text                                    0x100050d4   Section        0  _printf_truncate.o(.text)
    .text                                    0x100050f8   Section        0  _printf_str.o(.text)
    .text                                    0x1000514c   Section        0  _printf_dec.o(.text)
    .text                                    0x100051b8   Section        0  _printf_charcount.o(.text)
    .text                                    0x100051e0   Section        0  _printf_char_common.o(.text)
    _printf_input_char                       0x100051e1   Thumb Code    10  _printf_char_common.o(.text)
    .text                                    0x10005210   Section        0  _sputc.o(.text)
    .text                                    0x1000521c   Section        0  _printf_wctomb.o(.text)
    .text                                    0x100052d8   Section        0  _printf_longlong_dec.o(.text)
    .text                                    0x10005348   Section        0  _printf_oct_int_ll.o(.text)
    _printf_longlong_oct_internal            0x10005349   Thumb Code     0  _printf_oct_int_ll.o(.text)
    .text                                    0x100053b8   Section        0  _printf_hex_int_ll_ptr.o(.text)
    _printf_hex_common                       0x100053b9   Thumb Code     0  _printf_hex_int_ll_ptr.o(.text)
    .text                                    0x10005450   Section        0  __printf_flags_ss_wp.o(.text)
    .text                                    0x100055d8   Section        0  lludiv10.o(.text)
    .text                                    0x10005652   Section        0  _printf_intcommon.o(.text)
    .text                                    0x10005704   Section        0  _printf_fp_dec.o(.text)
    _fp_digits                               0x10005707   Thumb Code   408  _printf_fp_dec.o(.text)
    .text                                    0x10005b18   Section        0  _printf_char.o(.text)
    .text                                    0x10005b46   Section        0  _printf_wchar.o(.text)
    .text                                    0x10005b74   Section        0  _wcrtomb.o(.text)
    .text                                    0x10005bb4   Section        0  rtudiv10.o(.text)
    .text                                    0x10005bdc   Section       62  sys_stackheap_outer.o(.text)
    .text                                    0x10005c1c   Section       16  rt_ctype_table.o(.text)
    .text                                    0x10005c2c   Section        8  rt_locale_intlibspace.o(.text)
    .text                                    0x10005c34   Section        0  _printf_fp_infnan.o(.text)
    .text                                    0x10005cbc   Section        0  bigflt0.o(.text)
    .text                                    0x10005d84   Section        0  btod.o(.text)
    btod_internal_mul                        0x10005dc5   Thumb Code   456  btod.o(.text)
    btod_internal_div                        0x10005f8d   Thumb Code   494  btod.o(.text)
    .text                                    0x1000622c   Section        0  exit.o(.text)
    .text                                    0x1000623c   Section        8  libspace.o(.text)
    .text                                    0x10006244   Section        0  strcmp.o(.text)
    .text                                    0x100062cc   Section        0  sys_exit.o(.text)
    .text                                    0x100062d8   Section        2  use_no_semi.o(.text)
    .text                                    0x100062da   Section        0  indicate_semi.o(.text)
    i.__ARM_common_ll_muluu                  0x100062da   Section        0  btod.o(i.__ARM_common_ll_muluu)
    i.__ARM_common_switch8                   0x1000630a   Section        0  main.o(i.__ARM_common_switch8)
    i.__ARM_fpclassify                       0x10006324   Section        0  fpclassify.o(i.__ARM_fpclassify)
    i._is_digit                              0x10006350   Section        0  __printf_wp.o(i._is_digit)
    locale$$code                             0x10006360   Section       44  lc_numeric_c.o(locale$$code)
    locale$$code                             0x1000638c   Section       44  lc_ctype_c.o(locale$$code)
    x$fpl$fadd                               0x100063b8   Section      140  faddsub.o(x$fpl$fadd)
    _fadd1                                   0x100063c5   Thumb Code     0  faddsub.o(x$fpl$fadd)
    x$fpl$fsub                               0x10006444   Section      208  faddsub.o(x$fpl$fsub)
    _fsub1                                   0x10006451   Thumb Code     0  faddsub.o(x$fpl$fsub)
    x$fpl$printf1                            0x10006514   Section       16  printf1.o(x$fpl$printf1)
    .constdata                               0x10006524   Section     1263  main.o(.constdata)
    x$fpl$usenofp                            0x10006524   Section        0  usenofp.o(x$fpl$usenofp)
    _gatt_database_report_handle             0x10006524   Data          97  main.o(.constdata)
    _gatt_database_include                   0x10006585   Data          11  main.o(.constdata)
    _gatt_database_primary                   0x10006590   Data          72  main.o(.constdata)
    _gatt_database_characteristic            0x100065d8   Data         310  main.o(.constdata)
    _gatt_database_value                     0x1000670e   Data         773  main.o(.constdata)
    .constdata                               0x10006a13   Section       50  rom.o(.constdata)
    _smp_key_                                0x10006a13   Data          25  rom.o(.constdata)
    _smp_sc_key_                             0x10006a2c   Data          25  rom.o(.constdata)
    .constdata                               0x10006a45   Section      128  ddiv.o(.constdata)
    ddiv_reciptbl                            0x10006a45   Data         128  ddiv.o(.constdata)
    .constdata                               0x10006ac8   Section        8  _printf_wctomb.o(.constdata)
    initial_mbstate                          0x10006ac8   Data           8  _printf_wctomb.o(.constdata)
    .constdata                               0x10006ad0   Section       40  _printf_hex_int_ll_ptr.o(.constdata)
    uc_hextab                                0x10006ad0   Data          20  _printf_hex_int_ll_ptr.o(.constdata)
    lc_hextab                                0x10006ae4   Data          20  _printf_hex_int_ll_ptr.o(.constdata)
    .constdata                               0x10006af8   Section       17  __printf_flags_ss_wp.o(.constdata)
    maptable                                 0x10006af8   Data          17  __printf_flags_ss_wp.o(.constdata)
    .constdata                               0x10006b0c   Section      148  bigflt0.o(.constdata)
    tenpwrs_x                                0x10006b0c   Data          60  bigflt0.o(.constdata)
    tenpwrs_i                                0x10006b48   Data          64  bigflt0.o(.constdata)
    locale$$data                             0x10006bc0   Section       28  lc_numeric_c.o(locale$$data)
    __lcnum_c_name                           0x10006bc4   Data           2  lc_numeric_c.o(locale$$data)
    __lcnum_c_start                          0x10006bcc   Data           0  lc_numeric_c.o(locale$$data)
    __lcnum_c_point                          0x10006bd8   Data           0  lc_numeric_c.o(locale$$data)
    __lcnum_c_thousands                      0x10006bda   Data           0  lc_numeric_c.o(locale$$data)
    __lcnum_c_grouping                       0x10006bdb   Data           0  lc_numeric_c.o(locale$$data)
    locale$$data                             0x10006bdc   Section      272  lc_ctype_c.o(locale$$data)
    __lcnum_c_end                            0x10006bdc   Data           0  lc_numeric_c.o(locale$$data)
    __lcctype_c_name                         0x10006be0   Data           2  lc_ctype_c.o(locale$$data)
    __lcctype_c_start                        0x10006be8   Data           0  lc_ctype_c.o(locale$$data)
    __lcctype_c_end                          0x10006cec   Data           0  lc_ctype_c.o(locale$$data)
    .data                                    0x20000000   Section       70  main.o(.data)
    g_report                                 0x20000008   Data           4  main.o(.data)
    start_tx                                 0x2000000c   Data           1  main.o(.data)
    kb_media_report                          0x20000010   Data           2  main.o(.data)
    dev_addr                                 0x20000038   Data           7  main.o(.data)
    dev_addr                                 0x2000003f   Data           7  main.o(.data)
    .data                                    0x20000048   Section       12  gpio.o(.data)
    GPIO_CTRL                                0x20000048   Data           8  gpio.o(.data)
    gpio_callback                            0x20000050   Data           4  gpio.o(.data)
    .data                                    0x20000054   Section        8  pad_mux_ctrl.o(.data)
    pad                                      0x20000054   Data           8  pad_mux_ctrl.o(.data)
    .data                                    0x2000005c   Section        8  debug.o(.data)
    UART_CTRL                                0x2000005c   Data           8  debug.o(.data)
    .data                                    0x20000064   Section       20  timer.o(.data)
    ctrl                                     0x20000064   Data          20  timer.o(.data)
    .data                                    0x20000078   Section       12  ota.o(.data)
    EvtBuf                                   0x2000007a   Data           4  ota.o(.data)
    .data                                    0x20000084   Section        4  system_armcm0.o(.data)
    .data                                    0x20000088   Section       16  main.o(.data)
    syd_confirm                              0x20000088   Data           1  main.o(.data)
    sched_execute_mask                       0x20000089   Data           1  main.o(.data)
    profile_to_flash                         0x2000008a   Data           1  main.o(.data)
    profile_update_offset                    0x2000008c   Data           2  main.o(.data)
    p_sched_callback                         0x20000090   Data           4  main.o(.data)
    .data                                    0x20000098   Section       48  rom.o(.data)
    NumericYesOrNo                           0x20000098   Data           1  rom.o(.data)
    coex_evt_mask_sleep                      0x2000009b   Data           1  rom.o(.data)
    passkey_cnt                              0x200000ac   Data           4  rom.o(.data)
    passkey_value                            0x200000b0   Data           4  rom.o(.data)
    save_device_to_flash                     0x200000b4   Data           4  rom.o(.data)
    IRQCallbackHook                          0x200000b8   Data           4  rom.o(.data)
    IRQCallbackSkip                          0x200000bc   Data           4  rom.o(.data)
    HCIDTM                                   0x200000c0   Data           4  rom.o(.data)
    ACLTx                                    0x200000c4   Data           4  rom.o(.data)
    .bss                                     0x200000c8   Section      128  debug.o(.bss)
    s_formatBuffer                           0x200000c8   Data         128  debug.o(.bss)
    .bss                                     0x20000148   Section       20  timer.o(.bss)
    cb                                       0x20000148   Data          20  timer.o(.bss)
    .bss                                     0x2000015c   Section       40  ota.o(.bss)
    .bss                                     0x20000184   Section     4313  main.o(.bss)
    flash_hdr                                0x20000184   Data          53  main.o(.bss)
    code_hdr                                 0x200001b9   Data          87  main.o(.bss)
    profile                                  0x20000210   Data        4096  main.o(.bss)
    confirmation_list                        0x20001210   Data          62  main.o(.bss)
    .bss                                     0x20001260   Section      260  rom.o(.bss)
    .bss                                     0x20001364   Section       96  libspace.o(.bss)
    HEAP                                     0x200013c8   Section    16384  startup_armcm0.o(HEAP)
    Heap_Mem                                 0x200013c8   Data       16384  startup_armcm0.o(HEAP)
    STACK                                    0x200053c8   Section     4096  startup_armcm0.o(STACK)
    Stack_Mem                                0x200053c8   Data        4096  startup_armcm0.o(STACK)
    __initial_sp                             0x200063c8   Data           0  startup_armcm0.o(STACK)

    Global Symbols

    Symbol Name                              Value     Ov Type        Size  Object(Section)

    BuildAttributes$$THM_ISAv3M$S$PE$A:L22$X:L11$S22$IEEE1$IW$USESV6$~STKCKD$USESV7$~SHL$OTIME$ROPI$IEEEJ$EBA8$UX$STANDARDLIB$REQ8$PRES8$EABIv2 0x00000000   Number         0  anon$$obj.o ABSOLUTE
    __ARM_use_no_argv                        0x00000000   Number         0  main.o ABSOLUTE
    _printf_flags                            0x00000000   Number         0  printf_stubs.o ABSOLUTE
    _printf_return_value                     0x00000000   Number         0  printf_stubs.o ABSOLUTE
    _printf_sizespec                         0x00000000   Number         0  printf_stubs.o ABSOLUTE
    _printf_widthprec                        0x00000000   Number         0  printf_stubs.o ABSOLUTE
    __ARM_exceptions_init                     - Undefined Weak Reference
    __alloca_initialize                       - Undefined Weak Reference
    __arm_preinit_                            - Undefined Weak Reference
    __cpp_initialize__aeabi_                  - Undefined Weak Reference
    __cxa_finalize                            - Undefined Weak Reference
    __sigvec_lookup                           - Undefined Weak Reference
    _atexit_init                              - Undefined Weak Reference
    _call_atexit_fns                          - Undefined Weak Reference
    _clock_init                               - Undefined Weak Reference
    _fp_trap_init                             - Undefined Weak Reference
    _fp_trap_shutdown                         - Undefined Weak Reference
    _get_lc_collate                           - Undefined Weak Reference
    _get_lc_monetary                          - Undefined Weak Reference
    _get_lc_time                              - Undefined Weak Reference
    _getenv_init                              - Undefined Weak Reference
    _handle_redirection                       - Undefined Weak Reference
    _init_alloc                               - Undefined Weak Reference
    _init_user_alloc                          - Undefined Weak Reference
    _initio                                   - Undefined Weak Reference
    _printf_fp_hex                            - Undefined Weak Reference
    _printf_mbtowc                            - Undefined Weak Reference
    _printf_wc                                - Undefined Weak Reference
    _rand_init                                - Undefined Weak Reference
    _signal_finish                            - Undefined Weak Reference
    _signal_init                              - Undefined Weak Reference
    _terminate_alloc                          - Undefined Weak Reference
    _terminate_user_alloc                     - Undefined Weak Reference
    _terminateio                              - Undefined Weak Reference
    __Vectors_Size                           0x000000c0   Number         0  startup_armcm0.o ABSOLUTE
    __Vectors                                0x10000000   Data           4  startup_armcm0.o(RESET)
    __Vectors_End                            0x100000c0   Data           0  startup_armcm0.o(RESET)
    __main                                   0x100000c1   Thumb Code     8  __main.o(!!!main)
    __scatterload                            0x100000c9   Thumb Code     0  __scatter.o(!!!scatter)
    __scatterload_rt2                        0x100000c9   Thumb Code    52  __scatter.o(!!!scatter)
    __scatterload_rt2_thumb_only             0x100000c9   Thumb Code     0  __scatter.o(!!!scatter)
    __scatterload_null                       0x100000d9   Thumb Code     0  __scatter.o(!!!scatter)
    __scatterload_copy                       0x10000105   Thumb Code    26  __scatter_copy.o(!!handler_copy)
    __scatterload_zeroinit                   0x10000121   Thumb Code    28  __scatter_zi.o(!!handler_zi)
    _printf_percent                          0x1000013d   Thumb Code     0  _printf_percent.o(.ARM.Collect$$_printf_percent$$00000000)
    _printf_n                                0x1000013f   Thumb Code     0  _printf_n.o(.ARM.Collect$$_printf_percent$$00000001)
    _printf_p                                0x10000149   Thumb Code     0  _printf_p.o(.ARM.Collect$$_printf_percent$$00000002)
    _printf_f                                0x10000153   Thumb Code     0  _printf_f.o(.ARM.Collect$$_printf_percent$$00000003)
    _printf_e                                0x1000015d   Thumb Code     0  _printf_e.o(.ARM.Collect$$_printf_percent$$00000004)
    _printf_g                                0x10000167   Thumb Code     0  _printf_g.o(.ARM.Collect$$_printf_percent$$00000005)
    _printf_a                                0x10000171   Thumb Code     0  _printf_a.o(.ARM.Collect$$_printf_percent$$00000006)
    _printf_ll                               0x1000017b   Thumb Code     0  _printf_ll.o(.ARM.Collect$$_printf_percent$$00000007)
    _printf_i                                0x10000185   Thumb Code     0  _printf_i.o(.ARM.Collect$$_printf_percent$$00000008)
    _printf_d                                0x1000018f   Thumb Code     0  _printf_d.o(.ARM.Collect$$_printf_percent$$00000009)
    _printf_u                                0x10000199   Thumb Code     0  _printf_u.o(.ARM.Collect$$_printf_percent$$0000000A)
    _printf_o                                0x100001a3   Thumb Code     0  _printf_o.o(.ARM.Collect$$_printf_percent$$0000000B)
    _printf_x                                0x100001ad   Thumb Code     0  _printf_x.o(.ARM.Collect$$_printf_percent$$0000000C)
    _printf_lli                              0x100001b7   Thumb Code     0  _printf_lli.o(.ARM.Collect$$_printf_percent$$0000000D)
    _printf_lld                              0x100001c1   Thumb Code     0  _printf_lld.o(.ARM.Collect$$_printf_percent$$0000000E)
    _printf_llu                              0x100001cb   Thumb Code     0  _printf_llu.o(.ARM.Collect$$_printf_percent$$0000000F)
    _printf_llo                              0x100001d5   Thumb Code     0  _printf_llo.o(.ARM.Collect$$_printf_percent$$00000010)
    _printf_llx                              0x100001df   Thumb Code     0  _printf_llx.o(.ARM.Collect$$_printf_percent$$00000011)
    _printf_l                                0x100001e9   Thumb Code     0  _printf_l.o(.ARM.Collect$$_printf_percent$$00000012)
    _printf_c                                0x100001f3   Thumb Code     0  _printf_c.o(.ARM.Collect$$_printf_percent$$00000013)
    _printf_s                                0x100001fd   Thumb Code     0  _printf_s.o(.ARM.Collect$$_printf_percent$$00000014)
    _printf_lc                               0x10000207   Thumb Code     0  _printf_lc.o(.ARM.Collect$$_printf_percent$$00000015)
    _printf_ls                               0x10000211   Thumb Code     0  _printf_ls.o(.ARM.Collect$$_printf_percent$$00000016)
    _printf_percent_end                      0x1000021b   Thumb Code     0  _printf_percent_end.o(.ARM.Collect$$_printf_percent$$00000017)
    __rt_lib_init                            0x1000021f   Thumb Code     0  libinit.o(.ARM.Collect$$libinit$$00000000)
    __rt_lib_init_fp_1                       0x10000221   Thumb Code     0  libinit2.o(.ARM.Collect$$libinit$$00000002)
    __rt_lib_init_heap_1                     0x10000221   Thumb Code     0  libinit2.o(.ARM.Collect$$libinit$$0000000A)
    __rt_lib_init_lc_common                  0x10000221   Thumb Code     0  libinit2.o(.ARM.Collect$$libinit$$0000000F)
    __rt_lib_init_preinit_1                  0x10000221   Thumb Code     0  libinit2.o(.ARM.Collect$$libinit$$00000004)
    __rt_lib_init_rand_1                     0x10000221   Thumb Code     0  libinit2.o(.ARM.Collect$$libinit$$0000000E)
    __rt_lib_init_user_alloc_1               0x10000221   Thumb Code     0  libinit2.o(.ARM.Collect$$libinit$$0000000C)
    __rt_lib_init_lc_collate_1               0x10000227   Thumb Code     0  libinit2.o(.ARM.Collect$$libinit$$00000011)
    __rt_lib_init_lc_ctype_2                 0x10000227   Thumb Code     0  libinit2.o(.ARM.Collect$$libinit$$00000012)
    __rt_lib_init_lc_ctype_1                 0x10000233   Thumb Code     0  libinit2.o(.ARM.Collect$$libinit$$00000013)
    __rt_lib_init_lc_monetary_1              0x10000233   Thumb Code     0  libinit2.o(.ARM.Collect$$libinit$$00000015)
    __rt_lib_init_lc_numeric_2               0x10000233   Thumb Code     0  libinit2.o(.ARM.Collect$$libinit$$00000016)
    __rt_lib_init_alloca_1                   0x1000023d   Thumb Code     0  libinit2.o(.ARM.Collect$$libinit$$0000002E)
    __rt_lib_init_argv_1                     0x1000023d   Thumb Code     0  libinit2.o(.ARM.Collect$$libinit$$0000002C)
    __rt_lib_init_atexit_1                   0x1000023d   Thumb Code     0  libinit2.o(.ARM.Collect$$libinit$$0000001B)
    __rt_lib_init_clock_1                    0x1000023d   Thumb Code     0  libinit2.o(.ARM.Collect$$libinit$$00000021)
    __rt_lib_init_cpp_1                      0x1000023d   Thumb Code     0  libinit2.o(.ARM.Collect$$libinit$$00000032)
    __rt_lib_init_exceptions_1               0x1000023d   Thumb Code     0  libinit2.o(.ARM.Collect$$libinit$$00000030)
    __rt_lib_init_fp_trap_1                  0x1000023d   Thumb Code     0  libinit2.o(.ARM.Collect$$libinit$$0000001F)
    __rt_lib_init_getenv_1                   0x1000023d   Thumb Code     0  libinit2.o(.ARM.Collect$$libinit$$00000023)
    __rt_lib_init_lc_numeric_1               0x1000023d   Thumb Code     0  libinit2.o(.ARM.Collect$$libinit$$00000017)
    __rt_lib_init_lc_time_1                  0x1000023d   Thumb Code     0  libinit2.o(.ARM.Collect$$libinit$$00000019)
    __rt_lib_init_return                     0x1000023d   Thumb Code     0  libinit2.o(.ARM.Collect$$libinit$$00000033)
    __rt_lib_init_signal_1                   0x1000023d   Thumb Code     0  libinit2.o(.ARM.Collect$$libinit$$0000001D)
    __rt_lib_init_stdio_1                    0x1000023d   Thumb Code     0  libinit2.o(.ARM.Collect$$libinit$$00000025)
    __rt_lib_shutdown                        0x1000023f   Thumb Code     0  libshutdown.o(.ARM.Collect$$libshutdown$$00000000)
    __rt_lib_shutdown_cpp_1                  0x10000241   Thumb Code     0  libshutdown2.o(.ARM.Collect$$libshutdown$$00000002)
    __rt_lib_shutdown_fp_trap_1              0x10000241   Thumb Code     0  libshutdown2.o(.ARM.Collect$$libshutdown$$00000007)
    __rt_lib_shutdown_heap_1                 0x10000241   Thumb Code     0  libshutdown2.o(.ARM.Collect$$libshutdown$$0000000F)
    __rt_lib_shutdown_return                 0x10000241   Thumb Code     0  libshutdown2.o(.ARM.Collect$$libshutdown$$00000010)
    __rt_lib_shutdown_signal_1               0x10000241   Thumb Code     0  libshutdown2.o(.ARM.Collect$$libshutdown$$0000000A)
    __rt_lib_shutdown_stdio_1                0x10000241   Thumb Code     0  libshutdown2.o(.ARM.Collect$$libshutdown$$00000004)
    __rt_lib_shutdown_user_alloc_1           0x10000241   Thumb Code     0  libshutdown2.o(.ARM.Collect$$libshutdown$$0000000C)
    __rt_entry                               0x10000243   Thumb Code     0  __rtentry.o(.ARM.Collect$$rtentry$$00000000)
    __rt_entry_presh_1                       0x10000243   Thumb Code     0  __rtentry2.o(.ARM.Collect$$rtentry$$00000002)
    __rt_entry_sh                            0x10000243   Thumb Code     0  __rtentry4.o(.ARM.Collect$$rtentry$$00000004)
    __rt_entry_li                            0x10000249   Thumb Code     0  __rtentry2.o(.ARM.Collect$$rtentry$$0000000A)
    __rt_entry_postsh_1                      0x10000249   Thumb Code     0  __rtentry2.o(.ARM.Collect$$rtentry$$00000009)
    __rt_entry_main                          0x1000024d   Thumb Code     0  __rtentry2.o(.ARM.Collect$$rtentry$$0000000D)
    __rt_entry_postli_1                      0x1000024d   Thumb Code     0  __rtentry2.o(.ARM.Collect$$rtentry$$0000000C)
    __rt_exit                                0x10000255   Thumb Code     0  rtexit.o(.ARM.Collect$$rtexit$$00000000)
    __rt_exit_ls                             0x10000257   Thumb Code     0  rtexit2.o(.ARM.Collect$$rtexit$$00000003)
    __rt_exit_prels_1                        0x10000257   Thumb Code     0  rtexit2.o(.ARM.Collect$$rtexit$$00000002)
    __rt_exit_exit                           0x1000025b   Thumb Code     0  rtexit2.o(.ARM.Collect$$rtexit$$00000004)
    __aeabi_memcpy4                          0x10000261   Thumb Code    56  rt_memcpy.o(.emb_text)
    __aeabi_memcpy8                          0x10000261   Thumb Code     0  rt_memcpy.o(.emb_text)
    BLE_SendData                             0x1000030f   Thumb Code    50  main.o(.text)
    BLSetConnectionUpdate                    0x10000341   Thumb Code   162  main.o(.text)
    Battery_SendData                         0x100005b9   Thumb Code    52  main.o(.text)
    HID_Key_Vlaue_Send                       0x100005ed   Thumb Code    58  main.o(.text)
    ble_evt_callback                         0x10000627   Thumb Code   824  main.o(.text)
    gpio_init                                0x10000a59   Thumb Code   214  main.o(.text)
    ota_user_handle                          0x10000b2f   Thumb Code    46  main.o(.text)
    main                                     0x10000b5d   Thumb Code   694  main.o(.text)
    gpi_irq_set_cb                           0x10000e65   Thumb Code     6  gpio.o(.text)
    gpi_config                               0x10000e6b   Thumb Code   114  gpio.o(.text)
    pad_input_configure                      0x10000edd   Thumb Code    94  gpio.o(.text)
    gpo_config                               0x10000f3b   Thumb Code    90  gpio.o(.text)
    gpo_toggle                               0x10000f95   Thumb Code    42  gpio.o(.text)
    gpo_set                                  0x10000fbf   Thumb Code    42  gpio.o(.text)
    gpo_clr                                  0x10000fe9   Thumb Code    42  gpio.o(.text)
    gpi_get_val                              0x10001013   Thumb Code    70  gpio.o(.text)
    gpi_enable_int                           0x10001059   Thumb Code   170  gpio.o(.text)
    gpi_disable_int                          0x10001103   Thumb Code    44  gpio.o(.text)
    GPIO_IRQHandler                          0x1000112f   Thumb Code   134  gpio.o(.text)
    delay_ms                                 0x100011c5   Thumb Code    30  delay.o(.text)
    delay_us                                 0x100011e3   Thumb Code    26  delay.o(.text)
    pad_mux_read                             0x100011fd   Thumb Code    62  pad_mux_ctrl.o(.text)
    pad_mux_write                            0x1000123b   Thumb Code    78  pad_mux_ctrl.o(.text)
    dbg_init                                 0x100013a9   Thumb Code    12  debug.o(.text)
    dbg_printf                               0x100013b5   Thumb Code    60  debug.o(.text)
    dbg_printf_sel                           0x100013f1   Thumb Code    62  debug.o(.text)
    dbg_hexdump                              0x1000142f   Thumb Code   108  debug.o(.text)
    TIMER0_IRQHandler                        0x100014c1   Thumb Code    36  timer.o(.text)
    TIMER1_IRQHandler                        0x100014e5   Thumb Code    36  timer.o(.text)
    TIMER2_IRQHandler                        0x10001509   Thumb Code    36  timer.o(.text)
    TIMER3_IRQHandler                        0x1000152d   Thumb Code    36  timer.o(.text)
    TIMER4_IRQHandler                        0x10001551   Thumb Code    36  timer.o(.text)
    is_timer_enabled                         0x10001575   Thumb Code    16  timer.o(.text)
    timer_enable                             0x10001585   Thumb Code   186  timer.o(.text)
    timer_disable                            0x1000163f   Thumb Code    44  timer.o(.text)
    timer_state_get                          0x1000166b   Thumb Code    16  timer.o(.text)
    ota_cmd                                  0x100017a3   Thumb Code    88  ota.o(.text)
    ota_rsp                                  0x100017fb   Thumb Code    34  ota.o(.text)
    Reset_Handler                            0x10001841   Thumb Code     8  startup_armcm0.o(.text)
    NMI_Handler                              0x10001849   Thumb Code     2  startup_armcm0.o(.text)
    HardFault_Handler                        0x1000184b   Thumb Code     2  startup_armcm0.o(.text)
    SVC_Handler                              0x1000184d   Thumb Code     2  startup_armcm0.o(.text)
    PendSV_Handler                           0x1000184f   Thumb Code     2  startup_armcm0.o(.text)
    SysTick_Handler                          0x10001851   Thumb Code     2  startup_armcm0.o(.text)
    CAPDET_IRQHandler                        0x10001853   Thumb Code     0  startup_armcm0.o(.text)
    GPADC_IRQHandler                         0x10001853   Thumb Code     0  startup_armcm0.o(.text)
    I2CM0_IRQHandler                         0x10001853   Thumb Code     0  startup_armcm0.o(.text)
    I2CM1_IRQHandler                         0x10001853   Thumb Code     0  startup_armcm0.o(.text)
    I2CS_IRQHandler                          0x10001853   Thumb Code     0  startup_armcm0.o(.text)
    I2S_IRQHandler                           0x10001853   Thumb Code     0  startup_armcm0.o(.text)
    INTCOMB_IRQHandler                       0x10001853   Thumb Code     0  startup_armcm0.o(.text)
    IR_IRQHandler                            0x10001853   Thumb Code     0  startup_armcm0.o(.text)
    ISO_7816_IRQHandler                      0x10001853   Thumb Code     0  startup_armcm0.o(.text)
    LLC2_IRQHandler                          0x10001853   Thumb Code     0  startup_armcm0.o(.text)
    LLC3_IRQHandler                          0x10001853   Thumb Code     0  startup_armcm0.o(.text)
    M2M_IRQHandler                           0x10001853   Thumb Code     0  startup_armcm0.o(.text)
    PDM_IRQHandler                           0x10001853   Thumb Code     0  startup_armcm0.o(.text)
    PWM1_IRQHandler                          0x10001853   Thumb Code     0  startup_armcm0.o(.text)
    PWM2_IRQHandler                          0x10001853   Thumb Code     0  startup_armcm0.o(.text)
    PWM3_IRQHandler                          0x10001853   Thumb Code     0  startup_armcm0.o(.text)
    RTC_IRQHandler                           0x10001853   Thumb Code     0  startup_armcm0.o(.text)
    SPIM_IRQHandler                          0x10001853   Thumb Code     0  startup_armcm0.o(.text)
    SPIS_IRQHandler                          0x10001853   Thumb Code     0  startup_armcm0.o(.text)
    SW_IRQHandler                            0x10001853   Thumb Code     0  startup_armcm0.o(.text)
    TRNG_IRQHandler                          0x10001853   Thumb Code     0  startup_armcm0.o(.text)
    UART0_IRQHandler                         0x10001853   Thumb Code     0  startup_armcm0.o(.text)
    UART1_IRQHandler                         0x10001853   Thumb Code     0  startup_armcm0.o(.text)
    UART2_IRQHandler                         0x10001853   Thumb Code     0  startup_armcm0.o(.text)
    WDT_IRQHandler                           0x10001853   Thumb Code     0  startup_armcm0.o(.text)
    __user_initial_stackheap                 0x10001855   Thumb Code    10  startup_armcm0.o(.text)
    SystemCoreClockUpdate                    0x10001879   Thumb Code     8  system_armcm0.o(.text)
    SystemInit                               0x10001881   Thumb Code     8  system_armcm0.o(.text)
    sw_timer_update_callback                 0x10001891   Thumb Code    20  main.o(.text)
    gap_s_ble_init                           0x100018a5   Thumb Code    18  main.o(.text)
    gap_s_disconnect                         0x100018b7   Thumb Code     6  main.o(.text)
    gap_s_validate_irk                       0x100018bd   Thumb Code     6  main.o(.text)
    gap_s_ble_gen_random_private_address     0x100018c3   Thumb Code     6  main.o(.text)
    gap_s_ble_address_set                    0x100018c9   Thumb Code     6  main.o(.text)
    gap_s_ble_address_get                    0x100018cf   Thumb Code     4  main.o(.text)
    gap_s_ble_feature_set                    0x100018d3   Thumb Code     6  main.o(.text)
    gap_s_ble_feature_get                    0x100018d9   Thumb Code     6  main.o(.text)
    gap_s_ble_slave_feature_set              0x100018df   Thumb Code     6  main.o(.text)
    gap_s_ble_slave_feature_get              0x100018e5   Thumb Code     6  main.o(.text)
    gap_s_adv_access_code_set                0x100018eb   Thumb Code     6  main.o(.text)
    gap_s_adv_access_code_get                0x100018f1   Thumb Code     6  main.o(.text)
    gap_s_adv_parameters_set                 0x100018f7   Thumb Code     6  main.o(.text)
    gap_s_adv_data_set                       0x100018fd   Thumb Code    10  main.o(.text)
    gap_s_adv_start                          0x10001907   Thumb Code     6  main.o(.text)
    gap_s_adv_stop                           0x1000190d   Thumb Code     4  main.o(.text)
    gap_s_adv_start_powersaving              0x10001911   Thumb Code   610  main.o(.text)
    gap_s_scan_parameters_set                0x10001b73   Thumb Code     6  main.o(.text)
    gap_s_scan_start                         0x10001b79   Thumb Code     6  main.o(.text)
    gap_s_scan_stop                          0x10001b7f   Thumb Code     4  main.o(.text)
    gap_s_coex_adv_data_set                  0x10001b83   Thumb Code    14  main.o(.text)
    gap_s_coex_scan_rsp_data_set             0x10001b91   Thumb Code    12  main.o(.text)
    gap_s_coex_adv_start                     0x10001b9d   Thumb Code     8  main.o(.text)
    gap_s_coex_adv_stop                      0x10001ba5   Thumb Code     8  main.o(.text)
    gap_s_coex_scan_req_data_set             0x10001bad   Thumb Code     6  main.o(.text)
    gap_s_coex_scan_start                    0x10001bb3   Thumb Code     4  main.o(.text)
    gap_s_coex_scan_stop                     0x10001bb7   Thumb Code     6  main.o(.text)
    gap_s_gatt_profiles_set                  0x10001bbd   Thumb Code     6  main.o(.text)
    gap_s_security_parameters_set            0x10001bc3   Thumb Code     6  main.o(.text)
    gap_s_security_parameters_get            0x10001bc9   Thumb Code     6  main.o(.text)
    gap_s_security_req                       0x10001bcf   Thumb Code     6  main.o(.text)
    gap_s_numeric_comrison                   0x10001bd5   Thumb Code     8  main.o(.text)
    gap_s_connection_param_set               0x10001bdd   Thumb Code     6  main.o(.text)
    gap_s_connection_param_get               0x10001be3   Thumb Code     4  main.o(.text)
    gap_s_connection_update                  0x10001be7   Thumb Code     6  main.o(.text)
    gap_s_link_parameters_get                0x10001bed   Thumb Code     6  main.o(.text)
    gap_s_passkey_set                        0x10001bf3   Thumb Code     8  main.o(.text)
    gap_s_connection_latency_mode            0x10001bfb   Thumb Code     4  main.o(.text)
    gap_s_check_fifo_sz                      0x10001bff   Thumb Code     6  main.o(.text)
    BBCheckTXFIFOEmpty                       0x10001c05   Thumb Code    12  main.o(.text)
    sw_timer_latency_callback                0x10001c11   Thumb Code    68  main.o(.text)
    smart_latency_start                      0x10001c55   Thumb Code   260  main.o(.text)
    smart_latency_clear                      0x10001d59   Thumb Code    12  main.o(.text)
    gap_evt_Callback                         0x10001d65   Thumb Code   354  main.o(.text)
    gap_s_evt_handler_set                    0x10001ec7   Thumb Code    30  main.o(.text)
    gap_s_att_c_evt_handler_set              0x10001ee5   Thumb Code     6  main.o(.text)
    gap_s_gatt_report_handle_get             0x10001eeb   Thumb Code     6  main.o(.text)
    gap_s_gatt_read_rsp_set                  0x10001ef1   Thumb Code     6  main.o(.text)
    gap_s_gatt_write_err_rsp_set             0x10001ef7   Thumb Code     6  main.o(.text)
    indicate_queue_size                      0x10001efd   Thumb Code    26  main.o(.text)
    sw_indicate_timer_callback               0x10001f17   Thumb Code    22  main.o(.text)
    gap_s_gatt_data_send                     0x10001f2d   Thumb Code    38  main.o(.text)
    gap_s_gatt_data_send_report_confirmation_handle 0x10001f53   Thumb Code   112  main.o(.text)
    gap_s_profile_data_read                  0x10001fc3   Thumb Code    44  main.o(.text)
    gap_s_profile_data_write                 0x10002043   Thumb Code   214  main.o(.text)
    att_c_mtureq                             0x10002119   Thumb Code     4  main.o(.text)
    att_c_findinforeq                        0x1000211d   Thumb Code     6  main.o(.text)
    att_c_findbytypevaluereq                 0x10002123   Thumb Code    14  main.o(.text)
    att_c_readbytypereq                      0x10002131   Thumb Code    12  main.o(.text)
    att_c_readreq                            0x1000213d   Thumb Code     6  main.o(.text)
    att_c_readblobreq                        0x10002143   Thumb Code     6  main.o(.text)
    att_c_readmultiplereq                    0x10002149   Thumb Code     6  main.o(.text)
    att_c_readbygrouptypereq                 0x1000214f   Thumb Code    12  main.o(.text)
    att_c_writereq                           0x1000215b   Thumb Code     6  main.o(.text)
    att_c_writecmdreq                        0x10002161   Thumb Code     6  main.o(.text)
    att_c_preparewritereq                    0x10002167   Thumb Code    12  main.o(.text)
    att_c_executewritereq                    0x10002173   Thumb Code     6  main.o(.text)
    att_c_confirmation                       0x10002179   Thumb Code     6  main.o(.text)
    bm_s_bond_manager_idx_set                0x1000217f   Thumb Code     6  main.o(.text)
    bm_s_bond_manager_idx_get                0x10002185   Thumb Code     4  main.o(.text)
    bm_s_bond_info_get                       0x10002189   Thumb Code     6  main.o(.text)
    bm_s_bond_info_add                       0x1000218f   Thumb Code     6  main.o(.text)
    bm_s_bond_info_delete_all                0x10002195   Thumb Code     6  main.o(.text)
    bm_s_bond_info_delete                    0x1000219b   Thumb Code     6  main.o(.text)
    ecdh_public_key_get                      0x100021a1   Thumb Code     4  main.o(.text)
    sys_mcu_clock_get                        0x100021a5   Thumb Code     6  main.o(.text)
    sys_mcu_clock_set                        0x100021ab   Thumb Code     6  main.o(.text)
    sys_mcu_clock_div_set                    0x100021b1   Thumb Code     6  main.o(.text)
    sys_mcu_clock_div_get                    0x100021b7   Thumb Code     6  main.o(.text)
    sys_32k_clock_get                        0x100021bd   Thumb Code     6  main.o(.text)
    sys_32k_clock_set                        0x100021c3   Thumb Code     8  main.o(.text)
    sys_32k_lpo_calibration                  0x100021cb   Thumb Code     8  main.o(.text)
    sys_mcu_rc_calibration                   0x100021d3   Thumb Code     6  main.o(.text)
    pmu_wakeup_config                        0x100021d9   Thumb Code     6  main.o(.text)
    pmu_power_saving                         0x100021df   Thumb Code    10  main.o(.text)
    pmu_mcu_off                              0x100021e9   Thumb Code     6  main.o(.text)
    pmu_system_off                           0x100021ef   Thumb Code     4  main.o(.text)
    pmu_reset                                0x100021f3   Thumb Code     6  main.o(.text)
    pmu_system_reset                         0x100021f9   Thumb Code     6  main.o(.text)
    pmu_mcu_reset                            0x100021ff   Thumb Code     6  main.o(.text)
    pmu_32m_xo_on                            0x10002205   Thumb Code     6  main.o(.text)
    pmu_32m_xo_off                           0x1000220b   Thumb Code     6  main.o(.text)
    ota_code_erase                           0x10002211   Thumb Code     6  main.o(.text)
    ota_code_write                           0x10002217   Thumb Code     6  main.o(.text)
    ota_code_read                            0x1000221d   Thumb Code     4  main.o(.text)
    ota_code_info_read                       0x10002221   Thumb Code    12  main.o(.text)
    ota_code_update                          0x1000222d   Thumb Code    10  main.o(.text)
    ble_sched_execute                        0x10002237   Thumb Code   166  main.o(.text)
    sys_rc_get                               0x100022dd   Thumb Code     4  main.o(.text)
    sys_fclk_get                             0x100022e1   Thumb Code     6  main.o(.text)
    sys_pclk_get                             0x100022e7   Thumb Code     6  main.o(.text)
    sys_sclk_get                             0x100022ed   Thumb Code     6  main.o(.text)
    sys_hclk_get                             0x100022f3   Thumb Code     6  main.o(.text)
    gpadc_init                               0x100022f9   Thumb Code    22  main.o(.text)
    SystemSleep                              0x1000230f   Thumb Code    40  main.o(.text)
    ble_flash_authority                      0x10002337   Thumb Code   102  main.o(.text)
    ble_flash_erase                          0x1000239d   Thumb Code    12  main.o(.text)
    ble_flash_read                           0x100023a9   Thumb Code    32  main.o(.text)
    ble_flash_write                          0x100023c9   Thumb Code    14  main.o(.text)
    ble_flash_write_burst                    0x100023d7   Thumb Code    14  main.o(.text)
    _checksum_cache_496kb                    0x100023e5   Thumb Code   110  main.o(.text)
    ota_code_update_496kb                    0x10002453   Thumb Code   288  main.o(.text)
    BBRFWrite                                0x10002573   Thumb Code     4  main.o(.text)
    BBRFRead                                 0x10002577   Thumb Code     6  main.o(.text)
    gap_s_smart_update_latency               0x1000257d   Thumb Code   300  main.o(.text)
    smart_update_latency_updatareq           0x100026a9   Thumb Code   298  main.o(.text)
    syd8821_chip_confirm                     0x100027d3   Thumb Code    24  main.o(.text)
    APPtimer_enable                          0x100027eb   Thumb Code    26  main.o(.text)
    APPtimer_disable                         0x10002805   Thumb Code    24  main.o(.text)
    sched_callback_enable                    0x1000281d   Thumb Code    26  main.o(.text)
    gap_s_adv_state_get                      0x10002837   Thumb Code     8  main.o(.text)
    gap_s_att_mtu_get                        0x1000283f   Thumb Code    18  main.o(.text)
    ble_SetTxPower                           0x10002851   Thumb Code   534  main.o(.text)
    ll_set_replying_packet_timer             0x10002a67   Thumb Code    10  main.o(.text)
    Confirm_NumericComrison                  0x10002a75   Thumb Code    12  rom.o(.text)
    SmpRxPairingConfirm                      0x10002a81   Thumb Code   214  rom.o(.text)
    SmpRxPairingRandom                       0x10002b57   Thumb Code   648  rom.o(.text)
    SmpPairingReq                            0x10002ddf   Thumb Code   450  rom.o(.text)
    SmpPairingPublicKey                      0x10002fa1   Thumb Code   148  rom.o(.text)
    SmpPasskeyEntry                          0x10003035   Thumb Code   226  rom.o(.text)
    AttNotify                                0x10003117   Thumb Code    40  rom.o(.text)
    AttIndication                            0x1000313f   Thumb Code    40  rom.o(.text)
    LLLengthRsp                              0x10003501   Thumb Code   214  rom.o(.text)
    LLLengthReq                              0x100035d7   Thumb Code    60  rom.o(.text)
    LLRxStartENCRsp                          0x1000397f   Thumb Code     2  rom.o(.text)
    Protocol_Hook_Callback                   0x10003981   Thumb Code   274  rom.o(.text)
    _rom_init                                0x10003a93   Thumb Code    78  rom.o(.text)
    _rom_sys_32k_lpo_calibration             0x10003ae1   Thumb Code   202  rom.o(.text)
    _rom_sys_32k_clock_set                   0x10003bab   Thumb Code   118  rom.o(.text)
    _rom_gap_s_gatt_data_send                0x10003c21   Thumb Code    72  rom.o(.text)
    _rom_gap_s_coex_adv_start                0x10003c69   Thumb Code    56  rom.o(.text)
    _rom_gap_s_coex_adv_stop                 0x10003ca1   Thumb Code    40  rom.o(.text)
    BBRXFIFORead                             0x10003cc9   Thumb Code   300  rom.o(.text)
    LCTxPkt_Handler                          0x10004011   Thumb Code   286  rom.o(.text)
    LLC_IRQHandler                           0x1000412f   Thumb Code   210  rom.o(.text)
    __c89vsprintf                            0x10004279   Thumb Code    32  c89vsprintf.o(.text)
    memcmp                                   0x1000429d   Thumb Code    90  memcmp.o(.text)
    __aeabi_memcpy                           0x100042f7   Thumb Code   130  rt_memcpy.o(.text)
    __rt_memcpy                              0x100042f7   Thumb Code     0  rt_memcpy.o(.text)
    _memset_w                                0x10004379   Thumb Code    26  rt_memclr.o(.text)
    _memset                                  0x10004393   Thumb Code    30  rt_memclr.o(.text)
    __aeabi_memclr                           0x100043b1   Thumb Code     4  rt_memclr.o(.text)
    __rt_memclr                              0x100043b1   Thumb Code     0  rt_memclr.o(.text)
    __aeabi_memclr4                          0x100043b5   Thumb Code     0  rt_memclr.o(.text)
    __aeabi_memclr8                          0x100043b5   Thumb Code     0  rt_memclr.o(.text)
    __rt_memclr_w                            0x100043b5   Thumb Code     4  rt_memclr.o(.text)
    __aeabi_uread4                           0x100043b9   Thumb Code    34  uread4.o(.text)
    __rt_uread4                              0x100043b9   Thumb Code     0  uread4.o(.text)
    __aeabi_uwrite4                          0x100043db   Thumb Code    16  uwrite4.o(.text)
    __rt_uwrite4                             0x100043db   Thumb Code     0  uwrite4.o(.text)
    __aeabi_uidiv                            0x100043eb   Thumb Code     0  aeabi_sdiv.o(.text)
    __aeabi_uidivmod                         0x100043eb   Thumb Code    20  aeabi_sdiv.o(.text)
    __aeabi_idiv                             0x100043ff   Thumb Code     0  aeabi_sdiv.o(.text)
    __aeabi_idivmod                          0x100043ff   Thumb Code   326  aeabi_sdiv.o(.text)
    __use_two_region_memory                  0x10004545   Thumb Code     2  heapauxi.o(.text)
    __rt_heap_escrow$2region                 0x10004547   Thumb Code     2  heapauxi.o(.text)
    __rt_heap_expand$2region                 0x10004549   Thumb Code     2  heapauxi.o(.text)
    __aeabi_dadd                             0x10004845   Thumb Code     0  daddsub.o(.text)
    _dadd                                    0x10004845   Thumb Code    26  daddsub.o(.text)
    __aeabi_dsub                             0x1000485f   Thumb Code     0  daddsub.o(.text)
    _dsub                                    0x1000485f   Thumb Code    22  daddsub.o(.text)
    __aeabi_drsub                            0x10004875   Thumb Code     0  daddsub.o(.text)
    _drsb                                    0x10004875   Thumb Code    28  daddsub.o(.text)
    __aeabi_ddiv                             0x100048a5   Thumb Code     0  ddiv.o(.text)
    _ddiv                                    0x100048a5   Thumb Code  1072  ddiv.o(.text)
    _drdiv                                   0x10004cd5   Thumb Code    20  ddiv.o(.text)
    __aeabi_d2uiz                            0x10004ced   Thumb Code     0  dfixui.o(.text)
    _dfixu                                   0x10004ced   Thumb Code    68  dfixui.o(.text)
    __aeabi_i2d_normalise                    0x10004d35   Thumb Code    66  dflti.o(.text)
    __aeabi_i2d                              0x10004d77   Thumb Code    16  dflti.o(.text)
    _dflt                                    0x10004d77   Thumb Code     0  dflti.o(.text)
    __aeabi_ui2d                             0x10004d87   Thumb Code     6  dflti.o(.text)
    _dfltu                                   0x10004d87   Thumb Code     0  dflti.o(.text)
    __aeabi_dmul                             0x10004d8d   Thumb Code     0  dmul.o(.text)
    _dmul                                    0x10004d8d   Thumb Code   558  dmul.o(.text)
    __aeabi_f2d                              0x10004fd5   Thumb Code     0  f2d.o(.text)
    _f2d                                     0x10004fd5   Thumb Code    80  f2d.o(.text)
    __aeabi_i2f_normalise                    0x10005029   Thumb Code    72  fflti.o(.text)
    __aeabi_i2f                              0x10005071   Thumb Code    16  fflti.o(.text)
    _fflt                                    0x10005071   Thumb Code     0  fflti.o(.text)
    __aeabi_ui2f                             0x10005081   Thumb Code     6  fflti.o(.text)
    _ffltu                                   0x10005081   Thumb Code     0  fflti.o(.text)
    _printf_pre_padding                      0x10005087   Thumb Code    44  _printf_pad.o(.text)
    _printf_post_padding                     0x100050b3   Thumb Code    34  _printf_pad.o(.text)
    _printf_truncate_signed                  0x100050d5   Thumb Code    18  _printf_truncate.o(.text)
    _printf_truncate_unsigned                0x100050e7   Thumb Code    18  _printf_truncate.o(.text)
    _printf_str                              0x100050f9   Thumb Code    82  _printf_str.o(.text)
    _printf_int_dec                          0x1000514d   Thumb Code    90  _printf_dec.o(.text)
    _printf_charcount                        0x100051b9   Thumb Code    38  _printf_charcount.o(.text)
    _printf_char_common                      0x100051eb   Thumb Code    32  _printf_char_common.o(.text)
    _sputc                                   0x10005211   Thumb Code    10  _sputc.o(.text)
    _printf_wctomb                           0x1000521d   Thumb Code   182  _printf_wctomb.o(.text)
    _printf_longlong_dec                     0x100052d9   Thumb Code    94  _printf_longlong_dec.o(.text)
    _printf_longlong_oct                     0x10005349   Thumb Code    68  _printf_oct_int_ll.o(.text)
    _printf_int_oct                          0x1000538d   Thumb Code    24  _printf_oct_int_ll.o(.text)
    _printf_ll_oct                           0x100053a5   Thumb Code    10  _printf_oct_int_ll.o(.text)
    _printf_longlong_hex                     0x100053b9   Thumb Code    88  _printf_hex_int_ll_ptr.o(.text)
    _printf_int_hex                          0x10005411   Thumb Code    28  _printf_hex_int_ll_ptr.o(.text)
    _printf_ll_hex                           0x1000542d   Thumb Code    10  _printf_hex_int_ll_ptr.o(.text)
    _printf_hex_ptr                          0x10005437   Thumb Code    22  _printf_hex_int_ll_ptr.o(.text)
    __printf                                 0x10005451   Thumb Code   386  __printf_flags_ss_wp.o(.text)
    _ll_udiv10                               0x100055d9   Thumb Code   122  lludiv10.o(.text)
    _printf_int_common                       0x10005653   Thumb Code   176  _printf_intcommon.o(.text)
    __lib_sel_fp_printf                      0x10005705   Thumb Code     2  _printf_fp_dec.o(.text)
    _printf_fp_dec_real                      0x1000589f   Thumb Code   620  _printf_fp_dec.o(.text)
    _printf_cs_common                        0x10005b19   Thumb Code    22  _printf_char.o(.text)
    _printf_char                             0x10005b2f   Thumb Code    16  _printf_char.o(.text)
    _printf_string                           0x10005b3f   Thumb Code     8  _printf_char.o(.text)
    _printf_lcs_common                       0x10005b47   Thumb Code    22  _printf_wchar.o(.text)
    _printf_wchar                            0x10005b5d   Thumb Code    16  _printf_wchar.o(.text)
    _printf_wstring                          0x10005b6d   Thumb Code     8  _printf_wchar.o(.text)
    _wcrtomb                                 0x10005b75   Thumb Code    64  _wcrtomb.o(.text)
    __rt_udiv10                              0x10005bb5   Thumb Code    40  rtudiv10.o(.text)
    __user_setup_stackheap                   0x10005bdd   Thumb Code    62  sys_stackheap_outer.o(.text)
    __rt_ctype_table                         0x10005c1d   Thumb Code    16  rt_ctype_table.o(.text)
    __rt_locale                              0x10005c2d   Thumb Code     8  rt_locale_intlibspace.o(.text)
    _printf_fp_infnan                        0x10005c35   Thumb Code   120  _printf_fp_infnan.o(.text)
    _btod_etento                             0x10005cbd   Thumb Code   196  bigflt0.o(.text)
    _btod_d2e                                0x10005d85   Thumb Code    64  btod.o(.text)
    _btod_emul                               0x1000617b   Thumb Code    24  btod.o(.text)
    _btod_emuld                              0x10006193   Thumb Code    60  btod.o(.text)
    _btod_ediv                               0x100061cf   Thumb Code    22  btod.o(.text)
    _btod_edivd                              0x100061e5   Thumb Code    60  btod.o(.text)
    exit                                     0x1000622d   Thumb Code    16  exit.o(.text)
    __user_libspace                          0x1000623d   Thumb Code     8  libspace.o(.text)
    __user_perproc_libspace                  0x1000623d   Thumb Code     0  libspace.o(.text)
    __user_perthread_libspace                0x1000623d   Thumb Code     0  libspace.o(.text)
    strcmp                                   0x10006245   Thumb Code   132  strcmp.o(.text)
    _sys_exit                                0x100062cd   Thumb Code     8  sys_exit.o(.text)
    __I$use$semihosting                      0x100062d9   Thumb Code     0  use_no_semi.o(.text)
    __use_no_semihosting_swi                 0x100062d9   Thumb Code     2  use_no_semi.o(.text)
    __ARM_common_ll_muluu                    0x100062db   Thumb Code    48  btod.o(i.__ARM_common_ll_muluu)
    __semihosting_library_function           0x100062db   Thumb Code     0  indicate_semi.o(.text)
    __ARM_common_switch8                     0x1000630b   Thumb Code    26  main.o(i.__ARM_common_switch8)
    __ARM_fpclassify                         0x10006325   Thumb Code    40  fpclassify.o(i.__ARM_fpclassify)
    _is_digit                                0x10006351   Thumb Code    14  __printf_wp.o(i._is_digit)
    _get_lc_numeric                          0x10006361   Thumb Code    44  lc_numeric_c.o(locale$$code)
    _get_lc_ctype                            0x1000638d   Thumb Code    44  lc_ctype_c.o(locale$$code)
    __aeabi_fadd                             0x100063b9   Thumb Code     0  faddsub.o(x$fpl$fadd)
    _fadd                                    0x100063b9   Thumb Code   134  faddsub.o(x$fpl$fadd)
    __aeabi_fsub                             0x10006445   Thumb Code     0  faddsub.o(x$fpl$fsub)
    _fsub                                    0x10006445   Thumb Code   204  faddsub.o(x$fpl$fsub)
    _printf_fp_dec                           0x10006515   Thumb Code    16  printf1.o(x$fpl$printf1)
    __I$use$fp                               0x10006524   Number         0  usenofp.o(x$fpl$usenofp)
    Region$$Table$$Base                      0x10006ba0   Number         0  anon$$obj.o(Region$$Table)
    Region$$Table$$Limit                     0x10006bc0   Number         0  anon$$obj.o(Region$$Table)
    __ctype                                  0x10006be9   Data           0  lc_ctype_c.o(locale$$data)
    GAP_Event                                0x20000000   Data           8  main.o(.data)
    battery_tx                               0x2000000d   Data           1  main.o(.data)
    hid_key_tx                               0x2000000e   Data           1  main.o(.data)
    connect_flag                             0x2000000f   Data           1  main.o(.data)
    KEY1_Status                              0x20000012   Data           1  main.o(.data)
    KEY2_Status                              0x20000013   Data           1  main.o(.data)
    ADV_DATA                                 0x20000014   Data          28  main.o(.data)
    ADV_DATA_SZ                              0x20000030   Data           2  main.o(.data)
    SCAN_DATA                                0x20000032   Data           4  main.o(.data)
    SCAN_DATA_SZ                             0x20000036   Data           2  main.o(.data)
    ota_state                                0x20000078   Data           1  ota.o(.data)
    ota_writecnt                             0x20000079   Data           1  ota.o(.data)
    pevt                                     0x20000080   Data           4  ota.o(.data)
    SystemCoreClock                          0x20000084   Data           4  system_armcm0.o(.data)
    app_gap_evt_callback                     0x20000094   Data           4  main.o(.data)
    using_oob                                0x20000099   Data           1  rom.o(.data)
    using_numeric_compairison                0x2000009a   Data           1  rom.o(.data)
    BB_CTRL                                  0x2000009c   Data           4  rom.o(.data)
    flash_hdr                                0x200000a0   Data           4  rom.o(.data)
    lclink                                   0x200000a4   Data           4  rom.o(.data)
    txpdu                                    0x200000a8   Data           4  rom.o(.data)
    ota_w                                    0x2000015c   Data          40  ota.o(.bss)
    smart_update_ctrol                       0x2000124e   Data          15  main.o(.bss)
    rxbuf                                    0x20001260   Data         260  rom.o(.bss)
    __libspace_start                         0x20001364   Data          96  libspace.o(.bss)
    __temporary_stack_top$libspace           0x200013c4   Data           0  libspace.o(.bss)



==============================================================================

Memory Map of the image

  Image Entry point : 0x100000c1

  Load Region LR_IROM1 (Base: 0x10000000, Size: 0x00006db4, Max: 0x0003e000, ABSOLUTE)

    Execution Region ER_IROM1 (Base: 0x10000000, Size: 0x00006cec, Max: 0x0003e000, ABSOLUTE)

    Base Addr    Size         Type   Attr      Idx    E Section Name        Object

    0x10000000   0x000000c0   Data   RO          325    RESET               startup_armcm0.o
    0x100000c0   0x00000008   Code   RO          478  * !!!main             c_p.l(__main.o)
    0x100000c8   0x0000003c   Code   RO          806    !!!scatter          c_p.l(__scatter.o)
    0x10000104   0x0000001a   Code   RO          808    !!handler_copy      c_p.l(__scatter_copy.o)
    0x1000011e   0x00000002   PAD
    0x10000120   0x0000001c   Code   RO          810    !!handler_zi        c_p.l(__scatter_zi.o)
    0x1000013c   0x00000002   Code   RO          587    .ARM.Collect$$_printf_percent$$00000000  c_p.l(_printf_percent.o)
    0x1000013e   0x0000000a   Code   RO          576    .ARM.Collect$$_printf_percent$$00000001  c_p.l(_printf_n.o)
    0x10000148   0x0000000a   Code   RO          578    .ARM.Collect$$_printf_percent$$00000002  c_p.l(_printf_p.o)
    0x10000152   0x0000000a   Code   RO          583    .ARM.Collect$$_printf_percent$$00000003  c_p.l(_printf_f.o)
    0x1000015c   0x0000000a   Code   RO          584    .ARM.Collect$$_printf_percent$$00000004  c_p.l(_printf_e.o)
    0x10000166   0x0000000a   Code   RO          585    .ARM.Collect$$_printf_percent$$00000005  c_p.l(_printf_g.o)
    0x10000170   0x0000000a   Code   RO          586    .ARM.Collect$$_printf_percent$$00000006  c_p.l(_printf_a.o)
    0x1000017a   0x0000000a   Code   RO          591    .ARM.Collect$$_printf_percent$$00000007  c_p.l(_printf_ll.o)
    0x10000184   0x0000000a   Code   RO          580    .ARM.Collect$$_printf_percent$$00000008  c_p.l(_printf_i.o)
    0x1000018e   0x0000000a   Code   RO          581    .ARM.Collect$$_printf_percent$$00000009  c_p.l(_printf_d.o)
    0x10000198   0x0000000a   Code   RO          582    .ARM.Collect$$_printf_percent$$0000000A  c_p.l(_printf_u.o)
    0x100001a2   0x0000000a   Code   RO          579    .ARM.Collect$$_printf_percent$$0000000B  c_p.l(_printf_o.o)
    0x100001ac   0x0000000a   Code   RO          577    .ARM.Collect$$_printf_percent$$0000000C  c_p.l(_printf_x.o)
    0x100001b6   0x0000000a   Code   RO          588    .ARM.Collect$$_printf_percent$$0000000D  c_p.l(_printf_lli.o)
    0x100001c0   0x0000000a   Code   RO          589    .ARM.Collect$$_printf_percent$$0000000E  c_p.l(_printf_lld.o)
    0x100001ca   0x0000000a   Code   RO          590    .ARM.Collect$$_printf_percent$$0000000F  c_p.l(_printf_llu.o)
    0x100001d4   0x0000000a   Code   RO          595    .ARM.Collect$$_printf_percent$$00000010  c_p.l(_printf_llo.o)
    0x100001de   0x0000000a   Code   RO          596    .ARM.Collect$$_printf_percent$$00000011  c_p.l(_printf_llx.o)
    0x100001e8   0x0000000a   Code   RO          592    .ARM.Collect$$_printf_percent$$00000012  c_p.l(_printf_l.o)
    0x100001f2   0x0000000a   Code   RO          574    .ARM.Collect$$_printf_percent$$00000013  c_p.l(_printf_c.o)
    0x100001fc   0x0000000a   Code   RO          575    .ARM.Collect$$_printf_percent$$00000014  c_p.l(_printf_s.o)
    0x10000206   0x0000000a   Code   RO          593    .ARM.Collect$$_printf_percent$$00000015  c_p.l(_printf_lc.o)
    0x10000210   0x0000000a   Code   RO          594    .ARM.Collect$$_printf_percent$$00000016  c_p.l(_printf_ls.o)
    0x1000021a   0x00000004   Code   RO          629    .ARM.Collect$$_printf_percent$$00000017  c_p.l(_printf_percent_end.o)
    0x1000021e   0x00000002   Code   RO          667    .ARM.Collect$$libinit$$00000000  c_p.l(libinit.o)
    0x10000220   0x00000000   Code   RO          690    .ARM.Collect$$libinit$$00000002  c_p.l(libinit2.o)
    0x10000220   0x00000000   Code   RO          692    .ARM.Collect$$libinit$$00000004  c_p.l(libinit2.o)
    0x10000220   0x00000000   Code   RO          695    .ARM.Collect$$libinit$$0000000A  c_p.l(libinit2.o)
    0x10000220   0x00000000   Code   RO          697    .ARM.Collect$$libinit$$0000000C  c_p.l(libinit2.o)
    0x10000220   0x00000000   Code   RO          699    .ARM.Collect$$libinit$$0000000E  c_p.l(libinit2.o)
    0x10000220   0x00000006   Code   RO          700    .ARM.Collect$$libinit$$0000000F  c_p.l(libinit2.o)
    0x10000226   0x00000000   Code   RO          702    .ARM.Collect$$libinit$$00000011  c_p.l(libinit2.o)
    0x10000226   0x0000000c   Code   RO          703    .ARM.Collect$$libinit$$00000012  c_p.l(libinit2.o)
    0x10000232   0x00000000   Code   RO          704    .ARM.Collect$$libinit$$00000013  c_p.l(libinit2.o)
    0x10000232   0x00000000   Code   RO          706    .ARM.Collect$$libinit$$00000015  c_p.l(libinit2.o)
    0x10000232   0x0000000a   Code   RO          707    .ARM.Collect$$libinit$$00000016  c_p.l(libinit2.o)
    0x1000023c   0x00000000   Code   RO          708    .ARM.Collect$$libinit$$00000017  c_p.l(libinit2.o)
    0x1000023c   0x00000000   Code   RO          710    .ARM.Collect$$libinit$$00000019  c_p.l(libinit2.o)
    0x1000023c   0x00000000   Code   RO          712    .ARM.Collect$$libinit$$0000001B  c_p.l(libinit2.o)
    0x1000023c   0x00000000   Code   RO          714    .ARM.Collect$$libinit$$0000001D  c_p.l(libinit2.o)
    0x1000023c   0x00000000   Code   RO          716    .ARM.Collect$$libinit$$0000001F  c_p.l(libinit2.o)
    0x1000023c   0x00000000   Code   RO          718    .ARM.Collect$$libinit$$00000021  c_p.l(libinit2.o)
    0x1000023c   0x00000000   Code   RO          720    .ARM.Collect$$libinit$$00000023  c_p.l(libinit2.o)
    0x1000023c   0x00000000   Code   RO          722    .ARM.Collect$$libinit$$00000025  c_p.l(libinit2.o)
    0x1000023c   0x00000000   Code   RO          726    .ARM.Collect$$libinit$$0000002C  c_p.l(libinit2.o)
    0x1000023c   0x00000000   Code   RO          728    .ARM.Collect$$libinit$$0000002E  c_p.l(libinit2.o)
    0x1000023c   0x00000000   Code   RO          730    .ARM.Collect$$libinit$$00000030  c_p.l(libinit2.o)
    0x1000023c   0x00000000   Code   RO          732    .ARM.Collect$$libinit$$00000032  c_p.l(libinit2.o)
    0x1000023c   0x00000002   Code   RO          733    .ARM.Collect$$libinit$$00000033  c_p.l(libinit2.o)
    0x1000023e   0x00000002   Code   RO          764    .ARM.Collect$$libshutdown$$00000000  c_p.l(libshutdown.o)
    0x10000240   0x00000000   Code   RO          790    .ARM.Collect$$libshutdown$$00000002  c_p.l(libshutdown2.o)
    0x10000240   0x00000000   Code   RO          792    .ARM.Collect$$libshutdown$$00000004  c_p.l(libshutdown2.o)
    0x10000240   0x00000000   Code   RO          795    .ARM.Collect$$libshutdown$$00000007  c_p.l(libshutdown2.o)
    0x10000240   0x00000000   Code   RO          798    .ARM.Collect$$libshutdown$$0000000A  c_p.l(libshutdown2.o)
    0x10000240   0x00000000   Code   RO          800    .ARM.Collect$$libshutdown$$0000000C  c_p.l(libshutdown2.o)
    0x10000240   0x00000000   Code   RO          803    .ARM.Collect$$libshutdown$$0000000F  c_p.l(libshutdown2.o)
    0x10000240   0x00000002   Code   RO          804    .ARM.Collect$$libshutdown$$00000010  c_p.l(libshutdown2.o)
    0x10000242   0x00000000   Code   RO          501    .ARM.Collect$$rtentry$$00000000  c_p.l(__rtentry.o)
    0x10000242   0x00000000   Code   RO          601    .ARM.Collect$$rtentry$$00000002  c_p.l(__rtentry2.o)
    0x10000242   0x00000006   Code   RO          613    .ARM.Collect$$rtentry$$00000004  c_p.l(__rtentry4.o)
    0x10000248   0x00000000   Code   RO          603    .ARM.Collect$$rtentry$$00000009  c_p.l(__rtentry2.o)
    0x10000248   0x00000004   Code   RO          604    .ARM.Collect$$rtentry$$0000000A  c_p.l(__rtentry2.o)
    0x1000024c   0x00000000   Code   RO          606    .ARM.Collect$$rtentry$$0000000C  c_p.l(__rtentry2.o)
    0x1000024c   0x00000008   Code   RO          607    .ARM.Collect$$rtentry$$0000000D  c_p.l(__rtentry2.o)
    0x10000254   0x00000002   Code   RO          676    .ARM.Collect$$rtexit$$00000000  c_p.l(rtexit.o)
    0x10000256   0x00000000   Code   RO          737    .ARM.Collect$$rtexit$$00000002  c_p.l(rtexit2.o)
    0x10000256   0x00000004   Code   RO          738    .ARM.Collect$$rtexit$$00000003  c_p.l(rtexit2.o)
    0x1000025a   0x00000006   Code   RO          739    .ARM.Collect$$rtexit$$00000004  c_p.l(rtexit2.o)
    0x10000260   0x00000038   Code   RO          462    .emb_text           c_p.l(rt_memcpy.o)
    0x10000298   0x00000bcc   Code   RO            3    .text               main.o
    0x10000e64   0x00000360   Code   RO          102    .text               gpio.o
    0x100011c4   0x00000038   Code   RO          133    .text               delay.o
    0x100011fc   0x00000090   Code   RO          162    .text               pad_mux_ctrl.o
    0x1000128c   0x00000234   Code   RO          187    .text               debug.o
    0x100014c0   0x000001c4   Code   RO          224    .text               timer.o
    0x10001684   0x000001bc   Code   RO          250    .text               ota.o
    0x10001840   0x00000038   Code   RO          326    .text               startup_armcm0.o
    0x10001878   0x00000018   Code   RO          332    .text               system_armcm0.o
    0x10001890   0x000011e4   Code   RO          358    .text               syd8821_ble_slave.lib(main.o)
    0x10002a74   0x00001804   Code   RO          426    .text               syd8821_ble_slave.lib(rom.o)
    0x10004278   0x00000024   Code   RO          458    .text               c_p.l(c89vsprintf.o)
    0x1000429c   0x0000005a   Code   RO          460    .text               c_p.l(memcmp.o)
    0x100042f6   0x00000082   Code   RO          463    .text               c_p.l(rt_memcpy.o)
    0x10004378   0x00000040   Code   RO          466    .text               c_p.l(rt_memclr.o)
    0x100043b8   0x00000022   Code   RO          468    .text               c_p.l(uread4.o)
    0x100043da   0x00000010   Code   RO          470    .text               c_p.l(uwrite4.o)
    0x100043ea   0x0000015a   Code   RO          472    .text               c_p.l(aeabi_sdiv.o)
    0x10004544   0x00000006   Code   RO          476    .text               c_p.l(heapauxi.o)
    0x1000454a   0x00000002   PAD
    0x1000454c   0x00000358   Code   RO          480    .text               fz_ps.l(daddsub.o)
    0x100048a4   0x00000448   Code   RO          482    .text               fz_ps.l(ddiv.o)
    0x10004cec   0x00000048   Code   RO          485    .text               fz_ps.l(dfixui.o)
    0x10004d34   0x00000058   Code   RO          487    .text               fz_ps.l(dflti.o)
    0x10004d8c   0x00000248   Code   RO          489    .text               fz_ps.l(dmul.o)
    0x10004fd4   0x00000054   Code   RO          491    .text               fz_ps.l(f2d.o)
    0x10005028   0x0000005e   Code   RO          499    .text               fz_ps.l(fflti.o)
    0x10005086   0x0000004e   Code   RO          508    .text               c_p.l(_printf_pad.o)
    0x100050d4   0x00000024   Code   RO          510    .text               c_p.l(_printf_truncate.o)
    0x100050f8   0x00000052   Code   RO          512    .text               c_p.l(_printf_str.o)
    0x1000514a   0x00000002   PAD
    0x1000514c   0x0000006c   Code   RO          514    .text               c_p.l(_printf_dec.o)
    0x100051b8   0x00000026   Code   RO          516    .text               c_p.l(_printf_charcount.o)
    0x100051de   0x00000002   PAD
    0x100051e0   0x00000030   Code   RO          518    .text               c_p.l(_printf_char_common.o)
    0x10005210   0x0000000a   Code   RO          520    .text               c_p.l(_sputc.o)
    0x1000521a   0x00000002   PAD
    0x1000521c   0x000000bc   Code   RO          522    .text               c_p.l(_printf_wctomb.o)
    0x100052d8   0x00000070   Code   RO          525    .text               c_p.l(_printf_longlong_dec.o)
    0x10005348   0x00000070   Code   RO          531    .text               c_p.l(_printf_oct_int_ll.o)
    0x100053b8   0x00000098   Code   RO          551    .text               c_p.l(_printf_hex_int_ll_ptr.o)
    0x10005450   0x00000188   Code   RO          571    .text               c_p.l(__printf_flags_ss_wp.o)
    0x100055d8   0x0000007a   Code   RO          617    .text               c_p.l(lludiv10.o)
    0x10005652   0x000000b0   Code   RO          619    .text               c_p.l(_printf_intcommon.o)
    0x10005702   0x00000002   PAD
    0x10005704   0x00000414   Code   RO          621    .text               c_p.l(_printf_fp_dec.o)
    0x10005b18   0x0000002e   Code   RO          625    .text               c_p.l(_printf_char.o)
    0x10005b46   0x0000002e   Code   RO          627    .text               c_p.l(_printf_wchar.o)
    0x10005b74   0x00000040   Code   RO          630    .text               c_p.l(_wcrtomb.o)
    0x10005bb4   0x00000028   Code   RO          632    .text               c_p.l(rtudiv10.o)
    0x10005bdc   0x0000003e   Code   RO          634    .text               c_p.l(sys_stackheap_outer.o)
    0x10005c1a   0x00000002   PAD
    0x10005c1c   0x00000010   Code   RO          637    .text               c_p.l(rt_ctype_table.o)
    0x10005c2c   0x00000008   Code   RO          642    .text               c_p.l(rt_locale_intlibspace.o)
    0x10005c34   0x00000088   Code   RO          644    .text               c_p.l(_printf_fp_infnan.o)
    0x10005cbc   0x000000c8   Code   RO          646    .text               c_p.l(bigflt0.o)
    0x10005d84   0x000004a8   Code   RO          649    .text               c_p.l(btod.o)
    0x1000622c   0x00000010   Code   RO          656    .text               c_p.l(exit.o)
    0x1000623c   0x00000008   Code   RO          672    .text               c_p.l(libspace.o)
    0x10006244   0x00000088   Code   RO          687    .text               c_p.l(strcmp.o)
    0x100062cc   0x0000000c   Code   RO          734    .text               c_p.l(sys_exit.o)
    0x100062d8   0x00000002   Code   RO          753    .text               c_p.l(use_no_semi.o)
    0x100062da   0x00000000   Code   RO          755    .text               c_p.l(indicate_semi.o)
    0x100062da   0x00000030   Code   RO          651    i.__ARM_common_ll_muluu  c_p.l(btod.o)
    0x1000630a   0x0000001a   Code   RO          378    i.__ARM_common_switch8  syd8821_ble_slave.lib(main.o)
    0x10006324   0x0000002c   Code   RO          670    i.__ARM_fpclassify  m_ps.l(fpclassify.o)
    0x10006350   0x0000000e   Code   RO          564    i._is_digit         c_p.l(__printf_wp.o)
    0x1000635e   0x00000002   PAD
    0x10006360   0x0000002c   Code   RO          654    locale$$code        c_p.l(lc_numeric_c.o)
    0x1000638c   0x0000002c   Code   RO          681    locale$$code        c_p.l(lc_ctype_c.o)
    0x100063b8   0x0000008c   Code   RO          493    x$fpl$fadd          fz_ps.l(faddsub.o)
    0x10006444   0x000000d0   Code   RO          495    x$fpl$fsub          fz_ps.l(faddsub.o)
    0x10006514   0x00000010   Code   RO          597    x$fpl$printf1       fz_ps.l(printf1.o)
    0x10006524   0x00000000   Code   RO          599    x$fpl$usenofp       fz_ps.l(usenofp.o)
    0x10006524   0x000004ef   Data   RO            4    .constdata          main.o
    0x10006a13   0x00000032   Data   RO          428    .constdata          syd8821_ble_slave.lib(rom.o)
    0x10006a45   0x00000080   Data   RO          483    .constdata          fz_ps.l(ddiv.o)
    0x10006ac5   0x00000003   PAD
    0x10006ac8   0x00000008   Data   RO          523    .constdata          c_p.l(_printf_wctomb.o)
    0x10006ad0   0x00000028   Data   RO          552    .constdata          c_p.l(_printf_hex_int_ll_ptr.o)
    0x10006af8   0x00000011   Data   RO          572    .constdata          c_p.l(__printf_flags_ss_wp.o)
    0x10006b09   0x00000003   PAD
    0x10006b0c   0x00000094   Data   RO          647    .constdata          c_p.l(bigflt0.o)
    0x10006ba0   0x00000020   Data   RO          805    Region$$Table       anon$$obj.o
    0x10006bc0   0x0000001c   Data   RO          653    locale$$data        c_p.l(lc_numeric_c.o)
    0x10006bdc   0x00000110   Data   RO          680    locale$$data        c_p.l(lc_ctype_c.o)


    Execution Region RW_IRAM1 (Base: 0x20000000, Size: 0x000063c8, Max: 0x00028000, ABSOLUTE)

    Base Addr    Size         Type   Attr      Idx    E Section Name        Object

    0x20000000   0x00000046   Data   RW            5    .data               main.o
    0x20000046   0x00000002   PAD
    0x20000048   0x0000000c   Data   RW          103    .data               gpio.o
    0x20000054   0x00000008   Data   RW          163    .data               pad_mux_ctrl.o
    0x2000005c   0x00000008   Data   RW          189    .data               debug.o
    0x20000064   0x00000014   Data   RW          226    .data               timer.o
    0x20000078   0x0000000c   Data   RW          252    .data               ota.o
    0x20000084   0x00000004   Data   RW          333    .data               system_armcm0.o
    0x20000088   0x00000010   Data   RW          360    .data               syd8821_ble_slave.lib(main.o)
    0x20000098   0x00000030   Data   RW          429    .data               syd8821_ble_slave.lib(rom.o)
    0x200000c8   0x00000080   Zero   RW          188    .bss                debug.o
    0x20000148   0x00000014   Zero   RW          225    .bss                timer.o
    0x2000015c   0x00000028   Zero   RW          251    .bss                ota.o
    0x20000184   0x000010d9   Zero   RW          359    .bss                syd8821_ble_slave.lib(main.o)
    0x2000125d   0x00000003   PAD
    0x20001260   0x00000104   Zero   RW          427    .bss                syd8821_ble_slave.lib(rom.o)
    0x20001364   0x00000060   Zero   RW          673    .bss                c_p.l(libspace.o)
    0x200013c4   0x00000004   PAD
    0x200013c8   0x00004000   Zero   RW          324    HEAP                startup_armcm0.o
    0x200053c8   0x00001000   Zero   RW          323    STACK               startup_armcm0.o


==============================================================================

Image component sizes


      Code (inc. data)   RO Data    RW Data    ZI Data      Debug   Object Name

       564         38          0          8        128      10801   debug.o
        56          0          0          0          0      35324   delay.o
       864         16          0         12          0      46429   gpio.o
      3020        820       1263         70          0      58164   main.o
       444         36          0         12         40       3802   ota.o
       144          4          0          8          0       1925   pad_mux_ctrl.o
        56         26        192          0      20480        756   startup_armcm0.o
        24          8          0          4          0        941   system_armcm0.o
       452         10          0         20         20       3196   timer.o

    ----------------------------------------------------------------------
      5624        958       1487        136      20668     161338   Object Totals
         0          0         32          0          0          0   (incl. Generated)
         0          0          0          2          0          0   (incl. Padding)

    ----------------------------------------------------------------------

      Code (inc. data)   RO Data    RW Data    ZI Data      Debug   Library Member Name

         8          0          0          0          0         68   __main.o
       392          6         17          0          0         76   __printf_flags_ss_wp.o
        14          0          0          0          0         60   __printf_wp.o
         0          0          0          0          0          0   __rtentry.o
        12          0          0          0          0          0   __rtentry2.o
         6          0          0          0          0          0   __rtentry4.o
        60          8          0          0          0          0   __scatter.o
        26          0          0          0          0          0   __scatter_copy.o
        28          0          0          0          0          0   __scatter_zi.o
        10          0          0          0          0          0   _printf_a.o
        10          0          0          0          0          0   _printf_c.o
        46          0          0          0          0        100   _printf_char.o
        48          6          0          0          0         88   _printf_char_common.o
        38          0          0          0          0         60   _printf_charcount.o
        10          0          0          0          0          0   _printf_d.o
       108         18          0          0          0         76   _printf_dec.o
        10          0          0          0          0          0   _printf_e.o
        10          0          0          0          0          0   _printf_f.o
      1044         14          0          0          0        176   _printf_fp_dec.o
       136         16          0          0          0         76   _printf_fp_infnan.o
        10          0          0          0          0          0   _printf_g.o
       152          4         40          0          0        148   _printf_hex_int_ll_ptr.o
        10          0          0          0          0          0   _printf_i.o
       176          0          0          0          0         84   _printf_intcommon.o
        10          0          0          0          0          0   _printf_l.o
        10          0          0          0          0          0   _printf_lc.o
        10          0          0          0          0          0   _printf_ll.o
        10          0          0          0          0          0   _printf_lld.o
        10          0          0          0          0          0   _printf_lli.o
        10          0          0          0          0          0   _printf_llo.o
        10          0          0          0          0          0   _printf_llu.o
        10          0          0          0          0          0   _printf_llx.o
       112         18          0          0          0         76   _printf_longlong_dec.o
        10          0          0          0          0          0   _printf_ls.o
        10          0          0          0          0          0   _printf_n.o
        10          0          0          0          0          0   _printf_o.o
       112         10          0          0          0        112   _printf_oct_int_ll.o
        10          0          0          0          0          0   _printf_p.o
        78          0          0          0          0        100   _printf_pad.o
         2          0          0          0          0          0   _printf_percent.o
         4          0          0          0          0          0   _printf_percent_end.o
        10          0          0          0          0          0   _printf_s.o
        82          0          0          0          0         72   _printf_str.o
        36          0          0          0          0         76   _printf_truncate.o
        10          0          0          0          0          0   _printf_u.o
        46          0          0          0          0        100   _printf_wchar.o
       188          6          8          0          0         80   _printf_wctomb.o
        10          0          0          0          0          0   _printf_x.o
        10          0          0          0          0         60   _sputc.o
        64          0          0          0          0         72   _wcrtomb.o
       346          0          0          0          0         92   aeabi_sdiv.o
       200          4        148          0          0         80   bigflt0.o
      1240         12          0          0          0        316   btod.o
        36          4          0          0          0         68   c89vsprintf.o
        16          0          0          0          0         68   exit.o
         6          0          0          0          0        136   heapauxi.o
         0          0          0          0          0          0   indicate_semi.o
        44         10        272          0          0         76   lc_ctype_c.o
        44         10         28          0          0         76   lc_numeric_c.o
         2          0          0          0          0          0   libinit.o
        30          0          0          0          0          0   libinit2.o
         2          0          0          0          0          0   libshutdown.o
         2          0          0          0          0          0   libshutdown2.o
         8          4          0          0         96         68   libspace.o
       122          0          0          0          0         72   lludiv10.o
        90          0          0          0          0         68   memcmp.o
        16          4          0          0          0         76   rt_ctype_table.o
         8          4          0          0          0         68   rt_locale_intlibspace.o
        64          0          0          0          0        108   rt_memclr.o
       186          0          0          0          0        144   rt_memcpy.o
         2          0          0          0          0          0   rtexit.o
        10          0          0          0          0          0   rtexit2.o
        40          0          0          0          0         60   rtudiv10.o
       136          4          0          0          0         72   strcmp.o
        12          4          0          0          0         60   sys_exit.o
        62          0          0          0          0         80   sys_stackheap_outer.o
        34          0          0          0          0         60   uread4.o
         2          0          0          0          0         68   use_no_semi.o
        16          0          0          0          0         60   uwrite4.o
       856         20          0          0          0        208   daddsub.o
      1096         26        128          0          0        112   ddiv.o
        72          4          0          0          0         68   dfixui.o
        88          0          0          0          0         92   dflti.o
       584         26          0          0          0         84   dmul.o
        84          4          0          0          0         60   f2d.o
       348          8          0          0          0        160   faddsub.o
        94          0          0          0          0         92   fflti.o
        16          4          0          0          0         76   printf1.o
         0          0          0          0          0          0   usenofp.o
        44          4          0          0          0         60   fpclassify.o
      4606        288          0         16       4313     120638   main.o
      6148        324         50         48        260      14490   rom.o

    ----------------------------------------------------------------------
     20076        874        697         64       4676     139876   Library Totals
        16          0          6          0          7          0   (incl. Padding)

    ----------------------------------------------------------------------

      Code (inc. data)   RO Data    RW Data    ZI Data      Debug   Library Name

      6024        166        513          0         96       3736   c_p.l
      3238         92        128          0          0        952   fz_ps.l
        44          4          0          0          0         60   m_ps.l
     10754        612         50         64       4573     135128   syd8821_ble_slave.lib

    ----------------------------------------------------------------------
     20076        874        697         64       4676     139876   Library Totals

    ----------------------------------------------------------------------

==============================================================================


      Code (inc. data)   RO Data    RW Data    ZI Data      Debug   

     25700       1832       2184        200      25344     298366   Grand Totals
     25700       1832       2184        200      25344     298366   ELF Image Totals
     25700       1832       2184        200          0          0   ROM Totals

==============================================================================

    Total RO  Size (Code + RO Data)                27884 (  27.23kB)
    Total RW  Size (RW Data + ZI Data)             25544 (  24.95kB)
    Total ROM Size (Code + RO Data + RW Data)      28084 (  27.43kB)

==============================================================================

