Component: ARM Compiler 5.06 (build 20) Tool: armlink [4d35a3]

==============================================================================

Section Cross References

    main.o(.text) refers to main.o(.text) for gap_s_ble_init
    main.o(.text) refers to delay.o(.text) for delay_ms
    main.o(.text) refers to pad_mux_ctrl.o(.text) for pad_mux_write
    main.o(.text) refers to gpio.o(.text) for gpo_config
    main.o(.text) refers to debug.o(.text) for dbg_init
    main.o(.text) refers to pdm_module.o(.text) for pdm_module_init
    main.o(.text) refers to uart.o(.text) for uart_write
    main.o(.text) refers to main.o(.data) for record_status
    main.o(.text) refers to pdm_module.o(.data) for pdm_int_flag
    pdm_module.o(.text) refers to memseta.o(.text) for __aeabi_memclr4
    pdm_module.o(.text) refers to adpcm.o(.text) for Adpcm_encode
    pdm_module.o(.text) refers to pad_mux_ctrl.o(.text) for pad_mux_write
    pdm_module.o(.text) refers to gpio.o(.text) for pad_input_configure
    pdm_module.o(.text) refers to pdm.o(.text) for pdm_set_clk
    pdm_module.o(.text) refers to main.o(.text) for pdm_set_amic_gain
    pdm_module.o(.text) refers to pdm_module.o(.bss) for pcm_buf
    pdm_module.o(.text) refers to pdm_module.o(.data) for pdm_dma_buf_ptr
    pdm_module.o(.text) refers to adpcm.o(.data) for adpcm_state_encdoe
    adpcm.o(.text) refers to adpcm.o(.data) for stepsizeTable
    gpio.o(.text) refers to gpio.o(.data) for gpio_callback
    pad_mux_ctrl.o(.text) refers to pad_mux_ctrl.o(.data) for pad
    uart.o(.text) refers to queue.o(.text) for queue_init
    uart.o(.text) refers to uart.o(.data) for UART_CTRL
    uart.o(.text) refers to uart.o(.bss) for rx_buf
    queue.o(.text) refers to memcpya.o(.text) for __aeabi_memcpy
    pdm.o(.text) refers to pdm.o(.data) for irq_cb
    debug.o(.text) refers to printfa.o(i.__0vsprintf) for __c89vsprintf
    debug.o(.text) refers to debug.o(.data) for UART_CTRL
    debug.o(.text) refers to debug.o(.bss) for s_formatBuffer
    startup_armcm0.o(RESET) refers to startup_armcm0.o(STACK) for __initial_sp
    startup_armcm0.o(RESET) refers to startup_armcm0.o(.text) for Reset_Handler
    startup_armcm0.o(RESET) refers to gpio.o(.text) for GPIO_IRQHandler
    startup_armcm0.o(RESET) refers to rom.o(.text) for LLC_IRQHandler
    startup_armcm0.o(RESET) refers to uart.o(.text) for UART0_IRQHandler
    startup_armcm0.o(RESET) refers to pdm.o(.text) for PDM_IRQHandler
    startup_armcm0.o(.text) refers to system_armcm0.o(.text) for SystemInit
    startup_armcm0.o(.text) refers to entry.o(.ARM.Collect$$$$00000000) for __main
    system_armcm0.o(.text) refers to system_armcm0.o(.data) for SystemCoreClock
    main.o(.text) refers to rom.o(.text) for _rom_init
    main.o(.text) refers to memcpya.o(.text) for __aeabi_memcpy
    main.o(.text) refers to uidiv.o(.text) for __aeabi_uidivmod
    main.o(.text) refers to main.o(.bss) for .bss
    main.o(.text) refers to rom.o(.data) for txpdu
    main.o(.text) refers to dfltui.o(.text) for __aeabi_ui2d
    main.o(.text) refers to dmul.o(.text) for __aeabi_dmul
    main.o(.text) refers to dfixui.o(.text) for __aeabi_d2uiz
    main.o(.text) refers to idiv.o(.text) for __aeabi_idivmod
    main.o(.text) refers to memseta.o(.text) for __aeabi_memclr
    main.o(.text) refers to uread4.o(.text) for __aeabi_uread4
    main.o(.text) refers to uwrite4.o(.text) for __aeabi_uwrite4
    main.o(.text) refers to main.o(.data) for .data
    main.o(.text) refers to pmu.o(.text) for syd8821_pmu_power_saving
    main.o(.text) refers to dflti.o(.text) for __aeabi_i2d
    main.o(.text) refers to dadd.o(.text) for __aeabi_dadd
    main.o(.text) refers to ffltui.o(.text) for __aeabi_ui2f
    main.o(.text) refers to fadd.o(.text) for __aeabi_fadd
    main.o(.text) refers to f2d.o(.text) for __aeabi_f2d
    main.o(.text) refers to ddiv.o(.text) for __aeabi_ddiv
    main.o(.text) refers to main.o(i.__ARM_common_switch8) for __ARM_common_switch8
    rom.o(.text) refers to memcpya.o(.text) for __aeabi_memcpy
    rom.o(.text) refers to memcmp.o(.text) for memcmp
    rom.o(.text) refers to uread4.o(.text) for __aeabi_uread4
    rom.o(.text) refers to uidiv.o(.text) for __aeabi_uidivmod
    rom.o(.text) refers to rom.o(.data) for .data
    rom.o(.text) refers to memseta.o(.text) for __aeabi_memclr
    rom.o(.text) refers to rom.o(.constdata) for .constdata
    rom.o(.text) refers to aec-ccm.o(.text) for CCM_NONCE
    rom.o(.text) refers to rom.o(.bss) for .bss
    rom.o(.text) refers to uwrite4.o(.text) for __aeabi_uwrite4
    rom.o(.text) refers to main.o(.text) for smart_update_latency_updatareq
    rom.o(.text) refers to rom.o(.emb_text) for B01_correct_TXPacket_length
    rom.o(.text) refers to main.o(i.__ARM_common_switch8) for __ARM_common_switch8
    pmu.o(.text) refers to pmu.o(PMU) for syd8821_wfi
    pmu.o(.text) refers to pmu.o(.data) for .data
    pmu.o(.text) refers to pmu.o(.constdata) for .constdata
    aec-ccm.o(.text) refers to memseta.o(.text) for __aeabi_memclr
    aec-ccm.o(.text) refers to memcpya.o(.text) for __aeabi_memcpy
    aec-ccm.o(.text) refers to aes.o(.text) for aes_encrypt
    aec-ccm.o(.text) refers to aec-ccm.o(.bss) for .bss
    aes.o(.text) refers to aes.o(.constdata) for .constdata
    entry.o(.ARM.Collect$$$$00000000) refers (Special) to entry10a.o(.ARM.Collect$$$$0000000D) for __rt_final_cpp
    entry.o(.ARM.Collect$$$$00000000) refers (Special) to entry11a.o(.ARM.Collect$$$$0000000F) for __rt_final_exit
    entry.o(.ARM.Collect$$$$00000000) refers (Special) to entry7b.o(.ARM.Collect$$$$00000008) for _main_clock
    entry.o(.ARM.Collect$$$$00000000) refers (Special) to entry8b.o(.ARM.Collect$$$$0000000A) for _main_cpp_init
    entry.o(.ARM.Collect$$$$00000000) refers (Special) to entry9a.o(.ARM.Collect$$$$0000000B) for _main_init
    entry.o(.ARM.Collect$$$$00000000) refers (Special) to entry5.o(.ARM.Collect$$$$00000004) for _main_scatterload
    entry.o(.ARM.Collect$$$$00000000) refers (Special) to entry2.o(.ARM.Collect$$$$00000001) for _main_stk
    idiv.o(.text) refers to uidiv.o(.text) for __aeabi_uidivmod
    printfa.o(i.__0fprintf) refers (Special) to iusefp.o(.text) for __I$use$fp
    printfa.o(i.__0fprintf) refers to printfa.o(i._printf_core) for _printf_core
    printfa.o(i.__0fprintf) refers to fputc.o(i.fputc) for fputc
    printfa.o(i.__0printf) refers (Special) to iusefp.o(.text) for __I$use$fp
    printfa.o(i.__0printf) refers to printfa.o(i._printf_core) for _printf_core
    printfa.o(i.__0printf) refers to fputc.o(i.fputc) for fputc
    printfa.o(i.__0printf) refers to stdout.o(.data) for __stdout
    printfa.o(i.__0snprintf) refers (Special) to iusefp.o(.text) for __I$use$fp
    printfa.o(i.__0snprintf) refers to printfa.o(i._printf_core) for _printf_core
    printfa.o(i.__0snprintf) refers to printfa.o(i._snputc) for _snputc
    printfa.o(i.__0sprintf) refers (Special) to iusefp.o(.text) for __I$use$fp
    printfa.o(i.__0sprintf) refers to printfa.o(i._printf_core) for _printf_core
    printfa.o(i.__0sprintf) refers to printfa.o(i._sputc) for _sputc
    printfa.o(i.__0vfprintf) refers (Special) to iusefp.o(.text) for __I$use$fp
    printfa.o(i.__0vfprintf) refers to printfa.o(i._printf_core) for _printf_core
    printfa.o(i.__0vfprintf) refers to fputc.o(i.fputc) for fputc
    printfa.o(i.__0vprintf) refers (Special) to iusefp.o(.text) for __I$use$fp
    printfa.o(i.__0vprintf) refers to printfa.o(i._printf_core) for _printf_core
    printfa.o(i.__0vprintf) refers to fputc.o(i.fputc) for fputc
    printfa.o(i.__0vprintf) refers to stdout.o(.data) for __stdout
    printfa.o(i.__0vsnprintf) refers (Special) to iusefp.o(.text) for __I$use$fp
    printfa.o(i.__0vsnprintf) refers to printfa.o(i._printf_core) for _printf_core
    printfa.o(i.__0vsnprintf) refers to printfa.o(i._snputc) for _snputc
    printfa.o(i.__0vsprintf) refers (Special) to iusefp.o(.text) for __I$use$fp
    printfa.o(i.__0vsprintf) refers to printfa.o(i._printf_core) for _printf_core
    printfa.o(i.__0vsprintf) refers to printfa.o(i._sputc) for _sputc
    printfa.o(i._fp_digits) refers (Special) to iusefp.o(.text) for __I$use$fp
    printfa.o(i._fp_digits) refers to dmul.o(.text) for __aeabi_dmul
    printfa.o(i._fp_digits) refers to ddiv.o(.text) for __aeabi_ddiv
    printfa.o(i._fp_digits) refers to cdrcmple.o(.text) for __aeabi_cdrcmple
    printfa.o(i._fp_digits) refers to dadd.o(.text) for __aeabi_dadd
    printfa.o(i._fp_digits) refers to dfixul.o(.text) for __aeabi_d2ulz
    printfa.o(i._fp_digits) refers to uldiv.o(.text) for __aeabi_uldivmod
    printfa.o(i._printf_core) refers (Special) to iusefp.o(.text) for __I$use$fp
    printfa.o(i._printf_core) refers to printfa.o(i._printf_pre_padding) for _printf_pre_padding
    printfa.o(i._printf_core) refers to uldiv.o(.text) for __aeabi_uldivmod
    printfa.o(i._printf_core) refers to printfa.o(i._printf_post_padding) for _printf_post_padding
    printfa.o(i._printf_core) refers to printfa.o(i._fp_digits) for _fp_digits
    printfa.o(i._printf_core) refers to uidiv.o(.text) for __aeabi_uidivmod
    printfa.o(i._printf_post_padding) refers (Special) to iusefp.o(.text) for __I$use$fp
    printfa.o(i._printf_pre_padding) refers (Special) to iusefp.o(.text) for __I$use$fp
    printfa.o(i._snputc) refers (Special) to iusefp.o(.text) for __I$use$fp
    printfa.o(i._sputc) refers (Special) to iusefp.o(.text) for __I$use$fp
    fadd.o(.text) refers (Special) to iusefp.o(.text) for __I$use$fp
    fadd.o(.text) refers to fepilogue.o(.text) for _float_epilogue
    dadd.o(.text) refers (Special) to iusefp.o(.text) for __I$use$fp
    dadd.o(.text) refers to llshl.o(.text) for __aeabi_llsl
    dadd.o(.text) refers to llsshr.o(.text) for __aeabi_lasr
    dadd.o(.text) refers to depilogue.o(.text) for _double_epilogue
    dmul.o(.text) refers (Special) to iusefp.o(.text) for __I$use$fp
    dmul.o(.text) refers to depilogue.o(.text) for _double_epilogue
    ddiv.o(.text) refers (Special) to iusefp.o(.text) for __I$use$fp
    ddiv.o(.text) refers to depilogue.o(.text) for _double_round
    ffltui.o(.text) refers (Special) to iusefp.o(.text) for __I$use$fp
    ffltui.o(.text) refers to fepilogue.o(.text) for _float_epilogue
    dflti.o(.text) refers (Special) to iusefp.o(.text) for __I$use$fp
    dflti.o(.text) refers to depilogue.o(.text) for _double_epilogue
    dfltui.o(.text) refers (Special) to iusefp.o(.text) for __I$use$fp
    dfltui.o(.text) refers to depilogue.o(.text) for _double_epilogue
    dfixui.o(.text) refers (Special) to iusefp.o(.text) for __I$use$fp
    dfixui.o(.text) refers to llushr.o(.text) for __aeabi_llsr
    f2d.o(.text) refers (Special) to iusefp.o(.text) for __I$use$fp
    entry2.o(.ARM.Collect$$$$00000001) refers to entry2.o(.ARM.Collect$$$$00002712) for __lit__00000000
    entry2.o(.ARM.Collect$$$$00002712) refers to startup_armcm0.o(STACK) for __initial_sp
    entry2.o(__vectab_stack_and_reset_area) refers to startup_armcm0.o(STACK) for __initial_sp
    entry2.o(__vectab_stack_and_reset_area) refers to entry.o(.ARM.Collect$$$$00000000) for __main
    entry5.o(.ARM.Collect$$$$00000004) refers to init.o(.text) for __scatterload
    entry9a.o(.ARM.Collect$$$$0000000B) refers to main.o(.text) for main
    entry9b.o(.ARM.Collect$$$$0000000C) refers to main.o(.text) for main
    fputc.o(i.fputc) refers (Special) to iusesemip.o(.text) for __I$use$semihosting$fputc
    fputc.o(i.fputc) refers (Special) to semi.o(.text) for __semihosting_library_function
    uldiv.o(.text) refers to llushr.o(.text) for __aeabi_llsr
    uldiv.o(.text) refers to llshl.o(.text) for __aeabi_llsl
    depilogue.o(.text) refers to depilogue.o(i.__ARM_clz) for __ARM_clz
    depilogue.o(.text) refers to llshl.o(.text) for __aeabi_llsl
    depilogue.o(.text) refers to llushr.o(.text) for __aeabi_llsr
    dfixul.o(.text) refers to llushr.o(.text) for __aeabi_llsr
    dfixul.o(.text) refers to llshl.o(.text) for __aeabi_llsl
    init.o(.text) refers to entry5.o(.ARM.Collect$$$$00000004) for __main_after_scatterload


==============================================================================

Removing Unused input sections from the image.

    Removing main.o(.rev16_text), (4 bytes).
    Removing main.o(.revsh_text), (4 bytes).
    Removing pdm_module.o(.rev16_text), (4 bytes).
    Removing pdm_module.o(.revsh_text), (4 bytes).
    Removing gpio.o(.rev16_text), (4 bytes).
    Removing gpio.o(.revsh_text), (4 bytes).
    Removing delay.o(.rev16_text), (4 bytes).
    Removing delay.o(.revsh_text), (4 bytes).
    Removing pad_mux_ctrl.o(.rev16_text), (4 bytes).
    Removing pad_mux_ctrl.o(.revsh_text), (4 bytes).
    Removing uart.o(.rev16_text), (4 bytes).
    Removing uart.o(.revsh_text), (4 bytes).
    Removing queue.o(.rev16_text), (4 bytes).
    Removing queue.o(.revsh_text), (4 bytes).
    Removing pdm.o(.rev16_text), (4 bytes).
    Removing pdm.o(.revsh_text), (4 bytes).
    Removing debug.o(.rev16_text), (4 bytes).
    Removing debug.o(.revsh_text), (4 bytes).
    Removing startup_armcm0.o(HEAP), (16384 bytes).
    Removing system_armcm0.o(.rev16_text), (4 bytes).
    Removing system_armcm0.o(.revsh_text), (4 bytes).
    Removing main.o(.rev16_text), (4 bytes).
    Removing main.o(.revsh_text), (4 bytes).
    Removing rom.o(.rev16_text), (4 bytes).
    Removing rom.o(.revsh_text), (4 bytes).
    Removing pmu.o(.rev16_text), (4 bytes).
    Removing pmu.o(.revsh_text), (4 bytes).
    Removing aec-ccm.o(.rev16_text), (4 bytes).
    Removing aec-ccm.o(.revsh_text), (4 bytes).

29 unused section(s) (total 16496 bytes) removed from the image.

==============================================================================

Image Symbol Table

    Local Symbols

    Symbol Name                              Value     Ov Type        Size  Object(Section)

    ../clib/../cmprslib/zerorunl2.c          0x00000000   Number         0  __dczerorl2.o ABSOLUTE
    ../clib/microlib/division.c              0x00000000   Number         0  uidiv.o ABSOLUTE
    ../clib/microlib/division.c              0x00000000   Number         0  uldiv.o ABSOLUTE
    ../clib/microlib/division.c              0x00000000   Number         0  idiv.o ABSOLUTE
    ../clib/microlib/init/entry.s            0x00000000   Number         0  entry7b.o ABSOLUTE
    ../clib/microlib/init/entry.s            0x00000000   Number         0  entry5.o ABSOLUTE
    ../clib/microlib/init/entry.s            0x00000000   Number         0  entry7a.o ABSOLUTE
    ../clib/microlib/init/entry.s            0x00000000   Number         0  entry10b.o ABSOLUTE
    ../clib/microlib/init/entry.s            0x00000000   Number         0  entry.o ABSOLUTE
    ../clib/microlib/init/entry.s            0x00000000   Number         0  entry11a.o ABSOLUTE
    ../clib/microlib/init/entry.s            0x00000000   Number         0  entry11b.o ABSOLUTE
    ../clib/microlib/init/entry.s            0x00000000   Number         0  entry2.o ABSOLUTE
    ../clib/microlib/init/entry.s            0x00000000   Number         0  entry10a.o ABSOLUTE
    ../clib/microlib/init/entry.s            0x00000000   Number         0  entry9b.o ABSOLUTE
    ../clib/microlib/init/entry.s            0x00000000   Number         0  entry8a.o ABSOLUTE
    ../clib/microlib/init/entry.s            0x00000000   Number         0  entry8b.o ABSOLUTE
    ../clib/microlib/init/entry.s            0x00000000   Number         0  entry9a.o ABSOLUTE
    ../clib/microlib/longlong.c              0x00000000   Number         0  llushr.o ABSOLUTE
    ../clib/microlib/longlong.c              0x00000000   Number         0  llsshr.o ABSOLUTE
    ../clib/microlib/longlong.c              0x00000000   Number         0  llshl.o ABSOLUTE
    ../clib/microlib/printf/printf.c         0x00000000   Number         0  printfa.o ABSOLUTE
    ../clib/microlib/stdio/fputc.c           0x00000000   Number         0  fputc.o ABSOLUTE
    ../clib/microlib/stdio/semi.s            0x00000000   Number         0  semi.o ABSOLUTE
    ../clib/microlib/stdio/streams.c         0x00000000   Number         0  stdout.o ABSOLUTE
    ../clib/microlib/string/memcmp.c         0x00000000   Number         0  memcmp.o ABSOLUTE
    ../clib/microlib/string/memcpy.c         0x00000000   Number         0  memcpyb.o ABSOLUTE
    ../clib/microlib/string/memcpy.c         0x00000000   Number         0  memcpya.o ABSOLUTE
    ../clib/microlib/string/memset.c         0x00000000   Number         0  memseta.o ABSOLUTE
    ../clib/microlib/stubs.s                 0x00000000   Number         0  iusesemip.o ABSOLUTE
    ../clib/microlib/stubs.s                 0x00000000   Number         0  iusefp.o ABSOLUTE
    ../clib/microlib/unhosted.c              0x00000000   Number         0  uwrite4.o ABSOLUTE
    ../clib/microlib/unhosted.c              0x00000000   Number         0  uread4.o ABSOLUTE
    ../fplib/microlib/f2d.c                  0x00000000   Number         0  f2d.o ABSOLUTE
    ../fplib/microlib/fpadd.c                0x00000000   Number         0  dadd.o ABSOLUTE
    ../fplib/microlib/fpadd.c                0x00000000   Number         0  fadd.o ABSOLUTE
    ../fplib/microlib/fpdiv.c                0x00000000   Number         0  ddiv.o ABSOLUTE
    ../fplib/microlib/fpepilogue.c           0x00000000   Number         0  fepilogue.o ABSOLUTE
    ../fplib/microlib/fpepilogue.c           0x00000000   Number         0  depilogue.o ABSOLUTE
    ../fplib/microlib/fpfix.c                0x00000000   Number         0  dfixul.o ABSOLUTE
    ../fplib/microlib/fpfix.c                0x00000000   Number         0  dfixui.o ABSOLUTE
    ../fplib/microlib/fpflt.c                0x00000000   Number         0  ffltui.o ABSOLUTE
    ../fplib/microlib/fpflt.c                0x00000000   Number         0  dflti.o ABSOLUTE
    ../fplib/microlib/fpflt.c                0x00000000   Number         0  dfltui.o ABSOLUTE
    ../fplib/microlib/fpmul.c                0x00000000   Number         0  dmul.o ABSOLUTE
    ..\..\..\Source\delay.c                  0x00000000   Number         0  delay.o ABSOLUTE
    ..\..\..\Source\gpio.c                   0x00000000   Number         0  gpio.o ABSOLUTE
    ..\..\..\Source\pad_mux_ctrl.c           0x00000000   Number         0  pad_mux_ctrl.o ABSOLUTE
    ..\..\..\Source\pdm.c                    0x00000000   Number         0  pdm.o ABSOLUTE
    ..\..\..\Source\queue.c                  0x00000000   Number         0  queue.o ABSOLUTE
    ..\..\..\Source\uart.c                   0x00000000   Number         0  uart.o ABSOLUTE
    ..\Algorithm\adpcm.c                     0x00000000   Number         0  adpcm.o ABSOLUTE
    ..\User\debug.c                          0x00000000   Number         0  debug.o ABSOLUTE
    ..\User\pdm_module.c                     0x00000000   Number         0  pdm_module.o ABSOLUTE
    ..\\..\\..\\Source\\delay.c              0x00000000   Number         0  delay.o ABSOLUTE
    ..\\..\\..\\Source\\gpio.c               0x00000000   Number         0  gpio.o ABSOLUTE
    ..\\..\\..\\Source\\pad_mux_ctrl.c       0x00000000   Number         0  pad_mux_ctrl.o ABSOLUTE
    ..\\..\\..\\Source\\pdm.c                0x00000000   Number         0  pdm.o ABSOLUTE
    ..\\..\\..\\Source\\queue.c              0x00000000   Number         0  queue.o ABSOLUTE
    ..\\..\\..\\Source\\uart.c               0x00000000   Number         0  uart.o ABSOLUTE
    ..\\User\\debug.c                        0x00000000   Number         0  debug.o ABSOLUTE
    ..\\User\\pdm_module.c                   0x00000000   Number         0  pdm_module.o ABSOLUTE
    ..\\main.c                               0x00000000   Number         0  main.o ABSOLUTE
    ..\main.c                                0x00000000   Number         0  main.o ABSOLUTE
    Driver\\aec-ccm.c                        0x00000000   Number         0  aec-ccm.o ABSOLUTE
    Driver\aec-ccm.c                         0x00000000   Number         0  aec-ccm.o ABSOLUTE
    Driver\aes.c                             0x00000000   Number         0  aes.o ABSOLUTE
    Main\\main.c                             0x00000000   Number         0  main.o ABSOLUTE
    Main\\pmu.c                              0x00000000   Number         0  pmu.o ABSOLUTE
    Main\\rom.c                              0x00000000   Number         0  rom.o ABSOLUTE
    Main\main.c                              0x00000000   Number         0  main.o ABSOLUTE
    Main\pmu.c                               0x00000000   Number         0  pmu.o ABSOLUTE
    Main\rom.c                               0x00000000   Number         0  rom.o ABSOLUTE
    RTE\Device\ARMCM0\startup_ARMCM0.s       0x00000000   Number         0  startup_armcm0.o ABSOLUTE
    RTE\Device\ARMCM0\system_ARMCM0.c        0x00000000   Number         0  system_armcm0.o ABSOLUTE
    RTE\\Device\\ARMCM0\\system_ARMCM0.c     0x00000000   Number         0  system_armcm0.o ABSOLUTE
    cdrcmple.s                               0x00000000   Number         0  cdrcmple.o ABSOLUTE
    dc.s                                     0x00000000   Number         0  dc.o ABSOLUTE
    handlers.s                               0x00000000   Number         0  handlers.o ABSOLUTE
    init.s                                   0x00000000   Number         0  init.o ABSOLUTE
    RESET                                    0x10000000   Section      192  startup_armcm0.o(RESET)
    .ARM.Collect$$$$00000000                 0x100000c0   Section        0  entry.o(.ARM.Collect$$$$00000000)
    .ARM.Collect$$$$00000001                 0x100000c0   Section        4  entry2.o(.ARM.Collect$$$$00000001)
    .ARM.Collect$$$$00000004                 0x100000c4   Section        4  entry5.o(.ARM.Collect$$$$00000004)
    .ARM.Collect$$$$00000008                 0x100000c8   Section        0  entry7b.o(.ARM.Collect$$$$00000008)
    .ARM.Collect$$$$0000000A                 0x100000c8   Section        0  entry8b.o(.ARM.Collect$$$$0000000A)
    .ARM.Collect$$$$0000000B                 0x100000c8   Section        8  entry9a.o(.ARM.Collect$$$$0000000B)
    .ARM.Collect$$$$0000000D                 0x100000d0   Section        0  entry10a.o(.ARM.Collect$$$$0000000D)
    .ARM.Collect$$$$0000000F                 0x100000d0   Section        0  entry11a.o(.ARM.Collect$$$$0000000F)
    .ARM.Collect$$$$00002712                 0x100000d0   Section        4  entry2.o(.ARM.Collect$$$$00002712)
    __lit__00000000                          0x100000d0   Data           4  entry2.o(.ARM.Collect$$$$00002712)
    .emb_text                                0x100000d4   Section        6  rom.o(.emb_text)
    .text                                    0x100000dc   Section        0  main.o(.text)
    .text                                    0x1000020c   Section        0  pdm_module.o(.text)
    pdm_callback                             0x1000020d   Thumb Code    68  pdm_module.o(.text)
    .text                                    0x1000034c   Section        0  adpcm.o(.text)
    .text                                    0x10000544   Section        0  gpio.o(.text)
    .text                                    0x1000089c   Section        0  delay.o(.text)
    .text                                    0x100008d4   Section        0  pad_mux_ctrl.o(.text)
    .text                                    0x10000964   Section        0  uart.o(.text)
    NVIC_EnableIRQ                           0x10000b7f   Thumb Code    14  uart.o(.text)
    NVIC_DisableIRQ                          0x10000b8d   Thumb Code    16  uart.o(.text)
    .text                                    0x10000bb4   Section        0  queue.o(.text)
    .text                                    0x10000c94   Section        0  pdm.o(.text)
    pdm_valid_gain                           0x10000e33   Thumb Code    22  pdm.o(.text)
    .text                                    0x10000ef8   Section        0  debug.o(.text)
    debug_uart_0_init                        0x10000ef9   Thumb Code   156  debug.o(.text)
    debug_uart_write                         0x10000f95   Thumb Code    80  debug.o(.text)
    .text                                    0x100010fc   Section       28  startup_armcm0.o(.text)
    .text                                    0x10001118   Section        0  system_armcm0.o(.text)
    .text                                    0x10001130   Section        0  main.o(.text)
    update_profile_data                      0x1000189d   Thumb Code    84  main.o(.text)
    .text                                    0x10002898   Section        0  rom.o(.text)
    AttReadByGroupTypeRsp                    0x1000303b   Thumb Code   326  rom.o(.text)
    AttReadByTypeServiceRsp                  0x10003181   Thumb Code   234  rom.o(.text)
    AttReadByTypeChartRsp                    0x1000326b   Thumb Code   286  rom.o(.text)
    AttReadByTypeValRsp                      0x10003389   Thumb Code   462  rom.o(.text)
    AttReadByTypeReq                         0x10003557   Thumb Code   122  rom.o(.text)
    FW_Encrypt_Packet                        0x100035d1   Thumb Code   314  rom.o(.text)
    Get_OVER_SLPTH                           0x1000370b   Thumb Code    42  rom.o(.text)
    LLENCReq                                 0x10003a4f   Thumb Code   526  rom.o(.text)
    LLTxStartENCRsp                          0x10003c5d   Thumb Code   500  rom.o(.text)
    _LCRxPkt_Handler                         0x100044f5   Thumb Code   560  rom.o(.text)
    _BBRXFIFO_Coex_Read                      0x10004bd3   Thumb Code    92  rom.o(.text)
    _LCConnEvt_Handler                       0x10004c2f   Thumb Code    68  rom.o(.text)
    LinkWakeup                               0x10004c73   Thumb Code   100  rom.o(.text)
    .text                                    0x10004cf4   Section        0  pmu.o(.text)
    .text                                    0x10004ea0   Section        0  aec-ccm.o(.text)
    ctr_next_ctr_block                       0x10004ea1   Thumb Code    66  aec-ccm.o(.text)
    cbcmac_calc                              0x10004ee3   Thumb Code   318  aec-ccm.o(.text)
    cbcmac_verify                            0x10005021   Thumb Code   344  aec-ccm.o(.text)
    ctr_payload                              0x10005179   Thumb Code   112  aec-ccm.o(.text)
    ctr_mic                                  0x100051e9   Thumb Code    86  aec-ccm.o(.text)
    cbcmac_clear                             0x100053e7   Thumb Code    12  aec-ccm.o(.text)
    cbcmac_append                            0x100053f3   Thumb Code    42  aec-ccm.o(.text)
    .text                                    0x10005420   Section        0  aes.o(.text)
    expandKey                                0x10005421   Thumb Code   186  aes.o(.text)
    aes_encr                                 0x100054db   Thumb Code   912  aes.o(.text)
    aes_decr                                 0x1000586b   Thumb Code  1124  aes.o(.text)
    galois_mul2                              0x10005d01   Thumb Code    20  aes.o(.text)
    .text                                    0x10005d14   Section        0  uidiv.o(.text)
    .text                                    0x10005d40   Section        0  idiv.o(.text)
    .text                                    0x10005d68   Section        0  memcpya.o(.text)
    .text                                    0x10005d8c   Section        0  memseta.o(.text)
    .text                                    0x10005db0   Section        0  memcmp.o(.text)
    .text                                    0x10005dca   Section        0  uread4.o(.text)
    .text                                    0x10005dde   Section        0  uwrite4.o(.text)
    .text                                    0x10005df0   Section        0  fadd.o(.text)
    .text                                    0x10005ea4   Section        0  dadd.o(.text)
    .text                                    0x10006008   Section        0  dmul.o(.text)
    .text                                    0x100060d8   Section        0  ddiv.o(.text)
    .text                                    0x100061c8   Section        0  ffltui.o(.text)
    .text                                    0x100061d8   Section        0  dflti.o(.text)
    .text                                    0x10006200   Section        0  dfltui.o(.text)
    .text                                    0x1000621c   Section        0  dfixui.o(.text)
    .text                                    0x10006258   Section        0  f2d.o(.text)
    .text                                    0x10006280   Section        0  uldiv.o(.text)
    .text                                    0x100062e0   Section        0  llshl.o(.text)
    .text                                    0x10006300   Section        0  llushr.o(.text)
    .text                                    0x10006322   Section        0  llsshr.o(.text)
    .text                                    0x10006348   Section        0  fepilogue.o(.text)
    .text                                    0x10006348   Section        0  iusefp.o(.text)
    .text                                    0x100063ca   Section        0  depilogue.o(.text)
    .text                                    0x10006488   Section        0  dfixul.o(.text)
    .text                                    0x100064c8   Section       40  cdrcmple.o(.text)
    .text                                    0x100064f0   Section       36  init.o(.text)
    .text                                    0x10006514   Section        0  __dczerorl2.o(.text)
    PMU                                      0x1000656c   Section        0  pmu.o(PMU)
    i.__0vsprintf                            0x100065b8   Section        0  printfa.o(i.__0vsprintf)
    i.__ARM_clz                              0x100065dc   Section        0  depilogue.o(i.__ARM_clz)
    i.__ARM_common_switch8                   0x1000660a   Section        0  main.o(i.__ARM_common_switch8)
    i.__scatterload_copy                     0x10006624   Section       14  handlers.o(i.__scatterload_copy)
    i.__scatterload_null                     0x10006632   Section        2  handlers.o(i.__scatterload_null)
    i.__scatterload_zeroinit                 0x10006634   Section       14  handlers.o(i.__scatterload_zeroinit)
    i._fp_digits                             0x10006644   Section        0  printfa.o(i._fp_digits)
    _fp_digits                               0x10006645   Thumb Code   316  printfa.o(i._fp_digits)
    i._printf_core                           0x1000679c   Section        0  printfa.o(i._printf_core)
    _printf_core                             0x1000679d   Thumb Code  1754  printfa.o(i._printf_core)
    i._printf_post_padding                   0x10006e88   Section        0  printfa.o(i._printf_post_padding)
    _printf_post_padding                     0x10006e89   Thumb Code    32  printfa.o(i._printf_post_padding)
    i._printf_pre_padding                    0x10006ea8   Section        0  printfa.o(i._printf_pre_padding)
    _printf_pre_padding                      0x10006ea9   Thumb Code    44  printfa.o(i._printf_pre_padding)
    i._sputc                                 0x10006ed4   Section        0  printfa.o(i._sputc)
    _sputc                                   0x10006ed5   Thumb Code    10  printfa.o(i._sputc)
    .constdata                               0x10006ede   Section       50  rom.o(.constdata)
    _smp_key_                                0x10006ede   Data          25  rom.o(.constdata)
    _smp_sc_key_                             0x10006ef7   Data          25  rom.o(.constdata)
    .constdata                               0x10006f10   Section       32  pmu.o(.constdata)
    delay_table                              0x10006f10   Data          32  pmu.o(.constdata)
    .constdata                               0x10006f30   Section      523  aes.o(.constdata)
    sbox                                     0x10006f30   Data         256  aes.o(.constdata)
    rsbox                                    0x10007030   Data         256  aes.o(.constdata)
    Rcon                                     0x10007130   Data          11  aes.o(.constdata)
    .data                                    0x20000000   Section        1  main.o(.data)
    record_status                            0x20000000   Data           1  main.o(.data)
    .data                                    0x20000004   Section        9  pdm_module.o(.data)
    .data                                    0x20000010   Section      424  adpcm.o(.data)
    indexTable                               0x20000014   Data          64  adpcm.o(.data)
    stepsizeTable                            0x20000054   Data         356  adpcm.o(.data)
    .data                                    0x200001b8   Section       12  gpio.o(.data)
    GPIO_CTRL                                0x200001b8   Data           8  gpio.o(.data)
    gpio_callback                            0x200001c0   Data           4  gpio.o(.data)
    .data                                    0x200001c4   Section        8  pad_mux_ctrl.o(.data)
    pad                                      0x200001c4   Data           8  pad_mux_ctrl.o(.data)
    .data                                    0x200001cc   Section        8  uart.o(.data)
    .data                                    0x200001d4   Section        6  pdm.o(.data)
    irq_cb                                   0x200001d4   Data           4  pdm.o(.data)
    sw_gain                                  0x200001d8   Data           2  pdm.o(.data)
    .data                                    0x200001dc   Section        8  debug.o(.data)
    UART_CTRL                                0x200001dc   Data           8  debug.o(.data)
    .data                                    0x200001e4   Section        4  system_armcm0.o(.data)
    .data                                    0x200001e8   Section       20  main.o(.data)
    syd_confirm                              0x200001e8   Data           1  main.o(.data)
    sched_execute_mask                       0x200001e9   Data           1  main.o(.data)
    profile_to_flash                         0x200001ea   Data           1  main.o(.data)
    profile_update_offset                    0x200001ec   Data           2  main.o(.data)
    PMU_CTRL                                 0x200001f0   Data           4  main.o(.data)
    p_sched_callback                         0x200001f4   Data           4  main.o(.data)
    .data                                    0x200001fc   Section      111  rom.o(.data)
    NumericYesOrNo                           0x200001fc   Data           1  rom.o(.data)
    MCUFreq                                  0x200001fd   Data           1  rom.o(.data)
    coex_evt_mask_sleep                      0x20000201   Data           1  rom.o(.data)
    passkey_cnt                              0x20000218   Data           4  rom.o(.data)
    passkey_value                            0x2000021c   Data           4  rom.o(.data)
    save_device_to_flash                     0x20000220   Data           4  rom.o(.data)
    ReadRsp                                  0x20000224   Data           4  rom.o(.data)
    ReadRspLen                               0x20000228   Data           4  rom.o(.data)
    ReadRspData                              0x2000022c   Data           4  rom.o(.data)
    IRQCallbackHook                          0x20000230   Data           4  rom.o(.data)
    IRQCallbackSkip                          0x20000234   Data           4  rom.o(.data)
    HCIDTM                                   0x20000238   Data           4  rom.o(.data)
    ACLTx                                    0x2000023c   Data           4  rom.o(.data)
    ble_data                                 0x2000024c   Data           4  rom.o(.data)
    .data                                    0x2000026c   Section        4  pmu.o(.data)
    lclink                                   0x2000026c   Data           4  pmu.o(.data)
    .bss                                     0x20000270   Section     1080  pdm_module.o(.bss)
    .bss                                     0x200006a8   Section     1056  uart.o(.bss)
    .bss                                     0x20000ac8   Section      128  debug.o(.bss)
    s_formatBuffer                           0x20000ac8   Data         128  debug.o(.bss)
    .bss                                     0x20000b48   Section     4173  main.o(.bss)
    confirmation_list                        0x20001b48   Data          62  main.o(.bss)
    .bss                                     0x20001b98   Section     1055  rom.o(.bss)
    .bss                                     0x20001fb7   Section       16  aec-ccm.o(.bss)
    cbcmac_xor                               0x20001fb7   Data          16  aec-ccm.o(.bss)
    STACK                                    0x20001fc8   Section     1024  startup_armcm0.o(STACK)

    Global Symbols

    Symbol Name                              Value     Ov Type        Size  Object(Section)

    BuildAttributes$$THM_ISAv3M$S$PE$A:L22$X:L11$S22$IEEE1$IW$USESV6$~STKCKD$USESV7$~SHL$OTIME$ROPI$EBA8$MICROLIB$REQ8$EABIv2 0x00000000   Number         0  anon$$obj.o ABSOLUTE
    __ARM_use_no_argv                        0x00000000   Number         0  main.o ABSOLUTE
    __cpp_initialize__aeabi_                  - Undefined Weak Reference
    __cxa_finalize                            - Undefined Weak Reference
    _clock_init                               - Undefined Weak Reference
    _microlib_exit                            - Undefined Weak Reference
    __Vectors_Size                           0x000000c0   Number         0  startup_armcm0.o ABSOLUTE
    __Vectors                                0x10000000   Data           4  startup_armcm0.o(RESET)
    __Vectors_End                            0x100000c0   Data           0  startup_armcm0.o(RESET)
    __main                                   0x100000c1   Thumb Code     0  entry.o(.ARM.Collect$$$$00000000)
    _main_stk                                0x100000c1   Thumb Code     0  entry2.o(.ARM.Collect$$$$00000001)
    _main_scatterload                        0x100000c5   Thumb Code     0  entry5.o(.ARM.Collect$$$$00000004)
    __main_after_scatterload                 0x100000c9   Thumb Code     0  entry5.o(.ARM.Collect$$$$00000004)
    _main_clock                              0x100000c9   Thumb Code     0  entry7b.o(.ARM.Collect$$$$00000008)
    _main_cpp_init                           0x100000c9   Thumb Code     0  entry8b.o(.ARM.Collect$$$$0000000A)
    _main_init                               0x100000c9   Thumb Code     0  entry9a.o(.ARM.Collect$$$$0000000B)
    __rt_final_cpp                           0x100000d1   Thumb Code     0  entry10a.o(.ARM.Collect$$$$0000000D)
    __rt_final_exit                          0x100000d1   Thumb Code     0  entry11a.o(.ARM.Collect$$$$0000000F)
    B01_correct_TXPacket_length              0x100000d5   Thumb Code     6  rom.o(.emb_text)
    main                                     0x100000dd   Thumb Code   272  main.o(.text)
    pdm_module_init                          0x10000251   Thumb Code   178  pdm_module.o(.text)
    start_record                             0x10000303   Thumb Code    22  pdm_module.o(.text)
    stop_record                              0x10000319   Thumb Code    14  pdm_module.o(.text)
    Adpcm_encode                             0x1000034d   Thumb Code   270  adpcm.o(.text)
    Adpcm_decode                             0x1000045b   Thumb Code   222  adpcm.o(.text)
    gpi_irq_set_cb                           0x10000545   Thumb Code     6  gpio.o(.text)
    gpi_config                               0x1000054b   Thumb Code   114  gpio.o(.text)
    pad_input_configure                      0x100005bd   Thumb Code    94  gpio.o(.text)
    gpo_config                               0x1000061b   Thumb Code    90  gpio.o(.text)
    gpo_toggle                               0x10000675   Thumb Code    42  gpio.o(.text)
    gpo_set                                  0x1000069f   Thumb Code    42  gpio.o(.text)
    gpo_clr                                  0x100006c9   Thumb Code    42  gpio.o(.text)
    gpi_get_val                              0x100006f3   Thumb Code    70  gpio.o(.text)
    gpi_enable_int                           0x10000739   Thumb Code   162  gpio.o(.text)
    gpi_disable_int                          0x100007db   Thumb Code    44  gpio.o(.text)
    GPIO_IRQHandler                          0x10000807   Thumb Code   134  gpio.o(.text)
    delay_ms                                 0x1000089d   Thumb Code    30  delay.o(.text)
    delay_us                                 0x100008bb   Thumb Code    26  delay.o(.text)
    pad_mux_read                             0x100008d5   Thumb Code    62  pad_mux_ctrl.o(.text)
    pad_mux_write                            0x10000913   Thumb Code    78  pad_mux_ctrl.o(.text)
    uart_0_init                              0x10000965   Thumb Code   134  uart.o(.text)
    UART0_IRQHandler                         0x100009eb   Thumb Code    58  uart.o(.text)
    uart_1_init                              0x10000a25   Thumb Code   112  uart.o(.text)
    UART1_IRQHandler                         0x10000a95   Thumb Code    60  uart.o(.text)
    uart_write                               0x10000ad1   Thumb Code    80  uart.o(.text)
    uart_read                                0x10000b21   Thumb Code    20  uart.o(.text)
    uart_queue_size                          0x10000b35   Thumb Code    56  uart.o(.text)
    uart_get_ctrl                            0x10000b6d   Thumb Code    18  uart.o(.text)
    queue_init                               0x10000bb5   Thumb Code    12  queue.o(.text)
    queue_reset                              0x10000bc1   Thumb Code     6  queue.o(.text)
    enqueue_all                              0x10000bc7   Thumb Code    94  queue.o(.text)
    enqueue                                  0x10000c25   Thumb Code    28  queue.o(.text)
    dequeue                                  0x10000c41   Thumb Code    42  queue.o(.text)
    is_queue_empty                           0x10000c6b   Thumb Code    18  queue.o(.text)
    queue_size                               0x10000c7d   Thumb Code    24  queue.o(.text)
    PDM_IRQHandler                           0x10000c95   Thumb Code    26  pdm.o(.text)
    pdm_set_irq_callback                     0x10000caf   Thumb Code     6  pdm.o(.text)
    pdm_enable_int                           0x10000cb5   Thumb Code    10  pdm.o(.text)
    pdm_start                                0x10000cbf   Thumb Code    28  pdm.o(.text)
    pdm_stop                                 0x10000cdb   Thumb Code    26  pdm.o(.text)
    pdm_set_DMA                              0x10000cf5   Thumb Code    88  pdm.o(.text)
    pdm_set_channel                          0x10000d4d   Thumb Code    22  pdm.o(.text)
    pdm_set_sample_width                     0x10000d63   Thumb Code    22  pdm.o(.text)
    pdm_set_clk                              0x10000d79   Thumb Code    22  pdm.o(.text)
    pdm_set_sample_rate                      0x10000d8f   Thumb Code    20  pdm.o(.text)
    pdm_set_sample_trigger                   0x10000da3   Thumb Code    22  pdm.o(.text)
    pdm_set_dc_mode                          0x10000db9   Thumb Code    78  pdm.o(.text)
    pdm_software_scaling                     0x10000e07   Thumb Code    26  pdm.o(.text)
    pdm_get_sw_gain                          0x10000e21   Thumb Code    18  pdm.o(.text)
    pdm_set_gain                             0x10000e49   Thumb Code    80  pdm.o(.text)
    pdm_enable_amic                          0x10000e99   Thumb Code    36  pdm.o(.text)
    pdm_enable_amic_i2s                      0x10000ebd   Thumb Code    36  pdm.o(.text)
    pdm_is_enable                            0x10000ee1   Thumb Code    10  pdm.o(.text)
    dbg_init                                 0x10000fe5   Thumb Code    12  debug.o(.text)
    dbg_printf                               0x10000ff1   Thumb Code    60  debug.o(.text)
    dbg_printf_sel                           0x1000102d   Thumb Code    62  debug.o(.text)
    dbg_hexdump                              0x1000106b   Thumb Code   108  debug.o(.text)
    Reset_Handler                            0x100010fd   Thumb Code     8  startup_armcm0.o(.text)
    NMI_Handler                              0x10001105   Thumb Code     2  startup_armcm0.o(.text)
    HardFault_Handler                        0x10001107   Thumb Code     2  startup_armcm0.o(.text)
    SVC_Handler                              0x10001109   Thumb Code     2  startup_armcm0.o(.text)
    PendSV_Handler                           0x1000110b   Thumb Code     2  startup_armcm0.o(.text)
    SysTick_Handler                          0x1000110d   Thumb Code     2  startup_armcm0.o(.text)
    CAPDET_IRQHandler                        0x1000110f   Thumb Code     0  startup_armcm0.o(.text)
    GPADC_IRQHandler                         0x1000110f   Thumb Code     0  startup_armcm0.o(.text)
    I2CM0_IRQHandler                         0x1000110f   Thumb Code     0  startup_armcm0.o(.text)
    I2CM1_IRQHandler                         0x1000110f   Thumb Code     0  startup_armcm0.o(.text)
    I2CS_IRQHandler                          0x1000110f   Thumb Code     0  startup_armcm0.o(.text)
    I2S_IRQHandler                           0x1000110f   Thumb Code     0  startup_armcm0.o(.text)
    INTCOMB_IRQHandler                       0x1000110f   Thumb Code     0  startup_armcm0.o(.text)
    IR_IRQHandler                            0x1000110f   Thumb Code     0  startup_armcm0.o(.text)
    ISO_7816_IRQHandler                      0x1000110f   Thumb Code     0  startup_armcm0.o(.text)
    LLC2_IRQHandler                          0x1000110f   Thumb Code     0  startup_armcm0.o(.text)
    LLC3_IRQHandler                          0x1000110f   Thumb Code     0  startup_armcm0.o(.text)
    M2M_IRQHandler                           0x1000110f   Thumb Code     0  startup_armcm0.o(.text)
    PWM1_IRQHandler                          0x1000110f   Thumb Code     0  startup_armcm0.o(.text)
    PWM2_IRQHandler                          0x1000110f   Thumb Code     0  startup_armcm0.o(.text)
    PWM3_IRQHandler                          0x1000110f   Thumb Code     0  startup_armcm0.o(.text)
    RTC_IRQHandler                           0x1000110f   Thumb Code     0  startup_armcm0.o(.text)
    SPIM_IRQHandler                          0x1000110f   Thumb Code     0  startup_armcm0.o(.text)
    SPIS_IRQHandler                          0x1000110f   Thumb Code     0  startup_armcm0.o(.text)
    SW_IRQHandler                            0x1000110f   Thumb Code     0  startup_armcm0.o(.text)
    TIMER0_IRQHandler                        0x1000110f   Thumb Code     0  startup_armcm0.o(.text)
    TIMER1_IRQHandler                        0x1000110f   Thumb Code     0  startup_armcm0.o(.text)
    TIMER2_IRQHandler                        0x1000110f   Thumb Code     0  startup_armcm0.o(.text)
    TIMER3_IRQHandler                        0x1000110f   Thumb Code     0  startup_armcm0.o(.text)
    TIMER4_IRQHandler                        0x1000110f   Thumb Code     0  startup_armcm0.o(.text)
    TRNG_IRQHandler                          0x1000110f   Thumb Code     0  startup_armcm0.o(.text)
    UART2_IRQHandler                         0x1000110f   Thumb Code     0  startup_armcm0.o(.text)
    WDT_IRQHandler                           0x1000110f   Thumb Code     0  startup_armcm0.o(.text)
    SystemCoreClockUpdate                    0x10001119   Thumb Code     8  system_armcm0.o(.text)
    SystemInit                               0x10001121   Thumb Code     8  system_armcm0.o(.text)
    sw_timer_update_callback                 0x10001131   Thumb Code    20  main.o(.text)
    gap_s_ble_init                           0x10001145   Thumb Code    18  main.o(.text)
    gap_s_disconnect                         0x10001157   Thumb Code     8  main.o(.text)
    gap_s_validate_irk                       0x1000115f   Thumb Code     6  main.o(.text)
    gap_s_ble_gen_random_private_address     0x10001165   Thumb Code     6  main.o(.text)
    gap_s_ble_address_set                    0x1000116b   Thumb Code     6  main.o(.text)
    gap_s_ble_address_get                    0x10001171   Thumb Code     4  main.o(.text)
    gap_s_ble_feature_set                    0x10001175   Thumb Code     6  main.o(.text)
    gap_s_ble_feature_get                    0x1000117b   Thumb Code     6  main.o(.text)
    gap_s_ble_slave_feature_set              0x10001181   Thumb Code     6  main.o(.text)
    gap_s_ble_slave_feature_get              0x10001187   Thumb Code     6  main.o(.text)
    gap_s_adv_access_code_set                0x1000118d   Thumb Code     6  main.o(.text)
    gap_s_adv_access_code_get                0x10001193   Thumb Code     6  main.o(.text)
    gap_s_adv_parameters_set                 0x10001199   Thumb Code     6  main.o(.text)
    gap_s_adv_data_set                       0x1000119f   Thumb Code    10  main.o(.text)
    gap_s_adv_start                          0x100011a9   Thumb Code     6  main.o(.text)
    gap_s_adv_stop                           0x100011af   Thumb Code     4  main.o(.text)
    gap_s_adv_start_powersaving              0x100011b3   Thumb Code   610  main.o(.text)
    gap_s_adv_stop_powersaving               0x10001415   Thumb Code    32  main.o(.text)
    gap_s_scan_parameters_set                0x10001435   Thumb Code     6  main.o(.text)
    gap_s_scan_start                         0x1000143b   Thumb Code     6  main.o(.text)
    gap_s_scan_stop                          0x10001441   Thumb Code     4  main.o(.text)
    gap_s_coex_adv_data_set                  0x10001445   Thumb Code    14  main.o(.text)
    gap_s_coex_scan_rsp_data_set             0x10001453   Thumb Code    12  main.o(.text)
    gap_s_coex_adv_start                     0x1000145f   Thumb Code     8  main.o(.text)
    gap_s_coex_adv_stop                      0x10001467   Thumb Code     8  main.o(.text)
    gap_s_coex_scan_req_data_set             0x1000146f   Thumb Code     6  main.o(.text)
    gap_s_coex_scan_start                    0x10001475   Thumb Code     4  main.o(.text)
    gap_s_coex_scan_stop                     0x10001479   Thumb Code     6  main.o(.text)
    gap_s_gatt_profiles_set                  0x1000147f   Thumb Code     6  main.o(.text)
    gap_s_security_parameters_set            0x10001485   Thumb Code     6  main.o(.text)
    gap_s_security_parameters_get            0x1000148b   Thumb Code     6  main.o(.text)
    gap_s_security_req                       0x10001491   Thumb Code     6  main.o(.text)
    gap_s_numeric_comrison                   0x10001497   Thumb Code     8  main.o(.text)
    gap_s_connection_param_set               0x1000149f   Thumb Code     6  main.o(.text)
    gap_s_connection_param_get               0x100014a5   Thumb Code     4  main.o(.text)
    gap_s_connection_update                  0x100014a9   Thumb Code     6  main.o(.text)
    gap_s_link_parameters_get                0x100014af   Thumb Code     6  main.o(.text)
    gap_s_passkey_set                        0x100014b5   Thumb Code     8  main.o(.text)
    gap_s_connection_latency_mode            0x100014bd   Thumb Code     8  main.o(.text)
    gap_s_check_fifo_sz                      0x100014c5   Thumb Code     6  main.o(.text)
    BBCheckTXFIFOEmpty                       0x100014cb   Thumb Code    12  main.o(.text)
    sw_timer_latency_callback                0x100014d7   Thumb Code   138  main.o(.text)
    smart_latency_start                      0x10001561   Thumb Code   186  main.o(.text)
    smart_latency_clear                      0x1000161b   Thumb Code    12  main.o(.text)
    gap_evt_Callback                         0x10001627   Thumb Code   332  main.o(.text)
    gap_s_evt_handler_set                    0x10001773   Thumb Code    32  main.o(.text)
    gap_s_att_c_evt_handler_set              0x10001793   Thumb Code     6  main.o(.text)
    gap_s_gatt_report_handle_get             0x10001799   Thumb Code     6  main.o(.text)
    gap_s_gatt_read_rsp_set                  0x1000179f   Thumb Code     6  main.o(.text)
    gap_s_gatt_write_err_rsp_set             0x100017a5   Thumb Code     6  main.o(.text)
    indicate_queue_size                      0x100017ab   Thumb Code    26  main.o(.text)
    sw_indicate_timer_callback               0x100017c5   Thumb Code    22  main.o(.text)
    gap_s_gatt_data_send                     0x100017db   Thumb Code    38  main.o(.text)
    gap_s_gatt_data_send_report_confirmation_handle 0x10001801   Thumb Code   112  main.o(.text)
    gap_s_profile_data_read                  0x10001871   Thumb Code    44  main.o(.text)
    gap_s_profile_data_write                 0x100018f1   Thumb Code   212  main.o(.text)
    att_c_mtureq                             0x100019c5   Thumb Code     4  main.o(.text)
    att_c_findinforeq                        0x100019c9   Thumb Code     6  main.o(.text)
    att_c_findbytypevaluereq                 0x100019cf   Thumb Code    14  main.o(.text)
    att_c_readbytypereq                      0x100019dd   Thumb Code    12  main.o(.text)
    att_c_readreq                            0x100019e9   Thumb Code     6  main.o(.text)
    att_c_readblobreq                        0x100019ef   Thumb Code     6  main.o(.text)
    att_c_readmultiplereq                    0x100019f5   Thumb Code     6  main.o(.text)
    att_c_readbygrouptypereq                 0x100019fb   Thumb Code    12  main.o(.text)
    att_c_writereq                           0x10001a07   Thumb Code     6  main.o(.text)
    att_c_writecmdreq                        0x10001a0d   Thumb Code     6  main.o(.text)
    att_c_preparewritereq                    0x10001a13   Thumb Code    12  main.o(.text)
    att_c_executewritereq                    0x10001a1f   Thumb Code     6  main.o(.text)
    att_c_confirmation                       0x10001a25   Thumb Code     6  main.o(.text)
    bm_s_bond_manager_idx_set                0x10001a2b   Thumb Code     6  main.o(.text)
    bm_s_bond_manager_idx_get                0x10001a31   Thumb Code     4  main.o(.text)
    bm_s_bond_info_get                       0x10001a35   Thumb Code     6  main.o(.text)
    bm_s_bond_info_add                       0x10001a3b   Thumb Code     6  main.o(.text)
    bm_s_bond_info_delete_all                0x10001a41   Thumb Code     6  main.o(.text)
    bm_s_bond_info_delete                    0x10001a47   Thumb Code     6  main.o(.text)
    ecdh_public_key_get                      0x10001a4d   Thumb Code     4  main.o(.text)
    sys_mcu_clock_get                        0x10001a51   Thumb Code     6  main.o(.text)
    sys_mcu_clock_set                        0x10001a57   Thumb Code     8  main.o(.text)
    sys_mcu_clock_div_set                    0x10001a5f   Thumb Code     6  main.o(.text)
    sys_mcu_clock_div_get                    0x10001a65   Thumb Code     6  main.o(.text)
    sys_32k_clock_get                        0x10001a6b   Thumb Code     6  main.o(.text)
    sys_32k_clock_set                        0x10001a71   Thumb Code     8  main.o(.text)
    pmu_32m_xo_on                            0x10001a79   Thumb Code     4  main.o(.text)
    sys_32k_lpo_calibration                  0x10001a7d   Thumb Code    66  main.o(.text)
    sys_mcu_rc_calibration                   0x10001abf   Thumb Code     8  main.o(.text)
    pmu_32m_xo_off                           0x10001ac7   Thumb Code     6  main.o(.text)
    BBRFWrite                                0x10001acd   Thumb Code     4  main.o(.text)
    BBRFRead                                 0x10001ad1   Thumb Code     6  main.o(.text)
    sys_mcu_rc_calibrationHF                 0x10001ad7   Thumb Code    82  main.o(.text)
    pmu_wakeup_config                        0x10001b29   Thumb Code     6  main.o(.text)
    pmu_power_saving                         0x10001b2f   Thumb Code    10  main.o(.text)
    pmu_mcu_off                              0x10001b39   Thumb Code     6  main.o(.text)
    pmu_system_off                           0x10001b3f   Thumb Code     6  main.o(.text)
    pmu_reset                                0x10001b45   Thumb Code     6  main.o(.text)
    pmu_system_reset                         0x10001b4b   Thumb Code     6  main.o(.text)
    pmu_mcu_reset                            0x10001b51   Thumb Code     6  main.o(.text)
    pmu_32m_xo_on_polling                    0x10001b57   Thumb Code    18  main.o(.text)
    _enable_sw_ccm                           0x10001b69   Thumb Code     6  main.o(.text)
    ota_code_erase                           0x10001b6f   Thumb Code   344  main.o(.text)
    ota_code_write                           0x10001cc7   Thumb Code     6  main.o(.text)
    ota_code_read                            0x10001ccd   Thumb Code     4  main.o(.text)
    ota_code_info_read                       0x10001cd1   Thumb Code    12  main.o(.text)
    ota_code_update                          0x10001cdd   Thumb Code    10  main.o(.text)
    ble_sched_execute                        0x10001ce7   Thumb Code   250  main.o(.text)
    sys_rc_get                               0x10001de1   Thumb Code     4  main.o(.text)
    sys_fclk_get                             0x10001de5   Thumb Code     6  main.o(.text)
    sys_pclk_get                             0x10001deb   Thumb Code     6  main.o(.text)
    sys_sclk_get                             0x10001df1   Thumb Code     6  main.o(.text)
    sys_hclk_get                             0x10001df7   Thumb Code     6  main.o(.text)
    gpadc_init                               0x10001dfd   Thumb Code    22  main.o(.text)
    pdm_set_amic_gain                        0x10001e13   Thumb Code    58  main.o(.text)
    att_c_get_mtu_size                       0x10001e4d   Thumb Code    18  main.o(.text)
    capdet_set_bias                          0x10001e5f   Thumb Code    56  main.o(.text)
    capdet_get_bias                          0x10001e97   Thumb Code    40  main.o(.text)
    module_clock_off                         0x10001ebf   Thumb Code    14  main.o(.text)
    module_clock_on                          0x10001ecd   Thumb Code    14  main.o(.text)
    ll_length_req                            0x10001edb   Thumb Code    24  main.o(.text)
    get_pmu_reset_type                       0x10001ef3   Thumb Code     4  main.o(.text)
    reset_module                             0x10001ef7   Thumb Code    36  main.o(.text)
    SystemSleep                              0x10001f1b   Thumb Code    50  main.o(.text)
    ble_flash_authority                      0x10001f4d   Thumb Code    88  main.o(.text)
    ble_flash_erase                          0x10001fa5   Thumb Code    12  main.o(.text)
    ble_flash_read                           0x10001fb1   Thumb Code    32  main.o(.text)
    ble_flash_write                          0x10001fd1   Thumb Code    14  main.o(.text)
    ble_flash_write_burst                    0x10001fdf   Thumb Code    14  main.o(.text)
    _checksum_cache_496kb                    0x10001fed   Thumb Code   110  main.o(.text)
    ota_code_update_496kb                    0x1000205b   Thumb Code   204  main.o(.text)
    gap_s_smart_update_latency               0x10002127   Thumb Code   370  main.o(.text)
    smart_update_latency_updatareq           0x10002299   Thumb Code   298  main.o(.text)
    syd8821_chip_confirm                     0x100023c3   Thumb Code    24  main.o(.text)
    APPtimer_enable                          0x100023db   Thumb Code    26  main.o(.text)
    APPtimer_disable                         0x100023f5   Thumb Code    24  main.o(.text)
    sched_callback_enable                    0x1000240d   Thumb Code    26  main.o(.text)
    gap_s_adv_state_get                      0x10002427   Thumb Code     8  main.o(.text)
    gap_s_att_mtu_get                        0x1000242f   Thumb Code    18  main.o(.text)
    ble_SetTxPower                           0x10002441   Thumb Code   470  main.o(.text)
    ll_set_replying_packet_timer             0x10002617   Thumb Code    10  main.o(.text)
    amic_set_bias                            0x10002621   Thumb Code   124  main.o(.text)
    gap_s_verdor_datas_get                   0x1000269d   Thumb Code    26  main.o(.text)
    gap_s_verdor_datas_set                   0x100026b7   Thumb Code    78  main.o(.text)
    systemtick_delay                         0x10002705   Thumb Code    34  main.o(.text)
    Setting4kUpdate                          0x10002727   Thumb Code   136  main.o(.text)
    SetDevAddr_toflash                       0x100027af   Thumb Code    72  main.o(.text)
    flash_peotect_key_confirm                0x100027f7   Thumb Code   126  main.o(.text)
    Confirm_NumericComrison                  0x10002899   Thumb Code    12  rom.o(.text)
    SmpRxPairingConfirm                      0x100028a5   Thumb Code   210  rom.o(.text)
    SmpRxPairingRandom                       0x10002977   Thumb Code   652  rom.o(.text)
    SmpPairingReq                            0x10002c03   Thumb Code   450  rom.o(.text)
    SmpPairingPublicKey                      0x10002dc5   Thumb Code   146  rom.o(.text)
    SmpPasskeyEntry                          0x10002e57   Thumb Code   226  rom.o(.text)
    PreCkQueSz                               0x10002f39   Thumb Code   146  rom.o(.text)
    AttNotify                                0x10002fcb   Thumb Code    56  rom.o(.text)
    AttIndication                            0x10003003   Thumb Code    56  rom.o(.text)
    HW_LLC_Sleep_WorkAround                  0x10003735   Thumb Code    54  rom.o(.text)
    HW_WindowOffsetWorkAround                0x1000376b   Thumb Code    68  rom.o(.text)
    LLLengthRsp                              0x100037af   Thumb Code   194  rom.o(.text)
    LLLengthReq                              0x10003871   Thumb Code   300  rom.o(.text)
    rvereseArray                             0x1000399d   Thumb Code    26  rom.o(.text)
    LLStartENCReq                            0x100039b7   Thumb Code   152  rom.o(.text)
    LLRxStartENCRsp                          0x10003e51   Thumb Code     2  rom.o(.text)
    Protocol_Hook_Callback                   0x10003e53   Thumb Code   374  rom.o(.text)
    B01_Hook_Callback                        0x10003fc9   Thumb Code    44  rom.o(.text)
    _rom_init                                0x10003ff5   Thumb Code    78  rom.o(.text)
    LLTerminateReq                           0x10004043   Thumb Code   120  rom.o(.text)
    _rom_gap_s_disconnect                    0x100040bb   Thumb Code    32  rom.o(.text)
    _rom_sys_32k_lpo_calibration             0x100040db   Thumb Code   134  rom.o(.text)
    _sys_32k_lpo_calibration                 0x10004161   Thumb Code   136  rom.o(.text)
    _rom_sys_32k_clock_set                   0x100041e9   Thumb Code   118  rom.o(.text)
    _rom_gap_s_gatt_data_send                0x1000425f   Thumb Code    72  rom.o(.text)
    _rom_gap_s_coex_adv_start                0x100042a7   Thumb Code    56  rom.o(.text)
    _rom_gap_s_coex_adv_stop                 0x100042df   Thumb Code    40  rom.o(.text)
    BBRXFIFORead                             0x10004307   Thumb Code   494  rom.o(.text)
    LCTxPkt_Handler                          0x10004725   Thumb Code   288  rom.o(.text)
    ConnectionLost                           0x10004845   Thumb Code   122  rom.o(.text)
    LLC_IRQHandler                           0x100048bf   Thumb Code   210  rom.o(.text)
    _sys_mcu_rc_calibration                  0x10004991   Thumb Code    54  rom.o(.text)
    _rom_sys_mcu_clock_div_get               0x100049c7   Thumb Code    12  rom.o(.text)
    _rom_sys_mcu_clock_get                   0x100049d3   Thumb Code     8  rom.o(.text)
    BBMCUClockSel                            0x100049db   Thumb Code   206  rom.o(.text)
    _rom_sys_mcu_clock_set                   0x10004aa9   Thumb Code    14  rom.o(.text)
    _rom_ota_code_erase                      0x10004ab7   Thumb Code   116  rom.o(.text)
    _rom_gap_s_connection_latency_mode       0x10004b2b   Thumb Code   168  rom.o(.text)
    RCOSC_validate                           0x10004cf5   Thumb Code    18  pmu.o(.text)
    syd8821_pmu_power_saving                 0x10004d07   Thumb Code   386  pmu.o(.text)
    aes_ccm_encrypt                          0x1000523f   Thumb Code   114  aec-ccm.o(.text)
    aes_ccm_decrypt                          0x100052b1   Thumb Code   152  aec-ccm.o(.text)
    aes_ccm_verify                           0x10005349   Thumb Code    96  aec-ccm.o(.text)
    CCM_NONCE                                0x100053a9   Thumb Code    62  aec-ccm.o(.text)
    aes_encrypt                              0x10005ccf   Thumb Code    24  aes.o(.text)
    aes_decrypt                              0x10005ce7   Thumb Code    26  aes.o(.text)
    __aeabi_uidiv                            0x10005d15   Thumb Code     0  uidiv.o(.text)
    __aeabi_uidivmod                         0x10005d15   Thumb Code    44  uidiv.o(.text)
    __aeabi_idiv                             0x10005d41   Thumb Code     0  idiv.o(.text)
    __aeabi_idivmod                          0x10005d41   Thumb Code    40  idiv.o(.text)
    __aeabi_memcpy                           0x10005d69   Thumb Code    36  memcpya.o(.text)
    __aeabi_memcpy4                          0x10005d69   Thumb Code     0  memcpya.o(.text)
    __aeabi_memcpy8                          0x10005d69   Thumb Code     0  memcpya.o(.text)
    __aeabi_memset                           0x10005d8d   Thumb Code    14  memseta.o(.text)
    __aeabi_memset4                          0x10005d8d   Thumb Code     0  memseta.o(.text)
    __aeabi_memset8                          0x10005d8d   Thumb Code     0  memseta.o(.text)
    __aeabi_memclr                           0x10005d9b   Thumb Code     4  memseta.o(.text)
    __aeabi_memclr4                          0x10005d9b   Thumb Code     0  memseta.o(.text)
    __aeabi_memclr8                          0x10005d9b   Thumb Code     0  memseta.o(.text)
    _memset$wrapper                          0x10005d9f   Thumb Code    18  memseta.o(.text)
    memcmp                                   0x10005db1   Thumb Code    26  memcmp.o(.text)
    __aeabi_uread4                           0x10005dcb   Thumb Code    20  uread4.o(.text)
    __rt_uread4                              0x10005dcb   Thumb Code     0  uread4.o(.text)
    _uread4                                  0x10005dcb   Thumb Code     0  uread4.o(.text)
    __aeabi_uwrite4                          0x10005ddf   Thumb Code    18  uwrite4.o(.text)
    __rt_uwrite4                             0x10005ddf   Thumb Code     0  uwrite4.o(.text)
    _uwrite4                                 0x10005ddf   Thumb Code     0  uwrite4.o(.text)
    __aeabi_fadd                             0x10005df1   Thumb Code   162  fadd.o(.text)
    __aeabi_fsub                             0x10005e93   Thumb Code     8  fadd.o(.text)
    __aeabi_frsub                            0x10005e9b   Thumb Code     8  fadd.o(.text)
    __aeabi_dadd                             0x10005ea5   Thumb Code   328  dadd.o(.text)
    __aeabi_dsub                             0x10005fed   Thumb Code    12  dadd.o(.text)
    __aeabi_drsub                            0x10005ff9   Thumb Code    12  dadd.o(.text)
    __aeabi_dmul                             0x10006009   Thumb Code   202  dmul.o(.text)
    __aeabi_ddiv                             0x100060d9   Thumb Code   234  ddiv.o(.text)
    __aeabi_ui2f                             0x100061c9   Thumb Code    14  ffltui.o(.text)
    __aeabi_i2d                              0x100061d9   Thumb Code    34  dflti.o(.text)
    __aeabi_ui2d                             0x10006201   Thumb Code    24  dfltui.o(.text)
    __aeabi_d2uiz                            0x1000621d   Thumb Code    50  dfixui.o(.text)
    __aeabi_f2d                              0x10006259   Thumb Code    40  f2d.o(.text)
    __aeabi_uldivmod                         0x10006281   Thumb Code    96  uldiv.o(.text)
    __aeabi_llsl                             0x100062e1   Thumb Code    32  llshl.o(.text)
    _ll_shift_l                              0x100062e1   Thumb Code     0  llshl.o(.text)
    __aeabi_llsr                             0x10006301   Thumb Code    34  llushr.o(.text)
    _ll_ushift_r                             0x10006301   Thumb Code     0  llushr.o(.text)
    __aeabi_lasr                             0x10006323   Thumb Code    38  llsshr.o(.text)
    _ll_sshift_r                             0x10006323   Thumb Code     0  llsshr.o(.text)
    __I$use$fp                               0x10006349   Thumb Code     0  iusefp.o(.text)
    _float_round                             0x10006349   Thumb Code    16  fepilogue.o(.text)
    _float_epilogue                          0x10006359   Thumb Code   114  fepilogue.o(.text)
    _double_round                            0x100063cb   Thumb Code    26  depilogue.o(.text)
    _double_epilogue                         0x100063e5   Thumb Code   164  depilogue.o(.text)
    __aeabi_d2ulz                            0x10006489   Thumb Code    54  dfixul.o(.text)
    __aeabi_cdrcmple                         0x100064c9   Thumb Code    38  cdrcmple.o(.text)
    __scatterload                            0x100064f1   Thumb Code    28  init.o(.text)
    __scatterload_rt2                        0x100064f1   Thumb Code     0  init.o(.text)
    __decompress                             0x10006515   Thumb Code     0  __dczerorl2.o(.text)
    __decompress1                            0x10006515   Thumb Code    86  __dczerorl2.o(.text)
    syd8821_wfi                              0x1000656d   Thumb Code    66  pmu.o(PMU)
    __0vsprintf                              0x100065b9   Thumb Code    30  printfa.o(i.__0vsprintf)
    __1vsprintf                              0x100065b9   Thumb Code     0  printfa.o(i.__0vsprintf)
    __2vsprintf                              0x100065b9   Thumb Code     0  printfa.o(i.__0vsprintf)
    __c89vsprintf                            0x100065b9   Thumb Code     0  printfa.o(i.__0vsprintf)
    vsprintf                                 0x100065b9   Thumb Code     0  printfa.o(i.__0vsprintf)
    __ARM_clz                                0x100065dd   Thumb Code    46  depilogue.o(i.__ARM_clz)
    __ARM_common_switch8                     0x1000660b   Thumb Code    26  main.o(i.__ARM_common_switch8)
    __scatterload_copy                       0x10006625   Thumb Code    14  handlers.o(i.__scatterload_copy)
    __scatterload_null                       0x10006633   Thumb Code     2  handlers.o(i.__scatterload_null)
    __scatterload_zeroinit                   0x10006635   Thumb Code    14  handlers.o(i.__scatterload_zeroinit)
    Region$$Table$$Base                      0x1000713c   Number         0  anon$$obj.o(Region$$Table)
    Region$$Table$$Limit                     0x1000715c   Number         0  anon$$obj.o(Region$$Table)
    pdm_dma_buf_ptr                          0x20000004   Data           4  pdm_module.o(.data)
    pdm_enc_buf_ptr                          0x20000008   Data           4  pdm_module.o(.data)
    pdm_int_flag                             0x2000000c   Data           1  pdm_module.o(.data)
    adpcm_state_encdoe                       0x20000010   Data           4  adpcm.o(.data)
    UART_CTRL                                0x200001cc   Data           8  uart.o(.data)
    SystemCoreClock                          0x200001e4   Data           4  system_armcm0.o(.data)
    app_gap_evt_callback                     0x200001f8   Data           4  main.o(.data)
    enable_sw_ccm                            0x200001fe   Data           1  rom.o(.data)
    using_oob                                0x200001ff   Data           1  rom.o(.data)
    using_numeric_compairison                0x20000200   Data           1  rom.o(.data)
    LL_Header                                0x20000202   Data           1  rom.o(.data)
    isStartLlid                              0x20000203   Data           1  rom.o(.data)
    LL_Header_len                            0x20000204   Data           2  rom.o(.data)
    BB_CTRL                                  0x20000208   Data           4  rom.o(.data)
    flash_hdr                                0x2000020c   Data           4  rom.o(.data)
    lclink                                   0x20000210   Data           4  rom.o(.data)
    txpdu                                    0x20000214   Data           4  rom.o(.data)
    flash                                    0x20000240   Data           4  rom.o(.data)
    mic_len                                  0x20000244   Data           4  rom.o(.data)
    l2capTmpBuf                              0x20000248   Data           4  rom.o(.data)
    warning_report_evt                       0x20000250   Data           5  rom.o(.data)
    att_handle_config_evt                    0x20000255   Data           6  rom.o(.data)
    RxCounter                                0x2000025b   Data           8  rom.o(.data)
    TxCounter                                0x20000263   Data           8  rom.o(.data)
    pcm_buf                                  0x20000270   Data         960  pdm_module.o(.bss)
    enc_buf                                  0x20000630   Data         120  pdm_module.o(.bss)
    rx_queue                                 0x200006a8   Data          32  uart.o(.bss)
    rx_buf                                   0x200006c8   Data        1024  uart.o(.bss)
    profile                                  0x20000b48   Data        4096  main.o(.bss)
    smart_update_ctrol                       0x20001b86   Data          15  main.o(.bss)
    Nonce                                    0x20001b98   Data          13  rom.o(.bss)
    rxbuf                                    0x20001ba8   Data         260  rom.o(.bss)
    encPayload                               0x20001cac   Data         260  rom.o(.bss)
    att_write_evt                            0x20001db0   Data         519  rom.o(.bss)
    __initial_sp                             0x200023c8   Data           0  startup_armcm0.o(STACK)



==============================================================================

Memory Map of the image

  Image Entry point : 0x100000c1

  Load Region LR_IROM1 (Base: 0x10000000, Size: 0x000073cc, Max: 0x0003e000, ABSOLUTE, COMPRESSED[0x000072b0])

    Execution Region ER_IROM1 (Base: 0x10000000, Size: 0x0000715c, Max: 0x0003e000, ABSOLUTE)

    Base Addr    Size         Type   Attr      Idx    E Section Name        Object

    0x10000000   0x000000c0   Data   RO          331    RESET               startup_armcm0.o
    0x100000c0   0x00000000   Code   RO          545  * .ARM.Collect$$$$00000000  mc_p.l(entry.o)
    0x100000c0   0x00000004   Code   RO          610    .ARM.Collect$$$$00000001  mc_p.l(entry2.o)
    0x100000c4   0x00000004   Code   RO          613    .ARM.Collect$$$$00000004  mc_p.l(entry5.o)
    0x100000c8   0x00000000   Code   RO          615    .ARM.Collect$$$$00000008  mc_p.l(entry7b.o)
    0x100000c8   0x00000000   Code   RO          617    .ARM.Collect$$$$0000000A  mc_p.l(entry8b.o)
    0x100000c8   0x00000008   Code   RO          618    .ARM.Collect$$$$0000000B  mc_p.l(entry9a.o)
    0x100000d0   0x00000000   Code   RO          620    .ARM.Collect$$$$0000000D  mc_p.l(entry10a.o)
    0x100000d0   0x00000000   Code   RO          622    .ARM.Collect$$$$0000000F  mc_p.l(entry11a.o)
    0x100000d0   0x00000004   Code   RO          611    .ARM.Collect$$$$00002712  mc_p.l(entry2.o)
    0x100000d4   0x00000006   Code   RO          416    .emb_text           syd8821_ble_slave.lib(rom.o)
    0x100000da   0x00000002   PAD
    0x100000dc   0x00000130   Code   RO            3    .text               main.o
    0x1000020c   0x00000140   Code   RO           87    .text               pdm_module.o
    0x1000034c   0x000001f8   Code   RO          122    .text               adpcm.o
    0x10000544   0x00000358   Code   RO          146    .text               gpio.o
    0x1000089c   0x00000038   Code   RO          174    .text               delay.o
    0x100008d4   0x00000090   Code   RO          194    .text               pad_mux_ctrl.o
    0x10000964   0x00000250   Code   RO          216    .text               uart.o
    0x10000bb4   0x000000e0   Code   RO          249    .text               queue.o
    0x10000c94   0x00000264   Code   RO          272    .text               pdm.o
    0x10000ef8   0x00000204   Code   RO          294    .text               debug.o
    0x100010fc   0x0000001c   Code   RO          332    .text               startup_armcm0.o
    0x10001118   0x00000018   Code   RO          338    .text               system_armcm0.o
    0x10001130   0x00001768   Code   RO          364    .text               syd8821_ble_slave.lib(main.o)
    0x10002898   0x0000245c   Code   RO          417    .text               syd8821_ble_slave.lib(rom.o)
    0x10004cf4   0x000001ac   Code   RO          452    .text               syd8821_ble_slave.lib(pmu.o)
    0x10004ea0   0x00000580   Code   RO          506    .text               syd8821_ble_slave.lib(aec-ccm.o)
    0x10005420   0x000008f4   Code   RO          532    .text               syd8821_ble_slave.lib(aes.o)
    0x10005d14   0x0000002c   Code   RO          548    .text               mc_p.l(uidiv.o)
    0x10005d40   0x00000028   Code   RO          550    .text               mc_p.l(idiv.o)
    0x10005d68   0x00000024   Code   RO          552    .text               mc_p.l(memcpya.o)
    0x10005d8c   0x00000024   Code   RO          554    .text               mc_p.l(memseta.o)
    0x10005db0   0x0000001a   Code   RO          556    .text               mc_p.l(memcmp.o)
    0x10005dca   0x00000014   Code   RO          588    .text               mc_p.l(uread4.o)
    0x10005dde   0x00000012   Code   RO          590    .text               mc_p.l(uwrite4.o)
    0x10005df0   0x000000b2   Code   RO          592    .text               mf_p.l(fadd.o)
    0x10005ea2   0x00000002   PAD
    0x10005ea4   0x00000164   Code   RO          594    .text               mf_p.l(dadd.o)
    0x10006008   0x000000d0   Code   RO          596    .text               mf_p.l(dmul.o)
    0x100060d8   0x000000f0   Code   RO          598    .text               mf_p.l(ddiv.o)
    0x100061c8   0x0000000e   Code   RO          600    .text               mf_p.l(ffltui.o)
    0x100061d6   0x00000002   PAD
    0x100061d8   0x00000028   Code   RO          602    .text               mf_p.l(dflti.o)
    0x10006200   0x0000001c   Code   RO          604    .text               mf_p.l(dfltui.o)
    0x1000621c   0x0000003c   Code   RO          606    .text               mf_p.l(dfixui.o)
    0x10006258   0x00000028   Code   RO          608    .text               mf_p.l(f2d.o)
    0x10006280   0x00000060   Code   RO          627    .text               mc_p.l(uldiv.o)
    0x100062e0   0x00000020   Code   RO          629    .text               mc_p.l(llshl.o)
    0x10006300   0x00000022   Code   RO          631    .text               mc_p.l(llushr.o)
    0x10006322   0x00000026   Code   RO          633    .text               mc_p.l(llsshr.o)
    0x10006348   0x00000000   Code   RO          635    .text               mc_p.l(iusefp.o)
    0x10006348   0x00000082   Code   RO          636    .text               mf_p.l(fepilogue.o)
    0x100063ca   0x000000be   Code   RO          638    .text               mf_p.l(depilogue.o)
    0x10006488   0x00000040   Code   RO          642    .text               mf_p.l(dfixul.o)
    0x100064c8   0x00000028   Code   RO          644    .text               mf_p.l(cdrcmple.o)
    0x100064f0   0x00000024   Code   RO          646    .text               mc_p.l(init.o)
    0x10006514   0x00000056   Code   RO          658    .text               mc_p.l(__dczerorl2.o)
    0x1000656a   0x00000002   PAD
    0x1000656c   0x0000004c   Code   RO          453    PMU                 syd8821_ble_slave.lib(pmu.o)
    0x100065b8   0x00000024   Code   RO          567    i.__0vsprintf       mc_p.l(printfa.o)
    0x100065dc   0x0000002e   Code   RO          640    i.__ARM_clz         mf_p.l(depilogue.o)
    0x1000660a   0x0000001a   Code   RO          383    i.__ARM_common_switch8  syd8821_ble_slave.lib(main.o)
    0x10006624   0x0000000e   Code   RO          652    i.__scatterload_copy  mc_p.l(handlers.o)
    0x10006632   0x00000002   Code   RO          653    i.__scatterload_null  mc_p.l(handlers.o)
    0x10006634   0x0000000e   Code   RO          654    i.__scatterload_zeroinit  mc_p.l(handlers.o)
    0x10006642   0x00000002   PAD
    0x10006644   0x00000158   Code   RO          568    i._fp_digits        mc_p.l(printfa.o)
    0x1000679c   0x000006ec   Code   RO          569    i._printf_core      mc_p.l(printfa.o)
    0x10006e88   0x00000020   Code   RO          570    i._printf_post_padding  mc_p.l(printfa.o)
    0x10006ea8   0x0000002c   Code   RO          571    i._printf_pre_padding  mc_p.l(printfa.o)
    0x10006ed4   0x0000000a   Code   RO          573    i._sputc            mc_p.l(printfa.o)
    0x10006ede   0x00000032   Data   RO          419    .constdata          syd8821_ble_slave.lib(rom.o)
    0x10006f10   0x00000020   Data   RO          454    .constdata          syd8821_ble_slave.lib(pmu.o)
    0x10006f30   0x0000020b   Data   RO          533    .constdata          syd8821_ble_slave.lib(aes.o)
    0x1000713b   0x00000001   PAD
    0x1000713c   0x00000020   Data   RO          650    Region$$Table       anon$$obj.o


    Execution Region RW_IRAM1 (Base: 0x20000000, Size: 0x000023c8, Max: 0x00028000, ABSOLUTE, COMPRESSED[0x00000154])

    Base Addr    Size         Type   Attr      Idx    E Section Name        Object

    0x20000000   0x00000001   Data   RW            4    .data               main.o
    0x20000001   0x00000003   PAD
    0x20000004   0x00000009   Data   RW           89    .data               pdm_module.o
    0x2000000d   0x00000003   PAD
    0x20000010   0x000001a8   Data   RW          123    .data               adpcm.o
    0x200001b8   0x0000000c   Data   RW          147    .data               gpio.o
    0x200001c4   0x00000008   Data   RW          195    .data               pad_mux_ctrl.o
    0x200001cc   0x00000008   Data   RW          218    .data               uart.o
    0x200001d4   0x00000006   Data   RW          273    .data               pdm.o
    0x200001da   0x00000002   PAD
    0x200001dc   0x00000008   Data   RW          296    .data               debug.o
    0x200001e4   0x00000004   Data   RW          339    .data               system_armcm0.o
    0x200001e8   0x00000014   Data   RW          366    .data               syd8821_ble_slave.lib(main.o)
    0x200001fc   0x0000006f   Data   RW          420    .data               syd8821_ble_slave.lib(rom.o)
    0x2000026b   0x00000001   PAD
    0x2000026c   0x00000004   Data   RW          455    .data               syd8821_ble_slave.lib(pmu.o)
    0x20000270   0x00000438   Zero   RW           88    .bss                pdm_module.o
    0x200006a8   0x00000420   Zero   RW          217    .bss                uart.o
    0x20000ac8   0x00000080   Zero   RW          295    .bss                debug.o
    0x20000b48   0x0000104d   Zero   RW          365    .bss                syd8821_ble_slave.lib(main.o)
    0x20001b95   0x00000003   PAD
    0x20001b98   0x0000041f   Zero   RW          418    .bss                syd8821_ble_slave.lib(rom.o)
    0x20001fb7   0x00000010   Zero   RW          507    .bss                syd8821_ble_slave.lib(aec-ccm.o)
    0x20001fc7   0x00000001   PAD
    0x20001fc8   0x00000400   Zero   RW          329    STACK               startup_armcm0.o


==============================================================================

Image component sizes


      Code (inc. data)   RO Data    RW Data    ZI Data      Debug   Object Name

       504         12          0        424          0       2961   adpcm.o
       516         38          0          8        128       3457   debug.o
        56          0          0          0          0        680   delay.o
       856         16          0         12          0      44701   gpio.o
       304         32          0          1          0      40771   main.o
       144          4          0          8          0       1753   pad_mux_ctrl.o
       612         14          0          6          0       4188   pdm.o
       320         38          0          9       1080       9402   pdm_module.o
       224          0          0          0          0       2335   queue.o
        28          8        192          0       1024        640   startup_armcm0.o
        24          8          0          4          0        821   system_armcm0.o
       592         24          0          8       1056       9847   uart.o

    ----------------------------------------------------------------------
      4180        194        224        488       3288     121556   Object Totals
         0          0         32          0          0          0   (incl. Generated)
         0          0          0          8          0          0   (incl. Padding)

    ----------------------------------------------------------------------

      Code (inc. data)   RO Data    RW Data    ZI Data      Debug   Library Member Name

        86          0          0          0          0          0   __dczerorl2.o
         0          0          0          0          0          0   entry.o
         0          0          0          0          0          0   entry10a.o
         0          0          0          0          0          0   entry11a.o
         8          4          0          0          0          0   entry2.o
         4          0          0          0          0          0   entry5.o
         0          0          0          0          0          0   entry7b.o
         0          0          0          0          0          0   entry8b.o
         8          4          0          0          0          0   entry9a.o
        30          0          0          0          0          0   handlers.o
        40          0          0          0          0         72   idiv.o
        36          8          0          0          0         68   init.o
         0          0          0          0          0          0   iusefp.o
        32          0          0          0          0         68   llshl.o
        38          0          0          0          0         68   llsshr.o
        34          0          0          0          0         68   llushr.o
        26          0          0          0          0         72   memcmp.o
        36          0          0          0          0         60   memcpya.o
        36          0          0          0          0        100   memseta.o
      2238         96          0          0          0        460   printfa.o
        44          0          0          0          0         72   uidiv.o
        96          0          0          0          0         84   uldiv.o
        20          0          0          0          0         60   uread4.o
        18          0          0          0          0         60   uwrite4.o
        40          2          0          0          0         68   cdrcmple.o
       356          4          0          0          0        140   dadd.o
       240          6          0          0          0         84   ddiv.o
       236          0          0          0          0        216   depilogue.o
        60         10          0          0          0         68   dfixui.o
        64         10          0          0          0         68   dfixul.o
        40          6          0          0          0         68   dflti.o
        28          4          0          0          0         68   dfltui.o
       208          6          0          0          0         88   dmul.o
        40          0          0          0          0         60   f2d.o
       178          0          0          0          0        108   fadd.o
       130          0          0          0          0        144   fepilogue.o
        14          0          0          0          0         68   ffltui.o
      1408          4          0          0         16       8115   aec-ccm.o
      2292         12        523          0          0       3442   aes.o
      6018        378          0         20       4173     119237   main.o
       504         34         32          4          0      11032   pmu.o
      9314        452         50        111       1055      24191   rom.o

    ----------------------------------------------------------------------
     24010       1040        606        136       5248     168577   Library Totals
        10          0          1          1          4          0   (incl. Padding)

    ----------------------------------------------------------------------

      Code (inc. data)   RO Data    RW Data    ZI Data      Debug   Library Name

      2830        112          0          0          0       1312   mc_p.l
      1634         48          0          0          0       1248   mf_p.l
     19536        880        605        135       5244     166017   syd8821_ble_slave.lib

    ----------------------------------------------------------------------
     24010       1040        606        136       5248     168577   Library Totals

    ----------------------------------------------------------------------

==============================================================================


      Code (inc. data)   RO Data    RW Data    ZI Data      Debug   

     28190       1234        830        624       8536     287701   Grand Totals
     28190       1234        830        340       8536     287701   ELF Image Totals (compressed)
     28190       1234        830        340          0          0   ROM Totals

==============================================================================

    Total RO  Size (Code + RO Data)                29020 (  28.34kB)
    Total RW  Size (RW Data + ZI Data)              9160 (   8.95kB)
    Total ROM Size (Code + RO Data + RW Data)      29360 (  28.67kB)

==============================================================================

