Component: ARM Compiler 5.06 (build 20) Tool: armlink [4d35a3]

==============================================================================

Section Cross References

    main.o(.text) refers to pdm.o(.text) for pdm_set_amic_gain
    main.o(.text) refers to memseta.o(.text) for __aeabi_memclr4
    main.o(.text) refers to adpcm.o(.text) for Adpcm_encode
    main.o(.text) refers to uart.o(.text) for uart_write
    main.o(.text) refers to main.o(.text) for gap_s_ble_init
    main.o(.text) refers to delay.o(.text) for delay_ms
    main.o(.text) refers to pad_mux_ctrl.o(.text) for pad_mux_write
    main.o(.text) refers to gpio.o(.text) for gpo_config
    main.o(.text) refers to debug.o(.text) for dbg_init
    main.o(.text) refers to main.o(.bss) for buf
    main.o(.text) refers to main.o(.data) for pdm_dma_buf_ptr
    gpio.o(.text) refers to gpio.o(.data) for gpio_callback
    pad_mux_ctrl.o(.text) refers to pad_mux_ctrl.o(.data) for pad
    uart.o(.text) refers to queue.o(.text) for queue_init
    uart.o(.text) refers to uart.o(.data) for UART_CTRL
    uart.o(.text) refers to uart.o(.bss) for rx_buf
    debug.o(.text) refers to printfa.o(i.__0vsprintf) for __c89vsprintf
    debug.o(.text) refers to debug.o(.data) for UART_CTRL
    debug.o(.text) refers to debug.o(.bss) for s_formatBuffer
    queue.o(.text) refers to memcpya.o(.text) for __aeabi_memcpy
    pdm.o(.text) refers to main.o(.text) for BBRFWrite
    pdm.o(.text) refers to pdm.o(.data) for irq_cb
    adpcm.o(.text) refers to debug.o(.text) for dbg_printf
    adpcm.o(.text) refers to adpcm.o(.constdata) for StepSizeTable
    zero_cross.o(.text) refers to uidiv.o(.text) for __aeabi_uidivmod
    startup_armcm0.o(RESET) refers to startup_armcm0.o(STACK) for __initial_sp
    startup_armcm0.o(RESET) refers to startup_armcm0.o(.text) for Reset_Handler
    startup_armcm0.o(RESET) refers to gpio.o(.text) for GPIO_IRQHandler
    startup_armcm0.o(RESET) refers to rom.o(.text) for LLC_IRQHandler
    startup_armcm0.o(RESET) refers to uart.o(.text) for UART0_IRQHandler
    startup_armcm0.o(RESET) refers to pdm.o(.text) for PDM_IRQHandler
    startup_armcm0.o(.text) refers to system_armcm0.o(.text) for SystemInit
    startup_armcm0.o(.text) refers to entry.o(.ARM.Collect$$$$00000000) for __main
    system_armcm0.o(.text) refers to system_armcm0.o(.data) for SystemCoreClock
    main.o(.text) refers to rom.o(.text) for _rom_init
    main.o(.text) refers to memcpya.o(.text) for __aeabi_memcpy
    main.o(.text) refers to uidiv.o(.text) for __aeabi_uidivmod
    main.o(.text) refers to main.o(.bss) for .bss
    main.o(.text) refers to rom.o(.data) for txpdu
    main.o(.text) refers to dfltui.o(.text) for __aeabi_ui2d
    main.o(.text) refers to dmul.o(.text) for __aeabi_dmul
    main.o(.text) refers to dfixui.o(.text) for __aeabi_d2uiz
    main.o(.text) refers to idiv.o(.text) for __aeabi_idivmod
    main.o(.text) refers to memseta.o(.text) for __aeabi_memclr
    main.o(.text) refers to uread4.o(.text) for __aeabi_uread4
    main.o(.text) refers to uwrite4.o(.text) for __aeabi_uwrite4
    main.o(.text) refers to main.o(.data) for .data
    main.o(.text) refers to dflti.o(.text) for __aeabi_i2d
    main.o(.text) refers to dadd.o(.text) for __aeabi_dadd
    main.o(.text) refers to ffltui.o(.text) for __aeabi_ui2f
    main.o(.text) refers to fadd.o(.text) for __aeabi_fadd
    main.o(.text) refers to f2d.o(.text) for __aeabi_f2d
    main.o(.text) refers to ddiv.o(.text) for __aeabi_ddiv
    main.o(.text) refers to main.o(i.__ARM_common_switch8) for __ARM_common_switch8
    rom.o(.text) refers to memcpya.o(.text) for __aeabi_memcpy
    rom.o(.text) refers to memcmp.o(.text) for memcmp
    rom.o(.text) refers to uread4.o(.text) for __aeabi_uread4
    rom.o(.text) refers to uidiv.o(.text) for __aeabi_uidivmod
    rom.o(.text) refers to rom.o(.data) for .data
    rom.o(.text) refers to memseta.o(.text) for __aeabi_memclr
    rom.o(.text) refers to rom.o(.constdata) for .constdata
    rom.o(.text) refers to main.o(.text) for smart_update_latency_updatareq
    rom.o(.text) refers to rom.o(.bss) for .bss
    entry.o(.ARM.Collect$$$$00000000) refers (Special) to entry10a.o(.ARM.Collect$$$$0000000D) for __rt_final_cpp
    entry.o(.ARM.Collect$$$$00000000) refers (Special) to entry11a.o(.ARM.Collect$$$$0000000F) for __rt_final_exit
    entry.o(.ARM.Collect$$$$00000000) refers (Special) to entry7b.o(.ARM.Collect$$$$00000008) for _main_clock
    entry.o(.ARM.Collect$$$$00000000) refers (Special) to entry8b.o(.ARM.Collect$$$$0000000A) for _main_cpp_init
    entry.o(.ARM.Collect$$$$00000000) refers (Special) to entry9a.o(.ARM.Collect$$$$0000000B) for _main_init
    entry.o(.ARM.Collect$$$$00000000) refers (Special) to entry5.o(.ARM.Collect$$$$00000004) for _main_scatterload
    entry.o(.ARM.Collect$$$$00000000) refers (Special) to entry2.o(.ARM.Collect$$$$00000001) for _main_stk
    idiv.o(.text) refers to uidiv.o(.text) for __aeabi_uidivmod
    printfa.o(i.__0fprintf) refers (Special) to iusefp.o(.text) for __I$use$fp
    printfa.o(i.__0fprintf) refers to printfa.o(i._printf_core) for _printf_core
    printfa.o(i.__0fprintf) refers to fputc.o(i.fputc) for fputc
    printfa.o(i.__0printf) refers (Special) to iusefp.o(.text) for __I$use$fp
    printfa.o(i.__0printf) refers to printfa.o(i._printf_core) for _printf_core
    printfa.o(i.__0printf) refers to fputc.o(i.fputc) for fputc
    printfa.o(i.__0printf) refers to stdout.o(.data) for __stdout
    printfa.o(i.__0snprintf) refers (Special) to iusefp.o(.text) for __I$use$fp
    printfa.o(i.__0snprintf) refers to printfa.o(i._printf_core) for _printf_core
    printfa.o(i.__0snprintf) refers to printfa.o(i._snputc) for _snputc
    printfa.o(i.__0sprintf) refers (Special) to iusefp.o(.text) for __I$use$fp
    printfa.o(i.__0sprintf) refers to printfa.o(i._printf_core) for _printf_core
    printfa.o(i.__0sprintf) refers to printfa.o(i._sputc) for _sputc
    printfa.o(i.__0vfprintf) refers (Special) to iusefp.o(.text) for __I$use$fp
    printfa.o(i.__0vfprintf) refers to printfa.o(i._printf_core) for _printf_core
    printfa.o(i.__0vfprintf) refers to fputc.o(i.fputc) for fputc
    printfa.o(i.__0vprintf) refers (Special) to iusefp.o(.text) for __I$use$fp
    printfa.o(i.__0vprintf) refers to printfa.o(i._printf_core) for _printf_core
    printfa.o(i.__0vprintf) refers to fputc.o(i.fputc) for fputc
    printfa.o(i.__0vprintf) refers to stdout.o(.data) for __stdout
    printfa.o(i.__0vsnprintf) refers (Special) to iusefp.o(.text) for __I$use$fp
    printfa.o(i.__0vsnprintf) refers to printfa.o(i._printf_core) for _printf_core
    printfa.o(i.__0vsnprintf) refers to printfa.o(i._snputc) for _snputc
    printfa.o(i.__0vsprintf) refers (Special) to iusefp.o(.text) for __I$use$fp
    printfa.o(i.__0vsprintf) refers to printfa.o(i._printf_core) for _printf_core
    printfa.o(i.__0vsprintf) refers to printfa.o(i._sputc) for _sputc
    printfa.o(i._fp_digits) refers (Special) to iusefp.o(.text) for __I$use$fp
    printfa.o(i._fp_digits) refers to dmul.o(.text) for __aeabi_dmul
    printfa.o(i._fp_digits) refers to ddiv.o(.text) for __aeabi_ddiv
    printfa.o(i._fp_digits) refers to cdrcmple.o(.text) for __aeabi_cdrcmple
    printfa.o(i._fp_digits) refers to dadd.o(.text) for __aeabi_dadd
    printfa.o(i._fp_digits) refers to dfixul.o(.text) for __aeabi_d2ulz
    printfa.o(i._fp_digits) refers to uldiv.o(.text) for __aeabi_uldivmod
    printfa.o(i._printf_core) refers (Special) to iusefp.o(.text) for __I$use$fp
    printfa.o(i._printf_core) refers to printfa.o(i._printf_pre_padding) for _printf_pre_padding
    printfa.o(i._printf_core) refers to uldiv.o(.text) for __aeabi_uldivmod
    printfa.o(i._printf_core) refers to printfa.o(i._printf_post_padding) for _printf_post_padding
    printfa.o(i._printf_core) refers to printfa.o(i._fp_digits) for _fp_digits
    printfa.o(i._printf_core) refers to uidiv.o(.text) for __aeabi_uidivmod
    printfa.o(i._printf_post_padding) refers (Special) to iusefp.o(.text) for __I$use$fp
    printfa.o(i._printf_pre_padding) refers (Special) to iusefp.o(.text) for __I$use$fp
    printfa.o(i._snputc) refers (Special) to iusefp.o(.text) for __I$use$fp
    printfa.o(i._sputc) refers (Special) to iusefp.o(.text) for __I$use$fp
    fadd.o(.text) refers (Special) to iusefp.o(.text) for __I$use$fp
    fadd.o(.text) refers to fepilogue.o(.text) for _float_epilogue
    dadd.o(.text) refers (Special) to iusefp.o(.text) for __I$use$fp
    dadd.o(.text) refers to llshl.o(.text) for __aeabi_llsl
    dadd.o(.text) refers to llsshr.o(.text) for __aeabi_lasr
    dadd.o(.text) refers to depilogue.o(.text) for _double_epilogue
    dmul.o(.text) refers (Special) to iusefp.o(.text) for __I$use$fp
    dmul.o(.text) refers to depilogue.o(.text) for _double_epilogue
    ddiv.o(.text) refers (Special) to iusefp.o(.text) for __I$use$fp
    ddiv.o(.text) refers to depilogue.o(.text) for _double_round
    ffltui.o(.text) refers (Special) to iusefp.o(.text) for __I$use$fp
    ffltui.o(.text) refers to fepilogue.o(.text) for _float_epilogue
    dflti.o(.text) refers (Special) to iusefp.o(.text) for __I$use$fp
    dflti.o(.text) refers to depilogue.o(.text) for _double_epilogue
    dfltui.o(.text) refers (Special) to iusefp.o(.text) for __I$use$fp
    dfltui.o(.text) refers to depilogue.o(.text) for _double_epilogue
    dfixui.o(.text) refers (Special) to iusefp.o(.text) for __I$use$fp
    dfixui.o(.text) refers to llushr.o(.text) for __aeabi_llsr
    f2d.o(.text) refers (Special) to iusefp.o(.text) for __I$use$fp
    entry2.o(.ARM.Collect$$$$00000001) refers to entry2.o(.ARM.Collect$$$$00002712) for __lit__00000000
    entry2.o(.ARM.Collect$$$$00002712) refers to startup_armcm0.o(STACK) for __initial_sp
    entry2.o(__vectab_stack_and_reset_area) refers to startup_armcm0.o(STACK) for __initial_sp
    entry2.o(__vectab_stack_and_reset_area) refers to entry.o(.ARM.Collect$$$$00000000) for __main
    entry5.o(.ARM.Collect$$$$00000004) refers to init.o(.text) for __scatterload
    entry9a.o(.ARM.Collect$$$$0000000B) refers to main.o(.text) for main
    entry9b.o(.ARM.Collect$$$$0000000C) refers to main.o(.text) for main
    fputc.o(i.fputc) refers (Special) to iusesemip.o(.text) for __I$use$semihosting$fputc
    fputc.o(i.fputc) refers (Special) to semi.o(.text) for __semihosting_library_function
    uldiv.o(.text) refers to llushr.o(.text) for __aeabi_llsr
    uldiv.o(.text) refers to llshl.o(.text) for __aeabi_llsl
    depilogue.o(.text) refers to depilogue.o(i.__ARM_clz) for __ARM_clz
    depilogue.o(.text) refers to llshl.o(.text) for __aeabi_llsl
    depilogue.o(.text) refers to llushr.o(.text) for __aeabi_llsr
    dfixul.o(.text) refers to llushr.o(.text) for __aeabi_llsr
    dfixul.o(.text) refers to llshl.o(.text) for __aeabi_llsl
    init.o(.text) refers to entry5.o(.ARM.Collect$$$$00000004) for __main_after_scatterload


==============================================================================

Removing Unused input sections from the image.

    Removing main.o(.rev16_text), (4 bytes).
    Removing main.o(.revsh_text), (4 bytes).
    Removing gpio.o(.rev16_text), (4 bytes).
    Removing gpio.o(.revsh_text), (4 bytes).
    Removing delay.o(.rev16_text), (4 bytes).
    Removing delay.o(.revsh_text), (4 bytes).
    Removing pad_mux_ctrl.o(.rev16_text), (4 bytes).
    Removing pad_mux_ctrl.o(.revsh_text), (4 bytes).
    Removing uart.o(.rev16_text), (4 bytes).
    Removing uart.o(.revsh_text), (4 bytes).
    Removing debug.o(.rev16_text), (4 bytes).
    Removing debug.o(.revsh_text), (4 bytes).
    Removing queue.o(.rev16_text), (4 bytes).
    Removing queue.o(.revsh_text), (4 bytes).
    Removing pdm.o(.rev16_text), (4 bytes).
    Removing pdm.o(.revsh_text), (4 bytes).
    Removing adpcm.o(.rev16_text), (4 bytes).
    Removing adpcm.o(.revsh_text), (4 bytes).
    Removing zero_cross.o(.text), (212 bytes).
    Removing startup_armcm0.o(HEAP), (16384 bytes).
    Removing system_armcm0.o(.rev16_text), (4 bytes).
    Removing system_armcm0.o(.revsh_text), (4 bytes).
    Removing main.o(.rev16_text), (4 bytes).
    Removing main.o(.revsh_text), (4 bytes).
    Removing rom.o(.rev16_text), (4 bytes).
    Removing rom.o(.revsh_text), (4 bytes).

26 unused section(s) (total 16692 bytes) removed from the image.

==============================================================================

Image Symbol Table

    Local Symbols

    Symbol Name                              Value     Ov Type        Size  Object(Section)

    ../clib/microlib/division.c              0x00000000   Number         0  uldiv.o ABSOLUTE
    ../clib/microlib/division.c              0x00000000   Number         0  uidiv.o ABSOLUTE
    ../clib/microlib/division.c              0x00000000   Number         0  idiv.o ABSOLUTE
    ../clib/microlib/init/entry.s            0x00000000   Number         0  entry8b.o ABSOLUTE
    ../clib/microlib/init/entry.s            0x00000000   Number         0  entry10a.o ABSOLUTE
    ../clib/microlib/init/entry.s            0x00000000   Number         0  entry8a.o ABSOLUTE
    ../clib/microlib/init/entry.s            0x00000000   Number         0  entry.o ABSOLUTE
    ../clib/microlib/init/entry.s            0x00000000   Number         0  entry7b.o ABSOLUTE
    ../clib/microlib/init/entry.s            0x00000000   Number         0  entry7a.o ABSOLUTE
    ../clib/microlib/init/entry.s            0x00000000   Number         0  entry5.o ABSOLUTE
    ../clib/microlib/init/entry.s            0x00000000   Number         0  entry2.o ABSOLUTE
    ../clib/microlib/init/entry.s            0x00000000   Number         0  entry9b.o ABSOLUTE
    ../clib/microlib/init/entry.s            0x00000000   Number         0  entry11b.o ABSOLUTE
    ../clib/microlib/init/entry.s            0x00000000   Number         0  entry9a.o ABSOLUTE
    ../clib/microlib/init/entry.s            0x00000000   Number         0  entry11a.o ABSOLUTE
    ../clib/microlib/init/entry.s            0x00000000   Number         0  entry10b.o ABSOLUTE
    ../clib/microlib/longlong.c              0x00000000   Number         0  llushr.o ABSOLUTE
    ../clib/microlib/longlong.c              0x00000000   Number         0  llsshr.o ABSOLUTE
    ../clib/microlib/longlong.c              0x00000000   Number         0  llshl.o ABSOLUTE
    ../clib/microlib/printf/printf.c         0x00000000   Number         0  printfa.o ABSOLUTE
    ../clib/microlib/stdio/fputc.c           0x00000000   Number         0  fputc.o ABSOLUTE
    ../clib/microlib/stdio/semi.s            0x00000000   Number         0  semi.o ABSOLUTE
    ../clib/microlib/stdio/streams.c         0x00000000   Number         0  stdout.o ABSOLUTE
    ../clib/microlib/string/memcmp.c         0x00000000   Number         0  memcmp.o ABSOLUTE
    ../clib/microlib/string/memcpy.c         0x00000000   Number         0  memcpya.o ABSOLUTE
    ../clib/microlib/string/memcpy.c         0x00000000   Number         0  memcpyb.o ABSOLUTE
    ../clib/microlib/string/memset.c         0x00000000   Number         0  memseta.o ABSOLUTE
    ../clib/microlib/stubs.s                 0x00000000   Number         0  iusesemip.o ABSOLUTE
    ../clib/microlib/stubs.s                 0x00000000   Number         0  iusefp.o ABSOLUTE
    ../clib/microlib/unhosted.c              0x00000000   Number         0  uwrite4.o ABSOLUTE
    ../clib/microlib/unhosted.c              0x00000000   Number         0  uread4.o ABSOLUTE
    ../fplib/microlib/f2d.c                  0x00000000   Number         0  f2d.o ABSOLUTE
    ../fplib/microlib/fpadd.c                0x00000000   Number         0  fadd.o ABSOLUTE
    ../fplib/microlib/fpadd.c                0x00000000   Number         0  dadd.o ABSOLUTE
    ../fplib/microlib/fpdiv.c                0x00000000   Number         0  ddiv.o ABSOLUTE
    ../fplib/microlib/fpepilogue.c           0x00000000   Number         0  fepilogue.o ABSOLUTE
    ../fplib/microlib/fpepilogue.c           0x00000000   Number         0  depilogue.o ABSOLUTE
    ../fplib/microlib/fpfix.c                0x00000000   Number         0  dfixui.o ABSOLUTE
    ../fplib/microlib/fpfix.c                0x00000000   Number         0  dfixul.o ABSOLUTE
    ../fplib/microlib/fpflt.c                0x00000000   Number         0  ffltui.o ABSOLUTE
    ../fplib/microlib/fpflt.c                0x00000000   Number         0  dflti.o ABSOLUTE
    ../fplib/microlib/fpflt.c                0x00000000   Number         0  dfltui.o ABSOLUTE
    ../fplib/microlib/fpmul.c                0x00000000   Number         0  dmul.o ABSOLUTE
    ..\..\..\Source\debug.c                  0x00000000   Number         0  debug.o ABSOLUTE
    ..\..\..\Source\delay.c                  0x00000000   Number         0  delay.o ABSOLUTE
    ..\..\..\Source\gpio.c                   0x00000000   Number         0  gpio.o ABSOLUTE
    ..\..\..\Source\pad_mux_ctrl.c           0x00000000   Number         0  pad_mux_ctrl.o ABSOLUTE
    ..\..\..\Source\pdm.c                    0x00000000   Number         0  pdm.o ABSOLUTE
    ..\..\..\Source\queue.c                  0x00000000   Number         0  queue.o ABSOLUTE
    ..\..\..\Source\uart.c                   0x00000000   Number         0  uart.o ABSOLUTE
    ..\Algorithm\adpcm.c                     0x00000000   Number         0  adpcm.o ABSOLUTE
    ..\Algorithm\zero_cross.c                0x00000000   Number         0  zero_cross.o ABSOLUTE
    ..\\..\\..\\Source\\debug.c              0x00000000   Number         0  debug.o ABSOLUTE
    ..\\..\\..\\Source\\delay.c              0x00000000   Number         0  delay.o ABSOLUTE
    ..\\..\\..\\Source\\gpio.c               0x00000000   Number         0  gpio.o ABSOLUTE
    ..\\..\\..\\Source\\pad_mux_ctrl.c       0x00000000   Number         0  pad_mux_ctrl.o ABSOLUTE
    ..\\..\\..\\Source\\pdm.c                0x00000000   Number         0  pdm.o ABSOLUTE
    ..\\..\\..\\Source\\queue.c              0x00000000   Number         0  queue.o ABSOLUTE
    ..\\..\\..\\Source\\uart.c               0x00000000   Number         0  uart.o ABSOLUTE
    ..\\Algorithm\\adpcm.c                   0x00000000   Number         0  adpcm.o ABSOLUTE
    ..\\main.c                               0x00000000   Number         0  main.o ABSOLUTE
    ..\main.c                                0x00000000   Number         0  main.o ABSOLUTE
    Main\\main.c                             0x00000000   Number         0  main.o ABSOLUTE
    Main\\rom.c                              0x00000000   Number         0  rom.o ABSOLUTE
    Main\main.c                              0x00000000   Number         0  main.o ABSOLUTE
    Main\rom.c                               0x00000000   Number         0  rom.o ABSOLUTE
    RTE\Device\ARMCM0\startup_ARMCM0.s       0x00000000   Number         0  startup_armcm0.o ABSOLUTE
    RTE\Device\ARMCM0\system_ARMCM0.c        0x00000000   Number         0  system_armcm0.o ABSOLUTE
    RTE\\Device\\ARMCM0\\system_ARMCM0.c     0x00000000   Number         0  system_armcm0.o ABSOLUTE
    cdrcmple.s                               0x00000000   Number         0  cdrcmple.o ABSOLUTE
    dc.s                                     0x00000000   Number         0  dc.o ABSOLUTE
    handlers.s                               0x00000000   Number         0  handlers.o ABSOLUTE
    init.s                                   0x00000000   Number         0  init.o ABSOLUTE
    RESET                                    0x10000000   Section      192  startup_armcm0.o(RESET)
    .ARM.Collect$$$$00000000                 0x100000c0   Section        0  entry.o(.ARM.Collect$$$$00000000)
    .ARM.Collect$$$$00000001                 0x100000c0   Section        4  entry2.o(.ARM.Collect$$$$00000001)
    .ARM.Collect$$$$00000004                 0x100000c4   Section        4  entry5.o(.ARM.Collect$$$$00000004)
    .ARM.Collect$$$$00000008                 0x100000c8   Section        0  entry7b.o(.ARM.Collect$$$$00000008)
    .ARM.Collect$$$$0000000A                 0x100000c8   Section        0  entry8b.o(.ARM.Collect$$$$0000000A)
    .ARM.Collect$$$$0000000B                 0x100000c8   Section        8  entry9a.o(.ARM.Collect$$$$0000000B)
    .ARM.Collect$$$$0000000D                 0x100000d0   Section        0  entry10a.o(.ARM.Collect$$$$0000000D)
    .ARM.Collect$$$$0000000F                 0x100000d0   Section        0  entry11a.o(.ARM.Collect$$$$0000000F)
    .ARM.Collect$$$$00002712                 0x100000d0   Section        4  entry2.o(.ARM.Collect$$$$00002712)
    __lit__00000000                          0x100000d0   Data           4  entry2.o(.ARM.Collect$$$$00002712)
    .text                                    0x100000d4   Section        0  main.o(.text)
    pdm_callback                             0x1000012d   Thumb Code   134  main.o(.text)
    .text                                    0x100003b8   Section        0  gpio.o(.text)
    .text                                    0x10000718   Section        0  delay.o(.text)
    .text                                    0x10000750   Section        0  pad_mux_ctrl.o(.text)
    .text                                    0x100007e0   Section        0  uart.o(.text)
    __NVIC_DisableIRQ                        0x100007e1   Thumb Code    50  uart.o(.text)
    __NVIC_EnableIRQ                         0x10000a2d   Thumb Code    20  uart.o(.text)
    .text                                    0x10000a58   Section        0  debug.o(.text)
    debug_uart_0_init                        0x10000a59   Thumb Code   204  debug.o(.text)
    debug_uart_write                         0x10000b25   Thumb Code    80  debug.o(.text)
    .text                                    0x10000c8c   Section        0  queue.o(.text)
    .text                                    0x10000d6c   Section        0  pdm.o(.text)
    pdm_valid_gain                           0x10000f0b   Thumb Code    22  pdm.o(.text)
    .text                                    0x10001024   Section        0  adpcm.o(.text)
    .text                                    0x10001250   Section       28  startup_armcm0.o(.text)
    .text                                    0x1000126c   Section        0  system_armcm0.o(.text)
    .text                                    0x10001284   Section        0  main.o(.text)
    update_profile_data                      0x100019e3   Thumb Code    84  main.o(.text)
    .text                                    0x100024b0   Section        0  rom.o(.text)
    AttReadByGroupTypeRsp                    0x10002ba3   Thumb Code   258  rom.o(.text)
    AttReadByTypeServiceRsp                  0x10002ca5   Thumb Code   276  rom.o(.text)
    AttReadByTypeChartRsp                    0x10002db9   Thumb Code   270  rom.o(.text)
    AttReadByTypeReq                         0x10002ec7   Thumb Code   118  rom.o(.text)
    LLENCReq                                 0x1000304f   Thumb Code   490  rom.o(.text)
    LLTxStartENCRsp                          0x10003239   Thumb Code   386  rom.o(.text)
    _LCRxPkt_Handler                         0x10003831   Thumb Code   540  rom.o(.text)
    _LCConnEvt_Handler                       0x10003c3d   Thumb Code    68  rom.o(.text)
    .text                                    0x10003cb4   Section        0  uidiv.o(.text)
    .text                                    0x10003ce0   Section        0  idiv.o(.text)
    .text                                    0x10003d08   Section        0  memcpya.o(.text)
    .text                                    0x10003d2c   Section        0  memseta.o(.text)
    .text                                    0x10003d50   Section        0  memcmp.o(.text)
    .text                                    0x10003d6a   Section        0  uread4.o(.text)
    .text                                    0x10003d7e   Section        0  uwrite4.o(.text)
    .text                                    0x10003d90   Section        0  fadd.o(.text)
    .text                                    0x10003e44   Section        0  dadd.o(.text)
    .text                                    0x10003fa8   Section        0  dmul.o(.text)
    .text                                    0x10004078   Section        0  ddiv.o(.text)
    .text                                    0x10004168   Section        0  ffltui.o(.text)
    .text                                    0x10004178   Section        0  dflti.o(.text)
    .text                                    0x100041a0   Section        0  dfltui.o(.text)
    .text                                    0x100041bc   Section        0  dfixui.o(.text)
    .text                                    0x100041f8   Section        0  f2d.o(.text)
    .text                                    0x10004220   Section        0  uldiv.o(.text)
    .text                                    0x10004280   Section        0  llshl.o(.text)
    .text                                    0x100042a0   Section        0  llushr.o(.text)
    .text                                    0x100042c2   Section        0  llsshr.o(.text)
    .text                                    0x100042e8   Section        0  iusefp.o(.text)
    .text                                    0x100042e8   Section        0  fepilogue.o(.text)
    .text                                    0x1000436a   Section        0  depilogue.o(.text)
    .text                                    0x10004428   Section        0  dfixul.o(.text)
    .text                                    0x10004468   Section       40  cdrcmple.o(.text)
    .text                                    0x10004490   Section       36  init.o(.text)
    i.__0vsprintf                            0x100044b4   Section        0  printfa.o(i.__0vsprintf)
    i.__ARM_clz                              0x100044d8   Section        0  depilogue.o(i.__ARM_clz)
    i.__ARM_common_switch8                   0x10004506   Section        0  main.o(i.__ARM_common_switch8)
    i.__scatterload_copy                     0x10004520   Section       14  handlers.o(i.__scatterload_copy)
    i.__scatterload_null                     0x1000452e   Section        2  handlers.o(i.__scatterload_null)
    i.__scatterload_zeroinit                 0x10004530   Section       14  handlers.o(i.__scatterload_zeroinit)
    i._fp_digits                             0x10004540   Section        0  printfa.o(i._fp_digits)
    _fp_digits                               0x10004541   Thumb Code   316  printfa.o(i._fp_digits)
    i._printf_core                           0x10004698   Section        0  printfa.o(i._printf_core)
    _printf_core                             0x10004699   Thumb Code  1754  printfa.o(i._printf_core)
    i._printf_post_padding                   0x10004d84   Section        0  printfa.o(i._printf_post_padding)
    _printf_post_padding                     0x10004d85   Thumb Code    32  printfa.o(i._printf_post_padding)
    i._printf_pre_padding                    0x10004da4   Section        0  printfa.o(i._printf_pre_padding)
    _printf_pre_padding                      0x10004da5   Thumb Code    44  printfa.o(i._printf_pre_padding)
    i._sputc                                 0x10004dd0   Section        0  printfa.o(i._sputc)
    _sputc                                   0x10004dd1   Thumb Code    10  printfa.o(i._sputc)
    .constdata                               0x10004dda   Section      210  adpcm.o(.constdata)
    StepSizeTable                            0x10004dda   Data         178  adpcm.o(.constdata)
    IndexTable                               0x10004e8c   Data          32  adpcm.o(.constdata)
    .constdata                               0x10004eac   Section       50  rom.o(.constdata)
    _smp_key_                                0x10004eac   Data          25  rom.o(.constdata)
    _smp_sc_key_                             0x10004ec5   Data          25  rom.o(.constdata)
    .data                                    0x20000000   Section       17  main.o(.data)
    pdm_dma_buf_ptr                          0x20000000   Data           4  main.o(.data)
    pdm_enc_buf_ptr                          0x20000004   Data           4  main.o(.data)
    .data                                    0x20000014   Section       12  gpio.o(.data)
    GPIO_CTRL                                0x20000014   Data           8  gpio.o(.data)
    gpio_callback                            0x2000001c   Data           4  gpio.o(.data)
    .data                                    0x20000020   Section        8  pad_mux_ctrl.o(.data)
    pad                                      0x20000020   Data           8  pad_mux_ctrl.o(.data)
    .data                                    0x20000028   Section        8  uart.o(.data)
    .data                                    0x20000030   Section        8  debug.o(.data)
    UART_CTRL                                0x20000030   Data           8  debug.o(.data)
    .data                                    0x20000038   Section        6  pdm.o(.data)
    irq_cb                                   0x20000038   Data           4  pdm.o(.data)
    sw_gain                                  0x2000003c   Data           2  pdm.o(.data)
    .data                                    0x20000040   Section        4  system_armcm0.o(.data)
    .data                                    0x20000044   Section       16  main.o(.data)
    syd_confirm                              0x20000044   Data           1  main.o(.data)
    sched_execute_mask                       0x20000045   Data           1  main.o(.data)
    profile_to_flash                         0x20000046   Data           1  main.o(.data)
    profile_update_offset                    0x20000048   Data           2  main.o(.data)
    p_sched_callback                         0x2000004c   Data           4  main.o(.data)
    .data                                    0x20000054   Section       48  rom.o(.data)
    NumericYesOrNo                           0x20000054   Data           1  rom.o(.data)
    coex_evt_mask_sleep                      0x20000057   Data           1  rom.o(.data)
    passkey_cnt                              0x20000068   Data           4  rom.o(.data)
    passkey_value                            0x2000006c   Data           4  rom.o(.data)
    save_device_to_flash                     0x20000070   Data           4  rom.o(.data)
    IRQCallbackHook                          0x20000074   Data           4  rom.o(.data)
    IRQCallbackSkip                          0x20000078   Data           4  rom.o(.data)
    HCIDTM                                   0x2000007c   Data           4  rom.o(.data)
    ACLTx                                    0x20000080   Data           4  rom.o(.data)
    .bss                                     0x20000084   Section     1080  main.o(.bss)
    buf                                      0x20000084   Data         960  main.o(.bss)
    enc_buf                                  0x20000444   Data         120  main.o(.bss)
    .bss                                     0x200004bc   Section     1056  uart.o(.bss)
    .bss                                     0x200008dc   Section      128  debug.o(.bss)
    s_formatBuffer                           0x200008dc   Data         128  debug.o(.bss)
    .bss                                     0x2000095c   Section     4313  main.o(.bss)
    flash_hdr                                0x2000095c   Data          53  main.o(.bss)
    code_hdr                                 0x20000991   Data          87  main.o(.bss)
    profile                                  0x200009e8   Data        4096  main.o(.bss)
    confirmation_list                        0x200019e8   Data          62  main.o(.bss)
    .bss                                     0x20001a38   Section      260  rom.o(.bss)
    STACK                                    0x20001b40   Section     1024  startup_armcm0.o(STACK)

    Global Symbols

    Symbol Name                              Value     Ov Type        Size  Object(Section)

    BuildAttributes$$THM_ISAv3M$S$PE$A:L22$X:L11$S22$IEEE1$IW$USESV6$~STKCKD$USESV7$~SHL$OTIME$ROPI$EBA8$MICROLIB$REQ8$PRES8$EABIv2 0x00000000   Number         0  anon$$obj.o ABSOLUTE
    __ARM_use_no_argv                        0x00000000   Number         0  main.o ABSOLUTE
    __cpp_initialize__aeabi_                  - Undefined Weak Reference
    __cxa_finalize                            - Undefined Weak Reference
    __decompress                              - Undefined Weak Reference
    _clock_init                               - Undefined Weak Reference
    _microlib_exit                            - Undefined Weak Reference
    __Vectors_Size                           0x000000c0   Number         0  startup_armcm0.o ABSOLUTE
    __Vectors                                0x10000000   Data           4  startup_armcm0.o(RESET)
    __Vectors_End                            0x100000c0   Data           0  startup_armcm0.o(RESET)
    __main                                   0x100000c1   Thumb Code     0  entry.o(.ARM.Collect$$$$00000000)
    _main_stk                                0x100000c1   Thumb Code     0  entry2.o(.ARM.Collect$$$$00000001)
    _main_scatterload                        0x100000c5   Thumb Code     0  entry5.o(.ARM.Collect$$$$00000004)
    __main_after_scatterload                 0x100000c9   Thumb Code     0  entry5.o(.ARM.Collect$$$$00000004)
    _main_clock                              0x100000c9   Thumb Code     0  entry7b.o(.ARM.Collect$$$$00000008)
    _main_cpp_init                           0x100000c9   Thumb Code     0  entry8b.o(.ARM.Collect$$$$0000000A)
    _main_init                               0x100000c9   Thumb Code     0  entry9a.o(.ARM.Collect$$$$0000000B)
    __rt_final_cpp                           0x100000d1   Thumb Code     0  entry10a.o(.ARM.Collect$$$$0000000D)
    __rt_final_exit                          0x100000d1   Thumb Code     0  entry11a.o(.ARM.Collect$$$$0000000F)
    init_amic_settings                       0x100000d5   Thumb Code    10  main.o(.text)
    pdm_init                                 0x100000df   Thumb Code    78  main.o(.text)
    start_record                             0x100001b3   Thumb Code    30  main.o(.text)
    stop_record                              0x100001d1   Thumb Code    14  main.o(.text)
    get_enc_buf_ptr                          0x100001df   Thumb Code     6  main.o(.text)
    voice_printf_data                        0x100001e5   Thumb Code    20  main.o(.text)
    main                                     0x100001f9   Thumb Code   390  main.o(.text)
    gpi_irq_set_cb                           0x100003b9   Thumb Code     6  gpio.o(.text)
    gpi_config                               0x100003bf   Thumb Code   114  gpio.o(.text)
    pad_input_configure                      0x10000431   Thumb Code    94  gpio.o(.text)
    gpo_config                               0x1000048f   Thumb Code    90  gpio.o(.text)
    gpo_toggle                               0x100004e9   Thumb Code    42  gpio.o(.text)
    gpo_set                                  0x10000513   Thumb Code    42  gpio.o(.text)
    gpo_clr                                  0x1000053d   Thumb Code    42  gpio.o(.text)
    gpi_get_val                              0x10000567   Thumb Code    70  gpio.o(.text)
    gpi_enable_int                           0x100005ad   Thumb Code   170  gpio.o(.text)
    gpi_disable_int                          0x10000657   Thumb Code    44  gpio.o(.text)
    GPIO_IRQHandler                          0x10000683   Thumb Code   134  gpio.o(.text)
    delay_ms                                 0x10000719   Thumb Code    30  delay.o(.text)
    delay_us                                 0x10000737   Thumb Code    26  delay.o(.text)
    pad_mux_read                             0x10000751   Thumb Code    62  pad_mux_ctrl.o(.text)
    pad_mux_write                            0x1000078f   Thumb Code    78  pad_mux_ctrl.o(.text)
    uart_0_init                              0x10000813   Thumb Code   134  uart.o(.text)
    UART0_IRQHandler                         0x10000899   Thumb Code    58  uart.o(.text)
    uart_1_init                              0x100008d3   Thumb Code   112  uart.o(.text)
    UART1_IRQHandler                         0x10000943   Thumb Code    60  uart.o(.text)
    uart_write                               0x1000097f   Thumb Code    80  uart.o(.text)
    uart_read                                0x100009cf   Thumb Code    20  uart.o(.text)
    uart_queue_size                          0x100009e3   Thumb Code    56  uart.o(.text)
    uart_get_ctrl                            0x10000a1b   Thumb Code    18  uart.o(.text)
    dbg_init                                 0x10000b75   Thumb Code    12  debug.o(.text)
    dbg_printf                               0x10000b81   Thumb Code    60  debug.o(.text)
    dbg_printf_sel                           0x10000bbd   Thumb Code    62  debug.o(.text)
    dbg_hexdump                              0x10000bfb   Thumb Code   108  debug.o(.text)
    queue_init                               0x10000c8d   Thumb Code    12  queue.o(.text)
    queue_reset                              0x10000c99   Thumb Code     6  queue.o(.text)
    enqueue_all                              0x10000c9f   Thumb Code    94  queue.o(.text)
    enqueue                                  0x10000cfd   Thumb Code    28  queue.o(.text)
    dequeue                                  0x10000d19   Thumb Code    42  queue.o(.text)
    is_queue_empty                           0x10000d43   Thumb Code    18  queue.o(.text)
    queue_size                               0x10000d55   Thumb Code    24  queue.o(.text)
    PDM_IRQHandler                           0x10000d6d   Thumb Code    26  pdm.o(.text)
    pdm_set_irq_callback                     0x10000d87   Thumb Code     6  pdm.o(.text)
    pdm_enable_int                           0x10000d8d   Thumb Code    10  pdm.o(.text)
    pdm_start                                0x10000d97   Thumb Code    28  pdm.o(.text)
    pdm_stop                                 0x10000db3   Thumb Code    26  pdm.o(.text)
    pdm_set_DMA                              0x10000dcd   Thumb Code    88  pdm.o(.text)
    pdm_set_channel                          0x10000e25   Thumb Code    22  pdm.o(.text)
    pdm_set_sample_width                     0x10000e3b   Thumb Code    22  pdm.o(.text)
    pdm_set_clk                              0x10000e51   Thumb Code    22  pdm.o(.text)
    pdm_set_sample_rate                      0x10000e67   Thumb Code    20  pdm.o(.text)
    pdm_set_sample_trigger                   0x10000e7b   Thumb Code    22  pdm.o(.text)
    pdm_set_dc_mode                          0x10000e91   Thumb Code    78  pdm.o(.text)
    pdm_software_scaling                     0x10000edf   Thumb Code    26  pdm.o(.text)
    pdm_get_sw_gain                          0x10000ef9   Thumb Code    18  pdm.o(.text)
    pdm_set_gain                             0x10000f21   Thumb Code    80  pdm.o(.text)
    pdm_enable_amic                          0x10000f71   Thumb Code    36  pdm.o(.text)
    pdm_enable_amic_i2s                      0x10000f95   Thumb Code    36  pdm.o(.text)
    set_amic_gain                            0x10000fb9   Thumb Code    72  pdm.o(.text)
    pdm_set_amic_gain                        0x10001001   Thumb Code    12  pdm.o(.text)
    pdm_is_enable                            0x1000100d   Thumb Code    10  pdm.o(.text)
    Adpcm_encode                             0x10001025   Thumb Code   200  adpcm.o(.text)
    Adpcm_decode                             0x100010ed   Thumb Code   156  adpcm.o(.text)
    Adpcm_encode_block_test                  0x10001189   Thumb Code   118  adpcm.o(.text)
    Reset_Handler                            0x10001251   Thumb Code     8  startup_armcm0.o(.text)
    NMI_Handler                              0x10001259   Thumb Code     2  startup_armcm0.o(.text)
    HardFault_Handler                        0x1000125b   Thumb Code     2  startup_armcm0.o(.text)
    SVC_Handler                              0x1000125d   Thumb Code     2  startup_armcm0.o(.text)
    PendSV_Handler                           0x1000125f   Thumb Code     2  startup_armcm0.o(.text)
    SysTick_Handler                          0x10001261   Thumb Code     2  startup_armcm0.o(.text)
    CAPDET_IRQHandler                        0x10001263   Thumb Code     0  startup_armcm0.o(.text)
    GPADC_IRQHandler                         0x10001263   Thumb Code     0  startup_armcm0.o(.text)
    I2CM0_IRQHandler                         0x10001263   Thumb Code     0  startup_armcm0.o(.text)
    I2CM1_IRQHandler                         0x10001263   Thumb Code     0  startup_armcm0.o(.text)
    I2CS_IRQHandler                          0x10001263   Thumb Code     0  startup_armcm0.o(.text)
    I2S_IRQHandler                           0x10001263   Thumb Code     0  startup_armcm0.o(.text)
    INTCOMB_IRQHandler                       0x10001263   Thumb Code     0  startup_armcm0.o(.text)
    IR_IRQHandler                            0x10001263   Thumb Code     0  startup_armcm0.o(.text)
    ISO_7816_IRQHandler                      0x10001263   Thumb Code     0  startup_armcm0.o(.text)
    LLC2_IRQHandler                          0x10001263   Thumb Code     0  startup_armcm0.o(.text)
    LLC3_IRQHandler                          0x10001263   Thumb Code     0  startup_armcm0.o(.text)
    M2M_IRQHandler                           0x10001263   Thumb Code     0  startup_armcm0.o(.text)
    PWM1_IRQHandler                          0x10001263   Thumb Code     0  startup_armcm0.o(.text)
    PWM2_IRQHandler                          0x10001263   Thumb Code     0  startup_armcm0.o(.text)
    PWM3_IRQHandler                          0x10001263   Thumb Code     0  startup_armcm0.o(.text)
    RTC_IRQHandler                           0x10001263   Thumb Code     0  startup_armcm0.o(.text)
    SPIM_IRQHandler                          0x10001263   Thumb Code     0  startup_armcm0.o(.text)
    SPIS_IRQHandler                          0x10001263   Thumb Code     0  startup_armcm0.o(.text)
    SW_IRQHandler                            0x10001263   Thumb Code     0  startup_armcm0.o(.text)
    TIMER0_IRQHandler                        0x10001263   Thumb Code     0  startup_armcm0.o(.text)
    TIMER1_IRQHandler                        0x10001263   Thumb Code     0  startup_armcm0.o(.text)
    TIMER2_IRQHandler                        0x10001263   Thumb Code     0  startup_armcm0.o(.text)
    TIMER3_IRQHandler                        0x10001263   Thumb Code     0  startup_armcm0.o(.text)
    TIMER4_IRQHandler                        0x10001263   Thumb Code     0  startup_armcm0.o(.text)
    TRNG_IRQHandler                          0x10001263   Thumb Code     0  startup_armcm0.o(.text)
    UART2_IRQHandler                         0x10001263   Thumb Code     0  startup_armcm0.o(.text)
    WDT_IRQHandler                           0x10001263   Thumb Code     0  startup_armcm0.o(.text)
    SystemCoreClockUpdate                    0x1000126d   Thumb Code     8  system_armcm0.o(.text)
    SystemInit                               0x10001275   Thumb Code     8  system_armcm0.o(.text)
    sw_timer_update_callback                 0x10001285   Thumb Code    20  main.o(.text)
    gap_s_ble_init                           0x10001299   Thumb Code    18  main.o(.text)
    gap_s_disconnect                         0x100012ab   Thumb Code     6  main.o(.text)
    gap_s_validate_irk                       0x100012b1   Thumb Code     6  main.o(.text)
    gap_s_ble_gen_random_private_address     0x100012b7   Thumb Code     6  main.o(.text)
    gap_s_ble_address_set                    0x100012bd   Thumb Code     6  main.o(.text)
    gap_s_ble_address_get                    0x100012c3   Thumb Code     4  main.o(.text)
    gap_s_ble_feature_set                    0x100012c7   Thumb Code     6  main.o(.text)
    gap_s_ble_feature_get                    0x100012cd   Thumb Code     6  main.o(.text)
    gap_s_ble_slave_feature_set              0x100012d3   Thumb Code     6  main.o(.text)
    gap_s_ble_slave_feature_get              0x100012d9   Thumb Code     6  main.o(.text)
    gap_s_adv_access_code_set                0x100012df   Thumb Code     6  main.o(.text)
    gap_s_adv_access_code_get                0x100012e5   Thumb Code     6  main.o(.text)
    gap_s_adv_parameters_set                 0x100012eb   Thumb Code     6  main.o(.text)
    gap_s_adv_data_set                       0x100012f1   Thumb Code    10  main.o(.text)
    gap_s_adv_start                          0x100012fb   Thumb Code     6  main.o(.text)
    gap_s_adv_stop                           0x10001301   Thumb Code     4  main.o(.text)
    gap_s_adv_start_powersaving              0x10001305   Thumb Code   610  main.o(.text)
    gap_s_scan_parameters_set                0x10001567   Thumb Code     6  main.o(.text)
    gap_s_scan_start                         0x1000156d   Thumb Code     6  main.o(.text)
    gap_s_scan_stop                          0x10001573   Thumb Code     4  main.o(.text)
    gap_s_coex_adv_data_set                  0x10001577   Thumb Code    14  main.o(.text)
    gap_s_coex_scan_rsp_data_set             0x10001585   Thumb Code    12  main.o(.text)
    gap_s_coex_adv_start                     0x10001591   Thumb Code     8  main.o(.text)
    gap_s_coex_adv_stop                      0x10001599   Thumb Code     8  main.o(.text)
    gap_s_coex_scan_req_data_set             0x100015a1   Thumb Code     6  main.o(.text)
    gap_s_coex_scan_start                    0x100015a7   Thumb Code     4  main.o(.text)
    gap_s_coex_scan_stop                     0x100015ab   Thumb Code     6  main.o(.text)
    gap_s_gatt_profiles_set                  0x100015b1   Thumb Code     6  main.o(.text)
    gap_s_security_parameters_set            0x100015b7   Thumb Code     6  main.o(.text)
    gap_s_security_parameters_get            0x100015bd   Thumb Code     6  main.o(.text)
    gap_s_security_req                       0x100015c3   Thumb Code     6  main.o(.text)
    gap_s_numeric_comrison                   0x100015c9   Thumb Code     8  main.o(.text)
    gap_s_connection_param_set               0x100015d1   Thumb Code     6  main.o(.text)
    gap_s_connection_param_get               0x100015d7   Thumb Code     4  main.o(.text)
    gap_s_connection_update                  0x100015db   Thumb Code     6  main.o(.text)
    gap_s_link_parameters_get                0x100015e1   Thumb Code     6  main.o(.text)
    gap_s_passkey_set                        0x100015e7   Thumb Code     8  main.o(.text)
    gap_s_connection_latency_mode            0x100015ef   Thumb Code     4  main.o(.text)
    gap_s_check_fifo_sz                      0x100015f3   Thumb Code     6  main.o(.text)
    BBCheckTXFIFOEmpty                       0x100015f9   Thumb Code    12  main.o(.text)
    sw_timer_latency_callback                0x10001605   Thumb Code    68  main.o(.text)
    smart_latency_start                      0x10001649   Thumb Code   260  main.o(.text)
    smart_latency_clear                      0x1000174d   Thumb Code    12  main.o(.text)
    gap_evt_Callback                         0x10001759   Thumb Code   354  main.o(.text)
    gap_s_evt_handler_set                    0x100018bb   Thumb Code    30  main.o(.text)
    gap_s_att_c_evt_handler_set              0x100018d9   Thumb Code     6  main.o(.text)
    gap_s_gatt_report_handle_get             0x100018df   Thumb Code     6  main.o(.text)
    gap_s_gatt_read_rsp_set                  0x100018e5   Thumb Code     6  main.o(.text)
    gap_s_gatt_write_err_rsp_set             0x100018eb   Thumb Code     6  main.o(.text)
    indicate_queue_size                      0x100018f1   Thumb Code    26  main.o(.text)
    sw_indicate_timer_callback               0x1000190b   Thumb Code    22  main.o(.text)
    gap_s_gatt_data_send                     0x10001921   Thumb Code    38  main.o(.text)
    gap_s_gatt_data_send_report_confirmation_handle 0x10001947   Thumb Code   112  main.o(.text)
    gap_s_profile_data_read                  0x100019b7   Thumb Code    44  main.o(.text)
    gap_s_profile_data_write                 0x10001a37   Thumb Code   214  main.o(.text)
    att_c_mtureq                             0x10001b0d   Thumb Code     4  main.o(.text)
    att_c_findinforeq                        0x10001b11   Thumb Code     6  main.o(.text)
    att_c_findbytypevaluereq                 0x10001b17   Thumb Code    14  main.o(.text)
    att_c_readbytypereq                      0x10001b25   Thumb Code    12  main.o(.text)
    att_c_readreq                            0x10001b31   Thumb Code     6  main.o(.text)
    att_c_readblobreq                        0x10001b37   Thumb Code     6  main.o(.text)
    att_c_readmultiplereq                    0x10001b3d   Thumb Code     6  main.o(.text)
    att_c_readbygrouptypereq                 0x10001b43   Thumb Code    12  main.o(.text)
    att_c_writereq                           0x10001b4f   Thumb Code     6  main.o(.text)
    att_c_writecmdreq                        0x10001b55   Thumb Code     6  main.o(.text)
    att_c_preparewritereq                    0x10001b5b   Thumb Code    12  main.o(.text)
    att_c_executewritereq                    0x10001b67   Thumb Code     6  main.o(.text)
    att_c_confirmation                       0x10001b6d   Thumb Code     6  main.o(.text)
    bm_s_bond_manager_idx_set                0x10001b73   Thumb Code     6  main.o(.text)
    bm_s_bond_manager_idx_get                0x10001b79   Thumb Code     4  main.o(.text)
    bm_s_bond_info_get                       0x10001b7d   Thumb Code     6  main.o(.text)
    bm_s_bond_info_add                       0x10001b83   Thumb Code     6  main.o(.text)
    bm_s_bond_info_delete_all                0x10001b89   Thumb Code     6  main.o(.text)
    bm_s_bond_info_delete                    0x10001b8f   Thumb Code     6  main.o(.text)
    ecdh_public_key_get                      0x10001b95   Thumb Code     4  main.o(.text)
    sys_mcu_clock_get                        0x10001b99   Thumb Code     6  main.o(.text)
    sys_mcu_clock_set                        0x10001b9f   Thumb Code     6  main.o(.text)
    sys_mcu_clock_div_set                    0x10001ba5   Thumb Code     6  main.o(.text)
    sys_mcu_clock_div_get                    0x10001bab   Thumb Code     6  main.o(.text)
    sys_32k_clock_get                        0x10001bb1   Thumb Code     6  main.o(.text)
    sys_32k_clock_set                        0x10001bb7   Thumb Code     8  main.o(.text)
    sys_32k_lpo_calibration                  0x10001bbf   Thumb Code     8  main.o(.text)
    sys_mcu_rc_calibration                   0x10001bc7   Thumb Code     6  main.o(.text)
    pmu_wakeup_config                        0x10001bcd   Thumb Code     6  main.o(.text)
    pmu_power_saving                         0x10001bd3   Thumb Code    10  main.o(.text)
    pmu_mcu_off                              0x10001bdd   Thumb Code     6  main.o(.text)
    pmu_system_off                           0x10001be3   Thumb Code     4  main.o(.text)
    pmu_reset                                0x10001be7   Thumb Code     6  main.o(.text)
    pmu_system_reset                         0x10001bed   Thumb Code     6  main.o(.text)
    pmu_mcu_reset                            0x10001bf3   Thumb Code     6  main.o(.text)
    pmu_32m_xo_on                            0x10001bf9   Thumb Code     6  main.o(.text)
    pmu_32m_xo_off                           0x10001bff   Thumb Code     6  main.o(.text)
    ota_code_erase                           0x10001c05   Thumb Code     6  main.o(.text)
    ota_code_write                           0x10001c0b   Thumb Code     6  main.o(.text)
    ota_code_read                            0x10001c11   Thumb Code     4  main.o(.text)
    ota_code_info_read                       0x10001c15   Thumb Code    12  main.o(.text)
    ota_code_update                          0x10001c21   Thumb Code    10  main.o(.text)
    ble_sched_execute                        0x10001c2b   Thumb Code   166  main.o(.text)
    sys_rc_get                               0x10001cd1   Thumb Code     4  main.o(.text)
    sys_fclk_get                             0x10001cd5   Thumb Code     6  main.o(.text)
    sys_pclk_get                             0x10001cdb   Thumb Code     6  main.o(.text)
    sys_sclk_get                             0x10001ce1   Thumb Code     6  main.o(.text)
    sys_hclk_get                             0x10001ce7   Thumb Code     6  main.o(.text)
    gpadc_init                               0x10001ced   Thumb Code    22  main.o(.text)
    SystemSleep                              0x10001d03   Thumb Code    40  main.o(.text)
    ble_flash_authority                      0x10001d2b   Thumb Code   102  main.o(.text)
    ble_flash_erase                          0x10001d91   Thumb Code    12  main.o(.text)
    ble_flash_read                           0x10001d9d   Thumb Code    32  main.o(.text)
    ble_flash_write                          0x10001dbd   Thumb Code    14  main.o(.text)
    ble_flash_write_burst                    0x10001dcb   Thumb Code    14  main.o(.text)
    _checksum_cache_496kb                    0x10001dd9   Thumb Code   110  main.o(.text)
    ota_code_update_496kb                    0x10001e47   Thumb Code   288  main.o(.text)
    BBRFWrite                                0x10001f67   Thumb Code     4  main.o(.text)
    BBRFRead                                 0x10001f6b   Thumb Code     6  main.o(.text)
    gap_s_smart_update_latency               0x10001f71   Thumb Code   300  main.o(.text)
    smart_update_latency_updatareq           0x1000209d   Thumb Code   298  main.o(.text)
    syd8821_chip_confirm                     0x100021c7   Thumb Code    24  main.o(.text)
    APPtimer_enable                          0x100021df   Thumb Code    26  main.o(.text)
    APPtimer_disable                         0x100021f9   Thumb Code    24  main.o(.text)
    sched_callback_enable                    0x10002211   Thumb Code    26  main.o(.text)
    gap_s_adv_state_get                      0x1000222b   Thumb Code     8  main.o(.text)
    gap_s_att_mtu_get                        0x10002233   Thumb Code    18  main.o(.text)
    ble_SetTxPower                           0x10002245   Thumb Code   534  main.o(.text)
    ll_set_replying_packet_timer             0x1000245b   Thumb Code    10  main.o(.text)
    amic_set_bias                            0x10002465   Thumb Code    72  main.o(.text)
    Confirm_NumericComrison                  0x100024b1   Thumb Code    12  rom.o(.text)
    SmpRxPairingConfirm                      0x100024bd   Thumb Code   214  rom.o(.text)
    SmpRxPairingRandom                       0x10002593   Thumb Code   648  rom.o(.text)
    SmpPairingReq                            0x1000281b   Thumb Code   450  rom.o(.text)
    SmpPairingPublicKey                      0x100029dd   Thumb Code   148  rom.o(.text)
    SmpPasskeyEntry                          0x10002a71   Thumb Code   226  rom.o(.text)
    AttNotify                                0x10002b53   Thumb Code    40  rom.o(.text)
    AttIndication                            0x10002b7b   Thumb Code    40  rom.o(.text)
    LLLengthRsp                              0x10002f3d   Thumb Code   214  rom.o(.text)
    LLLengthReq                              0x10003013   Thumb Code    60  rom.o(.text)
    LLRxStartENCRsp                          0x100033bb   Thumb Code     2  rom.o(.text)
    Protocol_Hook_Callback                   0x100033bd   Thumb Code   274  rom.o(.text)
    _rom_init                                0x100034cf   Thumb Code    78  rom.o(.text)
    _rom_sys_32k_lpo_calibration             0x1000351d   Thumb Code   202  rom.o(.text)
    _rom_sys_32k_clock_set                   0x100035e7   Thumb Code   118  rom.o(.text)
    _rom_gap_s_gatt_data_send                0x1000365d   Thumb Code    72  rom.o(.text)
    _rom_gap_s_coex_adv_start                0x100036a5   Thumb Code    56  rom.o(.text)
    _rom_gap_s_coex_adv_stop                 0x100036dd   Thumb Code    40  rom.o(.text)
    BBRXFIFORead                             0x10003705   Thumb Code   300  rom.o(.text)
    LCTxPkt_Handler                          0x10003a4d   Thumb Code   286  rom.o(.text)
    LLC_IRQHandler                           0x10003b6b   Thumb Code   210  rom.o(.text)
    __aeabi_uidiv                            0x10003cb5   Thumb Code     0  uidiv.o(.text)
    __aeabi_uidivmod                         0x10003cb5   Thumb Code    44  uidiv.o(.text)
    __aeabi_idiv                             0x10003ce1   Thumb Code     0  idiv.o(.text)
    __aeabi_idivmod                          0x10003ce1   Thumb Code    40  idiv.o(.text)
    __aeabi_memcpy                           0x10003d09   Thumb Code    36  memcpya.o(.text)
    __aeabi_memcpy4                          0x10003d09   Thumb Code     0  memcpya.o(.text)
    __aeabi_memcpy8                          0x10003d09   Thumb Code     0  memcpya.o(.text)
    __aeabi_memset                           0x10003d2d   Thumb Code    14  memseta.o(.text)
    __aeabi_memset4                          0x10003d2d   Thumb Code     0  memseta.o(.text)
    __aeabi_memset8                          0x10003d2d   Thumb Code     0  memseta.o(.text)
    __aeabi_memclr                           0x10003d3b   Thumb Code     4  memseta.o(.text)
    __aeabi_memclr4                          0x10003d3b   Thumb Code     0  memseta.o(.text)
    __aeabi_memclr8                          0x10003d3b   Thumb Code     0  memseta.o(.text)
    _memset$wrapper                          0x10003d3f   Thumb Code    18  memseta.o(.text)
    memcmp                                   0x10003d51   Thumb Code    26  memcmp.o(.text)
    __aeabi_uread4                           0x10003d6b   Thumb Code    20  uread4.o(.text)
    __rt_uread4                              0x10003d6b   Thumb Code     0  uread4.o(.text)
    _uread4                                  0x10003d6b   Thumb Code     0  uread4.o(.text)
    __aeabi_uwrite4                          0x10003d7f   Thumb Code    18  uwrite4.o(.text)
    __rt_uwrite4                             0x10003d7f   Thumb Code     0  uwrite4.o(.text)
    _uwrite4                                 0x10003d7f   Thumb Code     0  uwrite4.o(.text)
    __aeabi_fadd                             0x10003d91   Thumb Code   162  fadd.o(.text)
    __aeabi_fsub                             0x10003e33   Thumb Code     8  fadd.o(.text)
    __aeabi_frsub                            0x10003e3b   Thumb Code     8  fadd.o(.text)
    __aeabi_dadd                             0x10003e45   Thumb Code   328  dadd.o(.text)
    __aeabi_dsub                             0x10003f8d   Thumb Code    12  dadd.o(.text)
    __aeabi_drsub                            0x10003f99   Thumb Code    12  dadd.o(.text)
    __aeabi_dmul                             0x10003fa9   Thumb Code   202  dmul.o(.text)
    __aeabi_ddiv                             0x10004079   Thumb Code   234  ddiv.o(.text)
    __aeabi_ui2f                             0x10004169   Thumb Code    14  ffltui.o(.text)
    __aeabi_i2d                              0x10004179   Thumb Code    34  dflti.o(.text)
    __aeabi_ui2d                             0x100041a1   Thumb Code    24  dfltui.o(.text)
    __aeabi_d2uiz                            0x100041bd   Thumb Code    50  dfixui.o(.text)
    __aeabi_f2d                              0x100041f9   Thumb Code    40  f2d.o(.text)
    __aeabi_uldivmod                         0x10004221   Thumb Code    96  uldiv.o(.text)
    __aeabi_llsl                             0x10004281   Thumb Code    32  llshl.o(.text)
    _ll_shift_l                              0x10004281   Thumb Code     0  llshl.o(.text)
    __aeabi_llsr                             0x100042a1   Thumb Code    34  llushr.o(.text)
    _ll_ushift_r                             0x100042a1   Thumb Code     0  llushr.o(.text)
    __aeabi_lasr                             0x100042c3   Thumb Code    38  llsshr.o(.text)
    _ll_sshift_r                             0x100042c3   Thumb Code     0  llsshr.o(.text)
    __I$use$fp                               0x100042e9   Thumb Code     0  iusefp.o(.text)
    _float_round                             0x100042e9   Thumb Code    16  fepilogue.o(.text)
    _float_epilogue                          0x100042f9   Thumb Code   114  fepilogue.o(.text)
    _double_round                            0x1000436b   Thumb Code    26  depilogue.o(.text)
    _double_epilogue                         0x10004385   Thumb Code   164  depilogue.o(.text)
    __aeabi_d2ulz                            0x10004429   Thumb Code    54  dfixul.o(.text)
    __aeabi_cdrcmple                         0x10004469   Thumb Code    38  cdrcmple.o(.text)
    __scatterload                            0x10004491   Thumb Code    28  init.o(.text)
    __scatterload_rt2                        0x10004491   Thumb Code     0  init.o(.text)
    __0vsprintf                              0x100044b5   Thumb Code    30  printfa.o(i.__0vsprintf)
    __1vsprintf                              0x100044b5   Thumb Code     0  printfa.o(i.__0vsprintf)
    __2vsprintf                              0x100044b5   Thumb Code     0  printfa.o(i.__0vsprintf)
    __c89vsprintf                            0x100044b5   Thumb Code     0  printfa.o(i.__0vsprintf)
    vsprintf                                 0x100044b5   Thumb Code     0  printfa.o(i.__0vsprintf)
    __ARM_clz                                0x100044d9   Thumb Code    46  depilogue.o(i.__ARM_clz)
    __ARM_common_switch8                     0x10004507   Thumb Code    26  main.o(i.__ARM_common_switch8)
    __scatterload_copy                       0x10004521   Thumb Code    14  handlers.o(i.__scatterload_copy)
    __scatterload_null                       0x1000452f   Thumb Code     2  handlers.o(i.__scatterload_null)
    __scatterload_zeroinit                   0x10004531   Thumb Code    14  handlers.o(i.__scatterload_zeroinit)
    Region$$Table$$Base                      0x10004ee0   Number         0  anon$$obj.o(Region$$Table)
    Region$$Table$$Limit                     0x10004f00   Number         0  anon$$obj.o(Region$$Table)
    adpcm_state_encdoe                       0x20000008   Data           4  main.o(.data)
    adpcm_state_decdoe                       0x2000000c   Data           4  main.o(.data)
    pdm_int_flag                             0x20000010   Data           1  main.o(.data)
    UART_CTRL                                0x20000028   Data           8  uart.o(.data)
    SystemCoreClock                          0x20000040   Data           4  system_armcm0.o(.data)
    app_gap_evt_callback                     0x20000050   Data           4  main.o(.data)
    using_oob                                0x20000055   Data           1  rom.o(.data)
    using_numeric_compairison                0x20000056   Data           1  rom.o(.data)
    BB_CTRL                                  0x20000058   Data           4  rom.o(.data)
    flash_hdr                                0x2000005c   Data           4  rom.o(.data)
    lclink                                   0x20000060   Data           4  rom.o(.data)
    txpdu                                    0x20000064   Data           4  rom.o(.data)
    rx_queue                                 0x200004bc   Data          32  uart.o(.bss)
    rx_buf                                   0x200004dc   Data        1024  uart.o(.bss)
    smart_update_ctrol                       0x20001a26   Data          15  main.o(.bss)
    rxbuf                                    0x20001a38   Data         260  rom.o(.bss)
    __initial_sp                             0x20001f40   Data           0  startup_armcm0.o(STACK)



==============================================================================

Memory Map of the image

  Image Entry point : 0x100000c1

  Load Region LR_IROM1 (Base: 0x10000000, Size: 0x00004f84, Max: 0x0003e000, ABSOLUTE)

    Execution Region ER_IROM1 (Base: 0x10000000, Size: 0x00004f00, Max: 0x0003e000, ABSOLUTE)

    Base Addr    Size         Type   Attr      Idx    E Section Name        Object

    0x10000000   0x000000c0   Data   RO          321    RESET               startup_armcm0.o
    0x100000c0   0x00000000   Code   RO          432  * .ARM.Collect$$$$00000000  mc_p.l(entry.o)
    0x100000c0   0x00000004   Code   RO          497    .ARM.Collect$$$$00000001  mc_p.l(entry2.o)
    0x100000c4   0x00000004   Code   RO          500    .ARM.Collect$$$$00000004  mc_p.l(entry5.o)
    0x100000c8   0x00000000   Code   RO          502    .ARM.Collect$$$$00000008  mc_p.l(entry7b.o)
    0x100000c8   0x00000000   Code   RO          504    .ARM.Collect$$$$0000000A  mc_p.l(entry8b.o)
    0x100000c8   0x00000008   Code   RO          505    .ARM.Collect$$$$0000000B  mc_p.l(entry9a.o)
    0x100000d0   0x00000000   Code   RO          507    .ARM.Collect$$$$0000000D  mc_p.l(entry10a.o)
    0x100000d0   0x00000000   Code   RO          509    .ARM.Collect$$$$0000000F  mc_p.l(entry11a.o)
    0x100000d0   0x00000004   Code   RO          498    .ARM.Collect$$$$00002712  mc_p.l(entry2.o)
    0x100000d4   0x000002e4   Code   RO            3    .text               main.o
    0x100003b8   0x00000360   Code   RO           92    .text               gpio.o
    0x10000718   0x00000038   Code   RO          120    .text               delay.o
    0x10000750   0x00000090   Code   RO          143    .text               pad_mux_ctrl.o
    0x100007e0   0x00000278   Code   RO          165    .text               uart.o
    0x10000a58   0x00000234   Code   RO          198    .text               debug.o
    0x10000c8c   0x000000e0   Code   RO          235    .text               queue.o
    0x10000d6c   0x000002b8   Code   RO          258    .text               pdm.o
    0x10001024   0x0000022c   Code   RO          280    .text               adpcm.o
    0x10001250   0x0000001c   Code   RO          322    .text               startup_armcm0.o
    0x1000126c   0x00000018   Code   RO          328    .text               system_armcm0.o
    0x10001284   0x0000122c   Code   RO          354    .text               syd8821_ble_slave.lib(main.o)
    0x100024b0   0x00001804   Code   RO          405    .text               syd8821_ble_slave.lib(rom.o)
    0x10003cb4   0x0000002c   Code   RO          435    .text               mc_p.l(uidiv.o)
    0x10003ce0   0x00000028   Code   RO          437    .text               mc_p.l(idiv.o)
    0x10003d08   0x00000024   Code   RO          439    .text               mc_p.l(memcpya.o)
    0x10003d2c   0x00000024   Code   RO          441    .text               mc_p.l(memseta.o)
    0x10003d50   0x0000001a   Code   RO          443    .text               mc_p.l(memcmp.o)
    0x10003d6a   0x00000014   Code   RO          475    .text               mc_p.l(uread4.o)
    0x10003d7e   0x00000012   Code   RO          477    .text               mc_p.l(uwrite4.o)
    0x10003d90   0x000000b2   Code   RO          479    .text               mf_p.l(fadd.o)
    0x10003e42   0x00000002   PAD
    0x10003e44   0x00000164   Code   RO          481    .text               mf_p.l(dadd.o)
    0x10003fa8   0x000000d0   Code   RO          483    .text               mf_p.l(dmul.o)
    0x10004078   0x000000f0   Code   RO          485    .text               mf_p.l(ddiv.o)
    0x10004168   0x0000000e   Code   RO          487    .text               mf_p.l(ffltui.o)
    0x10004176   0x00000002   PAD
    0x10004178   0x00000028   Code   RO          489    .text               mf_p.l(dflti.o)
    0x100041a0   0x0000001c   Code   RO          491    .text               mf_p.l(dfltui.o)
    0x100041bc   0x0000003c   Code   RO          493    .text               mf_p.l(dfixui.o)
    0x100041f8   0x00000028   Code   RO          495    .text               mf_p.l(f2d.o)
    0x10004220   0x00000060   Code   RO          514    .text               mc_p.l(uldiv.o)
    0x10004280   0x00000020   Code   RO          516    .text               mc_p.l(llshl.o)
    0x100042a0   0x00000022   Code   RO          518    .text               mc_p.l(llushr.o)
    0x100042c2   0x00000026   Code   RO          520    .text               mc_p.l(llsshr.o)
    0x100042e8   0x00000000   Code   RO          522    .text               mc_p.l(iusefp.o)
    0x100042e8   0x00000082   Code   RO          523    .text               mf_p.l(fepilogue.o)
    0x1000436a   0x000000be   Code   RO          525    .text               mf_p.l(depilogue.o)
    0x10004428   0x00000040   Code   RO          529    .text               mf_p.l(dfixul.o)
    0x10004468   0x00000028   Code   RO          531    .text               mf_p.l(cdrcmple.o)
    0x10004490   0x00000024   Code   RO          533    .text               mc_p.l(init.o)
    0x100044b4   0x00000024   Code   RO          454    i.__0vsprintf       mc_p.l(printfa.o)
    0x100044d8   0x0000002e   Code   RO          527    i.__ARM_clz         mf_p.l(depilogue.o)
    0x10004506   0x0000001a   Code   RO          373    i.__ARM_common_switch8  syd8821_ble_slave.lib(main.o)
    0x10004520   0x0000000e   Code   RO          539    i.__scatterload_copy  mc_p.l(handlers.o)
    0x1000452e   0x00000002   Code   RO          540    i.__scatterload_null  mc_p.l(handlers.o)
    0x10004530   0x0000000e   Code   RO          541    i.__scatterload_zeroinit  mc_p.l(handlers.o)
    0x1000453e   0x00000002   PAD
    0x10004540   0x00000158   Code   RO          455    i._fp_digits        mc_p.l(printfa.o)
    0x10004698   0x000006ec   Code   RO          456    i._printf_core      mc_p.l(printfa.o)
    0x10004d84   0x00000020   Code   RO          457    i._printf_post_padding  mc_p.l(printfa.o)
    0x10004da4   0x0000002c   Code   RO          458    i._printf_pre_padding  mc_p.l(printfa.o)
    0x10004dd0   0x0000000a   Code   RO          460    i._sputc            mc_p.l(printfa.o)
    0x10004dda   0x000000d2   Data   RO          281    .constdata          adpcm.o
    0x10004eac   0x00000032   Data   RO          407    .constdata          syd8821_ble_slave.lib(rom.o)
    0x10004ede   0x00000002   PAD
    0x10004ee0   0x00000020   Data   RO          537    Region$$Table       anon$$obj.o


    Execution Region RW_IRAM1 (Base: 0x20000000, Size: 0x00001f40, Max: 0x00028000, ABSOLUTE)

    Base Addr    Size         Type   Attr      Idx    E Section Name        Object

    0x20000000   0x00000011   Data   RW            5    .data               main.o
    0x20000011   0x00000003   PAD
    0x20000014   0x0000000c   Data   RW           93    .data               gpio.o
    0x20000020   0x00000008   Data   RW          144    .data               pad_mux_ctrl.o
    0x20000028   0x00000008   Data   RW          167    .data               uart.o
    0x20000030   0x00000008   Data   RW          200    .data               debug.o
    0x20000038   0x00000006   Data   RW          259    .data               pdm.o
    0x2000003e   0x00000002   PAD
    0x20000040   0x00000004   Data   RW          329    .data               system_armcm0.o
    0x20000044   0x00000010   Data   RW          356    .data               syd8821_ble_slave.lib(main.o)
    0x20000054   0x00000030   Data   RW          408    .data               syd8821_ble_slave.lib(rom.o)
    0x20000084   0x00000438   Zero   RW            4    .bss                main.o
    0x200004bc   0x00000420   Zero   RW          166    .bss                uart.o
    0x200008dc   0x00000080   Zero   RW          199    .bss                debug.o
    0x2000095c   0x000010d9   Zero   RW          355    .bss                syd8821_ble_slave.lib(main.o)
    0x20001a35   0x00000003   PAD
    0x20001a38   0x00000104   Zero   RW          406    .bss                syd8821_ble_slave.lib(rom.o)
    0x20001b3c   0x00000004   PAD
    0x20001b40   0x00000400   Zero   RW          319    STACK               startup_armcm0.o


==============================================================================

Image component sizes


      Code (inc. data)   RO Data    RW Data    ZI Data      Debug   Object Name

       556         82        210          0          0       2396   adpcm.o
       564         38          0          8        128      10673   debug.o
        56          0          0          0          0        696   delay.o
       864         16          0         12          0      45481   gpio.o
       740         58          0         17       1080      52135   main.o
       144          4          0          8          0       1801   pad_mux_ctrl.o
       696         14          0          6          0       4620   pdm.o
       224          0          0          0          0       2367   queue.o
        28          8        192          0       1024        656   startup_armcm0.o
        24          8          0          4          0        853   system_armcm0.o
       632         24          0          8       1056      10627   uart.o

    ----------------------------------------------------------------------
      4528        252        434         68       3288     132305   Object Totals
         0          0         32          0          0          0   (incl. Generated)
         0          0          0          5          0          0   (incl. Padding)

    ----------------------------------------------------------------------

      Code (inc. data)   RO Data    RW Data    ZI Data      Debug   Library Member Name

         0          0          0          0          0          0   entry.o
         0          0          0          0          0          0   entry10a.o
         0          0          0          0          0          0   entry11a.o
         8          4          0          0          0          0   entry2.o
         4          0          0          0          0          0   entry5.o
         0          0          0          0          0          0   entry7b.o
         0          0          0          0          0          0   entry8b.o
         8          4          0          0          0          0   entry9a.o
        30          0          0          0          0          0   handlers.o
        40          0          0          0          0         72   idiv.o
        36          8          0          0          0         68   init.o
         0          0          0          0          0          0   iusefp.o
        32          0          0          0          0         68   llshl.o
        38          0          0          0          0         68   llsshr.o
        34          0          0          0          0         68   llushr.o
        26          0          0          0          0         72   memcmp.o
        36          0          0          0          0         60   memcpya.o
        36          0          0          0          0        100   memseta.o
      2238         96          0          0          0        460   printfa.o
        44          0          0          0          0         72   uidiv.o
        96          0          0          0          0         84   uldiv.o
        20          0          0          0          0         60   uread4.o
        18          0          0          0          0         60   uwrite4.o
        40          2          0          0          0         68   cdrcmple.o
       356          4          0          0          0        140   dadd.o
       240          6          0          0          0         84   ddiv.o
       236          0          0          0          0        216   depilogue.o
        60         10          0          0          0         68   dfixui.o
        64         10          0          0          0         68   dfixul.o
        40          6          0          0          0         68   dflti.o
        28          4          0          0          0         68   dfltui.o
       208          6          0          0          0         88   dmul.o
        40          0          0          0          0         60   f2d.o
       178          0          0          0          0        108   fadd.o
       130          0          0          0          0        144   fepilogue.o
        14          0          0          0          0         68   ffltui.o
      4678        288          0         16       4313     117896   main.o
      6148        324         50         48        260      14522   rom.o

    ----------------------------------------------------------------------
     15210        772         52         64       4580     134978   Library Totals
         6          0          2          0          7          0   (incl. Padding)

    ----------------------------------------------------------------------

      Code (inc. data)   RO Data    RW Data    ZI Data      Debug   Library Name

      2744        112          0          0          0       1312   mc_p.l
      1634         48          0          0          0       1248   mf_p.l
     10826        612         50         64       4573     132418   syd8821_ble_slave.lib

    ----------------------------------------------------------------------
     15210        772         52         64       4580     134978   Library Totals

    ----------------------------------------------------------------------

==============================================================================


      Code (inc. data)   RO Data    RW Data    ZI Data      Debug   

     19738       1024        486        132       7868     265183   Grand Totals
     19738       1024        486        132       7868     265183   ELF Image Totals
     19738       1024        486        132          0          0   ROM Totals

==============================================================================

    Total RO  Size (Code + RO Data)                20224 (  19.75kB)
    Total RW  Size (RW Data + ZI Data)              8000 (   7.81kB)
    Total ROM Size (Code + RO Data + RW Data)      20356 (  19.88kB)

==============================================================================

