Component: ARM Compiler 5.06 (build 20) Tool: armlink [4d35a3]

==============================================================================

Section Cross References

    main.o(.text) refers to port.o(.emb_text) for ulSetInterruptMaskFromISR
    main.o(.text) refers to queue.o(.text) for xQueueGenericSendFromISR
    main.o(.text) refers to debug.o(.text) for dbg_printf
    main.o(.text) refers to gpio.o(.text) for gpo_toggle
    main.o(.text) refers to pad_mux_ctrl.o(.text) for pad_mux_write
    main.o(.text) refers to tasks.o(.text) for vTaskDelay
    main.o(.text) refers to memseta.o(.text) for __aeabi_memclr4
    main.o(.text) refers to timers.o(.text) for xTimerCreate
    main.o(.text) refers to ble.o(.text) for ble_init
    main.o(.text) refers to main.o(.text) for sys_mcu_rc_calibration
    main.o(.text) refers to main.o(.data) for send_data1
    ble.o(.text) refers to main.o(.text) for gap_s_adv_parameters_set
    ble.o(.text) refers to memseta.o(.text) for __aeabi_memclr4
    ble.o(.text) refers to memcpya.o(.text) for __aeabi_memcpy
    ble.o(.text) refers to port.o(.emb_text) for ulSetInterruptMaskFromISR
    ble.o(.text) refers to queue.o(.text) for xQueueGenericSendFromISR
    ble.o(.text) refers to uread4.o(.text) for __aeabi_uread4
    ble.o(.text) refers to debug.o(.text) for dbg_printf
    ble.o(.text) refers to ble.o(i.__ARM_common_switch8) for __ARM_common_switch8
    ble.o(.text) refers to ble.o(.data) for dev_addr
    ble.o(.text) refers to main.o(.data) for Ble_RX_Queue
    ble.o(.text) refers to ble.o(.constdata) for _gatt_database_report_handle
    ble.o(.text) refers to uwrite4.o(.text) for __aeabi_uwrite4
    debug.o(.text) refers to printfa.o(i.__0vsprintf) for __c89vsprintf
    debug.o(.text) refers to debug.o(.data) for UART_CTRL
    debug.o(.text) refers to debug.o(.bss) for s_formatBuffer
    pad_mux_ctrl.o(.text) refers to pad_mux_ctrl.o(.data) for pad
    gpio.o(.text) refers to gpio.o(.data) for gpio_callback
    event_groups.o(.text) refers to heap_4.o(.text) for pvPortMalloc
    event_groups.o(.text) refers to list.o(.text) for vListInitialise
    event_groups.o(.text) refers to tasks.o(.text) for vTaskSuspendAll
    event_groups.o(.text) refers to port.o(.text) for vPortYield
    event_groups.o(.text) refers to port.o(.emb_text) for ulSetInterruptMaskFromISR
    queue.o(.text) refers to port.o(.text) for vPortEnterCritical
    queue.o(.text) refers to tasks.o(.text) for xTaskRemoveFromEventList
    queue.o(.text) refers to list.o(.text) for vListInitialise
    queue.o(.text) refers to heap_4.o(.text) for pvPortMalloc
    queue.o(.text) refers to memcpya.o(.text) for __aeabi_memcpy
    queue.o(.text) refers to port.o(.emb_text) for ulSetInterruptMaskFromISR
    queue.o(.text) refers to queue.o(.bss) for xQueueRegistry
    tasks.o(.text) refers to list.o(.text) for vListInitialise
    tasks.o(.text) refers to heap_4.o(.text) for pvPortMalloc
    tasks.o(.text) refers to memseta.o(.text) for __aeabi_memset
    tasks.o(.text) refers to port.o(.text) for pxPortInitialiseStack
    tasks.o(.text) refers to tasks.o(.bss) for pxReadyTasksLists
    tasks.o(.text) refers to tasks.o(.data) for pxDelayedTaskList
    tasks.o(.text) refers to port.o(.emb_text) for ulSetInterruptMaskFromISR
    tasks.o(.text) refers to timers.o(.text) for xTimerCreateTimerTask
    tasks.o(.text) refers to ble.o(i.__ARM_common_switch8) for __ARM_common_switch8
    timers.o(.text) refers to list.o(.text) for vListInsert
    timers.o(.text) refers to tasks.o(.text) for xTaskGetSchedulerState
    timers.o(.text) refers to queue.o(.text) for xQueueGenericSend
    timers.o(.text) refers to ble.o(i.__ARM_common_switch8) for __ARM_common_switch8
    timers.o(.text) refers to heap_4.o(.text) for vPortFree
    timers.o(.text) refers to port.o(.text) for vPortYield
    timers.o(.text) refers to timers.o(.data) for pxOverflowTimerList
    timers.o(.text) refers to timers.o(.bss) for xActiveTimerList1
    heap_4.o(.text) refers to tasks.o(.text) for vTaskSuspendAll
    heap_4.o(.text) refers to heap_4.o(.data) for xStart
    heap_4.o(.text) refers to heap_4.o(.bss) for ucHeap
    port.o(.emb_text) refers to tasks.o(.data) for pxCurrentTCB
    port.o(.emb_text) refers to tasks.o(.text) for vTaskSwitchContext
    port.o(.text) refers to port.o(.emb_text) for __asm___6_port_c_39a90d8d__prvPortStartFirstTask
    port.o(.text) refers to tasks.o(.text) for xTaskIncrementTick
    port.o(.text) refers to port.o(.data) for uxCriticalNesting
    startup_armcm0.o(RESET) refers to startup_armcm0.o(STACK) for __initial_sp
    startup_armcm0.o(RESET) refers to startup_armcm0.o(.text) for Reset_Handler
    startup_armcm0.o(RESET) refers to port.o(.text) for SVC_Handler
    startup_armcm0.o(RESET) refers to port.o(.emb_text) for PendSV_Handler
    startup_armcm0.o(RESET) refers to gpio.o(.text) for GPIO_IRQHandler
    startup_armcm0.o(RESET) refers to rom.o(.text) for LLC_IRQHandler
    startup_armcm0.o(.text) refers to system_armcm0.o(.text) for SystemInit
    startup_armcm0.o(.text) refers to entry.o(.ARM.Collect$$$$00000000) for __main
    system_armcm0.o(.text) refers to system_armcm0.o(.data) for SystemCoreClock
    main.o(.text) refers to rom.o(.text) for _rom_init
    main.o(.text) refers to memcpya.o(.text) for __aeabi_memcpy
    main.o(.text) refers to uidiv.o(.text) for __aeabi_uidivmod
    main.o(.text) refers to dfltui.o(.text) for __aeabi_ui2d
    main.o(.text) refers to dmul.o(.text) for __aeabi_dmul
    main.o(.text) refers to dfixui.o(.text) for __aeabi_d2uiz
    main.o(.text) refers to idiv.o(.text) for __aeabi_idivmod
    main.o(.text) refers to main.o(.bss) for .bss
    main.o(.text) refers to rom.o(.data) for txpdu
    main.o(.text) refers to memseta.o(.text) for __aeabi_memclr
    main.o(.text) refers to uread4.o(.text) for __aeabi_uread4
    main.o(.text) refers to uwrite4.o(.text) for __aeabi_uwrite4
    main.o(.text) refers to main.o(.data) for .data
    main.o(.text) refers to dflti.o(.text) for __aeabi_i2d
    main.o(.text) refers to dadd.o(.text) for __aeabi_dadd
    main.o(.text) refers to ffltui.o(.text) for __aeabi_ui2f
    main.o(.text) refers to fadd.o(.text) for __aeabi_fadd
    main.o(.text) refers to f2d.o(.text) for __aeabi_f2d
    main.o(.text) refers to ddiv.o(.text) for __aeabi_ddiv
    rom.o(.text) refers to memcpya.o(.text) for __aeabi_memcpy
    rom.o(.text) refers to memcmp.o(.text) for memcmp
    rom.o(.text) refers to uread4.o(.text) for __aeabi_uread4
    rom.o(.text) refers to uidiv.o(.text) for __aeabi_uidivmod
    rom.o(.text) refers to rom.o(.data) for .data
    rom.o(.text) refers to memseta.o(.text) for __aeabi_memclr
    rom.o(.text) refers to rom.o(.constdata) for .constdata
    rom.o(.text) refers to main.o(.text) for smart_update_latency_updatareq
    rom.o(.text) refers to rom.o(.bss) for .bss
    entry.o(.ARM.Collect$$$$00000000) refers (Special) to entry10a.o(.ARM.Collect$$$$0000000D) for __rt_final_cpp
    entry.o(.ARM.Collect$$$$00000000) refers (Special) to entry11a.o(.ARM.Collect$$$$0000000F) for __rt_final_exit
    entry.o(.ARM.Collect$$$$00000000) refers (Special) to entry7b.o(.ARM.Collect$$$$00000008) for _main_clock
    entry.o(.ARM.Collect$$$$00000000) refers (Special) to entry8b.o(.ARM.Collect$$$$0000000A) for _main_cpp_init
    entry.o(.ARM.Collect$$$$00000000) refers (Special) to entry9a.o(.ARM.Collect$$$$0000000B) for _main_init
    entry.o(.ARM.Collect$$$$00000000) refers (Special) to entry5.o(.ARM.Collect$$$$00000004) for _main_scatterload
    entry.o(.ARM.Collect$$$$00000000) refers (Special) to entry2.o(.ARM.Collect$$$$00000001) for _main_stk
    idiv.o(.text) refers to uidiv.o(.text) for __aeabi_uidivmod
    printfa.o(i.__0fprintf) refers (Special) to iusefp.o(.text) for __I$use$fp
    printfa.o(i.__0fprintf) refers to printfa.o(i._printf_core) for _printf_core
    printfa.o(i.__0fprintf) refers to fputc.o(i.fputc) for fputc
    printfa.o(i.__0printf) refers (Special) to iusefp.o(.text) for __I$use$fp
    printfa.o(i.__0printf) refers to printfa.o(i._printf_core) for _printf_core
    printfa.o(i.__0printf) refers to fputc.o(i.fputc) for fputc
    printfa.o(i.__0printf) refers to stdout.o(.data) for __stdout
    printfa.o(i.__0snprintf) refers (Special) to iusefp.o(.text) for __I$use$fp
    printfa.o(i.__0snprintf) refers to printfa.o(i._printf_core) for _printf_core
    printfa.o(i.__0snprintf) refers to printfa.o(i._snputc) for _snputc
    printfa.o(i.__0sprintf) refers (Special) to iusefp.o(.text) for __I$use$fp
    printfa.o(i.__0sprintf) refers to printfa.o(i._printf_core) for _printf_core
    printfa.o(i.__0sprintf) refers to printfa.o(i._sputc) for _sputc
    printfa.o(i.__0vfprintf) refers (Special) to iusefp.o(.text) for __I$use$fp
    printfa.o(i.__0vfprintf) refers to printfa.o(i._printf_core) for _printf_core
    printfa.o(i.__0vfprintf) refers to fputc.o(i.fputc) for fputc
    printfa.o(i.__0vprintf) refers (Special) to iusefp.o(.text) for __I$use$fp
    printfa.o(i.__0vprintf) refers to printfa.o(i._printf_core) for _printf_core
    printfa.o(i.__0vprintf) refers to fputc.o(i.fputc) for fputc
    printfa.o(i.__0vprintf) refers to stdout.o(.data) for __stdout
    printfa.o(i.__0vsnprintf) refers (Special) to iusefp.o(.text) for __I$use$fp
    printfa.o(i.__0vsnprintf) refers to printfa.o(i._printf_core) for _printf_core
    printfa.o(i.__0vsnprintf) refers to printfa.o(i._snputc) for _snputc
    printfa.o(i.__0vsprintf) refers (Special) to iusefp.o(.text) for __I$use$fp
    printfa.o(i.__0vsprintf) refers to printfa.o(i._printf_core) for _printf_core
    printfa.o(i.__0vsprintf) refers to printfa.o(i._sputc) for _sputc
    printfa.o(i._fp_digits) refers (Special) to iusefp.o(.text) for __I$use$fp
    printfa.o(i._fp_digits) refers to dmul.o(.text) for __aeabi_dmul
    printfa.o(i._fp_digits) refers to ddiv.o(.text) for __aeabi_ddiv
    printfa.o(i._fp_digits) refers to cdrcmple.o(.text) for __aeabi_cdrcmple
    printfa.o(i._fp_digits) refers to dadd.o(.text) for __aeabi_dadd
    printfa.o(i._fp_digits) refers to dfixul.o(.text) for __aeabi_d2ulz
    printfa.o(i._fp_digits) refers to uldiv.o(.text) for __aeabi_uldivmod
    printfa.o(i._printf_core) refers (Special) to iusefp.o(.text) for __I$use$fp
    printfa.o(i._printf_core) refers to printfa.o(i._printf_pre_padding) for _printf_pre_padding
    printfa.o(i._printf_core) refers to uldiv.o(.text) for __aeabi_uldivmod
    printfa.o(i._printf_core) refers to printfa.o(i._printf_post_padding) for _printf_post_padding
    printfa.o(i._printf_core) refers to printfa.o(i._fp_digits) for _fp_digits
    printfa.o(i._printf_core) refers to uidiv.o(.text) for __aeabi_uidivmod
    printfa.o(i._printf_post_padding) refers (Special) to iusefp.o(.text) for __I$use$fp
    printfa.o(i._printf_pre_padding) refers (Special) to iusefp.o(.text) for __I$use$fp
    printfa.o(i._snputc) refers (Special) to iusefp.o(.text) for __I$use$fp
    printfa.o(i._sputc) refers (Special) to iusefp.o(.text) for __I$use$fp
    fadd.o(.text) refers (Special) to iusefp.o(.text) for __I$use$fp
    fadd.o(.text) refers to fepilogue.o(.text) for _float_epilogue
    dadd.o(.text) refers (Special) to iusefp.o(.text) for __I$use$fp
    dadd.o(.text) refers to llshl.o(.text) for __aeabi_llsl
    dadd.o(.text) refers to llsshr.o(.text) for __aeabi_lasr
    dadd.o(.text) refers to depilogue.o(.text) for _double_epilogue
    dmul.o(.text) refers (Special) to iusefp.o(.text) for __I$use$fp
    dmul.o(.text) refers to depilogue.o(.text) for _double_epilogue
    ddiv.o(.text) refers (Special) to iusefp.o(.text) for __I$use$fp
    ddiv.o(.text) refers to depilogue.o(.text) for _double_round
    ffltui.o(.text) refers (Special) to iusefp.o(.text) for __I$use$fp
    ffltui.o(.text) refers to fepilogue.o(.text) for _float_epilogue
    dflti.o(.text) refers (Special) to iusefp.o(.text) for __I$use$fp
    dflti.o(.text) refers to depilogue.o(.text) for _double_epilogue
    dfltui.o(.text) refers (Special) to iusefp.o(.text) for __I$use$fp
    dfltui.o(.text) refers to depilogue.o(.text) for _double_epilogue
    dfixui.o(.text) refers (Special) to iusefp.o(.text) for __I$use$fp
    dfixui.o(.text) refers to llushr.o(.text) for __aeabi_llsr
    f2d.o(.text) refers (Special) to iusefp.o(.text) for __I$use$fp
    entry2.o(.ARM.Collect$$$$00000001) refers to entry2.o(.ARM.Collect$$$$00002712) for __lit__00000000
    entry2.o(.ARM.Collect$$$$00002712) refers to startup_armcm0.o(STACK) for __initial_sp
    entry2.o(__vectab_stack_and_reset_area) refers to startup_armcm0.o(STACK) for __initial_sp
    entry2.o(__vectab_stack_and_reset_area) refers to entry.o(.ARM.Collect$$$$00000000) for __main
    entry5.o(.ARM.Collect$$$$00000004) refers to init.o(.text) for __scatterload
    entry9a.o(.ARM.Collect$$$$0000000B) refers to main.o(.text) for main
    entry9b.o(.ARM.Collect$$$$0000000C) refers to main.o(.text) for main
    fputc.o(i.fputc) refers (Special) to iusesemip.o(.text) for __I$use$semihosting$fputc
    fputc.o(i.fputc) refers (Special) to semi.o(.text) for __semihosting_library_function
    uldiv.o(.text) refers to llushr.o(.text) for __aeabi_llsr
    uldiv.o(.text) refers to llshl.o(.text) for __aeabi_llsl
    depilogue.o(.text) refers to depilogue.o(i.__ARM_clz) for __ARM_clz
    depilogue.o(.text) refers to llshl.o(.text) for __aeabi_llsl
    depilogue.o(.text) refers to llushr.o(.text) for __aeabi_llsr
    dfixul.o(.text) refers to llushr.o(.text) for __aeabi_llsr
    dfixul.o(.text) refers to llshl.o(.text) for __aeabi_llsl
    init.o(.text) refers to entry5.o(.ARM.Collect$$$$00000004) for __main_after_scatterload


==============================================================================

Removing Unused input sections from the image.

    Removing main.o(.rev16_text), (4 bytes).
    Removing main.o(.revsh_text), (4 bytes).
    Removing main.o(.constdata), (654 bytes).
    Removing ble.o(.rev16_text), (4 bytes).
    Removing ble.o(.revsh_text), (4 bytes).
    Removing debug.o(.rev16_text), (4 bytes).
    Removing debug.o(.revsh_text), (4 bytes).
    Removing pad_mux_ctrl.o(.rev16_text), (4 bytes).
    Removing pad_mux_ctrl.o(.revsh_text), (4 bytes).
    Removing gpio.o(.rev16_text), (4 bytes).
    Removing gpio.o(.revsh_text), (4 bytes).
    Removing event_groups.o(.text), (970 bytes).
    Removing startup_armcm0.o(HEAP), (32768 bytes).
    Removing system_armcm0.o(.rev16_text), (4 bytes).
    Removing system_armcm0.o(.revsh_text), (4 bytes).
    Removing main.o(.rev16_text), (4 bytes).
    Removing main.o(.revsh_text), (4 bytes).
    Removing rom.o(.rev16_text), (4 bytes).
    Removing rom.o(.revsh_text), (4 bytes).

19 unused section(s) (total 34456 bytes) removed from the image.

==============================================================================

Image Symbol Table

    Local Symbols

    Symbol Name                              Value     Ov Type        Size  Object(Section)

    ../clib/microlib/division.c              0x00000000   Number         0  uldiv.o ABSOLUTE
    ../clib/microlib/division.c              0x00000000   Number         0  uidiv.o ABSOLUTE
    ../clib/microlib/division.c              0x00000000   Number         0  idiv.o ABSOLUTE
    ../clib/microlib/init/entry.s            0x00000000   Number         0  entry11a.o ABSOLUTE
    ../clib/microlib/init/entry.s            0x00000000   Number         0  entry10b.o ABSOLUTE
    ../clib/microlib/init/entry.s            0x00000000   Number         0  entry9b.o ABSOLUTE
    ../clib/microlib/init/entry.s            0x00000000   Number         0  entry10a.o ABSOLUTE
    ../clib/microlib/init/entry.s            0x00000000   Number         0  entry8a.o ABSOLUTE
    ../clib/microlib/init/entry.s            0x00000000   Number         0  entry2.o ABSOLUTE
    ../clib/microlib/init/entry.s            0x00000000   Number         0  entry7b.o ABSOLUTE
    ../clib/microlib/init/entry.s            0x00000000   Number         0  entry8b.o ABSOLUTE
    ../clib/microlib/init/entry.s            0x00000000   Number         0  entry7a.o ABSOLUTE
    ../clib/microlib/init/entry.s            0x00000000   Number         0  entry9a.o ABSOLUTE
    ../clib/microlib/init/entry.s            0x00000000   Number         0  entry.o ABSOLUTE
    ../clib/microlib/init/entry.s            0x00000000   Number         0  entry5.o ABSOLUTE
    ../clib/microlib/init/entry.s            0x00000000   Number         0  entry11b.o ABSOLUTE
    ../clib/microlib/longlong.c              0x00000000   Number         0  llshl.o ABSOLUTE
    ../clib/microlib/longlong.c              0x00000000   Number         0  llsshr.o ABSOLUTE
    ../clib/microlib/longlong.c              0x00000000   Number         0  llushr.o ABSOLUTE
    ../clib/microlib/printf/printf.c         0x00000000   Number         0  printfa.o ABSOLUTE
    ../clib/microlib/stdio/fputc.c           0x00000000   Number         0  fputc.o ABSOLUTE
    ../clib/microlib/stdio/semi.s            0x00000000   Number         0  semi.o ABSOLUTE
    ../clib/microlib/stdio/streams.c         0x00000000   Number         0  stdout.o ABSOLUTE
    ../clib/microlib/string/memcmp.c         0x00000000   Number         0  memcmp.o ABSOLUTE
    ../clib/microlib/string/memcpy.c         0x00000000   Number         0  memcpya.o ABSOLUTE
    ../clib/microlib/string/memcpy.c         0x00000000   Number         0  memcpyb.o ABSOLUTE
    ../clib/microlib/string/memset.c         0x00000000   Number         0  memseta.o ABSOLUTE
    ../clib/microlib/stubs.s                 0x00000000   Number         0  iusesemip.o ABSOLUTE
    ../clib/microlib/stubs.s                 0x00000000   Number         0  iusefp.o ABSOLUTE
    ../clib/microlib/unhosted.c              0x00000000   Number         0  uwrite4.o ABSOLUTE
    ../clib/microlib/unhosted.c              0x00000000   Number         0  uread4.o ABSOLUTE
    ../fplib/microlib/f2d.c                  0x00000000   Number         0  f2d.o ABSOLUTE
    ../fplib/microlib/fpadd.c                0x00000000   Number         0  dadd.o ABSOLUTE
    ../fplib/microlib/fpadd.c                0x00000000   Number         0  fadd.o ABSOLUTE
    ../fplib/microlib/fpdiv.c                0x00000000   Number         0  ddiv.o ABSOLUTE
    ../fplib/microlib/fpepilogue.c           0x00000000   Number         0  fepilogue.o ABSOLUTE
    ../fplib/microlib/fpepilogue.c           0x00000000   Number         0  depilogue.o ABSOLUTE
    ../fplib/microlib/fpfix.c                0x00000000   Number         0  dfixul.o ABSOLUTE
    ../fplib/microlib/fpfix.c                0x00000000   Number         0  dfixui.o ABSOLUTE
    ../fplib/microlib/fpflt.c                0x00000000   Number         0  dfltui.o ABSOLUTE
    ../fplib/microlib/fpflt.c                0x00000000   Number         0  dflti.o ABSOLUTE
    ../fplib/microlib/fpflt.c                0x00000000   Number         0  ffltui.o ABSOLUTE
    ../fplib/microlib/fpmul.c                0x00000000   Number         0  dmul.o ABSOLUTE
    ..\..\..\Source\debug.c                  0x00000000   Number         0  debug.o ABSOLUTE
    ..\..\..\Source\gpio.c                   0x00000000   Number         0  gpio.o ABSOLUTE
    ..\..\..\Source\pad_mux_ctrl.c           0x00000000   Number         0  pad_mux_ctrl.o ABSOLUTE
    ..\..\..\Source_FreeRTOS\portable\ARM\SYD8821\port.c 0x00000000   Number         0  port.o ABSOLUTE
    ..\..\..\Source_FreeRTOS\source\croutine.c 0x00000000   Number         0  croutine.o ABSOLUTE
    ..\..\..\Source_FreeRTOS\source\event_groups.c 0x00000000   Number         0  event_groups.o ABSOLUTE
    ..\..\..\Source_FreeRTOS\source\list.c   0x00000000   Number         0  list.o ABSOLUTE
    ..\..\..\Source_FreeRTOS\source\portable\MemMang\heap_4.c 0x00000000   Number         0  heap_4.o ABSOLUTE
    ..\..\..\Source_FreeRTOS\source\queue.c  0x00000000   Number         0  queue.o ABSOLUTE
    ..\..\..\Source_FreeRTOS\source\tasks.c  0x00000000   Number         0  tasks.o ABSOLUTE
    ..\..\..\Source_FreeRTOS\source\timers.c 0x00000000   Number         0  timers.o ABSOLUTE
    ..\\..\\..\\Source\\debug.c              0x00000000   Number         0  debug.o ABSOLUTE
    ..\\..\\..\\Source\\gpio.c               0x00000000   Number         0  gpio.o ABSOLUTE
    ..\\..\\..\\Source\\pad_mux_ctrl.c       0x00000000   Number         0  pad_mux_ctrl.o ABSOLUTE
    ..\\..\\..\\Source_FreeRTOS\\portable\\ARM\\SYD8821\\port.c 0x00000000   Number         0  port.o ABSOLUTE
    ..\\application\\ble.c                   0x00000000   Number         0  ble.o ABSOLUTE
    ..\\main.c                               0x00000000   Number         0  main.o ABSOLUTE
    ..\application\ble.c                     0x00000000   Number         0  ble.o ABSOLUTE
    ..\main.c                                0x00000000   Number         0  main.o ABSOLUTE
    Main\\main.c                             0x00000000   Number         0  main.o ABSOLUTE
    Main\\rom.c                              0x00000000   Number         0  rom.o ABSOLUTE
    Main\main.c                              0x00000000   Number         0  main.o ABSOLUTE
    Main\rom.c                               0x00000000   Number         0  rom.o ABSOLUTE
    RTE\Device\ARMCM0\startup_ARMCM0.s       0x00000000   Number         0  startup_armcm0.o ABSOLUTE
    RTE\Device\ARMCM0\system_ARMCM0.c        0x00000000   Number         0  system_armcm0.o ABSOLUTE
    RTE\\Device\\ARMCM0\\system_ARMCM0.c     0x00000000   Number         0  system_armcm0.o ABSOLUTE
    cdrcmple.s                               0x00000000   Number         0  cdrcmple.o ABSOLUTE
    dc.s                                     0x00000000   Number         0  dc.o ABSOLUTE
    handlers.s                               0x00000000   Number         0  handlers.o ABSOLUTE
    init.s                                   0x00000000   Number         0  init.o ABSOLUTE
    RESET                                    0x10000000   Section      192  startup_armcm0.o(RESET)
    .ARM.Collect$$$$00000000                 0x100000c0   Section        0  entry.o(.ARM.Collect$$$$00000000)
    .ARM.Collect$$$$00000001                 0x100000c0   Section        4  entry2.o(.ARM.Collect$$$$00000001)
    .ARM.Collect$$$$00000004                 0x100000c4   Section        4  entry5.o(.ARM.Collect$$$$00000004)
    .ARM.Collect$$$$00000008                 0x100000c8   Section        0  entry7b.o(.ARM.Collect$$$$00000008)
    .ARM.Collect$$$$0000000A                 0x100000c8   Section        0  entry8b.o(.ARM.Collect$$$$0000000A)
    .ARM.Collect$$$$0000000B                 0x100000c8   Section        8  entry9a.o(.ARM.Collect$$$$0000000B)
    .ARM.Collect$$$$0000000D                 0x100000d0   Section        0  entry10a.o(.ARM.Collect$$$$0000000D)
    .ARM.Collect$$$$0000000F                 0x100000d0   Section        0  entry11a.o(.ARM.Collect$$$$0000000F)
    .ARM.Collect$$$$00002712                 0x100000d0   Section        4  entry2.o(.ARM.Collect$$$$00002712)
    __lit__00000000                          0x100000d0   Data           4  entry2.o(.ARM.Collect$$$$00002712)
    .emb_text                                0x100000d4   Section      112  port.o(.emb_text)
    .text                                    0x10000144   Section        0  main.o(.text)
    led_toggle_task_function                 0x100002a1   Thumb Code    16  main.o(.text)
    led_toggle_timer_callback                0x100002b1   Thumb Code    12  main.o(.text)
    .text                                    0x100006c4   Section        0  ble.o(.text)
    setup_adv_data                           0x100006c5   Thumb Code    94  ble.o(.text)
    ble_gatt_read                            0x10000757   Thumb Code   312  ble.o(.text)
    ble_gatt_write                           0x1000088f   Thumb Code    90  ble.o(.text)
    .text                                    0x10000c3c   Section        0  debug.o(.text)
    debug_uart_0_init                        0x10000c3d   Thumb Code   204  debug.o(.text)
    debug_uart_write                         0x10000d09   Thumb Code    80  debug.o(.text)
    .text                                    0x10000e70   Section        0  pad_mux_ctrl.o(.text)
    .text                                    0x10000f00   Section        0  gpio.o(.text)
    .text                                    0x10001260   Section        0  list.o(.text)
    .text                                    0x100012f8   Section        0  queue.o(.text)
    prvCopyDataToQueue                       0x100013e9   Thumb Code   132  queue.o(.text)
    prvNotifyQueueSetContainer               0x1000146d   Thumb Code   114  queue.o(.text)
    prvUnlockQueue                           0x100014df   Thumb Code   162  queue.o(.text)
    prvIsQueueFull                           0x10001581   Thumb Code    30  queue.o(.text)
    prvIsQueueEmpty                          0x10001799   Thumb Code    28  queue.o(.text)
    prvCopyDataFromQueue                     0x100017b5   Thumb Code    44  queue.o(.text)
    .text                                    0x10001e2c   Section        0  tasks.o(.text)
    prvInitialiseTaskLists                   0x10001e2d   Thumb Code    68  tasks.o(.text)
    prvInitialiseTCBVariables                0x10001e71   Thumb Code    92  tasks.o(.text)
    prvAllocateTCBAndStack                   0x10001ecd   Thumb Code    70  tasks.o(.text)
    prvResetNextTaskUnblockTime              0x1000202d   Thumb Code    46  tasks.o(.text)
    prvAddCurrentTaskToDelayedList           0x100022f7   Thumb Code    62  tasks.o(.text)
    prvTaskIsTaskSuspended                   0x100026eb   Thumb Code    74  tasks.o(.text)
    prvDeleteTCB                             0x1000280f   Thumb Code    18  tasks.o(.text)
    prvCheckTasksWaitingTermination          0x10002821   Thumb Code    90  tasks.o(.text)
    prvIdleTask                              0x1000287b   Thumb Code    20  tasks.o(.text)
    prvTaskCheckFreeStackSpace               0x10002c1f   Thumb Code    22  tasks.o(.text)
    .text                                    0x10003160   Section        0  timers.o(.text)
    prvInsertTimerInActiveList               0x10003161   Thumb Code    76  timers.o(.text)
    prvSwitchTimerLists                      0x10003211   Thumb Code   134  timers.o(.text)
    prvSampleTimeNow                         0x10003297   Thumb Code    40  timers.o(.text)
    prvProcessReceivedCommands               0x100032bf   Thumb Code   250  timers.o(.text)
    prvProcessExpiredTimer                   0x100033b9   Thumb Code    82  timers.o(.text)
    prvProcessTimerOrBlockTask               0x1000340b   Thumb Code    76  timers.o(.text)
    prvGetNextExpireTime                     0x10003457   Thumb Code    40  timers.o(.text)
    prvTimerTask                             0x1000347f   Thumb Code    26  timers.o(.text)
    prvCheckForValidListAndQueue             0x10003499   Thumb Code    90  timers.o(.text)
    .text                                    0x100036a4   Section        0  heap_4.o(.text)
    prvInsertBlockIntoFreeList               0x100036a5   Thumb Code    96  heap_4.o(.text)
    prvHeapInit                              0x10003705   Thumb Code   100  heap_4.o(.text)
    .text                                    0x10003910   Section        0  port.o(.text)
    prvTaskExitError                         0x10003911   Thumb Code    32  port.o(.text)
    prvSetupTimerInterrupt                   0x1000394d   Thumb Code    12  port.o(.text)
    .text                                    0x10003a28   Section       28  startup_armcm0.o(.text)
    .text                                    0x10003a44   Section        0  system_armcm0.o(.text)
    .text                                    0x10003a5c   Section        0  main.o(.text)
    update_profile_data                      0x10004133   Thumb Code    84  main.o(.text)
    .text                                    0x1000496c   Section        0  rom.o(.text)
    AttReadByGroupTypeRsp                    0x1000505f   Thumb Code   258  rom.o(.text)
    AttReadByTypeServiceRsp                  0x10005161   Thumb Code   276  rom.o(.text)
    AttReadByTypeChartRsp                    0x10005275   Thumb Code   270  rom.o(.text)
    AttReadByTypeReq                         0x10005383   Thumb Code   118  rom.o(.text)
    LLENCReq                                 0x1000550b   Thumb Code   490  rom.o(.text)
    LLTxStartENCRsp                          0x100056f5   Thumb Code   386  rom.o(.text)
    _LCRxPkt_Handler                         0x10005ced   Thumb Code   540  rom.o(.text)
    _LCConnEvt_Handler                       0x100060f9   Thumb Code    68  rom.o(.text)
    .text                                    0x10006170   Section        0  uidiv.o(.text)
    .text                                    0x1000619c   Section        0  idiv.o(.text)
    .text                                    0x100061c4   Section        0  memcpya.o(.text)
    .text                                    0x100061e8   Section        0  memseta.o(.text)
    .text                                    0x1000620c   Section        0  memcmp.o(.text)
    .text                                    0x10006226   Section        0  uread4.o(.text)
    .text                                    0x1000623a   Section        0  uwrite4.o(.text)
    .text                                    0x1000624c   Section        0  fadd.o(.text)
    .text                                    0x10006300   Section        0  dadd.o(.text)
    .text                                    0x10006464   Section        0  dmul.o(.text)
    .text                                    0x10006534   Section        0  ddiv.o(.text)
    .text                                    0x10006624   Section        0  ffltui.o(.text)
    .text                                    0x10006634   Section        0  dflti.o(.text)
    .text                                    0x1000665c   Section        0  dfltui.o(.text)
    .text                                    0x10006678   Section        0  dfixui.o(.text)
    .text                                    0x100066b4   Section        0  f2d.o(.text)
    .text                                    0x100066dc   Section        0  uldiv.o(.text)
    .text                                    0x1000673c   Section        0  llshl.o(.text)
    .text                                    0x1000675c   Section        0  llushr.o(.text)
    .text                                    0x1000677e   Section        0  llsshr.o(.text)
    .text                                    0x100067a4   Section        0  iusefp.o(.text)
    .text                                    0x100067a4   Section        0  fepilogue.o(.text)
    .text                                    0x10006826   Section        0  depilogue.o(.text)
    .text                                    0x100068e4   Section        0  dfixul.o(.text)
    .text                                    0x10006924   Section       40  cdrcmple.o(.text)
    .text                                    0x1000694c   Section       36  init.o(.text)
    i.__0vsprintf                            0x10006970   Section        0  printfa.o(i.__0vsprintf)
    i.__ARM_clz                              0x10006994   Section        0  depilogue.o(i.__ARM_clz)
    i.__ARM_common_switch8                   0x100069c2   Section        0  ble.o(i.__ARM_common_switch8)
    i.__scatterload_copy                     0x100069de   Section       14  handlers.o(i.__scatterload_copy)
    i.__scatterload_null                     0x100069ec   Section        2  handlers.o(i.__scatterload_null)
    i.__scatterload_zeroinit                 0x100069ee   Section       14  handlers.o(i.__scatterload_zeroinit)
    i._fp_digits                             0x100069fc   Section        0  printfa.o(i._fp_digits)
    _fp_digits                               0x100069fd   Thumb Code   316  printfa.o(i._fp_digits)
    i._printf_core                           0x10006b54   Section        0  printfa.o(i._printf_core)
    _printf_core                             0x10006b55   Thumb Code  1754  printfa.o(i._printf_core)
    i._printf_post_padding                   0x10007240   Section        0  printfa.o(i._printf_post_padding)
    _printf_post_padding                     0x10007241   Thumb Code    32  printfa.o(i._printf_post_padding)
    i._printf_pre_padding                    0x10007260   Section        0  printfa.o(i._printf_pre_padding)
    _printf_pre_padding                      0x10007261   Thumb Code    44  printfa.o(i._printf_pre_padding)
    i._sputc                                 0x1000728c   Section        0  printfa.o(i._sputc)
    _sputc                                   0x1000728d   Thumb Code    10  printfa.o(i._sputc)
    .constdata                               0x10007296   Section      654  ble.o(.constdata)
    _gatt_database_report_handle             0x10007296   Data          31  ble.o(.constdata)
    _gatt_database_include                   0x100072b5   Data          11  ble.o(.constdata)
    _gatt_database_primary                   0x100072c0   Data          63  ble.o(.constdata)
    _gatt_database_characteristic            0x100072ff   Data         190  ble.o(.constdata)
    _gatt_database_value                     0x100073bd   Data         359  ble.o(.constdata)
    .constdata                               0x10007524   Section       50  rom.o(.constdata)
    _smp_key_                                0x10007524   Data          25  rom.o(.constdata)
    _smp_sc_key_                             0x1000753d   Data          25  rom.o(.constdata)
    .data                                    0x20000000   Section       20  main.o(.data)
    .data                                    0x20000014   Section       59  ble.o(.data)
    g_report                                 0x2000001c   Data           4  ble.o(.data)
    start_tx                                 0x20000020   Data           1  ble.o(.data)
    wechat_tx                                0x20000021   Data           1  ble.o(.data)
    dev_addr                                 0x20000048   Data           7  ble.o(.data)
    .data                                    0x20000050   Section        8  debug.o(.data)
    UART_CTRL                                0x20000050   Data           8  debug.o(.data)
    .data                                    0x20000058   Section        8  pad_mux_ctrl.o(.data)
    pad                                      0x20000058   Data           8  pad_mux_ctrl.o(.data)
    .data                                    0x20000060   Section       12  gpio.o(.data)
    GPIO_CTRL                                0x20000060   Data           8  gpio.o(.data)
    gpio_callback                            0x20000068   Data           4  gpio.o(.data)
    .data                                    0x2000006c   Section       60  tasks.o(.data)
    pxDelayedTaskList                        0x20000070   Data           4  tasks.o(.data)
    pxOverflowDelayedTaskList                0x20000074   Data           4  tasks.o(.data)
    uxTasksDeleted                           0x20000078   Data           4  tasks.o(.data)
    xIdleTaskHandle                          0x2000007c   Data           4  tasks.o(.data)
    uxCurrentNumberOfTasks                   0x20000080   Data           4  tasks.o(.data)
    xTickCount                               0x20000084   Data           4  tasks.o(.data)
    uxTopReadyPriority                       0x20000088   Data           4  tasks.o(.data)
    xSchedulerRunning                        0x2000008c   Data           4  tasks.o(.data)
    uxPendedTicks                            0x20000090   Data           4  tasks.o(.data)
    xYieldPending                            0x20000094   Data           4  tasks.o(.data)
    xNumOfOverflows                          0x20000098   Data           4  tasks.o(.data)
    uxTaskNumber                             0x2000009c   Data           4  tasks.o(.data)
    xNextTaskUnblockTime                     0x200000a0   Data           4  tasks.o(.data)
    uxSchedulerSuspended                     0x200000a4   Data           4  tasks.o(.data)
    .data                                    0x200000a8   Section       20  timers.o(.data)
    pxCurrentTimerList                       0x200000a8   Data           4  timers.o(.data)
    pxOverflowTimerList                      0x200000ac   Data           4  timers.o(.data)
    xTimerQueue                              0x200000b0   Data           4  timers.o(.data)
    xTimerTaskHandle                         0x200000b4   Data           4  timers.o(.data)
    xLastTime                                0x200000b8   Data           4  timers.o(.data)
    .data                                    0x200000bc   Section       24  heap_4.o(.data)
    xStart                                   0x200000bc   Data           8  heap_4.o(.data)
    pxEnd                                    0x200000c4   Data           4  heap_4.o(.data)
    xFreeBytesRemaining                      0x200000c8   Data           4  heap_4.o(.data)
    xMinimumEverFreeBytesRemaining           0x200000cc   Data           4  heap_4.o(.data)
    xBlockAllocatedBit                       0x200000d0   Data           4  heap_4.o(.data)
    .data                                    0x200000d4   Section        4  port.o(.data)
    uxCriticalNesting                        0x200000d4   Data           4  port.o(.data)
    .data                                    0x200000d8   Section        4  system_armcm0.o(.data)
    .data                                    0x200000dc   Section       16  main.o(.data)
    syd_confirm                              0x200000dc   Data           1  main.o(.data)
    sched_execute_mask                       0x200000dd   Data           1  main.o(.data)
    profile_to_flash                         0x200000de   Data           1  main.o(.data)
    profile_update_offset                    0x200000e0   Data           2  main.o(.data)
    p_sched_callback                         0x200000e4   Data           4  main.o(.data)
    .data                                    0x200000ec   Section       48  rom.o(.data)
    NumericYesOrNo                           0x200000ec   Data           1  rom.o(.data)
    coex_evt_mask_sleep                      0x200000ef   Data           1  rom.o(.data)
    BB_CTRL                                  0x200000f0   Data           4  rom.o(.data)
    passkey_cnt                              0x20000100   Data           4  rom.o(.data)
    passkey_value                            0x20000104   Data           4  rom.o(.data)
    save_device_to_flash                     0x20000108   Data           4  rom.o(.data)
    IRQCallbackHook                          0x2000010c   Data           4  rom.o(.data)
    IRQCallbackSkip                          0x20000110   Data           4  rom.o(.data)
    HCIDTM                                   0x20000114   Data           4  rom.o(.data)
    ACLTx                                    0x20000118   Data           4  rom.o(.data)
    .bss                                     0x2000011c   Section      128  debug.o(.bss)
    s_formatBuffer                           0x2000011c   Data         128  debug.o(.bss)
    .bss                                     0x2000019c   Section       80  queue.o(.bss)
    .bss                                     0x200001ec   Section      300  tasks.o(.bss)
    pxReadyTasksLists                        0x200001ec   Data         200  tasks.o(.bss)
    xDelayedTaskList1                        0x200002b4   Data          20  tasks.o(.bss)
    xDelayedTaskList2                        0x200002c8   Data          20  tasks.o(.bss)
    xPendingReadyList                        0x200002dc   Data          20  tasks.o(.bss)
    xTasksWaitingTermination                 0x200002f0   Data          20  tasks.o(.bss)
    xSuspendedTaskList                       0x20000304   Data          20  tasks.o(.bss)
    .bss                                     0x20000318   Section       40  timers.o(.bss)
    xActiveTimerList1                        0x20000318   Data          20  timers.o(.bss)
    xActiveTimerList2                        0x2000032c   Data          20  timers.o(.bss)
    .bss                                     0x20000340   Section     8192  heap_4.o(.bss)
    ucHeap                                   0x20000340   Data        8192  heap_4.o(.bss)
    .bss                                     0x20002340   Section     4313  main.o(.bss)
    flash_hdr                                0x20002340   Data          53  main.o(.bss)
    code_hdr                                 0x20002375   Data          87  main.o(.bss)
    profile                                  0x200023cc   Data        4096  main.o(.bss)
    confirmation_list                        0x200033cc   Data          62  main.o(.bss)
    .bss                                     0x2000341c   Section      260  rom.o(.bss)
    STACK                                    0x20003520   Section    32768  startup_armcm0.o(STACK)

    Global Symbols

    Symbol Name                              Value     Ov Type        Size  Object(Section)

    BuildAttributes$$THM_ISAv3M$S$PE$A:L22$X:L11$S22$IEEE1$IW$USESV6$~STKCKD$USESV7$~SHL$OTIME$ROPI$EBA8$MICROLIB$REQ8$PRES8$EABIv2 0x00000000   Number         0  anon$$obj.o ABSOLUTE
    __ARM_use_no_argv                        0x00000000   Number         0  main.o ABSOLUTE
    __cpp_initialize__aeabi_                  - Undefined Weak Reference
    __cxa_finalize                            - Undefined Weak Reference
    __decompress                              - Undefined Weak Reference
    _clock_init                               - Undefined Weak Reference
    _microlib_exit                            - Undefined Weak Reference
    __Vectors_Size                           0x000000c0   Number         0  startup_armcm0.o ABSOLUTE
    __Vectors                                0x10000000   Data           4  startup_armcm0.o(RESET)
    __Vectors_End                            0x100000c0   Data           0  startup_armcm0.o(RESET)
    __main                                   0x100000c1   Thumb Code     0  entry.o(.ARM.Collect$$$$00000000)
    _main_stk                                0x100000c1   Thumb Code     0  entry2.o(.ARM.Collect$$$$00000001)
    _main_scatterload                        0x100000c5   Thumb Code     0  entry5.o(.ARM.Collect$$$$00000004)
    __main_after_scatterload                 0x100000c9   Thumb Code     0  entry5.o(.ARM.Collect$$$$00000004)
    _main_clock                              0x100000c9   Thumb Code     0  entry7b.o(.ARM.Collect$$$$00000008)
    _main_cpp_init                           0x100000c9   Thumb Code     0  entry8b.o(.ARM.Collect$$$$0000000A)
    _main_init                               0x100000c9   Thumb Code     0  entry9a.o(.ARM.Collect$$$$0000000B)
    __rt_final_cpp                           0x100000d1   Thumb Code     0  entry10a.o(.ARM.Collect$$$$0000000D)
    __rt_final_exit                          0x100000d1   Thumb Code     0  entry11a.o(.ARM.Collect$$$$0000000F)
    __asm___6_port_c_39a90d8d__prvPortStartFirstTask 0x100000d5   Thumb Code    28  port.o(.emb_text)
    ulSetInterruptMaskFromISR                0x100000f5   Thumb Code     8  port.o(.emb_text)
    vClearInterruptMaskFromISR               0x100000fd   Thumb Code     6  port.o(.emb_text)
    PendSV_Handler                           0x10000103   Thumb Code    62  port.o(.emb_text)
    key1_irq_handle                          0x10000145   Thumb Code    80  main.o(.text)
    gpio_callback                            0x10000195   Thumb Code    90  main.o(.text)
    board_init                               0x100001ef   Thumb Code   178  main.o(.text)
    BLE_Queue_Receive_Task                   0x100002bd   Thumb Code    76  main.o(.text)
    Key_IRQ_Queue_Receive_Task               0x10000309   Thumb Code    46  main.o(.text)
    vStartThreadTasks                        0x10000337   Thumb Code   248  main.o(.text)
    main                                     0x1000042f   Thumb Code    58  main.o(.text)
    BLSetConnectionUpdate                    0x10000723   Thumb Code     2  ble.o(.text)
    BLE_SendData                             0x10000725   Thumb Code    50  ble.o(.text)
    ble_evt_callback                         0x100008e9   Thumb Code   406  ble.o(.text)
    ble_init                                 0x10000a7f   Thumb Code   434  ble.o(.text)
    dbg_init                                 0x10000d59   Thumb Code    12  debug.o(.text)
    dbg_printf                               0x10000d65   Thumb Code    60  debug.o(.text)
    dbg_printf_sel                           0x10000da1   Thumb Code    62  debug.o(.text)
    dbg_hexdump                              0x10000ddf   Thumb Code   108  debug.o(.text)
    pad_mux_read                             0x10000e71   Thumb Code    62  pad_mux_ctrl.o(.text)
    pad_mux_write                            0x10000eaf   Thumb Code    78  pad_mux_ctrl.o(.text)
    gpi_irq_set_cb                           0x10000f01   Thumb Code     6  gpio.o(.text)
    gpi_config                               0x10000f07   Thumb Code   114  gpio.o(.text)
    pad_input_configure                      0x10000f79   Thumb Code    94  gpio.o(.text)
    gpo_config                               0x10000fd7   Thumb Code    90  gpio.o(.text)
    gpo_toggle                               0x10001031   Thumb Code    42  gpio.o(.text)
    gpo_set                                  0x1000105b   Thumb Code    42  gpio.o(.text)
    gpo_clr                                  0x10001085   Thumb Code    42  gpio.o(.text)
    gpi_get_val                              0x100010af   Thumb Code    70  gpio.o(.text)
    gpi_enable_int                           0x100010f5   Thumb Code   170  gpio.o(.text)
    gpi_disable_int                          0x1000119f   Thumb Code    44  gpio.o(.text)
    GPIO_IRQHandler                          0x100011cb   Thumb Code   134  gpio.o(.text)
    vListInitialise                          0x10001261   Thumb Code    26  list.o(.text)
    vListInitialiseItem                      0x1000127b   Thumb Code     6  list.o(.text)
    vListInsertEnd                           0x10001281   Thumb Code    24  list.o(.text)
    vListInsert                              0x10001299   Thumb Code    54  list.o(.text)
    uxListRemove                             0x100012cf   Thumb Code    40  list.o(.text)
    xQueueGenericReset                       0x100012f9   Thumb Code   126  queue.o(.text)
    xQueueGenericCreate                      0x10001377   Thumb Code   114  queue.o(.text)
    xQueueGenericSend                        0x1000159f   Thumb Code   358  queue.o(.text)
    xQueueCreateMutex                        0x10001705   Thumb Code    88  queue.o(.text)
    xQueueGiveMutexRecursive                 0x1000175d   Thumb Code    60  queue.o(.text)
    xQueueGenericReceive                     0x100017e1   Thumb Code   368  queue.o(.text)
    xQueueTakeMutexRecursive                 0x10001951   Thumb Code    66  queue.o(.text)
    xQueueCreateCountingSemaphore            0x10001993   Thumb Code    78  queue.o(.text)
    xQueueGenericSendFromISR                 0x100019e1   Thumb Code   204  queue.o(.text)
    xQueueGiveFromISR                        0x10001aad   Thumb Code   182  queue.o(.text)
    xQueueReceiveFromISR                     0x10001b63   Thumb Code   144  queue.o(.text)
    xQueuePeekFromISR                        0x10001bf3   Thumb Code   108  queue.o(.text)
    uxQueueMessagesWaiting                   0x10001c5f   Thumb Code    28  queue.o(.text)
    uxQueueSpacesAvailable                   0x10001c7b   Thumb Code    34  queue.o(.text)
    uxQueueMessagesWaitingFromISR            0x10001c9d   Thumb Code    16  queue.o(.text)
    vQueueUnregisterQueue                    0x10001cad   Thumb Code    40  queue.o(.text)
    vQueueDelete                             0x10001cd5   Thumb Code    30  queue.o(.text)
    xQueueIsQueueEmptyFromISR                0x10001cf3   Thumb Code    26  queue.o(.text)
    xQueueIsQueueFullFromISR                 0x10001d0d   Thumb Code    28  queue.o(.text)
    vQueueAddToRegistry                      0x10001d29   Thumb Code    40  queue.o(.text)
    vQueueWaitForMessageRestricted           0x10001d51   Thumb Code    60  queue.o(.text)
    xQueueCreateSet                          0x10001d8d   Thumb Code    20  queue.o(.text)
    xQueueAddToSet                           0x10001da1   Thumb Code    42  queue.o(.text)
    xQueueRemoveFromSet                      0x10001dcb   Thumb Code    46  queue.o(.text)
    xQueueSelectFromSet                      0x10001df9   Thumb Code    26  queue.o(.text)
    xQueueSelectFromSetFromISR               0x10001e13   Thumb Code    22  queue.o(.text)
    xTaskGenericCreate                       0x10001f13   Thumb Code   282  tasks.o(.text)
    vTaskDelete                              0x1000205b   Thumb Code   134  tasks.o(.text)
    xTaskIncrementTick                       0x100020e1   Thumb Code   250  tasks.o(.text)
    xTaskResumeAll                           0x100021db   Thumb Code   284  tasks.o(.text)
    vTaskSuspendAll                          0x10002335   Thumb Code    12  tasks.o(.text)
    vTaskDelayUntil                          0x10002341   Thumb Code   160  tasks.o(.text)
    vTaskDelay                               0x100023e1   Thumb Code    76  tasks.o(.text)
    eTaskGetState                            0x1000242d   Thumb Code    94  tasks.o(.text)
    uxTaskPriorityGet                        0x1000248b   Thumb Code    32  tasks.o(.text)
    uxTaskPriorityGetFromISR                 0x100024ab   Thumb Code    36  tasks.o(.text)
    vTaskPrioritySet                         0x100024cf   Thumb Code   214  tasks.o(.text)
    vTaskSwitchContext                       0x100025a5   Thumb Code   120  tasks.o(.text)
    vTaskSuspend                             0x1000261d   Thumb Code   206  tasks.o(.text)
    vTaskResume                              0x10002735   Thumb Code   102  tasks.o(.text)
    xTaskResumeFromISR                       0x1000279b   Thumb Code   116  tasks.o(.text)
    vTaskStartScheduler                      0x1000288f   Thumb Code    74  tasks.o(.text)
    vTaskEndScheduler                        0x100028d9   Thumb Code    16  tasks.o(.text)
    xTaskGetTickCount                        0x100028e9   Thumb Code    18  tasks.o(.text)
    xTaskGetTickCountFromISR                 0x100028fb   Thumb Code    22  tasks.o(.text)
    uxTaskGetNumberOfTasks                   0x10002911   Thumb Code     6  tasks.o(.text)
    pcTaskGetTaskName                        0x10002917   Thumb Code    32  tasks.o(.text)
    xTaskGetIdleTaskHandle                   0x10002937   Thumb Code    30  tasks.o(.text)
    vTaskStepTick                            0x10002955   Thumb Code    42  tasks.o(.text)
    vTaskPlaceOnEventList                    0x1000297f   Thumb Code    72  tasks.o(.text)
    vTaskPlaceOnUnorderedEventList           0x100029c7   Thumb Code   110  tasks.o(.text)
    vTaskPlaceOnEventListRestricted          0x10002a35   Thumb Code    52  tasks.o(.text)
    xTaskRemoveFromEventList                 0x10002a69   Thumb Code   178  tasks.o(.text)
    xTaskRemoveFromUnorderedEventList        0x10002b1b   Thumb Code   122  tasks.o(.text)
    vTaskSetTimeOutState                     0x10002b95   Thumb Code    24  tasks.o(.text)
    xTaskCheckForTimeOut                     0x10002bad   Thumb Code   106  tasks.o(.text)
    vTaskMissedYield                         0x10002c17   Thumb Code     8  tasks.o(.text)
    uxTaskGetStackHighWaterMark              0x10002c35   Thumb Code    32  tasks.o(.text)
    xTaskGetCurrentTaskHandle                0x10002c55   Thumb Code     6  tasks.o(.text)
    xTaskGetSchedulerState                   0x10002c5b   Thumb Code    28  tasks.o(.text)
    vTaskPriorityInherit                     0x10002c77   Thumb Code   128  tasks.o(.text)
    xTaskPriorityDisinherit                  0x10002cf7   Thumb Code   124  tasks.o(.text)
    uxTaskResetEventItemValue                0x10002d73   Thumb Code    24  tasks.o(.text)
    pvTaskIncrementMutexHeldCount            0x10002d8b   Thumb Code    28  tasks.o(.text)
    ulTaskNotifyTake                         0x10002da7   Thumb Code   144  tasks.o(.text)
    xTaskNotifyWait                          0x10002e37   Thumb Code   218  tasks.o(.text)
    xTaskGenericNotify                       0x10002f11   Thumb Code   200  tasks.o(.text)
    xTaskNotifyFromISR                       0x10002fd9   Thumb Code   220  tasks.o(.text)
    vTaskNotifyGiveFromISR                   0x100030b5   Thumb Code   150  tasks.o(.text)
    xTimerGenericCommand                     0x100031ad   Thumb Code   100  timers.o(.text)
    xTimerCreateTimerTask                    0x100034f3   Thumb Code    60  timers.o(.text)
    xTimerCreate                             0x1000352f   Thumb Code   128  timers.o(.text)
    xTimerGetTimerDaemonTaskHandle           0x100035af   Thumb Code    30  timers.o(.text)
    pcTimerGetTimerName                      0x100035cd   Thumb Code     8  timers.o(.text)
    xTimerIsTimerActive                      0x100035d5   Thumb Code    36  timers.o(.text)
    pvTimerGetTimerID                        0x100035f9   Thumb Code    30  timers.o(.text)
    vTimerSetTimerID                         0x10003617   Thumb Code    30  timers.o(.text)
    xTimerPendFunctionCallFromISR            0x10003635   Thumb Code    46  timers.o(.text)
    xTimerPendFunctionCall                   0x10003663   Thumb Code    58  timers.o(.text)
    pvPortMalloc                             0x10003769   Thumb Code   264  heap_4.o(.text)
    vPortFree                                0x10003871   Thumb Code   120  heap_4.o(.text)
    xPortGetFreeHeapSize                     0x100038e9   Thumb Code     6  heap_4.o(.text)
    xPortGetMinimumEverFreeHeapSize          0x100038ef   Thumb Code     6  heap_4.o(.text)
    vPortInitialiseBlocks                    0x100038f5   Thumb Code     2  heap_4.o(.text)
    pxPortInitialiseStack                    0x10003931   Thumb Code    26  port.o(.text)
    SVC_Handler                              0x1000394b   Thumb Code     2  port.o(.text)
    xPortStartScheduler                      0x10003959   Thumb Code    48  port.o(.text)
    vPortEndScheduler                        0x10003989   Thumb Code    30  port.o(.text)
    vPortYield                               0x100039a7   Thumb Code    18  port.o(.text)
    vPortEnterCritical                       0x100039b9   Thumb Code    22  port.o(.text)
    vPortExitCritical                        0x100039cf   Thumb Code    36  port.o(.text)
    SysTick_Handler                          0x100039f3   Thumb Code    32  port.o(.text)
    Reset_Handler                            0x10003a29   Thumb Code     8  startup_armcm0.o(.text)
    NMI_Handler                              0x10003a31   Thumb Code     2  startup_armcm0.o(.text)
    HardFault_Handler                        0x10003a33   Thumb Code     2  startup_armcm0.o(.text)
    CAPDET_IRQHandler                        0x10003a3b   Thumb Code     0  startup_armcm0.o(.text)
    GPADC_IRQHandler                         0x10003a3b   Thumb Code     0  startup_armcm0.o(.text)
    I2CM0_IRQHandler                         0x10003a3b   Thumb Code     0  startup_armcm0.o(.text)
    I2CM1_IRQHandler                         0x10003a3b   Thumb Code     0  startup_armcm0.o(.text)
    I2CS_IRQHandler                          0x10003a3b   Thumb Code     0  startup_armcm0.o(.text)
    I2S_IRQHandler                           0x10003a3b   Thumb Code     0  startup_armcm0.o(.text)
    INTCOMB_IRQHandler                       0x10003a3b   Thumb Code     0  startup_armcm0.o(.text)
    IR_IRQHandler                            0x10003a3b   Thumb Code     0  startup_armcm0.o(.text)
    ISO_7816_IRQHandler                      0x10003a3b   Thumb Code     0  startup_armcm0.o(.text)
    LLC2_IRQHandler                          0x10003a3b   Thumb Code     0  startup_armcm0.o(.text)
    LLC3_IRQHandler                          0x10003a3b   Thumb Code     0  startup_armcm0.o(.text)
    M2M_IRQHandler                           0x10003a3b   Thumb Code     0  startup_armcm0.o(.text)
    PDM_IRQHandler                           0x10003a3b   Thumb Code     0  startup_armcm0.o(.text)
    PWM1_IRQHandler                          0x10003a3b   Thumb Code     0  startup_armcm0.o(.text)
    PWM2_IRQHandler                          0x10003a3b   Thumb Code     0  startup_armcm0.o(.text)
    PWM3_IRQHandler                          0x10003a3b   Thumb Code     0  startup_armcm0.o(.text)
    RTC_IRQHandler                           0x10003a3b   Thumb Code     0  startup_armcm0.o(.text)
    SPIM_IRQHandler                          0x10003a3b   Thumb Code     0  startup_armcm0.o(.text)
    SPIS_IRQHandler                          0x10003a3b   Thumb Code     0  startup_armcm0.o(.text)
    SW_IRQHandler                            0x10003a3b   Thumb Code     0  startup_armcm0.o(.text)
    TIMER0_IRQHandler                        0x10003a3b   Thumb Code     0  startup_armcm0.o(.text)
    TIMER1_IRQHandler                        0x10003a3b   Thumb Code     0  startup_armcm0.o(.text)
    TIMER2_IRQHandler                        0x10003a3b   Thumb Code     0  startup_armcm0.o(.text)
    TIMER3_IRQHandler                        0x10003a3b   Thumb Code     0  startup_armcm0.o(.text)
    TIMER4_IRQHandler                        0x10003a3b   Thumb Code     0  startup_armcm0.o(.text)
    TRNG_IRQHandler                          0x10003a3b   Thumb Code     0  startup_armcm0.o(.text)
    UART0_IRQHandler                         0x10003a3b   Thumb Code     0  startup_armcm0.o(.text)
    UART1_IRQHandler                         0x10003a3b   Thumb Code     0  startup_armcm0.o(.text)
    UART2_IRQHandler                         0x10003a3b   Thumb Code     0  startup_armcm0.o(.text)
    WDT_IRQHandler                           0x10003a3b   Thumb Code     0  startup_armcm0.o(.text)
    SystemCoreClockUpdate                    0x10003a45   Thumb Code     8  system_armcm0.o(.text)
    SystemInit                               0x10003a4d   Thumb Code     8  system_armcm0.o(.text)
    sw_timer_update_callback                 0x10003a5d   Thumb Code    20  main.o(.text)
    gap_s_ble_init                           0x10003a71   Thumb Code    18  main.o(.text)
    gap_s_disconnect                         0x10003a83   Thumb Code     6  main.o(.text)
    gap_s_validate_irk                       0x10003a89   Thumb Code     6  main.o(.text)
    gap_s_ble_gen_random_private_address     0x10003a8f   Thumb Code     6  main.o(.text)
    gap_s_ble_address_set                    0x10003a95   Thumb Code     6  main.o(.text)
    gap_s_ble_address_get                    0x10003a9b   Thumb Code     4  main.o(.text)
    gap_s_ble_feature_set                    0x10003a9f   Thumb Code     6  main.o(.text)
    gap_s_ble_feature_get                    0x10003aa5   Thumb Code     6  main.o(.text)
    gap_s_ble_slave_feature_set              0x10003aab   Thumb Code     6  main.o(.text)
    gap_s_ble_slave_feature_get              0x10003ab1   Thumb Code     6  main.o(.text)
    gap_s_adv_access_code_set                0x10003ab7   Thumb Code     6  main.o(.text)
    gap_s_adv_access_code_get                0x10003abd   Thumb Code     6  main.o(.text)
    gap_s_adv_parameters_set                 0x10003ac3   Thumb Code     6  main.o(.text)
    gap_s_adv_data_set                       0x10003ac9   Thumb Code    10  main.o(.text)
    gap_s_adv_start                          0x10003ad3   Thumb Code     6  main.o(.text)
    gap_s_adv_stop                           0x10003ad9   Thumb Code     4  main.o(.text)
    gap_s_adv_start_powersaving              0x10003add   Thumb Code   610  main.o(.text)
    gap_s_scan_parameters_set                0x10003d3f   Thumb Code     6  main.o(.text)
    gap_s_scan_start                         0x10003d45   Thumb Code     6  main.o(.text)
    gap_s_scan_stop                          0x10003d4b   Thumb Code     4  main.o(.text)
    gap_s_coex_adv_data_set                  0x10003d4f   Thumb Code    14  main.o(.text)
    gap_s_coex_scan_rsp_data_set             0x10003d5d   Thumb Code    12  main.o(.text)
    gap_s_coex_adv_start                     0x10003d69   Thumb Code     8  main.o(.text)
    gap_s_coex_adv_stop                      0x10003d71   Thumb Code     8  main.o(.text)
    gap_s_coex_scan_req_data_set             0x10003d79   Thumb Code     6  main.o(.text)
    gap_s_coex_scan_start                    0x10003d7f   Thumb Code     4  main.o(.text)
    gap_s_coex_scan_stop                     0x10003d83   Thumb Code     6  main.o(.text)
    gap_s_gatt_profiles_set                  0x10003d89   Thumb Code     6  main.o(.text)
    gap_s_security_parameters_set            0x10003d8f   Thumb Code     6  main.o(.text)
    gap_s_security_parameters_get            0x10003d95   Thumb Code     6  main.o(.text)
    gap_s_security_req                       0x10003d9b   Thumb Code     6  main.o(.text)
    gap_s_numeric_comrison                   0x10003da1   Thumb Code     8  main.o(.text)
    gap_s_connection_param_set               0x10003da9   Thumb Code     6  main.o(.text)
    gap_s_connection_param_get               0x10003daf   Thumb Code     4  main.o(.text)
    gap_s_connection_update                  0x10003db3   Thumb Code     6  main.o(.text)
    gap_s_link_parameters_get                0x10003db9   Thumb Code     6  main.o(.text)
    gap_s_passkey_set                        0x10003dbf   Thumb Code     8  main.o(.text)
    gap_s_connection_latency_mode            0x10003dc7   Thumb Code     4  main.o(.text)
    sw_timer_latency_callback                0x10003dcb   Thumb Code    34  main.o(.text)
    smart_latency_start                      0x10003ded   Thumb Code   256  main.o(.text)
    smart_latency_clear                      0x10003eed   Thumb Code    12  main.o(.text)
    gap_evt_Callback                         0x10003ef9   Thumb Code   272  main.o(.text)
    gap_s_evt_handler_set                    0x10004009   Thumb Code    30  main.o(.text)
    gap_s_att_c_evt_handler_set              0x10004027   Thumb Code     6  main.o(.text)
    gap_s_gatt_report_handle_get             0x1000402d   Thumb Code     6  main.o(.text)
    gap_s_gatt_read_rsp_set                  0x10004033   Thumb Code     6  main.o(.text)
    gap_s_gatt_write_err_rsp_set             0x10004039   Thumb Code     6  main.o(.text)
    gap_s_check_fifo_sz                      0x1000403f   Thumb Code     6  main.o(.text)
    indicate_queue_size                      0x10004045   Thumb Code    26  main.o(.text)
    sw_indicate_timer_callback               0x1000405f   Thumb Code    22  main.o(.text)
    gap_s_gatt_data_send                     0x10004075   Thumb Code    34  main.o(.text)
    gap_s_gatt_data_send_report_confirmation_handle 0x10004097   Thumb Code   112  main.o(.text)
    gap_s_profile_data_read                  0x10004107   Thumb Code    44  main.o(.text)
    gap_s_profile_data_write                 0x10004187   Thumb Code   154  main.o(.text)
    att_c_mtureq                             0x10004221   Thumb Code     6  main.o(.text)
    att_c_findinforeq                        0x10004227   Thumb Code     6  main.o(.text)
    att_c_findbytypevaluereq                 0x1000422d   Thumb Code    14  main.o(.text)
    att_c_readbytypereq                      0x1000423b   Thumb Code    12  main.o(.text)
    att_c_readreq                            0x10004247   Thumb Code     6  main.o(.text)
    att_c_readblobreq                        0x1000424d   Thumb Code     6  main.o(.text)
    att_c_readmultiplereq                    0x10004253   Thumb Code     6  main.o(.text)
    att_c_readbygrouptypereq                 0x10004259   Thumb Code    12  main.o(.text)
    att_c_writereq                           0x10004265   Thumb Code     6  main.o(.text)
    att_c_writecmdreq                        0x1000426b   Thumb Code     6  main.o(.text)
    att_c_preparewritereq                    0x10004271   Thumb Code    12  main.o(.text)
    att_c_executewritereq                    0x1000427d   Thumb Code     4  main.o(.text)
    att_c_confirmation                       0x10004281   Thumb Code     6  main.o(.text)
    bm_s_bond_manager_idx_set                0x10004287   Thumb Code     6  main.o(.text)
    bm_s_bond_manager_idx_get                0x1000428d   Thumb Code     6  main.o(.text)
    bm_s_bond_info_get                       0x10004293   Thumb Code     6  main.o(.text)
    bm_s_bond_info_add                       0x10004299   Thumb Code     4  main.o(.text)
    bm_s_bond_info_delete_all                0x1000429d   Thumb Code     6  main.o(.text)
    bm_s_bond_info_delete                    0x100042a3   Thumb Code    70  main.o(.text)
    ecdh_public_key_get                      0x100042e9   Thumb Code     4  main.o(.text)
    sys_mcu_clock_get                        0x100042ed   Thumb Code     6  main.o(.text)
    sys_mcu_clock_set                        0x100042f3   Thumb Code     6  main.o(.text)
    sys_mcu_clock_div_set                    0x100042f9   Thumb Code     6  main.o(.text)
    sys_mcu_clock_div_get                    0x100042ff   Thumb Code     6  main.o(.text)
    sys_32k_clock_get                        0x10004305   Thumb Code     6  main.o(.text)
    sys_32k_clock_set                        0x1000430b   Thumb Code     8  main.o(.text)
    sys_32k_lpo_calibration                  0x10004313   Thumb Code     8  main.o(.text)
    sys_mcu_rc_calibration                   0x1000431b   Thumb Code     6  main.o(.text)
    pmu_wakeup_config                        0x10004321   Thumb Code     6  main.o(.text)
    pmu_power_saving                         0x10004327   Thumb Code    10  main.o(.text)
    pmu_mcu_off                              0x10004331   Thumb Code     6  main.o(.text)
    pmu_system_off                           0x10004337   Thumb Code     4  main.o(.text)
    pmu_reset                                0x1000433b   Thumb Code     6  main.o(.text)
    pmu_system_reset                         0x10004341   Thumb Code     6  main.o(.text)
    pmu_mcu_reset                            0x10004347   Thumb Code     6  main.o(.text)
    pmu_32m_xo_on                            0x1000434d   Thumb Code     6  main.o(.text)
    pmu_32m_xo_off                           0x10004353   Thumb Code     6  main.o(.text)
    ota_code_erase                           0x10004359   Thumb Code     6  main.o(.text)
    ota_code_write                           0x1000435f   Thumb Code     6  main.o(.text)
    ota_code_read                            0x10004365   Thumb Code     4  main.o(.text)
    ota_code_info_read                       0x10004369   Thumb Code    12  main.o(.text)
    ota_code_update                          0x10004375   Thumb Code    10  main.o(.text)
    ble_sched_execute                        0x1000437f   Thumb Code   150  main.o(.text)
    sys_rc_get                               0x10004415   Thumb Code     4  main.o(.text)
    sys_fclk_get                             0x10004419   Thumb Code     6  main.o(.text)
    sys_pclk_get                             0x1000441f   Thumb Code     6  main.o(.text)
    sys_sclk_get                             0x10004425   Thumb Code     6  main.o(.text)
    sys_hclk_get                             0x1000442b   Thumb Code     6  main.o(.text)
    gpadc_init                               0x10004431   Thumb Code    22  main.o(.text)
    SystemSleep                              0x10004447   Thumb Code    40  main.o(.text)
    ble_flash_authority                      0x1000446f   Thumb Code   102  main.o(.text)
    ble_flash_erase                          0x100044d5   Thumb Code    12  main.o(.text)
    ble_flash_read                           0x100044e1   Thumb Code    32  main.o(.text)
    ble_flash_write                          0x10004501   Thumb Code    14  main.o(.text)
    ble_flash_write_burst                    0x1000450f   Thumb Code    14  main.o(.text)
    _checksum_cache_496kb                    0x1000451d   Thumb Code   110  main.o(.text)
    ota_code_update_496kb                    0x1000458b   Thumb Code   208  main.o(.text)
    BBRFWrite                                0x1000465b   Thumb Code     4  main.o(.text)
    BBRFRead                                 0x1000465f   Thumb Code     6  main.o(.text)
    gap_s_smart_update_latency               0x10004665   Thumb Code   300  main.o(.text)
    smart_update_latency_updatareq           0x10004791   Thumb Code   298  main.o(.text)
    syd8821_chip_confirm                     0x100048bb   Thumb Code    24  main.o(.text)
    APPtimer_enable                          0x100048d3   Thumb Code    26  main.o(.text)
    APPtimer_disable                         0x100048ed   Thumb Code    24  main.o(.text)
    sched_callback_enable                    0x10004905   Thumb Code    26  main.o(.text)
    gap_s_adv_state_get                      0x1000491f   Thumb Code     8  main.o(.text)
    gap_s_att_mtu_get                        0x10004927   Thumb Code    18  main.o(.text)
    Confirm_NumericComrison                  0x1000496d   Thumb Code    12  rom.o(.text)
    SmpRxPairingConfirm                      0x10004979   Thumb Code   214  rom.o(.text)
    SmpRxPairingRandom                       0x10004a4f   Thumb Code   648  rom.o(.text)
    SmpPairingReq                            0x10004cd7   Thumb Code   450  rom.o(.text)
    SmpPairingPublicKey                      0x10004e99   Thumb Code   148  rom.o(.text)
    SmpPasskeyEntry                          0x10004f2d   Thumb Code   226  rom.o(.text)
    AttNotify                                0x1000500f   Thumb Code    40  rom.o(.text)
    AttIndication                            0x10005037   Thumb Code    40  rom.o(.text)
    LLLengthRsp                              0x100053f9   Thumb Code   214  rom.o(.text)
    LLLengthReq                              0x100054cf   Thumb Code    60  rom.o(.text)
    LLRxStartENCRsp                          0x10005877   Thumb Code     2  rom.o(.text)
    Protocol_Hook_Callback                   0x10005879   Thumb Code   274  rom.o(.text)
    _rom_init                                0x1000598b   Thumb Code    78  rom.o(.text)
    _rom_sys_32k_lpo_calibration             0x100059d9   Thumb Code   202  rom.o(.text)
    _rom_sys_32k_clock_set                   0x10005aa3   Thumb Code   118  rom.o(.text)
    _rom_gap_s_gatt_data_send                0x10005b19   Thumb Code    72  rom.o(.text)
    _rom_gap_s_coex_adv_start                0x10005b61   Thumb Code    56  rom.o(.text)
    _rom_gap_s_coex_adv_stop                 0x10005b99   Thumb Code    40  rom.o(.text)
    BBRXFIFORead                             0x10005bc1   Thumb Code   300  rom.o(.text)
    LCTxPkt_Handler                          0x10005f09   Thumb Code   286  rom.o(.text)
    LLC_IRQHandler                           0x10006027   Thumb Code   210  rom.o(.text)
    __aeabi_uidiv                            0x10006171   Thumb Code     0  uidiv.o(.text)
    __aeabi_uidivmod                         0x10006171   Thumb Code    44  uidiv.o(.text)
    __aeabi_idiv                             0x1000619d   Thumb Code     0  idiv.o(.text)
    __aeabi_idivmod                          0x1000619d   Thumb Code    40  idiv.o(.text)
    __aeabi_memcpy                           0x100061c5   Thumb Code    36  memcpya.o(.text)
    __aeabi_memcpy4                          0x100061c5   Thumb Code     0  memcpya.o(.text)
    __aeabi_memcpy8                          0x100061c5   Thumb Code     0  memcpya.o(.text)
    __aeabi_memset                           0x100061e9   Thumb Code    14  memseta.o(.text)
    __aeabi_memset4                          0x100061e9   Thumb Code     0  memseta.o(.text)
    __aeabi_memset8                          0x100061e9   Thumb Code     0  memseta.o(.text)
    __aeabi_memclr                           0x100061f7   Thumb Code     4  memseta.o(.text)
    __aeabi_memclr4                          0x100061f7   Thumb Code     0  memseta.o(.text)
    __aeabi_memclr8                          0x100061f7   Thumb Code     0  memseta.o(.text)
    _memset$wrapper                          0x100061fb   Thumb Code    18  memseta.o(.text)
    memcmp                                   0x1000620d   Thumb Code    26  memcmp.o(.text)
    __aeabi_uread4                           0x10006227   Thumb Code    20  uread4.o(.text)
    __rt_uread4                              0x10006227   Thumb Code     0  uread4.o(.text)
    _uread4                                  0x10006227   Thumb Code     0  uread4.o(.text)
    __aeabi_uwrite4                          0x1000623b   Thumb Code    18  uwrite4.o(.text)
    __rt_uwrite4                             0x1000623b   Thumb Code     0  uwrite4.o(.text)
    _uwrite4                                 0x1000623b   Thumb Code     0  uwrite4.o(.text)
    __aeabi_fadd                             0x1000624d   Thumb Code   162  fadd.o(.text)
    __aeabi_fsub                             0x100062ef   Thumb Code     8  fadd.o(.text)
    __aeabi_frsub                            0x100062f7   Thumb Code     8  fadd.o(.text)
    __aeabi_dadd                             0x10006301   Thumb Code   328  dadd.o(.text)
    __aeabi_dsub                             0x10006449   Thumb Code    12  dadd.o(.text)
    __aeabi_drsub                            0x10006455   Thumb Code    12  dadd.o(.text)
    __aeabi_dmul                             0x10006465   Thumb Code   202  dmul.o(.text)
    __aeabi_ddiv                             0x10006535   Thumb Code   234  ddiv.o(.text)
    __aeabi_ui2f                             0x10006625   Thumb Code    14  ffltui.o(.text)
    __aeabi_i2d                              0x10006635   Thumb Code    34  dflti.o(.text)
    __aeabi_ui2d                             0x1000665d   Thumb Code    24  dfltui.o(.text)
    __aeabi_d2uiz                            0x10006679   Thumb Code    50  dfixui.o(.text)
    __aeabi_f2d                              0x100066b5   Thumb Code    40  f2d.o(.text)
    __aeabi_uldivmod                         0x100066dd   Thumb Code    96  uldiv.o(.text)
    __aeabi_llsl                             0x1000673d   Thumb Code    32  llshl.o(.text)
    _ll_shift_l                              0x1000673d   Thumb Code     0  llshl.o(.text)
    __aeabi_llsr                             0x1000675d   Thumb Code    34  llushr.o(.text)
    _ll_ushift_r                             0x1000675d   Thumb Code     0  llushr.o(.text)
    __aeabi_lasr                             0x1000677f   Thumb Code    38  llsshr.o(.text)
    _ll_sshift_r                             0x1000677f   Thumb Code     0  llsshr.o(.text)
    __I$use$fp                               0x100067a5   Thumb Code     0  iusefp.o(.text)
    _float_round                             0x100067a5   Thumb Code    16  fepilogue.o(.text)
    _float_epilogue                          0x100067b5   Thumb Code   114  fepilogue.o(.text)
    _double_round                            0x10006827   Thumb Code    26  depilogue.o(.text)
    _double_epilogue                         0x10006841   Thumb Code   164  depilogue.o(.text)
    __aeabi_d2ulz                            0x100068e5   Thumb Code    54  dfixul.o(.text)
    __aeabi_cdrcmple                         0x10006925   Thumb Code    38  cdrcmple.o(.text)
    __scatterload                            0x1000694d   Thumb Code    28  init.o(.text)
    __scatterload_rt2                        0x1000694d   Thumb Code     0  init.o(.text)
    __0vsprintf                              0x10006971   Thumb Code    30  printfa.o(i.__0vsprintf)
    __1vsprintf                              0x10006971   Thumb Code     0  printfa.o(i.__0vsprintf)
    __2vsprintf                              0x10006971   Thumb Code     0  printfa.o(i.__0vsprintf)
    __c89vsprintf                            0x10006971   Thumb Code     0  printfa.o(i.__0vsprintf)
    vsprintf                                 0x10006971   Thumb Code     0  printfa.o(i.__0vsprintf)
    __ARM_clz                                0x10006995   Thumb Code    46  depilogue.o(i.__ARM_clz)
    __ARM_common_switch8                     0x100069c3   Thumb Code    28  ble.o(i.__ARM_common_switch8)
    __scatterload_copy                       0x100069df   Thumb Code    14  handlers.o(i.__scatterload_copy)
    __scatterload_null                       0x100069ed   Thumb Code     2  handlers.o(i.__scatterload_null)
    __scatterload_zeroinit                   0x100069ef   Thumb Code    14  handlers.o(i.__scatterload_zeroinit)
    Region$$Table$$Base                      0x10007558   Number         0  anon$$obj.o(Region$$Table)
    Region$$Table$$Limit                     0x10007578   Number         0  anon$$obj.o(Region$$Table)
    Ble_RX_Queue                             0x20000000   Data           4  main.o(.data)
    led_toggle_task_handle                   0x20000004   Data           4  main.o(.data)
    led_toggle_timer_handle                  0x20000008   Data           4  main.o(.data)
    KeyMsgQueue                              0x2000000c   Data           4  main.o(.data)
    send_data1                               0x20000010   Data           4  main.o(.data)
    GAP_Event                                0x20000014   Data           8  ble.o(.data)
    connect_flag                             0x20000022   Data           1  ble.o(.data)
    update_latency_mode                      0x20000023   Data           1  ble.o(.data)
    latency_state                            0x20000024   Data           1  ble.o(.data)
    timer_wait_cnt                           0x20000025   Data           1  ble.o(.data)
    ADV_DATA                                 0x20000026   Data          28  ble.o(.data)
    ADV_DATA_SZ                              0x20000042   Data           2  ble.o(.data)
    SCAN_DATA                                0x20000044   Data           1  ble.o(.data)
    SCAN_DATA_SZ                             0x20000046   Data           2  ble.o(.data)
    pxCurrentTCB                             0x2000006c   Data           4  tasks.o(.data)
    SystemCoreClock                          0x200000d8   Data           4  system_armcm0.o(.data)
    app_gap_evt_callback                     0x200000e8   Data           4  main.o(.data)
    using_oob                                0x200000ed   Data           1  rom.o(.data)
    using_numeric_compairison                0x200000ee   Data           1  rom.o(.data)
    flash_hdr                                0x200000f4   Data           4  rom.o(.data)
    lclink                                   0x200000f8   Data           4  rom.o(.data)
    txpdu                                    0x200000fc   Data           4  rom.o(.data)
    xQueueRegistry                           0x2000019c   Data          80  queue.o(.bss)
    smart_update_ctrol                       0x2000340a   Data          15  main.o(.bss)
    rxbuf                                    0x2000341c   Data         260  rom.o(.bss)
    __initial_sp                             0x2000b520   Data           0  startup_armcm0.o(STACK)



==============================================================================

Memory Map of the image

  Image Entry point : 0x100000c1

  Load Region LR_IROM1 (Base: 0x10000000, Size: 0x00007694, Max: 0x0003e000, ABSOLUTE)

    Execution Region ER_IROM1 (Base: 0x10000000, Size: 0x00007578, Max: 0x0003e000, ABSOLUTE)

    Base Addr    Size         Type   Attr      Idx    E Section Name        Object

    0x10000000   0x000000c0   Data   RO          421    RESET               startup_armcm0.o
    0x100000c0   0x00000000   Code   RO          533  * .ARM.Collect$$$$00000000  mc_p.l(entry.o)
    0x100000c0   0x00000004   Code   RO          598    .ARM.Collect$$$$00000001  mc_p.l(entry2.o)
    0x100000c4   0x00000004   Code   RO          601    .ARM.Collect$$$$00000004  mc_p.l(entry5.o)
    0x100000c8   0x00000000   Code   RO          603    .ARM.Collect$$$$00000008  mc_p.l(entry7b.o)
    0x100000c8   0x00000000   Code   RO          605    .ARM.Collect$$$$0000000A  mc_p.l(entry8b.o)
    0x100000c8   0x00000008   Code   RO          606    .ARM.Collect$$$$0000000B  mc_p.l(entry9a.o)
    0x100000d0   0x00000000   Code   RO          608    .ARM.Collect$$$$0000000D  mc_p.l(entry10a.o)
    0x100000d0   0x00000000   Code   RO          610    .ARM.Collect$$$$0000000F  mc_p.l(entry11a.o)
    0x100000d0   0x00000004   Code   RO          599    .ARM.Collect$$$$00002712  mc_p.l(entry2.o)
    0x100000d4   0x00000070   Code   RO          401    .emb_text           port.o
    0x10000144   0x00000580   Code   RO            3    .text               main.o
    0x100006c4   0x00000578   Code   RO          122    .text               ble.o
    0x10000c3c   0x00000234   Code   RO          171    .text               debug.o
    0x10000e70   0x00000090   Code   RO          208    .text               pad_mux_ctrl.o
    0x10000f00   0x00000360   Code   RO          236    .text               gpio.o
    0x10001260   0x00000096   Code   RO          319    .text               list.o
    0x100012f6   0x00000002   PAD
    0x100012f8   0x00000b34   Code   RO          331    .text               queue.o
    0x10001e2c   0x00001334   Code   RO          352    .text               tasks.o
    0x10003160   0x00000544   Code   RO          371    .text               timers.o
    0x100036a4   0x0000026c   Code   RO          386    .text               heap_4.o
    0x10003910   0x00000118   Code   RO          402    .text               port.o
    0x10003a28   0x0000001c   Code   RO          422    .text               startup_armcm0.o
    0x10003a44   0x00000018   Code   RO          428    .text               system_armcm0.o
    0x10003a5c   0x00000f10   Code   RO          454    .text               syd8821_ble_slave.lib(main.o)
    0x1000496c   0x00001804   Code   RO          506    .text               syd8821_ble_slave.lib(rom.o)
    0x10006170   0x0000002c   Code   RO          536    .text               mc_p.l(uidiv.o)
    0x1000619c   0x00000028   Code   RO          538    .text               mc_p.l(idiv.o)
    0x100061c4   0x00000024   Code   RO          540    .text               mc_p.l(memcpya.o)
    0x100061e8   0x00000024   Code   RO          542    .text               mc_p.l(memseta.o)
    0x1000620c   0x0000001a   Code   RO          544    .text               mc_p.l(memcmp.o)
    0x10006226   0x00000014   Code   RO          576    .text               mc_p.l(uread4.o)
    0x1000623a   0x00000012   Code   RO          578    .text               mc_p.l(uwrite4.o)
    0x1000624c   0x000000b2   Code   RO          580    .text               mf_p.l(fadd.o)
    0x100062fe   0x00000002   PAD
    0x10006300   0x00000164   Code   RO          582    .text               mf_p.l(dadd.o)
    0x10006464   0x000000d0   Code   RO          584    .text               mf_p.l(dmul.o)
    0x10006534   0x000000f0   Code   RO          586    .text               mf_p.l(ddiv.o)
    0x10006624   0x0000000e   Code   RO          588    .text               mf_p.l(ffltui.o)
    0x10006632   0x00000002   PAD
    0x10006634   0x00000028   Code   RO          590    .text               mf_p.l(dflti.o)
    0x1000665c   0x0000001c   Code   RO          592    .text               mf_p.l(dfltui.o)
    0x10006678   0x0000003c   Code   RO          594    .text               mf_p.l(dfixui.o)
    0x100066b4   0x00000028   Code   RO          596    .text               mf_p.l(f2d.o)
    0x100066dc   0x00000060   Code   RO          615    .text               mc_p.l(uldiv.o)
    0x1000673c   0x00000020   Code   RO          617    .text               mc_p.l(llshl.o)
    0x1000675c   0x00000022   Code   RO          619    .text               mc_p.l(llushr.o)
    0x1000677e   0x00000026   Code   RO          621    .text               mc_p.l(llsshr.o)
    0x100067a4   0x00000000   Code   RO          623    .text               mc_p.l(iusefp.o)
    0x100067a4   0x00000082   Code   RO          624    .text               mf_p.l(fepilogue.o)
    0x10006826   0x000000be   Code   RO          626    .text               mf_p.l(depilogue.o)
    0x100068e4   0x00000040   Code   RO          630    .text               mf_p.l(dfixul.o)
    0x10006924   0x00000028   Code   RO          632    .text               mf_p.l(cdrcmple.o)
    0x1000694c   0x00000024   Code   RO          634    .text               mc_p.l(init.o)
    0x10006970   0x00000024   Code   RO          555    i.__0vsprintf       mc_p.l(printfa.o)
    0x10006994   0x0000002e   Code   RO          628    i.__ARM_clz         mf_p.l(depilogue.o)
    0x100069c2   0x0000001c   Code   RO          141    i.__ARM_common_switch8  ble.o
    0x100069de   0x0000000e   Code   RO          640    i.__scatterload_copy  mc_p.l(handlers.o)
    0x100069ec   0x00000002   Code   RO          641    i.__scatterload_null  mc_p.l(handlers.o)
    0x100069ee   0x0000000e   Code   RO          642    i.__scatterload_zeroinit  mc_p.l(handlers.o)
    0x100069fc   0x00000158   Code   RO          556    i._fp_digits        mc_p.l(printfa.o)
    0x10006b54   0x000006ec   Code   RO          557    i._printf_core      mc_p.l(printfa.o)
    0x10007240   0x00000020   Code   RO          558    i._printf_post_padding  mc_p.l(printfa.o)
    0x10007260   0x0000002c   Code   RO          559    i._printf_pre_padding  mc_p.l(printfa.o)
    0x1000728c   0x0000000a   Code   RO          561    i._sputc            mc_p.l(printfa.o)
    0x10007296   0x0000028e   Data   RO          123    .constdata          ble.o
    0x10007524   0x00000032   Data   RO          508    .constdata          syd8821_ble_slave.lib(rom.o)
    0x10007556   0x00000002   PAD
    0x10007558   0x00000020   Data   RO          638    Region$$Table       anon$$obj.o


    Execution Region RW_IRAM1 (Base: 0x20000000, Size: 0x0000b520, Max: 0x00028000, ABSOLUTE)

    Base Addr    Size         Type   Attr      Idx    E Section Name        Object

    0x20000000   0x00000014   Data   RW            5    .data               main.o
    0x20000014   0x0000003b   Data   RW          124    .data               ble.o
    0x2000004f   0x00000001   PAD
    0x20000050   0x00000008   Data   RW          173    .data               debug.o
    0x20000058   0x00000008   Data   RW          209    .data               pad_mux_ctrl.o
    0x20000060   0x0000000c   Data   RW          237    .data               gpio.o
    0x2000006c   0x0000003c   Data   RW          354    .data               tasks.o
    0x200000a8   0x00000014   Data   RW          373    .data               timers.o
    0x200000bc   0x00000018   Data   RW          388    .data               heap_4.o
    0x200000d4   0x00000004   Data   RW          403    .data               port.o
    0x200000d8   0x00000004   Data   RW          429    .data               system_armcm0.o
    0x200000dc   0x00000010   Data   RW          456    .data               syd8821_ble_slave.lib(main.o)
    0x200000ec   0x00000030   Data   RW          509    .data               syd8821_ble_slave.lib(rom.o)
    0x2000011c   0x00000080   Zero   RW          172    .bss                debug.o
    0x2000019c   0x00000050   Zero   RW          332    .bss                queue.o
    0x200001ec   0x0000012c   Zero   RW          353    .bss                tasks.o
    0x20000318   0x00000028   Zero   RW          372    .bss                timers.o
    0x20000340   0x00002000   Zero   RW          387    .bss                heap_4.o
    0x20002340   0x000010d9   Zero   RW          455    .bss                syd8821_ble_slave.lib(main.o)
    0x20003419   0x00000003   PAD
    0x2000341c   0x00000104   Zero   RW          507    .bss                syd8821_ble_slave.lib(rom.o)
    0x20003520   0x00008000   Zero   RW          419    STACK               startup_armcm0.o


==============================================================================

Image component sizes


      Code (inc. data)   RO Data    RW Data    ZI Data      Debug   Object Name

      1428        204        654         59          0       5068   ble.o
         0          0          0          0          0       6668   croutine.o
       564         38          0          8        128      10817   debug.o
         0          0          0          0          0       4012   event_groups.o
       864         16          0         12          0      46461   gpio.o
       620         26          0         24       8192       3988   heap_4.o
       150          0          0          0          0       2062   list.o
      1408        604          0         20          0      64817   main.o
       144          4          0          8          0       1945   pad_mux_ctrl.o
       392         32          0          4          0       4026   port.o
      2868          4          0          0         80      18792   queue.o
        28          8        192          0      32768        704   startup_armcm0.o
        24          8          0          4          0        949   system_armcm0.o
      4916        284          0         60        300      22668   tasks.o
      1348         68          0         20         40       9069   timers.o

    ----------------------------------------------------------------------
     14756       1296        878        220      41508     202046   Object Totals
         0          0         32          0          0          0   (incl. Generated)
         2          0          0          1          0          0   (incl. Padding)

    ----------------------------------------------------------------------

      Code (inc. data)   RO Data    RW Data    ZI Data      Debug   Library Member Name

         0          0          0          0          0          0   entry.o
         0          0          0          0          0          0   entry10a.o
         0          0          0          0          0          0   entry11a.o
         8          4          0          0          0          0   entry2.o
         4          0          0          0          0          0   entry5.o
         0          0          0          0          0          0   entry7b.o
         0          0          0          0          0          0   entry8b.o
         8          4          0          0          0          0   entry9a.o
        30          0          0          0          0          0   handlers.o
        40          0          0          0          0         72   idiv.o
        36          8          0          0          0         68   init.o
         0          0          0          0          0          0   iusefp.o
        32          0          0          0          0         68   llshl.o
        38          0          0          0          0         68   llsshr.o
        34          0          0          0          0         68   llushr.o
        26          0          0          0          0         72   memcmp.o
        36          0          0          0          0         60   memcpya.o
        36          0          0          0          0        100   memseta.o
      2238         96          0          0          0        460   printfa.o
        44          0          0          0          0         72   uidiv.o
        96          0          0          0          0         84   uldiv.o
        20          0          0          0          0         60   uread4.o
        18          0          0          0          0         60   uwrite4.o
        40          2          0          0          0         68   cdrcmple.o
       356          4          0          0          0        140   dadd.o
       240          6          0          0          0         84   ddiv.o
       236          0          0          0          0        216   depilogue.o
        60         10          0          0          0         68   dfixui.o
        64         10          0          0          0         68   dfixul.o
        40          6          0          0          0         68   dflti.o
        28          4          0          0          0         68   dfltui.o
       208          6          0          0          0         88   dmul.o
        40          0          0          0          0         60   f2d.o
       178          0          0          0          0        108   fadd.o
       130          0          0          0          0        144   fepilogue.o
        14          0          0          0          0         68   ffltui.o
      3856        266          0         16       4313     115663   main.o
      6148        324         50         48        260      14422   rom.o

    ----------------------------------------------------------------------
     14386        750         52         64       4576     132645   Library Totals
         4          0          2          0          3          0   (incl. Padding)

    ----------------------------------------------------------------------

      Code (inc. data)   RO Data    RW Data    ZI Data      Debug   Library Name

      2744        112          0          0          0       1312   mc_p.l
      1634         48          0          0          0       1248   mf_p.l
     10004        590         50         64       4573     130085   syd8821_ble_slave.lib

    ----------------------------------------------------------------------
     14386        750         52         64       4576     132645   Library Totals

    ----------------------------------------------------------------------

==============================================================================


      Code (inc. data)   RO Data    RW Data    ZI Data      Debug   

     29142       2046        930        284      46084     332187   Grand Totals
     29142       2046        930        284      46084     332187   ELF Image Totals
     29142       2046        930        284          0          0   ROM Totals

==============================================================================

    Total RO  Size (Code + RO Data)                30072 (  29.37kB)
    Total RW  Size (RW Data + ZI Data)             46368 (  45.28kB)
    Total ROM Size (Code + RO Data + RW Data)      30356 (  29.64kB)

==============================================================================

