Component: ARM Compiler 5.06 (build 20) Tool: armlink [4d35a3]

==============================================================================

Section Cross References

    main.o(.text) refers to pad_mux_ctrl.o(.text) for pad_mux_write
    main.o(.text) refers to gpio.o(.text) for gpo_config
    main.o(.text) refers to uart.o(.text) for uart_0_init
    main.o(.text) refers to segger_rtt.o(.text) for SEGGER_RTT_Init
    main.o(.text) refers to segger_rtt_printf.o(.text) for SEGGER_RTT_printf
    main.o(.text) refers to delay.o(.text) for delay_ms
    gpio.o(.text) refers to gpio.o(.data) for gpio_callback
    pad_mux_ctrl.o(.text) refers to pad_mux_ctrl.o(.data) for pad
    uart.o(.text) refers to queue.o(.text) for queue_init
    uart.o(.text) refers to uart.o(.data) for UART_CTRL
    uart.o(.text) refers to uart.o(.bss) for rx_buf
    debug.o(.text) refers to printfa.o(i.__0vsprintf) for __c89vsprintf
    debug.o(.text) refers to debug.o(.data) for UART_CTRL
    debug.o(.text) refers to debug.o(.bss) for s_formatBuffer
    queue.o(.text) refers to memcpya.o(.text) for __aeabi_memcpy
    segger_rtt.o(.text) refers to strcpy.o(.text) for strcpy
    segger_rtt.o(.text) refers to memcpya.o(.text) for __aeabi_memcpy
    segger_rtt.o(.text) refers to segger_rtt.o(.ARM.__AT_0x20027F00) for _SEGGER_RTT
    segger_rtt.o(.text) refers to segger_rtt.o(.bss) for _acUpBuffer
    segger_rtt.o(.text) refers to segger_rtt.o(.data) for _aTerminalId
    segger_rtt.o(.text) refers to strlen.o(.text) for strlen
    segger_rtt_printf.o(.text) refers to segger_rtt.o(.text) for SEGGER_RTT_Write
    segger_rtt_printf.o(.text) refers to uidiv.o(.text) for __aeabi_uidivmod
    segger_rtt_printf.o(.text) refers to idiv.o(.text) for __aeabi_idivmod
    segger_rtt_printf.o(.text) refers to segger_rtt_printf.o(.constdata) for _aV2C
    segger_rtt_syscalls_keil.o(.text) refers to fputc.o(i.fputc) for fputc
    segger_rtt_syscalls_keil.o(.text) refers to strcmp.o(.text) for strcmp
    segger_rtt_syscalls_keil.o(.text) refers to segger_rtt.o(.text) for SEGGER_RTT_Write
    segger_rtt_syscalls_keil.o(.text) refers to stdout.o(.data) for __stdout
    segger_rtt_syscalls_keil.o(.text) refers to segger_rtt_syscalls_keil.o(.constdata) for __stdout_name
    startup_armcm0.o(RESET) refers to startup_armcm0.o(STACK) for __initial_sp
    startup_armcm0.o(RESET) refers to startup_armcm0.o(.text) for Reset_Handler
    startup_armcm0.o(RESET) refers to gpio.o(.text) for GPIO_IRQHandler
    startup_armcm0.o(RESET) refers to uart.o(.text) for UART0_IRQHandler
    startup_armcm0.o(.text) refers to system_armcm0.o(.text) for SystemInit
    startup_armcm0.o(.text) refers to entry.o(.ARM.Collect$$$$00000000) for __main
    system_armcm0.o(.text) refers to system_armcm0.o(.data) for SystemCoreClock
    entry.o(.ARM.Collect$$$$00000000) refers (Special) to entry10a.o(.ARM.Collect$$$$0000000D) for __rt_final_cpp
    entry.o(.ARM.Collect$$$$00000000) refers (Special) to entry11a.o(.ARM.Collect$$$$0000000F) for __rt_final_exit
    entry.o(.ARM.Collect$$$$00000000) refers (Special) to entry7b.o(.ARM.Collect$$$$00000008) for _main_clock
    entry.o(.ARM.Collect$$$$00000000) refers (Special) to entry8b.o(.ARM.Collect$$$$0000000A) for _main_cpp_init
    entry.o(.ARM.Collect$$$$00000000) refers (Special) to entry9a.o(.ARM.Collect$$$$0000000B) for _main_init
    entry.o(.ARM.Collect$$$$00000000) refers (Special) to entry5.o(.ARM.Collect$$$$00000004) for _main_scatterload
    entry.o(.ARM.Collect$$$$00000000) refers (Special) to entry2.o(.ARM.Collect$$$$00000001) for _main_stk
    fputc.o(i.fputc) refers (Special) to iusesemip.o(.text) for __I$use$semihosting$fputc
    fputc.o(i.fputc) refers (Special) to semi.o(.text) for __semihosting_library_function
    idiv.o(.text) refers to uidiv.o(.text) for __aeabi_uidivmod
    printfa.o(i.__0fprintf) refers (Special) to iusefp.o(.text) for __I$use$fp
    printfa.o(i.__0fprintf) refers to printfa.o(i._printf_core) for _printf_core
    printfa.o(i.__0fprintf) refers to fputc.o(i.fputc) for fputc
    printfa.o(i.__0printf) refers (Special) to iusefp.o(.text) for __I$use$fp
    printfa.o(i.__0printf) refers to printfa.o(i._printf_core) for _printf_core
    printfa.o(i.__0printf) refers to fputc.o(i.fputc) for fputc
    printfa.o(i.__0printf) refers to stdout.o(.data) for __stdout
    printfa.o(i.__0snprintf) refers (Special) to iusefp.o(.text) for __I$use$fp
    printfa.o(i.__0snprintf) refers to printfa.o(i._printf_core) for _printf_core
    printfa.o(i.__0snprintf) refers to printfa.o(i._snputc) for _snputc
    printfa.o(i.__0sprintf) refers (Special) to iusefp.o(.text) for __I$use$fp
    printfa.o(i.__0sprintf) refers to printfa.o(i._printf_core) for _printf_core
    printfa.o(i.__0sprintf) refers to printfa.o(i._sputc) for _sputc
    printfa.o(i.__0vfprintf) refers (Special) to iusefp.o(.text) for __I$use$fp
    printfa.o(i.__0vfprintf) refers to printfa.o(i._printf_core) for _printf_core
    printfa.o(i.__0vfprintf) refers to fputc.o(i.fputc) for fputc
    printfa.o(i.__0vprintf) refers (Special) to iusefp.o(.text) for __I$use$fp
    printfa.o(i.__0vprintf) refers to printfa.o(i._printf_core) for _printf_core
    printfa.o(i.__0vprintf) refers to fputc.o(i.fputc) for fputc
    printfa.o(i.__0vprintf) refers to stdout.o(.data) for __stdout
    printfa.o(i.__0vsnprintf) refers (Special) to iusefp.o(.text) for __I$use$fp
    printfa.o(i.__0vsnprintf) refers to printfa.o(i._printf_core) for _printf_core
    printfa.o(i.__0vsnprintf) refers to printfa.o(i._snputc) for _snputc
    printfa.o(i.__0vsprintf) refers (Special) to iusefp.o(.text) for __I$use$fp
    printfa.o(i.__0vsprintf) refers to printfa.o(i._printf_core) for _printf_core
    printfa.o(i.__0vsprintf) refers to printfa.o(i._sputc) for _sputc
    printfa.o(i._fp_digits) refers (Special) to iusefp.o(.text) for __I$use$fp
    printfa.o(i._fp_digits) refers to dmul.o(.text) for __aeabi_dmul
    printfa.o(i._fp_digits) refers to ddiv.o(.text) for __aeabi_ddiv
    printfa.o(i._fp_digits) refers to cdrcmple.o(.text) for __aeabi_cdrcmple
    printfa.o(i._fp_digits) refers to dadd.o(.text) for __aeabi_dadd
    printfa.o(i._fp_digits) refers to dfixul.o(.text) for __aeabi_d2ulz
    printfa.o(i._fp_digits) refers to uldiv.o(.text) for __aeabi_uldivmod
    printfa.o(i._printf_core) refers (Special) to iusefp.o(.text) for __I$use$fp
    printfa.o(i._printf_core) refers to printfa.o(i._printf_pre_padding) for _printf_pre_padding
    printfa.o(i._printf_core) refers to uldiv.o(.text) for __aeabi_uldivmod
    printfa.o(i._printf_core) refers to printfa.o(i._printf_post_padding) for _printf_post_padding
    printfa.o(i._printf_core) refers to printfa.o(i._fp_digits) for _fp_digits
    printfa.o(i._printf_core) refers to uidiv.o(.text) for __aeabi_uidivmod
    printfa.o(i._printf_post_padding) refers (Special) to iusefp.o(.text) for __I$use$fp
    printfa.o(i._printf_pre_padding) refers (Special) to iusefp.o(.text) for __I$use$fp
    printfa.o(i._snputc) refers (Special) to iusefp.o(.text) for __I$use$fp
    printfa.o(i._sputc) refers (Special) to iusefp.o(.text) for __I$use$fp
    entry2.o(.ARM.Collect$$$$00000001) refers to entry2.o(.ARM.Collect$$$$00002712) for __lit__00000000
    entry2.o(.ARM.Collect$$$$00002712) refers to startup_armcm0.o(STACK) for __initial_sp
    entry2.o(__vectab_stack_and_reset_area) refers to startup_armcm0.o(STACK) for __initial_sp
    entry2.o(__vectab_stack_and_reset_area) refers to entry.o(.ARM.Collect$$$$00000000) for __main
    entry5.o(.ARM.Collect$$$$00000004) refers to init.o(.text) for __scatterload
    entry9a.o(.ARM.Collect$$$$0000000B) refers to main.o(.text) for main
    entry9b.o(.ARM.Collect$$$$0000000C) refers to main.o(.text) for main
    uldiv.o(.text) refers to llushr.o(.text) for __aeabi_llsr
    uldiv.o(.text) refers to llshl.o(.text) for __aeabi_llsl
    dadd.o(.text) refers to llshl.o(.text) for __aeabi_llsl
    dadd.o(.text) refers to llsshr.o(.text) for __aeabi_lasr
    dadd.o(.text) refers to depilogue.o(.text) for _double_epilogue
    dmul.o(.text) refers to depilogue.o(.text) for _double_epilogue
    ddiv.o(.text) refers to depilogue.o(.text) for _double_round
    dfixul.o(.text) refers to llushr.o(.text) for __aeabi_llsr
    dfixul.o(.text) refers to llshl.o(.text) for __aeabi_llsl
    init.o(.text) refers to entry5.o(.ARM.Collect$$$$00000004) for __main_after_scatterload
    depilogue.o(.text) refers to depilogue.o(i.__ARM_clz) for __ARM_clz
    depilogue.o(.text) refers to llshl.o(.text) for __aeabi_llsl
    depilogue.o(.text) refers to llushr.o(.text) for __aeabi_llsr


==============================================================================

Removing Unused input sections from the image.

    Removing main.o(.rev16_text), (4 bytes).
    Removing main.o(.revsh_text), (4 bytes).
    Removing gpio.o(.rev16_text), (4 bytes).
    Removing gpio.o(.revsh_text), (4 bytes).
    Removing delay.o(.rev16_text), (4 bytes).
    Removing delay.o(.revsh_text), (4 bytes).
    Removing pad_mux_ctrl.o(.rev16_text), (4 bytes).
    Removing pad_mux_ctrl.o(.revsh_text), (4 bytes).
    Removing uart.o(.rev16_text), (4 bytes).
    Removing uart.o(.revsh_text), (4 bytes).
    Removing debug.o(.rev16_text), (4 bytes).
    Removing debug.o(.revsh_text), (4 bytes).
    Removing debug.o(.text), (564 bytes).
    Removing debug.o(.bss), (128 bytes).
    Removing debug.o(.data), (8 bytes).
    Removing queue.o(.rev16_text), (4 bytes).
    Removing queue.o(.revsh_text), (4 bytes).
    Removing segger_rtt.o(.rev16_text), (4 bytes).
    Removing segger_rtt.o(.revsh_text), (4 bytes).
    Removing segger_rtt_printf.o(.rev16_text), (4 bytes).
    Removing segger_rtt_printf.o(.revsh_text), (4 bytes).
    Removing segger_rtt_syscalls_keil.o(.rev16_text), (4 bytes).
    Removing segger_rtt_syscalls_keil.o(.revsh_text), (4 bytes).
    Removing segger_rtt_syscalls_keil.o(.text), (180 bytes).
    Removing segger_rtt_syscalls_keil.o(.constdata), (20 bytes).
    Removing startup_armcm0.o(HEAP), (16384 bytes).
    Removing system_armcm0.o(.rev16_text), (4 bytes).
    Removing system_armcm0.o(.revsh_text), (4 bytes).
    Removing dadd.o(.text), (356 bytes).
    Removing dmul.o(.text), (208 bytes).
    Removing ddiv.o(.text), (240 bytes).
    Removing dfixul.o(.text), (64 bytes).
    Removing cdrcmple.o(.text), (40 bytes).
    Removing depilogue.o(.text), (190 bytes).
    Removing depilogue.o(i.__ARM_clz), (46 bytes).

35 unused section(s) (total 18516 bytes) removed from the image.

==============================================================================

Image Symbol Table

    Local Symbols

    Symbol Name                              Value     Ov Type        Size  Object(Section)

    ../clib/microlib/division.c              0x00000000   Number         0  idiv.o ABSOLUTE
    ../clib/microlib/division.c              0x00000000   Number         0  uidiv.o ABSOLUTE
    ../clib/microlib/division.c              0x00000000   Number         0  uldiv.o ABSOLUTE
    ../clib/microlib/init/entry.s            0x00000000   Number         0  entry2.o ABSOLUTE
    ../clib/microlib/init/entry.s            0x00000000   Number         0  entry5.o ABSOLUTE
    ../clib/microlib/init/entry.s            0x00000000   Number         0  entry10a.o ABSOLUTE
    ../clib/microlib/init/entry.s            0x00000000   Number         0  entry.o ABSOLUTE
    ../clib/microlib/init/entry.s            0x00000000   Number         0  entry7a.o ABSOLUTE
    ../clib/microlib/init/entry.s            0x00000000   Number         0  entry7b.o ABSOLUTE
    ../clib/microlib/init/entry.s            0x00000000   Number         0  entry8a.o ABSOLUTE
    ../clib/microlib/init/entry.s            0x00000000   Number         0  entry8b.o ABSOLUTE
    ../clib/microlib/init/entry.s            0x00000000   Number         0  entry9a.o ABSOLUTE
    ../clib/microlib/init/entry.s            0x00000000   Number         0  entry9b.o ABSOLUTE
    ../clib/microlib/init/entry.s            0x00000000   Number         0  entry10b.o ABSOLUTE
    ../clib/microlib/init/entry.s            0x00000000   Number         0  entry11a.o ABSOLUTE
    ../clib/microlib/init/entry.s            0x00000000   Number         0  entry11b.o ABSOLUTE
    ../clib/microlib/longlong.c              0x00000000   Number         0  llushr.o ABSOLUTE
    ../clib/microlib/longlong.c              0x00000000   Number         0  llshl.o ABSOLUTE
    ../clib/microlib/longlong.c              0x00000000   Number         0  llsshr.o ABSOLUTE
    ../clib/microlib/printf/printf.c         0x00000000   Number         0  printfa.o ABSOLUTE
    ../clib/microlib/stdio/fflush.c          0x00000000   Number         0  fflush.o ABSOLUTE
    ../clib/microlib/stdio/fputc.c           0x00000000   Number         0  fputc.o ABSOLUTE
    ../clib/microlib/stdio/semi.s            0x00000000   Number         0  semi.o ABSOLUTE
    ../clib/microlib/stdio/streams.c         0x00000000   Number         0  stdout.o ABSOLUTE
    ../clib/microlib/string/memcpy.c         0x00000000   Number         0  memcpyb.o ABSOLUTE
    ../clib/microlib/string/memcpy.c         0x00000000   Number         0  memcpya.o ABSOLUTE
    ../clib/microlib/string/strcmp.c         0x00000000   Number         0  strcmp.o ABSOLUTE
    ../clib/microlib/string/strcpy.c         0x00000000   Number         0  strcpy.o ABSOLUTE
    ../clib/microlib/string/strlen.c         0x00000000   Number         0  strlen.o ABSOLUTE
    ../clib/microlib/stubs.s                 0x00000000   Number         0  iusesemip.o ABSOLUTE
    ../clib/microlib/stubs.s                 0x00000000   Number         0  iusefp.o ABSOLUTE
    ../clib/microlib/stubs.s                 0x00000000   Number         0  useno.o ABSOLUTE
    ../fplib/microlib/fpadd.c                0x00000000   Number         0  dadd.o ABSOLUTE
    ../fplib/microlib/fpdiv.c                0x00000000   Number         0  ddiv.o ABSOLUTE
    ../fplib/microlib/fpepilogue.c           0x00000000   Number         0  depilogue.o ABSOLUTE
    ../fplib/microlib/fpfix.c                0x00000000   Number         0  dfixul.o ABSOLUTE
    ../fplib/microlib/fpmul.c                0x00000000   Number         0  dmul.o ABSOLUTE
    ..\..\..\Rtt\SEGGER_RTT.c                0x00000000   Number         0  segger_rtt.o ABSOLUTE
    ..\..\..\Rtt\SEGGER_RTT_Syscalls_KEIL.c  0x00000000   Number         0  segger_rtt_syscalls_keil.o ABSOLUTE
    ..\..\..\Rtt\SEGGER_RTT_printf.c         0x00000000   Number         0  segger_rtt_printf.o ABSOLUTE
    ..\..\..\Source\debug.c                  0x00000000   Number         0  debug.o ABSOLUTE
    ..\..\..\Source\delay.c                  0x00000000   Number         0  delay.o ABSOLUTE
    ..\..\..\Source\gpio.c                   0x00000000   Number         0  gpio.o ABSOLUTE
    ..\..\..\Source\pad_mux_ctrl.c           0x00000000   Number         0  pad_mux_ctrl.o ABSOLUTE
    ..\..\..\Source\queue.c                  0x00000000   Number         0  queue.o ABSOLUTE
    ..\..\..\Source\uart.c                   0x00000000   Number         0  uart.o ABSOLUTE
    ..\\..\\..\\Rtt\\SEGGER_RTT.c            0x00000000   Number         0  segger_rtt.o ABSOLUTE
    ..\\..\\..\\Rtt\\SEGGER_RTT_Syscalls_KEIL.c 0x00000000   Number         0  segger_rtt_syscalls_keil.o ABSOLUTE
    ..\\..\\..\\Rtt\\SEGGER_RTT_printf.c     0x00000000   Number         0  segger_rtt_printf.o ABSOLUTE
    ..\\..\\..\\Source\\debug.c              0x00000000   Number         0  debug.o ABSOLUTE
    ..\\..\\..\\Source\\delay.c              0x00000000   Number         0  delay.o ABSOLUTE
    ..\\..\\..\\Source\\gpio.c               0x00000000   Number         0  gpio.o ABSOLUTE
    ..\\..\\..\\Source\\pad_mux_ctrl.c       0x00000000   Number         0  pad_mux_ctrl.o ABSOLUTE
    ..\\..\\..\\Source\\queue.c              0x00000000   Number         0  queue.o ABSOLUTE
    ..\\..\\..\\Source\\uart.c               0x00000000   Number         0  uart.o ABSOLUTE
    ..\\main.c                               0x00000000   Number         0  main.o ABSOLUTE
    ..\main.c                                0x00000000   Number         0  main.o ABSOLUTE
    RTE\Device\ARMCM0\startup_ARMCM0.s       0x00000000   Number         0  startup_armcm0.o ABSOLUTE
    RTE\Device\ARMCM0\system_ARMCM0.c        0x00000000   Number         0  system_armcm0.o ABSOLUTE
    RTE\\Device\\ARMCM0\\system_ARMCM0.c     0x00000000   Number         0  system_armcm0.o ABSOLUTE
    cdrcmple.s                               0x00000000   Number         0  cdrcmple.o ABSOLUTE
    dc.s                                     0x00000000   Number         0  dc.o ABSOLUTE
    handlers.s                               0x00000000   Number         0  handlers.o ABSOLUTE
    init.s                                   0x00000000   Number         0  init.o ABSOLUTE
    RESET                                    0x10000000   Section      192  startup_armcm0.o(RESET)
    .ARM.Collect$$$$00000000                 0x100000c0   Section        0  entry.o(.ARM.Collect$$$$00000000)
    .ARM.Collect$$$$00000001                 0x100000c0   Section        4  entry2.o(.ARM.Collect$$$$00000001)
    .ARM.Collect$$$$00000004                 0x100000c4   Section        4  entry5.o(.ARM.Collect$$$$00000004)
    .ARM.Collect$$$$00000008                 0x100000c8   Section        0  entry7b.o(.ARM.Collect$$$$00000008)
    .ARM.Collect$$$$0000000A                 0x100000c8   Section        0  entry8b.o(.ARM.Collect$$$$0000000A)
    .ARM.Collect$$$$0000000B                 0x100000c8   Section        8  entry9a.o(.ARM.Collect$$$$0000000B)
    .ARM.Collect$$$$0000000D                 0x100000d0   Section        0  entry10a.o(.ARM.Collect$$$$0000000D)
    .ARM.Collect$$$$0000000F                 0x100000d0   Section        0  entry11a.o(.ARM.Collect$$$$0000000F)
    .ARM.Collect$$$$00002712                 0x100000d0   Section        4  entry2.o(.ARM.Collect$$$$00002712)
    __lit__00000000                          0x100000d0   Data           4  entry2.o(.ARM.Collect$$$$00002712)
    .text                                    0x100000d4   Section        0  main.o(.text)
    .text                                    0x10000230   Section        0  gpio.o(.text)
    .text                                    0x10000590   Section        0  delay.o(.text)
    .text                                    0x100005c8   Section        0  pad_mux_ctrl.o(.text)
    .text                                    0x10000658   Section        0  uart.o(.text)
    __NVIC_DisableIRQ                        0x10000659   Thumb Code    50  uart.o(.text)
    __NVIC_EnableIRQ                         0x100008a5   Thumb Code    20  uart.o(.text)
    .text                                    0x100008d0   Section        0  queue.o(.text)
    .text                                    0x100009b0   Section        0  segger_rtt.o(.text)
    _DoInit                                  0x100009b1   Thumb Code    74  segger_rtt.o(.text)
    _WriteBlocking                           0x100009fb   Thumb Code   122  segger_rtt.o(.text)
    _WriteNoCheck                            0x10000a75   Thumb Code    74  segger_rtt.o(.text)
    _PostTerminalSwitch                      0x10000abf   Thumb Code    32  segger_rtt.o(.text)
    _GetAvailWriteSpace                      0x10000adf   Thumb Code    28  segger_rtt.o(.text)
    .text                                    0x100014dc   Section        0  segger_rtt_printf.o(.text)
    _StoreChar                               0x100014dd   Thumb Code    68  segger_rtt_printf.o(.text)
    _PrintUnsigned                           0x10001521   Thumb Code   280  segger_rtt_printf.o(.text)
    _PrintInt                                0x10001639   Thumb Code   270  segger_rtt_printf.o(.text)
    .text                                    0x10001a1c   Section       28  startup_armcm0.o(.text)
    .text                                    0x10001a38   Section        0  system_armcm0.o(.text)
    .text                                    0x10001a50   Section        0  uidiv.o(.text)
    .text                                    0x10001a7c   Section        0  idiv.o(.text)
    .text                                    0x10001aa4   Section        0  memcpya.o(.text)
    .text                                    0x10001ac8   Section        0  strlen.o(.text)
    .text                                    0x10001ad6   Section        0  strcpy.o(.text)
    .text                                    0x10001ae8   Section       36  init.o(.text)
    i.__scatterload_copy                     0x10001b0c   Section       14  handlers.o(i.__scatterload_copy)
    i.__scatterload_null                     0x10001b1a   Section        2  handlers.o(i.__scatterload_null)
    i.__scatterload_zeroinit                 0x10001b1c   Section       14  handlers.o(i.__scatterload_zeroinit)
    .constdata                               0x10001b2a   Section       16  segger_rtt_printf.o(.constdata)
    _aV2C                                    0x10001b2a   Data          16  segger_rtt_printf.o(.constdata)
    .data                                    0x20000000   Section       12  gpio.o(.data)
    GPIO_CTRL                                0x20000000   Data           8  gpio.o(.data)
    gpio_callback                            0x20000008   Data           4  gpio.o(.data)
    .data                                    0x2000000c   Section        8  pad_mux_ctrl.o(.data)
    pad                                      0x2000000c   Data           8  pad_mux_ctrl.o(.data)
    .data                                    0x20000014   Section        8  uart.o(.data)
    .data                                    0x2000001c   Section       17  segger_rtt.o(.data)
    _aTerminalId                             0x2000001c   Data          16  segger_rtt.o(.data)
    _ActiveTerminal                          0x2000002c   Data           1  segger_rtt.o(.data)
    .data                                    0x20000030   Section        4  system_armcm0.o(.data)
    .bss                                     0x20000034   Section     1056  uart.o(.bss)
    .bss                                     0x20000454   Section     8208  segger_rtt.o(.bss)
    _acUpBuffer                              0x20000454   Data        8192  segger_rtt.o(.bss)
    _acDownBuffer                            0x20002454   Data          16  segger_rtt.o(.bss)
    STACK                                    0x20002468   Section     4096  startup_armcm0.o(STACK)
    .ARM.__AT_0x20027F00                     0x20027f00   Section      168  segger_rtt.o(.ARM.__AT_0x20027F00)

    Global Symbols

    Symbol Name                              Value     Ov Type        Size  Object(Section)

    BuildAttributes$$THM_ISAv3M$S$PE$A:L22$X:L11$S22$IEEE1$IW$USESV6$~STKCKD$USESV7$~SHL$OSPACE$ROPI$EBA8$MICROLIB$REQ8$PRES8$EABIv2 0x00000000   Number         0  anon$$obj.o ABSOLUTE
    __ARM_use_no_argv                        0x00000000   Number         0  main.o ABSOLUTE
    __use_no_errno                           0x00000000   Number         0  useno.o ABSOLUTE
    __use_no_exception_handling              0x00000000   Number         0  useno.o ABSOLUTE
    __use_no_fp                              0x00000000   Number         0  useno.o ABSOLUTE
    __use_no_heap                            0x00000000   Number         0  useno.o ABSOLUTE
    __use_no_heap_region                     0x00000000   Number         0  useno.o ABSOLUTE
    __use_no_semihosting                     0x00000000   Number         0  useno.o ABSOLUTE
    __use_no_semihosting_swi                 0x00000000   Number         0  useno.o ABSOLUTE
    __use_no_signal_handling                 0x00000000   Number         0  useno.o ABSOLUTE
    __cpp_initialize__aeabi_                  - Undefined Weak Reference
    __cxa_finalize                            - Undefined Weak Reference
    __decompress                              - Undefined Weak Reference
    _clock_init                               - Undefined Weak Reference
    _microlib_exit                            - Undefined Weak Reference
    __Vectors_Size                           0x000000c0   Number         0  startup_armcm0.o ABSOLUTE
    __Vectors                                0x10000000   Data           4  startup_armcm0.o(RESET)
    __Vectors_End                            0x100000c0   Data           0  startup_armcm0.o(RESET)
    __main                                   0x100000c1   Thumb Code     0  entry.o(.ARM.Collect$$$$00000000)
    _main_stk                                0x100000c1   Thumb Code     0  entry2.o(.ARM.Collect$$$$00000001)
    _main_scatterload                        0x100000c5   Thumb Code     0  entry5.o(.ARM.Collect$$$$00000004)
    __main_after_scatterload                 0x100000c9   Thumb Code     0  entry5.o(.ARM.Collect$$$$00000004)
    _main_clock                              0x100000c9   Thumb Code     0  entry7b.o(.ARM.Collect$$$$00000008)
    _main_cpp_init                           0x100000c9   Thumb Code     0  entry8b.o(.ARM.Collect$$$$0000000A)
    _main_init                               0x100000c9   Thumb Code     0  entry9a.o(.ARM.Collect$$$$0000000B)
    __rt_final_cpp                           0x100000d1   Thumb Code     0  entry10a.o(.ARM.Collect$$$$0000000D)
    __rt_final_exit                          0x100000d1   Thumb Code     0  entry11a.o(.ARM.Collect$$$$0000000F)
    main                                     0x100000d5   Thumb Code   270  main.o(.text)
    gpi_irq_set_cb                           0x10000231   Thumb Code     6  gpio.o(.text)
    gpi_config                               0x10000237   Thumb Code   114  gpio.o(.text)
    pad_input_configure                      0x100002a9   Thumb Code    94  gpio.o(.text)
    gpo_config                               0x10000307   Thumb Code    90  gpio.o(.text)
    gpo_toggle                               0x10000361   Thumb Code    42  gpio.o(.text)
    gpo_set                                  0x1000038b   Thumb Code    42  gpio.o(.text)
    gpo_clr                                  0x100003b5   Thumb Code    42  gpio.o(.text)
    gpi_get_val                              0x100003df   Thumb Code    70  gpio.o(.text)
    gpi_enable_int                           0x10000425   Thumb Code   170  gpio.o(.text)
    gpi_disable_int                          0x100004cf   Thumb Code    44  gpio.o(.text)
    GPIO_IRQHandler                          0x100004fb   Thumb Code   134  gpio.o(.text)
    delay_ms                                 0x10000591   Thumb Code    30  delay.o(.text)
    delay_us                                 0x100005af   Thumb Code    26  delay.o(.text)
    pad_mux_read                             0x100005c9   Thumb Code    62  pad_mux_ctrl.o(.text)
    pad_mux_write                            0x10000607   Thumb Code    78  pad_mux_ctrl.o(.text)
    uart_0_init                              0x1000068b   Thumb Code   134  uart.o(.text)
    UART0_IRQHandler                         0x10000711   Thumb Code    58  uart.o(.text)
    uart_1_init                              0x1000074b   Thumb Code   112  uart.o(.text)
    UART1_IRQHandler                         0x100007bb   Thumb Code    60  uart.o(.text)
    uart_write                               0x100007f7   Thumb Code    80  uart.o(.text)
    uart_read                                0x10000847   Thumb Code    20  uart.o(.text)
    uart_queue_size                          0x1000085b   Thumb Code    56  uart.o(.text)
    uart_get_ctrl                            0x10000893   Thumb Code    18  uart.o(.text)
    queue_init                               0x100008d1   Thumb Code    12  queue.o(.text)
    queue_reset                              0x100008dd   Thumb Code     6  queue.o(.text)
    enqueue_all                              0x100008e3   Thumb Code    94  queue.o(.text)
    enqueue                                  0x10000941   Thumb Code    28  queue.o(.text)
    dequeue                                  0x1000095d   Thumb Code    42  queue.o(.text)
    is_queue_empty                           0x10000987   Thumb Code    18  queue.o(.text)
    queue_size                               0x10000999   Thumb Code    24  queue.o(.text)
    SEGGER_RTT_ReadNoLock                    0x10000afb   Thumb Code   168  segger_rtt.o(.text)
    SEGGER_RTT_Read                          0x10000ba3   Thumb Code    50  segger_rtt.o(.text)
    SEGGER_RTT_WriteWithOverwriteNoLock      0x10000bd5   Thumb Code   170  segger_rtt.o(.text)
    SEGGER_RTT_WriteSkipNoLock               0x10000c7f   Thumb Code   178  segger_rtt.o(.text)
    SEGGER_RTT_WriteNoLock                   0x10000d31   Thumb Code   170  segger_rtt.o(.text)
    SEGGER_RTT_Write                         0x10000ddb   Thumb Code    66  segger_rtt.o(.text)
    SEGGER_RTT_WriteString                   0x10000e1d   Thumb Code    26  segger_rtt.o(.text)
    SEGGER_RTT_PutCharSkipNoLock             0x10000e37   Thumb Code    50  segger_rtt.o(.text)
    SEGGER_RTT_PutCharSkip                   0x10000e69   Thumb Code    94  segger_rtt.o(.text)
    SEGGER_RTT_PutChar                       0x10000ec7   Thumb Code   108  segger_rtt.o(.text)
    SEGGER_RTT_GetKey                        0x10000f33   Thumb Code    32  segger_rtt.o(.text)
    SEGGER_RTT_WaitKey                       0x10000f53   Thumb Code    14  segger_rtt.o(.text)
    SEGGER_RTT_HasKey                        0x10000f61   Thumb Code    38  segger_rtt.o(.text)
    SEGGER_RTT_HasData                       0x10000f87   Thumb Code    22  segger_rtt.o(.text)
    SEGGER_RTT_AllocDownBuffer               0x10000f9d   Thumb Code   164  segger_rtt.o(.text)
    SEGGER_RTT_AllocUpBuffer                 0x10001041   Thumb Code   164  segger_rtt.o(.text)
    SEGGER_RTT_ConfigUpBuffer                0x100010e5   Thumb Code   142  segger_rtt.o(.text)
    SEGGER_RTT_ConfigDownBuffer              0x10001173   Thumb Code   146  segger_rtt.o(.text)
    SEGGER_RTT_SetNameUpBuffer               0x10001205   Thumb Code    80  segger_rtt.o(.text)
    SEGGER_RTT_SetNameDownBuffer             0x10001255   Thumb Code    78  segger_rtt.o(.text)
    SEGGER_RTT_SetFlagsUpBuffer              0x100012a3   Thumb Code    82  segger_rtt.o(.text)
    SEGGER_RTT_SetFlagsDownBuffer            0x100012f5   Thumb Code    80  segger_rtt.o(.text)
    SEGGER_RTT_Init                          0x10001345   Thumb Code     8  segger_rtt.o(.text)
    SEGGER_RTT_SetTerminal                   0x1000134d   Thumb Code   140  segger_rtt.o(.text)
    SEGGER_RTT_TerminalOut                   0x100013d9   Thumb Code   248  segger_rtt.o(.text)
    SEGGER_RTT_vprintf                       0x10001747   Thumb Code   536  segger_rtt_printf.o(.text)
    SEGGER_RTT_printf                        0x1000195f   Thumb Code    36  segger_rtt_printf.o(.text)
    SEGGER_RTT_hexdump                       0x10001983   Thumb Code   148  segger_rtt_printf.o(.text)
    Reset_Handler                            0x10001a1d   Thumb Code     8  startup_armcm0.o(.text)
    NMI_Handler                              0x10001a25   Thumb Code     2  startup_armcm0.o(.text)
    HardFault_Handler                        0x10001a27   Thumb Code     2  startup_armcm0.o(.text)
    SVC_Handler                              0x10001a29   Thumb Code     2  startup_armcm0.o(.text)
    PendSV_Handler                           0x10001a2b   Thumb Code     2  startup_armcm0.o(.text)
    SysTick_Handler                          0x10001a2d   Thumb Code     2  startup_armcm0.o(.text)
    CAPDET_IRQHandler                        0x10001a2f   Thumb Code     0  startup_armcm0.o(.text)
    GPADC_IRQHandler                         0x10001a2f   Thumb Code     0  startup_armcm0.o(.text)
    I2CM0_IRQHandler                         0x10001a2f   Thumb Code     0  startup_armcm0.o(.text)
    I2CM1_IRQHandler                         0x10001a2f   Thumb Code     0  startup_armcm0.o(.text)
    I2CS_IRQHandler                          0x10001a2f   Thumb Code     0  startup_armcm0.o(.text)
    I2S_IRQHandler                           0x10001a2f   Thumb Code     0  startup_armcm0.o(.text)
    INTCOMB_IRQHandler                       0x10001a2f   Thumb Code     0  startup_armcm0.o(.text)
    IR_IRQHandler                            0x10001a2f   Thumb Code     0  startup_armcm0.o(.text)
    ISO_7816_IRQHandler                      0x10001a2f   Thumb Code     0  startup_armcm0.o(.text)
    LLC2_IRQHandler                          0x10001a2f   Thumb Code     0  startup_armcm0.o(.text)
    LLC3_IRQHandler                          0x10001a2f   Thumb Code     0  startup_armcm0.o(.text)
    LLC_IRQHandler                           0x10001a2f   Thumb Code     0  startup_armcm0.o(.text)
    M2M_IRQHandler                           0x10001a2f   Thumb Code     0  startup_armcm0.o(.text)
    PDM_IRQHandler                           0x10001a2f   Thumb Code     0  startup_armcm0.o(.text)
    PWM1_IRQHandler                          0x10001a2f   Thumb Code     0  startup_armcm0.o(.text)
    PWM2_IRQHandler                          0x10001a2f   Thumb Code     0  startup_armcm0.o(.text)
    PWM3_IRQHandler                          0x10001a2f   Thumb Code     0  startup_armcm0.o(.text)
    RTC_IRQHandler                           0x10001a2f   Thumb Code     0  startup_armcm0.o(.text)
    SPIM_IRQHandler                          0x10001a2f   Thumb Code     0  startup_armcm0.o(.text)
    SPIS_IRQHandler                          0x10001a2f   Thumb Code     0  startup_armcm0.o(.text)
    SW_IRQHandler                            0x10001a2f   Thumb Code     0  startup_armcm0.o(.text)
    TIMER0_IRQHandler                        0x10001a2f   Thumb Code     0  startup_armcm0.o(.text)
    TIMER1_IRQHandler                        0x10001a2f   Thumb Code     0  startup_armcm0.o(.text)
    TIMER2_IRQHandler                        0x10001a2f   Thumb Code     0  startup_armcm0.o(.text)
    TIMER3_IRQHandler                        0x10001a2f   Thumb Code     0  startup_armcm0.o(.text)
    TIMER4_IRQHandler                        0x10001a2f   Thumb Code     0  startup_armcm0.o(.text)
    TRNG_IRQHandler                          0x10001a2f   Thumb Code     0  startup_armcm0.o(.text)
    UART2_IRQHandler                         0x10001a2f   Thumb Code     0  startup_armcm0.o(.text)
    WDT_IRQHandler                           0x10001a2f   Thumb Code     0  startup_armcm0.o(.text)
    SystemCoreClockUpdate                    0x10001a39   Thumb Code     8  system_armcm0.o(.text)
    SystemInit                               0x10001a41   Thumb Code     8  system_armcm0.o(.text)
    __aeabi_uidiv                            0x10001a51   Thumb Code     0  uidiv.o(.text)
    __aeabi_uidivmod                         0x10001a51   Thumb Code    44  uidiv.o(.text)
    __aeabi_idiv                             0x10001a7d   Thumb Code     0  idiv.o(.text)
    __aeabi_idivmod                          0x10001a7d   Thumb Code    40  idiv.o(.text)
    __aeabi_memcpy                           0x10001aa5   Thumb Code    36  memcpya.o(.text)
    __aeabi_memcpy4                          0x10001aa5   Thumb Code     0  memcpya.o(.text)
    __aeabi_memcpy8                          0x10001aa5   Thumb Code     0  memcpya.o(.text)
    strlen                                   0x10001ac9   Thumb Code    14  strlen.o(.text)
    strcpy                                   0x10001ad7   Thumb Code    18  strcpy.o(.text)
    __scatterload                            0x10001ae9   Thumb Code    28  init.o(.text)
    __scatterload_rt2                        0x10001ae9   Thumb Code     0  init.o(.text)
    __scatterload_copy                       0x10001b0d   Thumb Code    14  handlers.o(i.__scatterload_copy)
    __scatterload_null                       0x10001b1b   Thumb Code     2  handlers.o(i.__scatterload_null)
    __scatterload_zeroinit                   0x10001b1d   Thumb Code    14  handlers.o(i.__scatterload_zeroinit)
    Region$$Table$$Base                      0x10001b3c   Number         0  anon$$obj.o(Region$$Table)
    Region$$Table$$Limit                     0x10001b5c   Number         0  anon$$obj.o(Region$$Table)
    UART_CTRL                                0x20000014   Data           8  uart.o(.data)
    SystemCoreClock                          0x20000030   Data           4  system_armcm0.o(.data)
    rx_queue                                 0x20000034   Data          32  uart.o(.bss)
    rx_buf                                   0x20000054   Data        1024  uart.o(.bss)
    __initial_sp                             0x20003468   Data           0  startup_armcm0.o(STACK)
    _SEGGER_RTT                              0x20027f00   Data         168  segger_rtt.o(.ARM.__AT_0x20027F00)



==============================================================================

Memory Map of the image

  Image Entry point : 0x100000c1

  Load Region LR_IROM1 (Base: 0x10000000, Size: 0x00001b90, Max: 0x0003e000, ABSOLUTE)

    Execution Region ER_IROM1 (Base: 0x10000000, Size: 0x00001b5c, Max: 0x0003e000, ABSOLUTE)

    Base Addr    Size         Type   Attr      Idx    E Section Name        Object

    0x10000000   0x000000c0   Data   RO          368    RESET               startup_armcm0.o
    0x100000c0   0x00000000   Code   RO          399  * .ARM.Collect$$$$00000000  mc_p.l(entry.o)
    0x100000c0   0x00000004   Code   RO          449    .ARM.Collect$$$$00000001  mc_p.l(entry2.o)
    0x100000c4   0x00000004   Code   RO          452    .ARM.Collect$$$$00000004  mc_p.l(entry5.o)
    0x100000c8   0x00000000   Code   RO          454    .ARM.Collect$$$$00000008  mc_p.l(entry7b.o)
    0x100000c8   0x00000000   Code   RO          456    .ARM.Collect$$$$0000000A  mc_p.l(entry8b.o)
    0x100000c8   0x00000008   Code   RO          457    .ARM.Collect$$$$0000000B  mc_p.l(entry9a.o)
    0x100000d0   0x00000000   Code   RO          459    .ARM.Collect$$$$0000000D  mc_p.l(entry10a.o)
    0x100000d0   0x00000000   Code   RO          461    .ARM.Collect$$$$0000000F  mc_p.l(entry11a.o)
    0x100000d0   0x00000004   Code   RO          450    .ARM.Collect$$$$00002712  mc_p.l(entry2.o)
    0x100000d4   0x0000015c   Code   RO            3    .text               main.o
    0x10000230   0x00000360   Code   RO           83    .text               gpio.o
    0x10000590   0x00000038   Code   RO          114    .text               delay.o
    0x100005c8   0x00000090   Code   RO          140    .text               pad_mux_ctrl.o
    0x10000658   0x00000278   Code   RO          162    .text               uart.o
    0x100008d0   0x000000e0   Code   RO          241    .text               queue.o
    0x100009b0   0x00000b2c   Code   RO          264    .text               segger_rtt.o
    0x100014dc   0x00000540   Code   RO          298    .text               segger_rtt_printf.o
    0x10001a1c   0x0000001c   Code   RO          369    .text               startup_armcm0.o
    0x10001a38   0x00000018   Code   RO          375    .text               system_armcm0.o
    0x10001a50   0x0000002c   Code   RO          407    .text               mc_p.l(uidiv.o)
    0x10001a7c   0x00000028   Code   RO          409    .text               mc_p.l(idiv.o)
    0x10001aa4   0x00000024   Code   RO          411    .text               mc_p.l(memcpya.o)
    0x10001ac8   0x0000000e   Code   RO          413    .text               mc_p.l(strlen.o)
    0x10001ad6   0x00000012   Code   RO          417    .text               mc_p.l(strcpy.o)
    0x10001ae8   0x00000024   Code   RO          478    .text               mc_p.l(init.o)
    0x10001b0c   0x0000000e   Code   RO          492    i.__scatterload_copy  mc_p.l(handlers.o)
    0x10001b1a   0x00000002   Code   RO          493    i.__scatterload_null  mc_p.l(handlers.o)
    0x10001b1c   0x0000000e   Code   RO          494    i.__scatterload_zeroinit  mc_p.l(handlers.o)
    0x10001b2a   0x00000010   Data   RO          299    .constdata          segger_rtt_printf.o
    0x10001b3a   0x00000002   PAD
    0x10001b3c   0x00000020   Data   RO          490    Region$$Table       anon$$obj.o


    Execution Region RW_IRAM1 (Base: 0x20000000, Size: 0x00027fa8, Max: 0x00028000, ABSOLUTE)

    Base Addr    Size         Type   Attr      Idx    E Section Name        Object

    0x20000000   0x0000000c   Data   RW           84    .data               gpio.o
    0x2000000c   0x00000008   Data   RW          141    .data               pad_mux_ctrl.o
    0x20000014   0x00000008   Data   RW          164    .data               uart.o
    0x2000001c   0x00000011   Data   RW          267    .data               segger_rtt.o
    0x2000002d   0x00000003   PAD
    0x20000030   0x00000004   Data   RW          376    .data               system_armcm0.o
    0x20000034   0x00000420   Zero   RW          163    .bss                uart.o
    0x20000454   0x00002010   Zero   RW          266    .bss                segger_rtt.o
    0x20002464   0x00000004   PAD
    0x20002468   0x00001000   Zero   RW          366    STACK               startup_armcm0.o
    0x20003468   0x00024a98   PAD
    0x20027f00   0x000000a8   Zero   RW          265    .ARM.__AT_0x20027F00  segger_rtt.o


==============================================================================

Image component sizes


      Code (inc. data)   RO Data    RW Data    ZI Data      Debug   Object Name

         0          0          0          0          0        556   debug.o
        56          0          0          0          0      35296   delay.o
       864         16          0         12          0      46361   gpio.o
       348         78          0          0          0       5139   main.o
       144          4          0          8          0       1885   pad_mux_ctrl.o
       224          0          0          0          0       2423   queue.o
      2860         56          0         17       8376      16111   segger_rtt.o
      1344         30         16          0          0       4842   segger_rtt_printf.o
        28          8        192          0       4096        684   startup_armcm0.o
        24          8          0          4          0        909   system_armcm0.o
       632         24          0          8       1056      11147   uart.o

    ----------------------------------------------------------------------
      6524        224        242         52     163700     125353   Object Totals
         0          0         32          0          0          0   (incl. Generated)
         0          0          2          3     150172          0   (incl. Padding)

    ----------------------------------------------------------------------

      Code (inc. data)   RO Data    RW Data    ZI Data      Debug   Library Member Name

         0          0          0          0          0          0   entry.o
         0          0          0          0          0          0   entry10a.o
         0          0          0          0          0          0   entry11a.o
         8          4          0          0          0          0   entry2.o
         4          0          0          0          0          0   entry5.o
         0          0          0          0          0          0   entry7b.o
         0          0          0          0          0          0   entry8b.o
         8          4          0          0          0          0   entry9a.o
        30          0          0          0          0          0   handlers.o
        40          0          0          0          0         72   idiv.o
        36          8          0          0          0         68   init.o
        36          0          0          0          0         60   memcpya.o
        18          0          0          0          0         60   strcpy.o
        14          0          0          0          0         60   strlen.o
        44          0          0          0          0         72   uidiv.o

    ----------------------------------------------------------------------
       238         16          0          0          0        392   Library Totals
         0          0          0          0          0          0   (incl. Padding)

    ----------------------------------------------------------------------

      Code (inc. data)   RO Data    RW Data    ZI Data      Debug   Library Name

       238         16          0          0          0        392   mc_p.l

    ----------------------------------------------------------------------
       238         16          0          0          0        392   Library Totals

    ----------------------------------------------------------------------

==============================================================================


      Code (inc. data)   RO Data    RW Data    ZI Data      Debug   

      6762        240        242         52     163700     125325   Grand Totals
      6762        240        242         52     163700     125325   ELF Image Totals
      6762        240        242         52          0          0   ROM Totals

==============================================================================

    Total RO  Size (Code + RO Data)                 7004 (   6.84kB)
    Total RW  Size (RW Data + ZI Data)            163752 ( 159.91kB)
    Total ROM Size (Code + RO Data + RW Data)       7056 (   6.89kB)

==============================================================================

