Component: ARM Compiler 5.06 (build 20) Tool: armlink [4d35a3]

==============================================================================

Section Cross References

    main.o(.text) refers to pad_mux_ctrl.o(.text) for pad_mux_write
    main.o(.text) refers to gpio.o(.text) for gpo_config
    main.o(.text) refers to uart.o(.text) for uart_0_init
    main.o(.text) refers to spi.o(.text) for spi_set_speed
    main.o(.text) refers to memseta.o(.text) for __aeabi_memclr4
    main.o(.text) refers to main.o(.text) for gap_s_ble_init
    main.o(.text) refers to debug.o(.text) for dbg_printf
    main.o(.text) refers to flash.o(.text) for SPI_Flash_ReadID
    main.o(.text) refers to delay.o(.text) for delay_ms
    flash.o(.text) refers to pad_mux_ctrl.o(.text) for pad_mux_write
    flash.o(.text) refers to gpio.o(.text) for gpo_config
    flash.o(.text) refers to spi.o(.text) for spim_enable
    flash.o(.text) refers to memseta.o(.text) for __aeabi_memclr4
    flash.o(.text) refers to memcpya.o(.text) for __aeabi_memcpy
    flash.o(.text) refers to flash.o(.bss) for SPI_FLASH_BUF
    gpio.o(.text) refers to gpio.o(.data) for gpio_callback
    pad_mux_ctrl.o(.text) refers to pad_mux_ctrl.o(.data) for pad
    uart.o(.text) refers to queue.o(.text) for queue_init
    uart.o(.text) refers to uart.o(.data) for UART_CTRL
    uart.o(.text) refers to uart.o(.bss) for rx_buf
    debug.o(.text) refers to printfa.o(i.__0vsprintf) for __c89vsprintf
    debug.o(.text) refers to debug.o(.data) for UART_CTRL
    debug.o(.text) refers to debug.o(.bss) for s_formatBuffer
    queue.o(.text) refers to memcpya.o(.text) for __aeabi_memcpy
    spi.o(.text) refers to debug.o(.text) for dbg_printf_sel
    spi.o(.text) refers to spi.o(.data) for spi_irq_cb
    startup_armcm0.o(RESET) refers to startup_armcm0.o(STACK) for __initial_sp
    startup_armcm0.o(RESET) refers to startup_armcm0.o(.text) for Reset_Handler
    startup_armcm0.o(RESET) refers to gpio.o(.text) for GPIO_IRQHandler
    startup_armcm0.o(RESET) refers to rom.o(.text) for LLC_IRQHandler
    startup_armcm0.o(RESET) refers to spi.o(.text) for SPIM_IRQHandler
    startup_armcm0.o(RESET) refers to uart.o(.text) for UART0_IRQHandler
    startup_armcm0.o(.text) refers to system_armcm0.o(.text) for SystemInit
    startup_armcm0.o(.text) refers to entry.o(.ARM.Collect$$$$00000000) for __main
    system_armcm0.o(.text) refers to system_armcm0.o(.data) for SystemCoreClock
    main.o(.text) refers to rom.o(.text) for _rom_init
    main.o(.text) refers to memcpya.o(.text) for __aeabi_memcpy
    main.o(.text) refers to uidiv.o(.text) for __aeabi_uidivmod
    main.o(.text) refers to dfltui.o(.text) for __aeabi_ui2d
    main.o(.text) refers to dmul.o(.text) for __aeabi_dmul
    main.o(.text) refers to dfixui.o(.text) for __aeabi_d2uiz
    main.o(.text) refers to idiv.o(.text) for __aeabi_idivmod
    main.o(.text) refers to main.o(.bss) for .bss
    main.o(.text) refers to rom.o(.data) for txpdu
    main.o(.text) refers to memseta.o(.text) for __aeabi_memclr
    main.o(.text) refers to uread4.o(.text) for __aeabi_uread4
    main.o(.text) refers to uwrite4.o(.text) for __aeabi_uwrite4
    main.o(.text) refers to main.o(.data) for .data
    main.o(.text) refers to dflti.o(.text) for __aeabi_i2d
    main.o(.text) refers to dadd.o(.text) for __aeabi_dadd
    main.o(.text) refers to ffltui.o(.text) for __aeabi_ui2f
    main.o(.text) refers to fadd.o(.text) for __aeabi_fadd
    main.o(.text) refers to f2d.o(.text) for __aeabi_f2d
    main.o(.text) refers to ddiv.o(.text) for __aeabi_ddiv
    rom.o(.text) refers to memcpya.o(.text) for __aeabi_memcpy
    rom.o(.text) refers to memcmp.o(.text) for memcmp
    rom.o(.text) refers to uread4.o(.text) for __aeabi_uread4
    rom.o(.text) refers to uidiv.o(.text) for __aeabi_uidivmod
    rom.o(.text) refers to rom.o(.data) for .data
    rom.o(.text) refers to memseta.o(.text) for __aeabi_memclr
    rom.o(.text) refers to rom.o(.constdata) for .constdata
    rom.o(.text) refers to main.o(.text) for smart_update_latency_updatareq
    rom.o(.text) refers to rom.o(.bss) for .bss
    entry.o(.ARM.Collect$$$$00000000) refers (Special) to entry10a.o(.ARM.Collect$$$$0000000D) for __rt_final_cpp
    entry.o(.ARM.Collect$$$$00000000) refers (Special) to entry11a.o(.ARM.Collect$$$$0000000F) for __rt_final_exit
    entry.o(.ARM.Collect$$$$00000000) refers (Special) to entry7b.o(.ARM.Collect$$$$00000008) for _main_clock
    entry.o(.ARM.Collect$$$$00000000) refers (Special) to entry8b.o(.ARM.Collect$$$$0000000A) for _main_cpp_init
    entry.o(.ARM.Collect$$$$00000000) refers (Special) to entry9a.o(.ARM.Collect$$$$0000000B) for _main_init
    entry.o(.ARM.Collect$$$$00000000) refers (Special) to entry5.o(.ARM.Collect$$$$00000004) for _main_scatterload
    entry.o(.ARM.Collect$$$$00000000) refers (Special) to entry2.o(.ARM.Collect$$$$00000001) for _main_stk
    idiv.o(.text) refers to uidiv.o(.text) for __aeabi_uidivmod
    printfa.o(i.__0fprintf) refers (Special) to iusefp.o(.text) for __I$use$fp
    printfa.o(i.__0fprintf) refers to printfa.o(i._printf_core) for _printf_core
    printfa.o(i.__0fprintf) refers to fputc.o(i.fputc) for fputc
    printfa.o(i.__0printf) refers (Special) to iusefp.o(.text) for __I$use$fp
    printfa.o(i.__0printf) refers to printfa.o(i._printf_core) for _printf_core
    printfa.o(i.__0printf) refers to fputc.o(i.fputc) for fputc
    printfa.o(i.__0printf) refers to stdout.o(.data) for __stdout
    printfa.o(i.__0snprintf) refers (Special) to iusefp.o(.text) for __I$use$fp
    printfa.o(i.__0snprintf) refers to printfa.o(i._printf_core) for _printf_core
    printfa.o(i.__0snprintf) refers to printfa.o(i._snputc) for _snputc
    printfa.o(i.__0sprintf) refers (Special) to iusefp.o(.text) for __I$use$fp
    printfa.o(i.__0sprintf) refers to printfa.o(i._printf_core) for _printf_core
    printfa.o(i.__0sprintf) refers to printfa.o(i._sputc) for _sputc
    printfa.o(i.__0vfprintf) refers (Special) to iusefp.o(.text) for __I$use$fp
    printfa.o(i.__0vfprintf) refers to printfa.o(i._printf_core) for _printf_core
    printfa.o(i.__0vfprintf) refers to fputc.o(i.fputc) for fputc
    printfa.o(i.__0vprintf) refers (Special) to iusefp.o(.text) for __I$use$fp
    printfa.o(i.__0vprintf) refers to printfa.o(i._printf_core) for _printf_core
    printfa.o(i.__0vprintf) refers to fputc.o(i.fputc) for fputc
    printfa.o(i.__0vprintf) refers to stdout.o(.data) for __stdout
    printfa.o(i.__0vsnprintf) refers (Special) to iusefp.o(.text) for __I$use$fp
    printfa.o(i.__0vsnprintf) refers to printfa.o(i._printf_core) for _printf_core
    printfa.o(i.__0vsnprintf) refers to printfa.o(i._snputc) for _snputc
    printfa.o(i.__0vsprintf) refers (Special) to iusefp.o(.text) for __I$use$fp
    printfa.o(i.__0vsprintf) refers to printfa.o(i._printf_core) for _printf_core
    printfa.o(i.__0vsprintf) refers to printfa.o(i._sputc) for _sputc
    printfa.o(i._fp_digits) refers (Special) to iusefp.o(.text) for __I$use$fp
    printfa.o(i._fp_digits) refers to dmul.o(.text) for __aeabi_dmul
    printfa.o(i._fp_digits) refers to ddiv.o(.text) for __aeabi_ddiv
    printfa.o(i._fp_digits) refers to cdrcmple.o(.text) for __aeabi_cdrcmple
    printfa.o(i._fp_digits) refers to dadd.o(.text) for __aeabi_dadd
    printfa.o(i._fp_digits) refers to dfixul.o(.text) for __aeabi_d2ulz
    printfa.o(i._fp_digits) refers to uldiv.o(.text) for __aeabi_uldivmod
    printfa.o(i._printf_core) refers (Special) to iusefp.o(.text) for __I$use$fp
    printfa.o(i._printf_core) refers to printfa.o(i._printf_pre_padding) for _printf_pre_padding
    printfa.o(i._printf_core) refers to uldiv.o(.text) for __aeabi_uldivmod
    printfa.o(i._printf_core) refers to printfa.o(i._printf_post_padding) for _printf_post_padding
    printfa.o(i._printf_core) refers to printfa.o(i._fp_digits) for _fp_digits
    printfa.o(i._printf_core) refers to uidiv.o(.text) for __aeabi_uidivmod
    printfa.o(i._printf_post_padding) refers (Special) to iusefp.o(.text) for __I$use$fp
    printfa.o(i._printf_pre_padding) refers (Special) to iusefp.o(.text) for __I$use$fp
    printfa.o(i._snputc) refers (Special) to iusefp.o(.text) for __I$use$fp
    printfa.o(i._sputc) refers (Special) to iusefp.o(.text) for __I$use$fp
    fadd.o(.text) refers (Special) to iusefp.o(.text) for __I$use$fp
    fadd.o(.text) refers to fepilogue.o(.text) for _float_epilogue
    dadd.o(.text) refers (Special) to iusefp.o(.text) for __I$use$fp
    dadd.o(.text) refers to llshl.o(.text) for __aeabi_llsl
    dadd.o(.text) refers to llsshr.o(.text) for __aeabi_lasr
    dadd.o(.text) refers to depilogue.o(.text) for _double_epilogue
    dmul.o(.text) refers (Special) to iusefp.o(.text) for __I$use$fp
    dmul.o(.text) refers to depilogue.o(.text) for _double_epilogue
    ddiv.o(.text) refers (Special) to iusefp.o(.text) for __I$use$fp
    ddiv.o(.text) refers to depilogue.o(.text) for _double_round
    ffltui.o(.text) refers (Special) to iusefp.o(.text) for __I$use$fp
    ffltui.o(.text) refers to fepilogue.o(.text) for _float_epilogue
    dflti.o(.text) refers (Special) to iusefp.o(.text) for __I$use$fp
    dflti.o(.text) refers to depilogue.o(.text) for _double_epilogue
    dfltui.o(.text) refers (Special) to iusefp.o(.text) for __I$use$fp
    dfltui.o(.text) refers to depilogue.o(.text) for _double_epilogue
    dfixui.o(.text) refers (Special) to iusefp.o(.text) for __I$use$fp
    dfixui.o(.text) refers to llushr.o(.text) for __aeabi_llsr
    f2d.o(.text) refers (Special) to iusefp.o(.text) for __I$use$fp
    entry2.o(.ARM.Collect$$$$00000001) refers to entry2.o(.ARM.Collect$$$$00002712) for __lit__00000000
    entry2.o(.ARM.Collect$$$$00002712) refers to startup_armcm0.o(STACK) for __initial_sp
    entry2.o(__vectab_stack_and_reset_area) refers to startup_armcm0.o(STACK) for __initial_sp
    entry2.o(__vectab_stack_and_reset_area) refers to entry.o(.ARM.Collect$$$$00000000) for __main
    entry5.o(.ARM.Collect$$$$00000004) refers to init.o(.text) for __scatterload
    entry9a.o(.ARM.Collect$$$$0000000B) refers to main.o(.text) for main
    entry9b.o(.ARM.Collect$$$$0000000C) refers to main.o(.text) for main
    fputc.o(i.fputc) refers (Special) to iusesemip.o(.text) for __I$use$semihosting$fputc
    fputc.o(i.fputc) refers (Special) to semi.o(.text) for __semihosting_library_function
    uldiv.o(.text) refers to llushr.o(.text) for __aeabi_llsr
    uldiv.o(.text) refers to llshl.o(.text) for __aeabi_llsl
    depilogue.o(.text) refers to depilogue.o(i.__ARM_clz) for __ARM_clz
    depilogue.o(.text) refers to llshl.o(.text) for __aeabi_llsl
    depilogue.o(.text) refers to llushr.o(.text) for __aeabi_llsr
    dfixul.o(.text) refers to llushr.o(.text) for __aeabi_llsr
    dfixul.o(.text) refers to llshl.o(.text) for __aeabi_llsl
    init.o(.text) refers to entry5.o(.ARM.Collect$$$$00000004) for __main_after_scatterload


==============================================================================

Removing Unused input sections from the image.

    Removing main.o(.rev16_text), (4 bytes).
    Removing main.o(.revsh_text), (4 bytes).
    Removing flash.o(.rev16_text), (4 bytes).
    Removing flash.o(.revsh_text), (4 bytes).
    Removing gpio.o(.rev16_text), (4 bytes).
    Removing gpio.o(.revsh_text), (4 bytes).
    Removing delay.o(.rev16_text), (4 bytes).
    Removing delay.o(.revsh_text), (4 bytes).
    Removing pad_mux_ctrl.o(.rev16_text), (4 bytes).
    Removing pad_mux_ctrl.o(.revsh_text), (4 bytes).
    Removing uart.o(.rev16_text), (4 bytes).
    Removing uart.o(.revsh_text), (4 bytes).
    Removing debug.o(.rev16_text), (4 bytes).
    Removing debug.o(.revsh_text), (4 bytes).
    Removing queue.o(.rev16_text), (4 bytes).
    Removing queue.o(.revsh_text), (4 bytes).
    Removing spi.o(.rev16_text), (4 bytes).
    Removing spi.o(.revsh_text), (4 bytes).
    Removing startup_armcm0.o(HEAP), (16384 bytes).
    Removing system_armcm0.o(.rev16_text), (4 bytes).
    Removing system_armcm0.o(.revsh_text), (4 bytes).
    Removing main.o(.rev16_text), (4 bytes).
    Removing main.o(.revsh_text), (4 bytes).
    Removing rom.o(.rev16_text), (4 bytes).
    Removing rom.o(.revsh_text), (4 bytes).

25 unused section(s) (total 16480 bytes) removed from the image.

==============================================================================

Image Symbol Table

    Local Symbols

    Symbol Name                              Value     Ov Type        Size  Object(Section)

    ../clib/microlib/division.c              0x00000000   Number         0  uldiv.o ABSOLUTE
    ../clib/microlib/division.c              0x00000000   Number         0  idiv.o ABSOLUTE
    ../clib/microlib/division.c              0x00000000   Number         0  uidiv.o ABSOLUTE
    ../clib/microlib/init/entry.s            0x00000000   Number         0  entry9a.o ABSOLUTE
    ../clib/microlib/init/entry.s            0x00000000   Number         0  entry11b.o ABSOLUTE
    ../clib/microlib/init/entry.s            0x00000000   Number         0  entry9b.o ABSOLUTE
    ../clib/microlib/init/entry.s            0x00000000   Number         0  entry11a.o ABSOLUTE
    ../clib/microlib/init/entry.s            0x00000000   Number         0  entry2.o ABSOLUTE
    ../clib/microlib/init/entry.s            0x00000000   Number         0  entry10b.o ABSOLUTE
    ../clib/microlib/init/entry.s            0x00000000   Number         0  entry.o ABSOLUTE
    ../clib/microlib/init/entry.s            0x00000000   Number         0  entry5.o ABSOLUTE
    ../clib/microlib/init/entry.s            0x00000000   Number         0  entry7a.o ABSOLUTE
    ../clib/microlib/init/entry.s            0x00000000   Number         0  entry10a.o ABSOLUTE
    ../clib/microlib/init/entry.s            0x00000000   Number         0  entry7b.o ABSOLUTE
    ../clib/microlib/init/entry.s            0x00000000   Number         0  entry8a.o ABSOLUTE
    ../clib/microlib/init/entry.s            0x00000000   Number         0  entry8b.o ABSOLUTE
    ../clib/microlib/longlong.c              0x00000000   Number         0  llsshr.o ABSOLUTE
    ../clib/microlib/longlong.c              0x00000000   Number         0  llshl.o ABSOLUTE
    ../clib/microlib/longlong.c              0x00000000   Number         0  llushr.o ABSOLUTE
    ../clib/microlib/printf/printf.c         0x00000000   Number         0  printfa.o ABSOLUTE
    ../clib/microlib/stdio/fputc.c           0x00000000   Number         0  fputc.o ABSOLUTE
    ../clib/microlib/stdio/semi.s            0x00000000   Number         0  semi.o ABSOLUTE
    ../clib/microlib/stdio/streams.c         0x00000000   Number         0  stdout.o ABSOLUTE
    ../clib/microlib/string/memcmp.c         0x00000000   Number         0  memcmp.o ABSOLUTE
    ../clib/microlib/string/memcpy.c         0x00000000   Number         0  memcpya.o ABSOLUTE
    ../clib/microlib/string/memcpy.c         0x00000000   Number         0  memcpyb.o ABSOLUTE
    ../clib/microlib/string/memset.c         0x00000000   Number         0  memseta.o ABSOLUTE
    ../clib/microlib/stubs.s                 0x00000000   Number         0  iusesemip.o ABSOLUTE
    ../clib/microlib/stubs.s                 0x00000000   Number         0  iusefp.o ABSOLUTE
    ../clib/microlib/unhosted.c              0x00000000   Number         0  uwrite4.o ABSOLUTE
    ../clib/microlib/unhosted.c              0x00000000   Number         0  uread4.o ABSOLUTE
    ../fplib/microlib/f2d.c                  0x00000000   Number         0  f2d.o ABSOLUTE
    ../fplib/microlib/fpadd.c                0x00000000   Number         0  dadd.o ABSOLUTE
    ../fplib/microlib/fpadd.c                0x00000000   Number         0  fadd.o ABSOLUTE
    ../fplib/microlib/fpdiv.c                0x00000000   Number         0  ddiv.o ABSOLUTE
    ../fplib/microlib/fpepilogue.c           0x00000000   Number         0  depilogue.o ABSOLUTE
    ../fplib/microlib/fpepilogue.c           0x00000000   Number         0  fepilogue.o ABSOLUTE
    ../fplib/microlib/fpfix.c                0x00000000   Number         0  dfixui.o ABSOLUTE
    ../fplib/microlib/fpfix.c                0x00000000   Number         0  dfixul.o ABSOLUTE
    ../fplib/microlib/fpflt.c                0x00000000   Number         0  dfltui.o ABSOLUTE
    ../fplib/microlib/fpflt.c                0x00000000   Number         0  dflti.o ABSOLUTE
    ../fplib/microlib/fpflt.c                0x00000000   Number         0  ffltui.o ABSOLUTE
    ../fplib/microlib/fpmul.c                0x00000000   Number         0  dmul.o ABSOLUTE
    ..\..\..\Source\debug.c                  0x00000000   Number         0  debug.o ABSOLUTE
    ..\..\..\Source\delay.c                  0x00000000   Number         0  delay.o ABSOLUTE
    ..\..\..\Source\gpio.c                   0x00000000   Number         0  gpio.o ABSOLUTE
    ..\..\..\Source\pad_mux_ctrl.c           0x00000000   Number         0  pad_mux_ctrl.o ABSOLUTE
    ..\..\..\Source\queue.c                  0x00000000   Number         0  queue.o ABSOLUTE
    ..\..\..\Source\spi.c                    0x00000000   Number         0  spi.o ABSOLUTE
    ..\..\..\Source\uart.c                   0x00000000   Number         0  uart.o ABSOLUTE
    ..\\..\\..\\Source\\debug.c              0x00000000   Number         0  debug.o ABSOLUTE
    ..\\..\\..\\Source\\delay.c              0x00000000   Number         0  delay.o ABSOLUTE
    ..\\..\\..\\Source\\gpio.c               0x00000000   Number         0  gpio.o ABSOLUTE
    ..\\..\\..\\Source\\pad_mux_ctrl.c       0x00000000   Number         0  pad_mux_ctrl.o ABSOLUTE
    ..\\..\\..\\Source\\queue.c              0x00000000   Number         0  queue.o ABSOLUTE
    ..\\..\\..\\Source\\spi.c                0x00000000   Number         0  spi.o ABSOLUTE
    ..\\..\\..\\Source\\uart.c               0x00000000   Number         0  uart.o ABSOLUTE
    ..\\flash.c                              0x00000000   Number         0  flash.o ABSOLUTE
    ..\\main.c                               0x00000000   Number         0  main.o ABSOLUTE
    ..\flash.c                               0x00000000   Number         0  flash.o ABSOLUTE
    ..\main.c                                0x00000000   Number         0  main.o ABSOLUTE
    Main\\main.c                             0x00000000   Number         0  main.o ABSOLUTE
    Main\\rom.c                              0x00000000   Number         0  rom.o ABSOLUTE
    Main\main.c                              0x00000000   Number         0  main.o ABSOLUTE
    Main\rom.c                               0x00000000   Number         0  rom.o ABSOLUTE
    RTE\Device\ARMCM0\startup_ARMCM0.s       0x00000000   Number         0  startup_armcm0.o ABSOLUTE
    RTE\Device\ARMCM0\system_ARMCM0.c        0x00000000   Number         0  system_armcm0.o ABSOLUTE
    RTE\\Device\\ARMCM0\\system_ARMCM0.c     0x00000000   Number         0  system_armcm0.o ABSOLUTE
    cdrcmple.s                               0x00000000   Number         0  cdrcmple.o ABSOLUTE
    dc.s                                     0x00000000   Number         0  dc.o ABSOLUTE
    handlers.s                               0x00000000   Number         0  handlers.o ABSOLUTE
    init.s                                   0x00000000   Number         0  init.o ABSOLUTE
    RESET                                    0x10000000   Section      192  startup_armcm0.o(RESET)
    .ARM.Collect$$$$00000000                 0x100000c0   Section        0  entry.o(.ARM.Collect$$$$00000000)
    .ARM.Collect$$$$00000001                 0x100000c0   Section        4  entry2.o(.ARM.Collect$$$$00000001)
    .ARM.Collect$$$$00000004                 0x100000c4   Section        4  entry5.o(.ARM.Collect$$$$00000004)
    .ARM.Collect$$$$00000008                 0x100000c8   Section        0  entry7b.o(.ARM.Collect$$$$00000008)
    .ARM.Collect$$$$0000000A                 0x100000c8   Section        0  entry8b.o(.ARM.Collect$$$$0000000A)
    .ARM.Collect$$$$0000000B                 0x100000c8   Section        8  entry9a.o(.ARM.Collect$$$$0000000B)
    .ARM.Collect$$$$0000000D                 0x100000d0   Section        0  entry10a.o(.ARM.Collect$$$$0000000D)
    .ARM.Collect$$$$0000000F                 0x100000d0   Section        0  entry11a.o(.ARM.Collect$$$$0000000F)
    .ARM.Collect$$$$00002712                 0x100000d0   Section        4  entry2.o(.ARM.Collect$$$$00002712)
    __lit__00000000                          0x100000d0   Data           4  entry2.o(.ARM.Collect$$$$00002712)
    .text                                    0x100000d4   Section        0  main.o(.text)
    .text                                    0x10000388   Section        0  flash.o(.text)
    .text                                    0x1000071c   Section        0  gpio.o(.text)
    .text                                    0x10000a7c   Section        0  delay.o(.text)
    .text                                    0x10000ab4   Section        0  pad_mux_ctrl.o(.text)
    .text                                    0x10000b44   Section        0  uart.o(.text)
    __NVIC_DisableIRQ                        0x10000b45   Thumb Code    50  uart.o(.text)
    __NVIC_EnableIRQ                         0x10000d91   Thumb Code    20  uart.o(.text)
    .text                                    0x10000dbc   Section        0  debug.o(.text)
    debug_uart_0_init                        0x10000dbd   Thumb Code   204  debug.o(.text)
    debug_uart_write                         0x10000e89   Thumb Code    80  debug.o(.text)
    .text                                    0x10000ff0   Section        0  queue.o(.text)
    .text                                    0x100010d0   Section        0  spi.o(.text)
    __NVIC_DisableIRQ                        0x100010d1   Thumb Code    50  spi.o(.text)
    __NVIC_EnableIRQ                         0x100013ab   Thumb Code    20  spi.o(.text)
    .text                                    0x100013f0   Section       28  startup_armcm0.o(.text)
    .text                                    0x1000140c   Section        0  system_armcm0.o(.text)
    .text                                    0x10001424   Section        0  main.o(.text)
    update_profile_data                      0x10001afb   Thumb Code    84  main.o(.text)
    .text                                    0x10002334   Section        0  rom.o(.text)
    AttReadByGroupTypeRsp                    0x10002a27   Thumb Code   258  rom.o(.text)
    AttReadByTypeServiceRsp                  0x10002b29   Thumb Code   276  rom.o(.text)
    AttReadByTypeChartRsp                    0x10002c3d   Thumb Code   270  rom.o(.text)
    AttReadByTypeReq                         0x10002d4b   Thumb Code   118  rom.o(.text)
    LLENCReq                                 0x10002ed3   Thumb Code   490  rom.o(.text)
    LLTxStartENCRsp                          0x100030bd   Thumb Code   386  rom.o(.text)
    _LCRxPkt_Handler                         0x100036b5   Thumb Code   540  rom.o(.text)
    _LCConnEvt_Handler                       0x10003ac1   Thumb Code    68  rom.o(.text)
    .text                                    0x10003b38   Section        0  uidiv.o(.text)
    .text                                    0x10003b64   Section        0  idiv.o(.text)
    .text                                    0x10003b8c   Section        0  memcpya.o(.text)
    .text                                    0x10003bb0   Section        0  memseta.o(.text)
    .text                                    0x10003bd4   Section        0  memcmp.o(.text)
    .text                                    0x10003bee   Section        0  uread4.o(.text)
    .text                                    0x10003c02   Section        0  uwrite4.o(.text)
    .text                                    0x10003c14   Section        0  fadd.o(.text)
    .text                                    0x10003cc8   Section        0  dadd.o(.text)
    .text                                    0x10003e2c   Section        0  dmul.o(.text)
    .text                                    0x10003efc   Section        0  ddiv.o(.text)
    .text                                    0x10003fec   Section        0  ffltui.o(.text)
    .text                                    0x10003ffc   Section        0  dflti.o(.text)
    .text                                    0x10004024   Section        0  dfltui.o(.text)
    .text                                    0x10004040   Section        0  dfixui.o(.text)
    .text                                    0x1000407c   Section        0  f2d.o(.text)
    .text                                    0x100040a4   Section        0  uldiv.o(.text)
    .text                                    0x10004104   Section        0  llshl.o(.text)
    .text                                    0x10004124   Section        0  llushr.o(.text)
    .text                                    0x10004146   Section        0  llsshr.o(.text)
    .text                                    0x1000416c   Section        0  iusefp.o(.text)
    .text                                    0x1000416c   Section        0  fepilogue.o(.text)
    .text                                    0x100041ee   Section        0  depilogue.o(.text)
    .text                                    0x100042ac   Section        0  dfixul.o(.text)
    .text                                    0x100042ec   Section       40  cdrcmple.o(.text)
    .text                                    0x10004314   Section       36  init.o(.text)
    i.__0vsprintf                            0x10004338   Section        0  printfa.o(i.__0vsprintf)
    i.__ARM_clz                              0x1000435c   Section        0  depilogue.o(i.__ARM_clz)
    i.__scatterload_copy                     0x1000438a   Section       14  handlers.o(i.__scatterload_copy)
    i.__scatterload_null                     0x10004398   Section        2  handlers.o(i.__scatterload_null)
    i.__scatterload_zeroinit                 0x1000439a   Section       14  handlers.o(i.__scatterload_zeroinit)
    i._fp_digits                             0x100043a8   Section        0  printfa.o(i._fp_digits)
    _fp_digits                               0x100043a9   Thumb Code   316  printfa.o(i._fp_digits)
    i._printf_core                           0x10004500   Section        0  printfa.o(i._printf_core)
    _printf_core                             0x10004501   Thumb Code  1754  printfa.o(i._printf_core)
    i._printf_post_padding                   0x10004bec   Section        0  printfa.o(i._printf_post_padding)
    _printf_post_padding                     0x10004bed   Thumb Code    32  printfa.o(i._printf_post_padding)
    i._printf_pre_padding                    0x10004c0c   Section        0  printfa.o(i._printf_pre_padding)
    _printf_pre_padding                      0x10004c0d   Thumb Code    44  printfa.o(i._printf_pre_padding)
    i._sputc                                 0x10004c38   Section        0  printfa.o(i._sputc)
    _sputc                                   0x10004c39   Thumb Code    10  printfa.o(i._sputc)
    .constdata                               0x10004c42   Section       50  rom.o(.constdata)
    _smp_key_                                0x10004c42   Data          25  rom.o(.constdata)
    _smp_sc_key_                             0x10004c5b   Data          25  rom.o(.constdata)
    .data                                    0x20000000   Section       12  gpio.o(.data)
    GPIO_CTRL                                0x20000000   Data           8  gpio.o(.data)
    gpio_callback                            0x20000008   Data           4  gpio.o(.data)
    .data                                    0x2000000c   Section        8  pad_mux_ctrl.o(.data)
    pad                                      0x2000000c   Data           8  pad_mux_ctrl.o(.data)
    .data                                    0x20000014   Section        8  uart.o(.data)
    .data                                    0x2000001c   Section        8  debug.o(.data)
    UART_CTRL                                0x2000001c   Data           8  debug.o(.data)
    .data                                    0x20000024   Section        8  spi.o(.data)
    spi_irq_cb                               0x20000024   Data           8  spi.o(.data)
    .data                                    0x2000002c   Section        4  system_armcm0.o(.data)
    .data                                    0x20000030   Section       16  main.o(.data)
    syd_confirm                              0x20000030   Data           1  main.o(.data)
    sched_execute_mask                       0x20000031   Data           1  main.o(.data)
    profile_to_flash                         0x20000032   Data           1  main.o(.data)
    profile_update_offset                    0x20000034   Data           2  main.o(.data)
    p_sched_callback                         0x20000038   Data           4  main.o(.data)
    .data                                    0x20000040   Section       48  rom.o(.data)
    NumericYesOrNo                           0x20000040   Data           1  rom.o(.data)
    coex_evt_mask_sleep                      0x20000043   Data           1  rom.o(.data)
    BB_CTRL                                  0x20000044   Data           4  rom.o(.data)
    passkey_cnt                              0x20000054   Data           4  rom.o(.data)
    passkey_value                            0x20000058   Data           4  rom.o(.data)
    save_device_to_flash                     0x2000005c   Data           4  rom.o(.data)
    IRQCallbackHook                          0x20000060   Data           4  rom.o(.data)
    IRQCallbackSkip                          0x20000064   Data           4  rom.o(.data)
    HCIDTM                                   0x20000068   Data           4  rom.o(.data)
    ACLTx                                    0x2000006c   Data           4  rom.o(.data)
    .bss                                     0x20000070   Section     4096  flash.o(.bss)
    .bss                                     0x20001070   Section     1056  uart.o(.bss)
    .bss                                     0x20001490   Section      128  debug.o(.bss)
    s_formatBuffer                           0x20001490   Data         128  debug.o(.bss)
    .bss                                     0x20001510   Section     4313  main.o(.bss)
    flash_hdr                                0x20001510   Data          53  main.o(.bss)
    code_hdr                                 0x20001545   Data          87  main.o(.bss)
    profile                                  0x2000159c   Data        4096  main.o(.bss)
    confirmation_list                        0x2000259c   Data          62  main.o(.bss)
    .bss                                     0x200025ec   Section      260  rom.o(.bss)
    STACK                                    0x200026f0   Section     4096  startup_armcm0.o(STACK)

    Global Symbols

    Symbol Name                              Value     Ov Type        Size  Object(Section)

    BuildAttributes$$THM_ISAv3M$S$PE$A:L22$X:L11$S22$IEEE1$IW$USESV6$~STKCKD$USESV7$~SHL$OTIME$ROPI$EBA8$MICROLIB$REQ8$PRES8$EABIv2 0x00000000   Number         0  anon$$obj.o ABSOLUTE
    __ARM_use_no_argv                        0x00000000   Number         0  main.o ABSOLUTE
    __cpp_initialize__aeabi_                  - Undefined Weak Reference
    __cxa_finalize                            - Undefined Weak Reference
    __decompress                              - Undefined Weak Reference
    _clock_init                               - Undefined Weak Reference
    _microlib_exit                            - Undefined Weak Reference
    __Vectors_Size                           0x000000c0   Number         0  startup_armcm0.o ABSOLUTE
    __Vectors                                0x10000000   Data           4  startup_armcm0.o(RESET)
    __Vectors_End                            0x100000c0   Data           0  startup_armcm0.o(RESET)
    __main                                   0x100000c1   Thumb Code     0  entry.o(.ARM.Collect$$$$00000000)
    _main_stk                                0x100000c1   Thumb Code     0  entry2.o(.ARM.Collect$$$$00000001)
    _main_scatterload                        0x100000c5   Thumb Code     0  entry5.o(.ARM.Collect$$$$00000004)
    __main_after_scatterload                 0x100000c9   Thumb Code     0  entry5.o(.ARM.Collect$$$$00000004)
    _main_clock                              0x100000c9   Thumb Code     0  entry7b.o(.ARM.Collect$$$$00000008)
    _main_cpp_init                           0x100000c9   Thumb Code     0  entry8b.o(.ARM.Collect$$$$0000000A)
    _main_init                               0x100000c9   Thumb Code     0  entry9a.o(.ARM.Collect$$$$0000000B)
    __rt_final_cpp                           0x100000d1   Thumb Code     0  entry10a.o(.ARM.Collect$$$$0000000D)
    __rt_final_exit                          0x100000d1   Thumb Code     0  entry11a.o(.ARM.Collect$$$$0000000F)
    LED_KEY_Module_Init                      0x100000d5   Thumb Code   132  main.o(.text)
    UART_Module_Init                         0x10000159   Thumb Code    28  main.o(.text)
    SPI_Module_Init                          0x10000175   Thumb Code    60  main.o(.text)
    main                                     0x100001b1   Thumb Code   302  main.o(.text)
    flash_spi_enable                         0x10000389   Thumb Code    50  flash.o(.text)
    SPI_Flash_ReadID                         0x100003bb   Thumb Code    60  flash.o(.text)
    SPI_Flash_ReadSR                         0x100003f7   Thumb Code    44  flash.o(.text)
    SPI_Flash_Wait_Busy                      0x10000423   Thumb Code    18  flash.o(.text)
    SPI_FLASH_Write_Enable                   0x10000435   Thumb Code    36  flash.o(.text)
    SPI_Flash_Erase_Sector                   0x10000459   Thumb Code    70  flash.o(.text)
    SPI_Flash_Read                           0x1000049f   Thumb Code   182  flash.o(.text)
    SPI_Flash_Write_Page                     0x10000555   Thumb Code   180  flash.o(.text)
    SPI_Flash_Write_NoCheck                  0x10000609   Thumb Code    68  flash.o(.text)
    SPI_Flash_Write                          0x1000064d   Thumb Code   186  flash.o(.text)
    gpi_irq_set_cb                           0x1000071d   Thumb Code     6  gpio.o(.text)
    gpi_config                               0x10000723   Thumb Code   114  gpio.o(.text)
    pad_input_configure                      0x10000795   Thumb Code    94  gpio.o(.text)
    gpo_config                               0x100007f3   Thumb Code    90  gpio.o(.text)
    gpo_toggle                               0x1000084d   Thumb Code    42  gpio.o(.text)
    gpo_set                                  0x10000877   Thumb Code    42  gpio.o(.text)
    gpo_clr                                  0x100008a1   Thumb Code    42  gpio.o(.text)
    gpi_get_val                              0x100008cb   Thumb Code    70  gpio.o(.text)
    gpi_enable_int                           0x10000911   Thumb Code   170  gpio.o(.text)
    gpi_disable_int                          0x100009bb   Thumb Code    44  gpio.o(.text)
    GPIO_IRQHandler                          0x100009e7   Thumb Code   134  gpio.o(.text)
    delay_ms                                 0x10000a7d   Thumb Code    30  delay.o(.text)
    delay_us                                 0x10000a9b   Thumb Code    26  delay.o(.text)
    pad_mux_read                             0x10000ab5   Thumb Code    62  pad_mux_ctrl.o(.text)
    pad_mux_write                            0x10000af3   Thumb Code    78  pad_mux_ctrl.o(.text)
    uart_0_init                              0x10000b77   Thumb Code   134  uart.o(.text)
    UART0_IRQHandler                         0x10000bfd   Thumb Code    58  uart.o(.text)
    uart_1_init                              0x10000c37   Thumb Code   112  uart.o(.text)
    UART1_IRQHandler                         0x10000ca7   Thumb Code    60  uart.o(.text)
    uart_write                               0x10000ce3   Thumb Code    80  uart.o(.text)
    uart_read                                0x10000d33   Thumb Code    20  uart.o(.text)
    uart_queue_size                          0x10000d47   Thumb Code    56  uart.o(.text)
    uart_get_ctrl                            0x10000d7f   Thumb Code    18  uart.o(.text)
    dbg_init                                 0x10000ed9   Thumb Code    12  debug.o(.text)
    dbg_printf                               0x10000ee5   Thumb Code    60  debug.o(.text)
    dbg_printf_sel                           0x10000f21   Thumb Code    62  debug.o(.text)
    dbg_hexdump                              0x10000f5f   Thumb Code   108  debug.o(.text)
    queue_init                               0x10000ff1   Thumb Code    12  queue.o(.text)
    queue_reset                              0x10000ffd   Thumb Code     6  queue.o(.text)
    enqueue_all                              0x10001003   Thumb Code    94  queue.o(.text)
    enqueue                                  0x10001061   Thumb Code    28  queue.o(.text)
    dequeue                                  0x1000107d   Thumb Code    42  queue.o(.text)
    is_queue_empty                           0x100010a7   Thumb Code    18  queue.o(.text)
    queue_size                               0x100010b9   Thumb Code    24  queue.o(.text)
    spi_set_speed                            0x10001103   Thumb Code    28  spi.o(.text)
    spi_set_mode                             0x1000111f   Thumb Code    46  spi.o(.text)
    spi_set_irq_callback                     0x1000114d   Thumb Code    16  spi.o(.text)
    SPIM_IRQHandler                          0x1000115d   Thumb Code    36  spi.o(.text)
    spim_enable                              0x10001181   Thumb Code    24  spi.o(.text)
    spim_enable_int                          0x10001199   Thumb Code    50  spi.o(.text)
    spim_resync                              0x100011cb   Thumb Code    16  spi.o(.text)
    spim_exchange                            0x100011db   Thumb Code   192  spi.o(.text)
    SPI_Read_Write_A_Byte                    0x1000129b   Thumb Code    26  spi.o(.text)
    SPIS_IRQHandler                          0x100012b5   Thumb Code    32  spi.o(.text)
    spis_enable                              0x100012d5   Thumb Code    20  spi.o(.text)
    spis_enable_int                          0x100012e9   Thumb Code    46  spi.o(.text)
    spis_prepare_exchange                    0x10001317   Thumb Code   148  spi.o(.text)
    Reset_Handler                            0x100013f1   Thumb Code     8  startup_armcm0.o(.text)
    NMI_Handler                              0x100013f9   Thumb Code     2  startup_armcm0.o(.text)
    HardFault_Handler                        0x100013fb   Thumb Code     2  startup_armcm0.o(.text)
    SVC_Handler                              0x100013fd   Thumb Code     2  startup_armcm0.o(.text)
    PendSV_Handler                           0x100013ff   Thumb Code     2  startup_armcm0.o(.text)
    SysTick_Handler                          0x10001401   Thumb Code     2  startup_armcm0.o(.text)
    CAPDET_IRQHandler                        0x10001403   Thumb Code     0  startup_armcm0.o(.text)
    GPADC_IRQHandler                         0x10001403   Thumb Code     0  startup_armcm0.o(.text)
    I2CM0_IRQHandler                         0x10001403   Thumb Code     0  startup_armcm0.o(.text)
    I2CM1_IRQHandler                         0x10001403   Thumb Code     0  startup_armcm0.o(.text)
    I2CS_IRQHandler                          0x10001403   Thumb Code     0  startup_armcm0.o(.text)
    I2S_IRQHandler                           0x10001403   Thumb Code     0  startup_armcm0.o(.text)
    INTCOMB_IRQHandler                       0x10001403   Thumb Code     0  startup_armcm0.o(.text)
    IR_IRQHandler                            0x10001403   Thumb Code     0  startup_armcm0.o(.text)
    ISO_7816_IRQHandler                      0x10001403   Thumb Code     0  startup_armcm0.o(.text)
    LLC2_IRQHandler                          0x10001403   Thumb Code     0  startup_armcm0.o(.text)
    LLC3_IRQHandler                          0x10001403   Thumb Code     0  startup_armcm0.o(.text)
    M2M_IRQHandler                           0x10001403   Thumb Code     0  startup_armcm0.o(.text)
    PDM_IRQHandler                           0x10001403   Thumb Code     0  startup_armcm0.o(.text)
    PWM1_IRQHandler                          0x10001403   Thumb Code     0  startup_armcm0.o(.text)
    PWM2_IRQHandler                          0x10001403   Thumb Code     0  startup_armcm0.o(.text)
    PWM3_IRQHandler                          0x10001403   Thumb Code     0  startup_armcm0.o(.text)
    RTC_IRQHandler                           0x10001403   Thumb Code     0  startup_armcm0.o(.text)
    SW_IRQHandler                            0x10001403   Thumb Code     0  startup_armcm0.o(.text)
    TIMER0_IRQHandler                        0x10001403   Thumb Code     0  startup_armcm0.o(.text)
    TIMER1_IRQHandler                        0x10001403   Thumb Code     0  startup_armcm0.o(.text)
    TIMER2_IRQHandler                        0x10001403   Thumb Code     0  startup_armcm0.o(.text)
    TIMER3_IRQHandler                        0x10001403   Thumb Code     0  startup_armcm0.o(.text)
    TIMER4_IRQHandler                        0x10001403   Thumb Code     0  startup_armcm0.o(.text)
    TRNG_IRQHandler                          0x10001403   Thumb Code     0  startup_armcm0.o(.text)
    UART2_IRQHandler                         0x10001403   Thumb Code     0  startup_armcm0.o(.text)
    WDT_IRQHandler                           0x10001403   Thumb Code     0  startup_armcm0.o(.text)
    SystemCoreClockUpdate                    0x1000140d   Thumb Code     8  system_armcm0.o(.text)
    SystemInit                               0x10001415   Thumb Code     8  system_armcm0.o(.text)
    sw_timer_update_callback                 0x10001425   Thumb Code    20  main.o(.text)
    gap_s_ble_init                           0x10001439   Thumb Code    18  main.o(.text)
    gap_s_disconnect                         0x1000144b   Thumb Code     6  main.o(.text)
    gap_s_validate_irk                       0x10001451   Thumb Code     6  main.o(.text)
    gap_s_ble_gen_random_private_address     0x10001457   Thumb Code     6  main.o(.text)
    gap_s_ble_address_set                    0x1000145d   Thumb Code     6  main.o(.text)
    gap_s_ble_address_get                    0x10001463   Thumb Code     4  main.o(.text)
    gap_s_ble_feature_set                    0x10001467   Thumb Code     6  main.o(.text)
    gap_s_ble_feature_get                    0x1000146d   Thumb Code     6  main.o(.text)
    gap_s_ble_slave_feature_set              0x10001473   Thumb Code     6  main.o(.text)
    gap_s_ble_slave_feature_get              0x10001479   Thumb Code     6  main.o(.text)
    gap_s_adv_access_code_set                0x1000147f   Thumb Code     6  main.o(.text)
    gap_s_adv_access_code_get                0x10001485   Thumb Code     6  main.o(.text)
    gap_s_adv_parameters_set                 0x1000148b   Thumb Code     6  main.o(.text)
    gap_s_adv_data_set                       0x10001491   Thumb Code    10  main.o(.text)
    gap_s_adv_start                          0x1000149b   Thumb Code     6  main.o(.text)
    gap_s_adv_stop                           0x100014a1   Thumb Code     4  main.o(.text)
    gap_s_adv_start_powersaving              0x100014a5   Thumb Code   610  main.o(.text)
    gap_s_scan_parameters_set                0x10001707   Thumb Code     6  main.o(.text)
    gap_s_scan_start                         0x1000170d   Thumb Code     6  main.o(.text)
    gap_s_scan_stop                          0x10001713   Thumb Code     4  main.o(.text)
    gap_s_coex_adv_data_set                  0x10001717   Thumb Code    14  main.o(.text)
    gap_s_coex_scan_rsp_data_set             0x10001725   Thumb Code    12  main.o(.text)
    gap_s_coex_adv_start                     0x10001731   Thumb Code     8  main.o(.text)
    gap_s_coex_adv_stop                      0x10001739   Thumb Code     8  main.o(.text)
    gap_s_coex_scan_req_data_set             0x10001741   Thumb Code     6  main.o(.text)
    gap_s_coex_scan_start                    0x10001747   Thumb Code     4  main.o(.text)
    gap_s_coex_scan_stop                     0x1000174b   Thumb Code     6  main.o(.text)
    gap_s_gatt_profiles_set                  0x10001751   Thumb Code     6  main.o(.text)
    gap_s_security_parameters_set            0x10001757   Thumb Code     6  main.o(.text)
    gap_s_security_parameters_get            0x1000175d   Thumb Code     6  main.o(.text)
    gap_s_security_req                       0x10001763   Thumb Code     6  main.o(.text)
    gap_s_numeric_comrison                   0x10001769   Thumb Code     8  main.o(.text)
    gap_s_connection_param_set               0x10001771   Thumb Code     6  main.o(.text)
    gap_s_connection_param_get               0x10001777   Thumb Code     4  main.o(.text)
    gap_s_connection_update                  0x1000177b   Thumb Code     6  main.o(.text)
    gap_s_link_parameters_get                0x10001781   Thumb Code     6  main.o(.text)
    gap_s_passkey_set                        0x10001787   Thumb Code     8  main.o(.text)
    gap_s_connection_latency_mode            0x1000178f   Thumb Code     4  main.o(.text)
    sw_timer_latency_callback                0x10001793   Thumb Code    34  main.o(.text)
    smart_latency_start                      0x100017b5   Thumb Code   256  main.o(.text)
    smart_latency_clear                      0x100018b5   Thumb Code    12  main.o(.text)
    gap_evt_Callback                         0x100018c1   Thumb Code   272  main.o(.text)
    gap_s_evt_handler_set                    0x100019d1   Thumb Code    30  main.o(.text)
    gap_s_att_c_evt_handler_set              0x100019ef   Thumb Code     6  main.o(.text)
    gap_s_gatt_report_handle_get             0x100019f5   Thumb Code     6  main.o(.text)
    gap_s_gatt_read_rsp_set                  0x100019fb   Thumb Code     6  main.o(.text)
    gap_s_gatt_write_err_rsp_set             0x10001a01   Thumb Code     6  main.o(.text)
    gap_s_check_fifo_sz                      0x10001a07   Thumb Code     6  main.o(.text)
    indicate_queue_size                      0x10001a0d   Thumb Code    26  main.o(.text)
    sw_indicate_timer_callback               0x10001a27   Thumb Code    22  main.o(.text)
    gap_s_gatt_data_send                     0x10001a3d   Thumb Code    34  main.o(.text)
    gap_s_gatt_data_send_report_confirmation_handle 0x10001a5f   Thumb Code   112  main.o(.text)
    gap_s_profile_data_read                  0x10001acf   Thumb Code    44  main.o(.text)
    gap_s_profile_data_write                 0x10001b4f   Thumb Code   154  main.o(.text)
    att_c_mtureq                             0x10001be9   Thumb Code     6  main.o(.text)
    att_c_findinforeq                        0x10001bef   Thumb Code     6  main.o(.text)
    att_c_findbytypevaluereq                 0x10001bf5   Thumb Code    14  main.o(.text)
    att_c_readbytypereq                      0x10001c03   Thumb Code    12  main.o(.text)
    att_c_readreq                            0x10001c0f   Thumb Code     6  main.o(.text)
    att_c_readblobreq                        0x10001c15   Thumb Code     6  main.o(.text)
    att_c_readmultiplereq                    0x10001c1b   Thumb Code     6  main.o(.text)
    att_c_readbygrouptypereq                 0x10001c21   Thumb Code    12  main.o(.text)
    att_c_writereq                           0x10001c2d   Thumb Code     6  main.o(.text)
    att_c_writecmdreq                        0x10001c33   Thumb Code     6  main.o(.text)
    att_c_preparewritereq                    0x10001c39   Thumb Code    12  main.o(.text)
    att_c_executewritereq                    0x10001c45   Thumb Code     4  main.o(.text)
    att_c_confirmation                       0x10001c49   Thumb Code     6  main.o(.text)
    bm_s_bond_manager_idx_set                0x10001c4f   Thumb Code     6  main.o(.text)
    bm_s_bond_manager_idx_get                0x10001c55   Thumb Code     6  main.o(.text)
    bm_s_bond_info_get                       0x10001c5b   Thumb Code     6  main.o(.text)
    bm_s_bond_info_add                       0x10001c61   Thumb Code     4  main.o(.text)
    bm_s_bond_info_delete_all                0x10001c65   Thumb Code     6  main.o(.text)
    bm_s_bond_info_delete                    0x10001c6b   Thumb Code    70  main.o(.text)
    ecdh_public_key_get                      0x10001cb1   Thumb Code     4  main.o(.text)
    sys_mcu_clock_get                        0x10001cb5   Thumb Code     6  main.o(.text)
    sys_mcu_clock_set                        0x10001cbb   Thumb Code     6  main.o(.text)
    sys_mcu_clock_div_set                    0x10001cc1   Thumb Code     6  main.o(.text)
    sys_mcu_clock_div_get                    0x10001cc7   Thumb Code     6  main.o(.text)
    sys_32k_clock_get                        0x10001ccd   Thumb Code     6  main.o(.text)
    sys_32k_clock_set                        0x10001cd3   Thumb Code     8  main.o(.text)
    sys_32k_lpo_calibration                  0x10001cdb   Thumb Code     8  main.o(.text)
    sys_mcu_rc_calibration                   0x10001ce3   Thumb Code     6  main.o(.text)
    pmu_wakeup_config                        0x10001ce9   Thumb Code     6  main.o(.text)
    pmu_power_saving                         0x10001cef   Thumb Code    10  main.o(.text)
    pmu_mcu_off                              0x10001cf9   Thumb Code     6  main.o(.text)
    pmu_system_off                           0x10001cff   Thumb Code     4  main.o(.text)
    pmu_reset                                0x10001d03   Thumb Code     6  main.o(.text)
    pmu_system_reset                         0x10001d09   Thumb Code     6  main.o(.text)
    pmu_mcu_reset                            0x10001d0f   Thumb Code     6  main.o(.text)
    pmu_32m_xo_on                            0x10001d15   Thumb Code     6  main.o(.text)
    pmu_32m_xo_off                           0x10001d1b   Thumb Code     6  main.o(.text)
    ota_code_erase                           0x10001d21   Thumb Code     6  main.o(.text)
    ota_code_write                           0x10001d27   Thumb Code     6  main.o(.text)
    ota_code_read                            0x10001d2d   Thumb Code     4  main.o(.text)
    ota_code_info_read                       0x10001d31   Thumb Code    12  main.o(.text)
    ota_code_update                          0x10001d3d   Thumb Code    10  main.o(.text)
    ble_sched_execute                        0x10001d47   Thumb Code   150  main.o(.text)
    sys_rc_get                               0x10001ddd   Thumb Code     4  main.o(.text)
    sys_fclk_get                             0x10001de1   Thumb Code     6  main.o(.text)
    sys_pclk_get                             0x10001de7   Thumb Code     6  main.o(.text)
    sys_sclk_get                             0x10001ded   Thumb Code     6  main.o(.text)
    sys_hclk_get                             0x10001df3   Thumb Code     6  main.o(.text)
    gpadc_init                               0x10001df9   Thumb Code    22  main.o(.text)
    SystemSleep                              0x10001e0f   Thumb Code    40  main.o(.text)
    ble_flash_authority                      0x10001e37   Thumb Code   102  main.o(.text)
    ble_flash_erase                          0x10001e9d   Thumb Code    12  main.o(.text)
    ble_flash_read                           0x10001ea9   Thumb Code    32  main.o(.text)
    ble_flash_write                          0x10001ec9   Thumb Code    14  main.o(.text)
    ble_flash_write_burst                    0x10001ed7   Thumb Code    14  main.o(.text)
    _checksum_cache_496kb                    0x10001ee5   Thumb Code   110  main.o(.text)
    ota_code_update_496kb                    0x10001f53   Thumb Code   208  main.o(.text)
    BBRFWrite                                0x10002023   Thumb Code     4  main.o(.text)
    BBRFRead                                 0x10002027   Thumb Code     6  main.o(.text)
    gap_s_smart_update_latency               0x1000202d   Thumb Code   300  main.o(.text)
    smart_update_latency_updatareq           0x10002159   Thumb Code   298  main.o(.text)
    syd8821_chip_confirm                     0x10002283   Thumb Code    24  main.o(.text)
    APPtimer_enable                          0x1000229b   Thumb Code    26  main.o(.text)
    APPtimer_disable                         0x100022b5   Thumb Code    24  main.o(.text)
    sched_callback_enable                    0x100022cd   Thumb Code    26  main.o(.text)
    gap_s_adv_state_get                      0x100022e7   Thumb Code     8  main.o(.text)
    gap_s_att_mtu_get                        0x100022ef   Thumb Code    18  main.o(.text)
    Confirm_NumericComrison                  0x10002335   Thumb Code    12  rom.o(.text)
    SmpRxPairingConfirm                      0x10002341   Thumb Code   214  rom.o(.text)
    SmpRxPairingRandom                       0x10002417   Thumb Code   648  rom.o(.text)
    SmpPairingReq                            0x1000269f   Thumb Code   450  rom.o(.text)
    SmpPairingPublicKey                      0x10002861   Thumb Code   148  rom.o(.text)
    SmpPasskeyEntry                          0x100028f5   Thumb Code   226  rom.o(.text)
    AttNotify                                0x100029d7   Thumb Code    40  rom.o(.text)
    AttIndication                            0x100029ff   Thumb Code    40  rom.o(.text)
    LLLengthRsp                              0x10002dc1   Thumb Code   214  rom.o(.text)
    LLLengthReq                              0x10002e97   Thumb Code    60  rom.o(.text)
    LLRxStartENCRsp                          0x1000323f   Thumb Code     2  rom.o(.text)
    Protocol_Hook_Callback                   0x10003241   Thumb Code   274  rom.o(.text)
    _rom_init                                0x10003353   Thumb Code    78  rom.o(.text)
    _rom_sys_32k_lpo_calibration             0x100033a1   Thumb Code   202  rom.o(.text)
    _rom_sys_32k_clock_set                   0x1000346b   Thumb Code   118  rom.o(.text)
    _rom_gap_s_gatt_data_send                0x100034e1   Thumb Code    72  rom.o(.text)
    _rom_gap_s_coex_adv_start                0x10003529   Thumb Code    56  rom.o(.text)
    _rom_gap_s_coex_adv_stop                 0x10003561   Thumb Code    40  rom.o(.text)
    BBRXFIFORead                             0x10003589   Thumb Code   300  rom.o(.text)
    LCTxPkt_Handler                          0x100038d1   Thumb Code   286  rom.o(.text)
    LLC_IRQHandler                           0x100039ef   Thumb Code   210  rom.o(.text)
    __aeabi_uidiv                            0x10003b39   Thumb Code     0  uidiv.o(.text)
    __aeabi_uidivmod                         0x10003b39   Thumb Code    44  uidiv.o(.text)
    __aeabi_idiv                             0x10003b65   Thumb Code     0  idiv.o(.text)
    __aeabi_idivmod                          0x10003b65   Thumb Code    40  idiv.o(.text)
    __aeabi_memcpy                           0x10003b8d   Thumb Code    36  memcpya.o(.text)
    __aeabi_memcpy4                          0x10003b8d   Thumb Code     0  memcpya.o(.text)
    __aeabi_memcpy8                          0x10003b8d   Thumb Code     0  memcpya.o(.text)
    __aeabi_memset                           0x10003bb1   Thumb Code    14  memseta.o(.text)
    __aeabi_memset4                          0x10003bb1   Thumb Code     0  memseta.o(.text)
    __aeabi_memset8                          0x10003bb1   Thumb Code     0  memseta.o(.text)
    __aeabi_memclr                           0x10003bbf   Thumb Code     4  memseta.o(.text)
    __aeabi_memclr4                          0x10003bbf   Thumb Code     0  memseta.o(.text)
    __aeabi_memclr8                          0x10003bbf   Thumb Code     0  memseta.o(.text)
    _memset$wrapper                          0x10003bc3   Thumb Code    18  memseta.o(.text)
    memcmp                                   0x10003bd5   Thumb Code    26  memcmp.o(.text)
    __aeabi_uread4                           0x10003bef   Thumb Code    20  uread4.o(.text)
    __rt_uread4                              0x10003bef   Thumb Code     0  uread4.o(.text)
    _uread4                                  0x10003bef   Thumb Code     0  uread4.o(.text)
    __aeabi_uwrite4                          0x10003c03   Thumb Code    18  uwrite4.o(.text)
    __rt_uwrite4                             0x10003c03   Thumb Code     0  uwrite4.o(.text)
    _uwrite4                                 0x10003c03   Thumb Code     0  uwrite4.o(.text)
    __aeabi_fadd                             0x10003c15   Thumb Code   162  fadd.o(.text)
    __aeabi_fsub                             0x10003cb7   Thumb Code     8  fadd.o(.text)
    __aeabi_frsub                            0x10003cbf   Thumb Code     8  fadd.o(.text)
    __aeabi_dadd                             0x10003cc9   Thumb Code   328  dadd.o(.text)
    __aeabi_dsub                             0x10003e11   Thumb Code    12  dadd.o(.text)
    __aeabi_drsub                            0x10003e1d   Thumb Code    12  dadd.o(.text)
    __aeabi_dmul                             0x10003e2d   Thumb Code   202  dmul.o(.text)
    __aeabi_ddiv                             0x10003efd   Thumb Code   234  ddiv.o(.text)
    __aeabi_ui2f                             0x10003fed   Thumb Code    14  ffltui.o(.text)
    __aeabi_i2d                              0x10003ffd   Thumb Code    34  dflti.o(.text)
    __aeabi_ui2d                             0x10004025   Thumb Code    24  dfltui.o(.text)
    __aeabi_d2uiz                            0x10004041   Thumb Code    50  dfixui.o(.text)
    __aeabi_f2d                              0x1000407d   Thumb Code    40  f2d.o(.text)
    __aeabi_uldivmod                         0x100040a5   Thumb Code    96  uldiv.o(.text)
    __aeabi_llsl                             0x10004105   Thumb Code    32  llshl.o(.text)
    _ll_shift_l                              0x10004105   Thumb Code     0  llshl.o(.text)
    __aeabi_llsr                             0x10004125   Thumb Code    34  llushr.o(.text)
    _ll_ushift_r                             0x10004125   Thumb Code     0  llushr.o(.text)
    __aeabi_lasr                             0x10004147   Thumb Code    38  llsshr.o(.text)
    _ll_sshift_r                             0x10004147   Thumb Code     0  llsshr.o(.text)
    __I$use$fp                               0x1000416d   Thumb Code     0  iusefp.o(.text)
    _float_round                             0x1000416d   Thumb Code    16  fepilogue.o(.text)
    _float_epilogue                          0x1000417d   Thumb Code   114  fepilogue.o(.text)
    _double_round                            0x100041ef   Thumb Code    26  depilogue.o(.text)
    _double_epilogue                         0x10004209   Thumb Code   164  depilogue.o(.text)
    __aeabi_d2ulz                            0x100042ad   Thumb Code    54  dfixul.o(.text)
    __aeabi_cdrcmple                         0x100042ed   Thumb Code    38  cdrcmple.o(.text)
    __scatterload                            0x10004315   Thumb Code    28  init.o(.text)
    __scatterload_rt2                        0x10004315   Thumb Code     0  init.o(.text)
    __0vsprintf                              0x10004339   Thumb Code    30  printfa.o(i.__0vsprintf)
    __1vsprintf                              0x10004339   Thumb Code     0  printfa.o(i.__0vsprintf)
    __2vsprintf                              0x10004339   Thumb Code     0  printfa.o(i.__0vsprintf)
    __c89vsprintf                            0x10004339   Thumb Code     0  printfa.o(i.__0vsprintf)
    vsprintf                                 0x10004339   Thumb Code     0  printfa.o(i.__0vsprintf)
    __ARM_clz                                0x1000435d   Thumb Code    46  depilogue.o(i.__ARM_clz)
    __scatterload_copy                       0x1000438b   Thumb Code    14  handlers.o(i.__scatterload_copy)
    __scatterload_null                       0x10004399   Thumb Code     2  handlers.o(i.__scatterload_null)
    __scatterload_zeroinit                   0x1000439b   Thumb Code    14  handlers.o(i.__scatterload_zeroinit)
    Region$$Table$$Base                      0x10004c74   Number         0  anon$$obj.o(Region$$Table)
    Region$$Table$$Limit                     0x10004c94   Number         0  anon$$obj.o(Region$$Table)
    UART_CTRL                                0x20000014   Data           8  uart.o(.data)
    SystemCoreClock                          0x2000002c   Data           4  system_armcm0.o(.data)
    app_gap_evt_callback                     0x2000003c   Data           4  main.o(.data)
    using_oob                                0x20000041   Data           1  rom.o(.data)
    using_numeric_compairison                0x20000042   Data           1  rom.o(.data)
    flash_hdr                                0x20000048   Data           4  rom.o(.data)
    lclink                                   0x2000004c   Data           4  rom.o(.data)
    txpdu                                    0x20000050   Data           4  rom.o(.data)
    SPI_FLASH_BUF                            0x20000070   Data        4096  flash.o(.bss)
    rx_queue                                 0x20001070   Data          32  uart.o(.bss)
    rx_buf                                   0x20001090   Data        1024  uart.o(.bss)
    smart_update_ctrol                       0x200025da   Data          15  main.o(.bss)
    rxbuf                                    0x200025ec   Data         260  rom.o(.bss)
    __initial_sp                             0x200036f0   Data           0  startup_armcm0.o(STACK)



==============================================================================

Memory Map of the image

  Image Entry point : 0x100000c1

  Load Region LR_IROM1 (Base: 0x10000000, Size: 0x00004d04, Max: 0x0003e000, ABSOLUTE)

    Execution Region ER_IROM1 (Base: 0x10000000, Size: 0x00004c94, Max: 0x0003e000, ABSOLUTE)

    Base Addr    Size         Type   Attr      Idx    E Section Name        Object

    0x10000000   0x000000c0   Data   RO          324    RESET               startup_armcm0.o
    0x100000c0   0x00000000   Code   RO          433  * .ARM.Collect$$$$00000000  mc_p.l(entry.o)
    0x100000c0   0x00000004   Code   RO          498    .ARM.Collect$$$$00000001  mc_p.l(entry2.o)
    0x100000c4   0x00000004   Code   RO          501    .ARM.Collect$$$$00000004  mc_p.l(entry5.o)
    0x100000c8   0x00000000   Code   RO          503    .ARM.Collect$$$$00000008  mc_p.l(entry7b.o)
    0x100000c8   0x00000000   Code   RO          505    .ARM.Collect$$$$0000000A  mc_p.l(entry8b.o)
    0x100000c8   0x00000008   Code   RO          506    .ARM.Collect$$$$0000000B  mc_p.l(entry9a.o)
    0x100000d0   0x00000000   Code   RO          508    .ARM.Collect$$$$0000000D  mc_p.l(entry10a.o)
    0x100000d0   0x00000000   Code   RO          510    .ARM.Collect$$$$0000000F  mc_p.l(entry11a.o)
    0x100000d0   0x00000004   Code   RO          499    .ARM.Collect$$$$00002712  mc_p.l(entry2.o)
    0x100000d4   0x000002b4   Code   RO            3    .text               main.o
    0x10000388   0x00000394   Code   RO           85    .text               flash.o
    0x1000071c   0x00000360   Code   RO          130    .text               gpio.o
    0x10000a7c   0x00000038   Code   RO          158    .text               delay.o
    0x10000ab4   0x00000090   Code   RO          184    .text               pad_mux_ctrl.o
    0x10000b44   0x00000278   Code   RO          206    .text               uart.o
    0x10000dbc   0x00000234   Code   RO          239    .text               debug.o
    0x10000ff0   0x000000e0   Code   RO          276    .text               queue.o
    0x100010d0   0x00000320   Code   RO          299    .text               spi.o
    0x100013f0   0x0000001c   Code   RO          325    .text               startup_armcm0.o
    0x1000140c   0x00000018   Code   RO          331    .text               system_armcm0.o
    0x10001424   0x00000f10   Code   RO          357    .text               syd8821_ble_slave.lib(main.o)
    0x10002334   0x00001804   Code   RO          406    .text               syd8821_ble_slave.lib(rom.o)
    0x10003b38   0x0000002c   Code   RO          436    .text               mc_p.l(uidiv.o)
    0x10003b64   0x00000028   Code   RO          438    .text               mc_p.l(idiv.o)
    0x10003b8c   0x00000024   Code   RO          440    .text               mc_p.l(memcpya.o)
    0x10003bb0   0x00000024   Code   RO          442    .text               mc_p.l(memseta.o)
    0x10003bd4   0x0000001a   Code   RO          444    .text               mc_p.l(memcmp.o)
    0x10003bee   0x00000014   Code   RO          476    .text               mc_p.l(uread4.o)
    0x10003c02   0x00000012   Code   RO          478    .text               mc_p.l(uwrite4.o)
    0x10003c14   0x000000b2   Code   RO          480    .text               mf_p.l(fadd.o)
    0x10003cc6   0x00000002   PAD
    0x10003cc8   0x00000164   Code   RO          482    .text               mf_p.l(dadd.o)
    0x10003e2c   0x000000d0   Code   RO          484    .text               mf_p.l(dmul.o)
    0x10003efc   0x000000f0   Code   RO          486    .text               mf_p.l(ddiv.o)
    0x10003fec   0x0000000e   Code   RO          488    .text               mf_p.l(ffltui.o)
    0x10003ffa   0x00000002   PAD
    0x10003ffc   0x00000028   Code   RO          490    .text               mf_p.l(dflti.o)
    0x10004024   0x0000001c   Code   RO          492    .text               mf_p.l(dfltui.o)
    0x10004040   0x0000003c   Code   RO          494    .text               mf_p.l(dfixui.o)
    0x1000407c   0x00000028   Code   RO          496    .text               mf_p.l(f2d.o)
    0x100040a4   0x00000060   Code   RO          515    .text               mc_p.l(uldiv.o)
    0x10004104   0x00000020   Code   RO          517    .text               mc_p.l(llshl.o)
    0x10004124   0x00000022   Code   RO          519    .text               mc_p.l(llushr.o)
    0x10004146   0x00000026   Code   RO          521    .text               mc_p.l(llsshr.o)
    0x1000416c   0x00000000   Code   RO          523    .text               mc_p.l(iusefp.o)
    0x1000416c   0x00000082   Code   RO          524    .text               mf_p.l(fepilogue.o)
    0x100041ee   0x000000be   Code   RO          526    .text               mf_p.l(depilogue.o)
    0x100042ac   0x00000040   Code   RO          530    .text               mf_p.l(dfixul.o)
    0x100042ec   0x00000028   Code   RO          532    .text               mf_p.l(cdrcmple.o)
    0x10004314   0x00000024   Code   RO          534    .text               mc_p.l(init.o)
    0x10004338   0x00000024   Code   RO          455    i.__0vsprintf       mc_p.l(printfa.o)
    0x1000435c   0x0000002e   Code   RO          528    i.__ARM_clz         mf_p.l(depilogue.o)
    0x1000438a   0x0000000e   Code   RO          540    i.__scatterload_copy  mc_p.l(handlers.o)
    0x10004398   0x00000002   Code   RO          541    i.__scatterload_null  mc_p.l(handlers.o)
    0x1000439a   0x0000000e   Code   RO          542    i.__scatterload_zeroinit  mc_p.l(handlers.o)
    0x100043a8   0x00000158   Code   RO          456    i._fp_digits        mc_p.l(printfa.o)
    0x10004500   0x000006ec   Code   RO          457    i._printf_core      mc_p.l(printfa.o)
    0x10004bec   0x00000020   Code   RO          458    i._printf_post_padding  mc_p.l(printfa.o)
    0x10004c0c   0x0000002c   Code   RO          459    i._printf_pre_padding  mc_p.l(printfa.o)
    0x10004c38   0x0000000a   Code   RO          461    i._sputc            mc_p.l(printfa.o)
    0x10004c42   0x00000032   Data   RO          408    .constdata          syd8821_ble_slave.lib(rom.o)
    0x10004c74   0x00000020   Data   RO          538    Region$$Table       anon$$obj.o


    Execution Region RW_IRAM1 (Base: 0x20000000, Size: 0x000036f0, Max: 0x00028000, ABSOLUTE)

    Base Addr    Size         Type   Attr      Idx    E Section Name        Object

    0x20000000   0x0000000c   Data   RW          131    .data               gpio.o
    0x2000000c   0x00000008   Data   RW          185    .data               pad_mux_ctrl.o
    0x20000014   0x00000008   Data   RW          208    .data               uart.o
    0x2000001c   0x00000008   Data   RW          241    .data               debug.o
    0x20000024   0x00000008   Data   RW          300    .data               spi.o
    0x2000002c   0x00000004   Data   RW          332    .data               system_armcm0.o
    0x20000030   0x00000010   Data   RW          359    .data               syd8821_ble_slave.lib(main.o)
    0x20000040   0x00000030   Data   RW          409    .data               syd8821_ble_slave.lib(rom.o)
    0x20000070   0x00001000   Zero   RW           86    .bss                flash.o
    0x20001070   0x00000420   Zero   RW          207    .bss                uart.o
    0x20001490   0x00000080   Zero   RW          240    .bss                debug.o
    0x20001510   0x000010d9   Zero   RW          358    .bss                syd8821_ble_slave.lib(main.o)
    0x200025e9   0x00000003   PAD
    0x200025ec   0x00000104   Zero   RW          407    .bss                syd8821_ble_slave.lib(rom.o)
    0x200026f0   0x00001000   Zero   RW          322    STACK               startup_armcm0.o


==============================================================================

Image component sizes


      Code (inc. data)   RO Data    RW Data    ZI Data      Debug   Object Name

       564         38          0          8        128      10765   debug.o
        56          0          0          0          0      35300   delay.o
       916         22          0          0       4096      41039   flash.o
       864         16          0         12          0      45601   gpio.o
       692        170          0          0          0       5828   main.o
       144          4          0          8          0       1889   pad_mux_ctrl.o
       224          0          0          0          0       2427   queue.o
       800         50          0          8          0      11092   spi.o
        28          8        192          0       4096        684   startup_armcm0.o
        24          8          0          4          0        917   system_armcm0.o
       632         24          0          8       1056      10719   uart.o

    ----------------------------------------------------------------------
      4944        340        224         48       9376     166261   Object Totals
         0          0         32          0          0          0   (incl. Generated)
         0          0          0          0          0          0   (incl. Padding)

    ----------------------------------------------------------------------

      Code (inc. data)   RO Data    RW Data    ZI Data      Debug   Library Member Name

         0          0          0          0          0          0   entry.o
         0          0          0          0          0          0   entry10a.o
         0          0          0          0          0          0   entry11a.o
         8          4          0          0          0          0   entry2.o
         4          0          0          0          0          0   entry5.o
         0          0          0          0          0          0   entry7b.o
         0          0          0          0          0          0   entry8b.o
         8          4          0          0          0          0   entry9a.o
        30          0          0          0          0          0   handlers.o
        40          0          0          0          0         72   idiv.o
        36          8          0          0          0         68   init.o
         0          0          0          0          0          0   iusefp.o
        32          0          0          0          0         68   llshl.o
        38          0          0          0          0         68   llsshr.o
        34          0          0          0          0         68   llushr.o
        26          0          0          0          0         72   memcmp.o
        36          0          0          0          0         60   memcpya.o
        36          0          0          0          0        100   memseta.o
      2238         96          0          0          0        460   printfa.o
        44          0          0          0          0         72   uidiv.o
        96          0          0          0          0         84   uldiv.o
        20          0          0          0          0         60   uread4.o
        18          0          0          0          0         60   uwrite4.o
        40          2          0          0          0         68   cdrcmple.o
       356          4          0          0          0        140   dadd.o
       240          6          0          0          0         84   ddiv.o
       236          0          0          0          0        216   depilogue.o
        60         10          0          0          0         68   dfixui.o
        64         10          0          0          0         68   dfixul.o
        40          6          0          0          0         68   dflti.o
        28          4          0          0          0         68   dfltui.o
       208          6          0          0          0         88   dmul.o
        40          0          0          0          0         60   f2d.o
       178          0          0          0          0        108   fadd.o
       130          0          0          0          0        144   fepilogue.o
        14          0          0          0          0         68   ffltui.o
      3856        266          0         16       4313     115663   main.o
      6148        324         50         48        260      14422   rom.o

    ----------------------------------------------------------------------
     14386        750         50         64       4576     132645   Library Totals
         4          0          0          0          3          0   (incl. Padding)

    ----------------------------------------------------------------------

      Code (inc. data)   RO Data    RW Data    ZI Data      Debug   Library Name

      2744        112          0          0          0       1312   mc_p.l
      1634         48          0          0          0       1248   mf_p.l
     10004        590         50         64       4573     130085   syd8821_ble_slave.lib

    ----------------------------------------------------------------------
     14386        750         50         64       4576     132645   Library Totals

    ----------------------------------------------------------------------

==============================================================================


      Code (inc. data)   RO Data    RW Data    ZI Data      Debug   

     19330       1090        274        112      13952     296894   Grand Totals
     19330       1090        274        112      13952     296894   ELF Image Totals
     19330       1090        274        112          0          0   ROM Totals

==============================================================================

    Total RO  Size (Code + RO Data)                19604 (  19.14kB)
    Total RW  Size (RW Data + ZI Data)             14064 (  13.73kB)
    Total ROM Size (Code + RO Data + RW Data)      19716 (  19.25kB)

==============================================================================

