Component: ARM Compiler 5.06 (build 20) Tool: armlink [4d35a3]

==============================================================================

Section Cross References

    main.o(.text) refers to main.o(.text) for gap_s_adv_parameters_set
    main.o(.text) refers to segger_rtt_printf.o(.text) for SEGGER_RTT_printf
    main.o(.text) refers to ota.o(.text) for ota_rsp
    main.o(.text) refers to queue.o(.text) for enqueue_all
    main.o(.text) refers to uread4.o(.text) for __aeabi_uread4
    main.o(.text) refers to main.o(.data) for dev_addr
    main.o(.text) refers to uart.o(.bss) for rx_queue
    main.o(.text) refers to ota.o(.data) for ota_state
    main.o(.text) refers to rt_memcpy.o(.text) for __aeabi_memcpy
    main.o(.text) refers to main.o(i.__ARM_common_switch8) for __ARM_common_switch8
    main.o(.text) refers to uwrite4.o(.text) for __aeabi_uwrite4
    main.o(.text) refers to aeabi_sdiv.o(.text) for __aeabi_idivmod
    main.o(.text) refers to uart.o(.text) for uart_write
    main.o(.text) refers to timer.o(.text) for timer_disable
    main.o(.text) refers to pad_mux_ctrl.o(.text) for pad_mux_write
    main.o(.text) refers to gpio.o(.text) for gpi_config
    main.o(.text) refers to main.o(.constdata) for _gatt_database_report_handle
    main.o(.text) refers to uart.o(.data) for UART_CTRL
    main.o(.text) refers to segger_rtt.o(.text) for SEGGER_RTT_Init
    gpio.o(.text) refers to gpio.o(.data) for gpio_callback
    pad_mux_ctrl.o(.text) refers to pad_mux_ctrl.o(.data) for pad
    uart.o(.text) refers to queue.o(.text) for queue_init
    uart.o(.text) refers to uart.o(.data) for UART_CTRL
    uart.o(.text) refers to uart.o(.bss) for rx_buf
    queue.o(.text) refers to rt_memcpy.o(.text) for __aeabi_memcpy
    timer.o(.text) refers to timer.o(.data) for ctrl
    timer.o(.text) refers to timer.o(.bss) for cb
    ota.o(.text) refers to rt_memcpy.o(.text) for __aeabi_memcpy
    ota.o(.text) refers to segger_rtt_printf.o(.text) for SEGGER_RTT_printf
    ota.o(.text) refers to main.o(.text) for ota_code_erase
    ota.o(.text) refers to uread4.o(.text) for __aeabi_uread4
    ota.o(.text) refers to main.o(.text) for BLSetConnectionUpdate
    ota.o(.text) refers to ota.o(.data) for pevt
    ota.o(.text) refers to ota.o(.bss) for ota_w
    segger_rtt.o(.text) refers to strcpy.o(.text) for strcpy
    segger_rtt.o(.text) refers to rt_memcpy.o(.text) for __aeabi_memcpy
    segger_rtt.o(.text) refers to segger_rtt.o(.ARM.__AT_0x20027F00) for _SEGGER_RTT
    segger_rtt.o(.text) refers to segger_rtt.o(.bss) for _acUpBuffer
    segger_rtt.o(.text) refers to segger_rtt.o(.data) for _aTerminalId
    segger_rtt.o(.text) refers to strlen.o(.text) for strlen
    segger_rtt_printf.o(.text) refers to segger_rtt.o(.text) for SEGGER_RTT_Write
    segger_rtt_printf.o(.text) refers to aeabi_sdiv.o(.text) for __aeabi_uidivmod
    segger_rtt_printf.o(.text) refers to segger_rtt_printf.o(.constdata) for _aV2C
    segger_rtt_syscalls_keil.o(.rev16_text) refers (Special) to use_no_semi_2.o(.text) for __use_no_semihosting
    segger_rtt_syscalls_keil.o(.revsh_text) refers (Special) to use_no_semi_2.o(.text) for __use_no_semihosting
    segger_rtt_syscalls_keil.o(.text) refers (Special) to use_no_semi_2.o(.text) for __use_no_semihosting
    segger_rtt_syscalls_keil.o(.text) refers to fputc.o(i.fputc) for fputc
    segger_rtt_syscalls_keil.o(.text) refers to fflush.o(.text) for fflush
    segger_rtt_syscalls_keil.o(.text) refers to strcmp.o(.text) for strcmp
    segger_rtt_syscalls_keil.o(.text) refers to segger_rtt.o(.text) for SEGGER_RTT_Write
    segger_rtt_syscalls_keil.o(.text) refers to stdio_streams.o(.bss) for __stdout
    segger_rtt_syscalls_keil.o(.text) refers to segger_rtt_syscalls_keil.o(.constdata) for __stdout_name
    segger_rtt_syscalls_keil.o(.constdata) refers (Special) to use_no_semi_2.o(.text) for __use_no_semihosting
    startup_armcm0.o(STACK) refers (Special) to heapauxi.o(.text) for __use_two_region_memory
    startup_armcm0.o(HEAP) refers (Special) to heapauxi.o(.text) for __use_two_region_memory
    startup_armcm0.o(RESET) refers (Special) to heapauxi.o(.text) for __use_two_region_memory
    startup_armcm0.o(RESET) refers to startup_armcm0.o(STACK) for __initial_sp
    startup_armcm0.o(RESET) refers to startup_armcm0.o(.text) for Reset_Handler
    startup_armcm0.o(RESET) refers to gpio.o(.text) for GPIO_IRQHandler
    startup_armcm0.o(RESET) refers to rom.o(.text) for LLC_IRQHandler
    startup_armcm0.o(RESET) refers to uart.o(.text) for UART0_IRQHandler
    startup_armcm0.o(RESET) refers to timer.o(.text) for TIMER0_IRQHandler
    startup_armcm0.o(.text) refers (Special) to heapauxi.o(.text) for __use_two_region_memory
    startup_armcm0.o(.text) refers to system_armcm0.o(.text) for SystemInit
    startup_armcm0.o(.text) refers to __main.o(!!!main) for __main
    startup_armcm0.o(.text) refers to startup_armcm0.o(HEAP) for Heap_Mem
[...]
    .text                                    0x10002970   Section       56  startup_armcm0.o(.text)
    .text                                    0x100029a8   Section        0  system_armcm0.o(.text)
    .text                                    0x100029c0   Section        0  main.o(.text)
    update_profile_data                      0x1000312d   Thumb Code    84  main.o(.text)
    .text                                    0x10004128   Section        0  rom.o(.text)
    AttReadByGroupTypeRsp                    0x100048cb   Thumb Code   326  rom.o(.text)
    AttReadByTypeServiceRsp                  0x10004a11   Thumb Code   234  rom.o(.text)
    AttReadByTypeChartRsp                    0x10004afb   Thumb Code   286  rom.o(.text)
    AttReadByTypeValRsp                      0x10004c19   Thumb Code   462  rom.o(.text)
    AttReadByTypeReq                         0x10004de7   Thumb Code   122  rom.o(.text)
    FW_Encrypt_Packet                        0x10004e61   Thumb Code   314  rom.o(.text)
    Get_OVER_SLPTH                           0x10004f9b   Thumb Code    42  rom.o(.text)
    LLENCReq                                 0x100052df   Thumb Code   526  rom.o(.text)
    LLTxStartENCRsp                          0x100054ed   Thumb Code   500  rom.o(.text)
    _LCRxPkt_Handler                         0x10005d85   Thumb Code   560  rom.o(.text)
    _BBRXFIFO_Coex_Read                      0x10006463   Thumb Code    92  rom.o(.text)
    _LCConnEvt_Handler                       0x100064bf   Thumb Code    68  rom.o(.text)
    LinkWakeup                               0x10006503   Thumb Code   100  rom.o(.text)
    .text                                    0x10006584   Section        0  pmu.o(.text)
    .text                                    0x10006730   Section        0  aec-ccm.o(.text)
    ctr_next_ctr_block                       0x10006731   Thumb Code    66  aec-ccm.o(.text)
    cbcmac_calc                              0x10006773   Thumb Code   318  aec-ccm.o(.text)
    cbcmac_verify                            0x100068b1   Thumb Code   344  aec-ccm.o(.text)
    ctr_payload                              0x10006a09   Thumb Code   112  aec-ccm.o(.text)
    ctr_mic                                  0x10006a79   Thumb Code    86  aec-ccm.o(.text)
    cbcmac_clear                             0x10006c77   Thumb Code    12  aec-ccm.o(.text)
    cbcmac_append                            0x10006c83   Thumb Code    42  aec-ccm.o(.text)
    .text                                    0x10006cb0   Section        0  aes.o(.text)
    expandKey                                0x10006cb1   Thumb Code   186  aes.o(.text)
    aes_encr                                 0x10006d6b   Thumb Code   912  aes.o(.text)
    aes_decr                                 0x100070fb   Thumb Code  1124  aes.o(.text)
    galois_mul2                              0x10007591   Thumb Code    20  aes.o(.text)
    .text                                    0x100075a4   Section        2  use_no_semi_2.o(.text)
    .text                                    0x100075a8   Section        0  fflush.o(.text)
    .text                                    0x10007610   Section        0  memcmp.o(.text)
    .text                                    0x1000766c   Section        0  strcpy.o(.text)
    .text                                    0x100076b8   Section        0  strlen.o(.text)
    .text                                    0x100076fc   Section        0  rt_memcpy.o(.text)
    .text                                    0x1000777e   Section        0  rt_memclr.o(.text)
    .text                                    0x100077c0   Section        0  strcmp.o(.text)
    .text                                    0x10007848   Section        0  uread4.o(.text)
    .text                                    0x1000786a   Section        0  uwrite4.o(.text)
    .text                                    0x1000787a   Section      346  aeabi_sdiv.o(.text)
    .text                                    0x100079d4   Section        0  heapauxi.o(.text)
    .text                                    0x100079dc   Section        0  daddsub.o(.text)
    _dadd1                                   0x100079dd   Thumb Code   290  daddsub.o(.text)
    _dsub1                                   0x10007aff   Thumb Code   470  daddsub.o(.text)
    .text                                    0x10007d34   Section        0  ddiv.o(.text)
    .text                                    0x1000817c   Section        0  dfixui.o(.text)
    .text                                    0x100081c4   Section        0  dflti.o(.text)
    .text                                    0x1000821c   Section        0  dmul.o(.text)
    .text                                    0x10008464   Section        0  f2d.o(.text)
    .text                                    0x100084b8   Section        0  fflti.o(.text)
    .text                                    0x10008516   Section        2  use_no_semi.o(.text)
    .text                                    0x10008518   Section        0  flsbuf.o(.text)
    .text                                    0x10008708   Section        0  fseek.o(.text)
    .text                                    0x100087fc   Section        0  stdio.o(.text)
    .text                                    0x100088ec   Section        0  initio.o(.text)
    .text                                    0x10008a28   Section        0  h1_alloc.o(.text)
    .text                                    0x10008a8a   Section        0  h1_free.o(.text)
    .text                                    0x10008ad6   Section        0  ftell.o(.text)
    .text                                    0x10008b18   Section        0  setvbuf.o(.text)
    .text                                    0x10008b64   Section        0  fopen.o(.text)
    _freopen_locked                          0x10008b65   Thumb Code     0  fopen.o(.text)
    .text                                    0x10008c4c   Section        0  fclose.o(.text)
    .text                                    0x10008c98   Section        0  defsig_rtred_outer.o(.text)
    .text                                    0x10008ca4   Section       62  sys_stackheap_outer.o(.text)
    .text                                    0x10008ce4   Section        8  rt_heap_descriptor_intlibspace.o(.text)
    .text                                    0x10008cec   Section        8  rt_errno_addr_intlibspace.o(.text)
    .text                                    0x10008cf4   Section        0  hguard.o(.text)
    .text                                    0x10008cf8   Section        0  init_alloc.o(.text)
    .text                                    0x10008d80   Section        0  h1_init.o(.text)
    .text                                    0x10008d8e   Section        0  exit.o(.text)
    .text                                    0x10008d9e   Section        0  defsig_exit.o(.text)
    .text                                    0x10008dac   Section        0  defsig_rtred_inner.o(.text)
    .text                                    0x10008de0   Section        8  libspace.o(.text)
    .text                                    0x10008de8   Section        0  h1_extend.o(.text)
    .text                                    0x10008e1c   Section        0  defsig_general.o(.text)
    .text                                    0x10008e50   Section        0  defsig_rtmem_outer.o(.text)
    .text                                    0x10008e5c   Section        0  defsig_rtmem_inner.o(.text)
    PMU                                      0x10008eac   Section        0  pmu.o(PMU)
    i.__ARM_common_switch8                   0x10008ef8   Section        0  main.o(i.__ARM_common_switch8)
    i.fputc                                  0x10008f12   Section        0  fputc.o(i.fputc)
    x$fpl$fadd                               0x10008f30   Section      140  faddsub.o(x$fpl$fadd)
    _fadd1                                   0x10008f3d   Thumb Code     0  faddsub.o(x$fpl$fadd)
    x$fpl$fsub                               0x10008fbc   Section      208  faddsub.o(x$fpl$fsub)
    _fsub1                                   0x10008fc9   Thumb Code     0  faddsub.o(x$fpl$fsub)
    .constdata                               0x1000908c   Section      654  main.o(.constdata)
    x$fpl$usenofp                            0x1000908c   Section        0  usenofp.o(x$fpl$usenofp)
    _gatt_database_report_handle             0x1000908c   Data          31  main.o(.constdata)
    _gatt_database_include                   0x100090ab   Data          11  main.o(.constdata)
    _gatt_database_primary                   0x100090b6   Data          63  main.o(.constdata)
    _gatt_database_characteristic            0x100090f5   Data         190  main.o(.constdata)
    _gatt_database_value                     0x100091b3   Data         359  main.o(.constdata)
    .constdata                               0x1000931a   Section       16  segger_rtt_printf.o(.constdata)
    _aV2C                                    0x1000931a   Data          16  segger_rtt_printf.o(.constdata)
    .constdata                               0x1000932a   Section       20  segger_rtt_syscalls_keil.o(.constdata)
    .constdata                               0x1000933e   Section       50  rom.o(.constdata)
    _smp_key_                                0x1000933e   Data          25  rom.o(.constdata)
    _smp_sc_key_                             0x10009357   Data          25  rom.o(.constdata)
    .constdata                               0x10009370   Section       32  pmu.o(.constdata)
    delay_table                              0x10009370   Data          32  pmu.o(.constdata)
    .constdata                               0x10009390   Section      523  aes.o(.constdata)
    sbox                                     0x10009390   Data         256  aes.o(.constdata)
    rsbox                                    0x10009490   Data         256  aes.o(.constdata)
    Rcon                                     0x10009590   Data          11  aes.o(.constdata)
    .constdata                               0x1000959b   Section      128  ddiv.o(.constdata)
    ddiv_reciptbl                            0x1000959b   Data         128  ddiv.o(.constdata)
    .data                                    0x20000000   Section       59  main.o(.data)
    g_report                                 0x20000008   Data           4  main.o(.data)
    start_tx                                 0x2000000c   Data           1  main.o(.data)
    wechat_tx                                0x2000000d   Data           1  main.o(.data)
    dev_addr                                 0x20000034   Data           7  main.o(.data)
    .data                                    0x2000003c   Section       12  gpio.o(.data)
    GPIO_CTRL                                0x2000003c   Data           8  gpio.o(.data)
    gpio_callback                            0x20000044   Data           4  gpio.o(.data)
    .data                                    0x20000048   Section        8  pad_mux_ctrl.o(.data)
    pad                                      0x20000048   Data           8  pad_mux_ctrl.o(.data)
    .data                                    0x20000050   Section        8  uart.o(.data)
    .data                                    0x20000058   Section       20  timer.o(.data)
    ctrl                                     0x20000058   Data          20  timer.o(.data)
    .data                                    0x2000006c   Section       12  ota.o(.data)
    EvtBuf                                   0x2000006e   Data           4  ota.o(.data)
    .data                                    0x20000078   Section       17  segger_rtt.o(.data)
    _aTerminalId                             0x20000078   Data          16  segger_rtt.o(.data)
    _ActiveTerminal                          0x20000088   Data           1  segger_rtt.o(.data)
    .data                                    0x2000008c   Section        4  system_armcm0.o(.data)
    .data                                    0x20000090   Section       20  main.o(.data)
    syd_confirm                              0x20000090   Data           1  main.o(.data)
    sched_execute_mask                       0x20000091   Data           1  main.o(.data)
    profile_to_flash                         0x20000092   Data           1  main.o(.data)
    profile_update_offset                    0x20000094   Data           2  main.o(.data)
    PMU_CTRL                                 0x20000098   Data           4  main.o(.data)
    p_sched_callback                         0x2000009c   Data           4  main.o(.data)
    .data                                    0x200000a4   Section      111  rom.o(.data)
    NumericYesOrNo                           0x200000a4   Data           1  rom.o(.data)
    MCUFreq                                  0x200000a5   Data           1  rom.o(.data)
    coex_evt_mask_sleep                      0x200000a9   Data           1  rom.o(.data)
    passkey_cnt                              0x200000c0   Data           4  rom.o(.data)
    passkey_value                            0x200000c4   Data           4  rom.o(.data)
    save_device_to_flash                     0x200000c8   Data           4  rom.o(.data)
    ReadRsp                                  0x200000cc   Data           4  rom.o(.data)
    ReadRspLen                               0x200000d0   Data           4  rom.o(.data)
    ReadRspData                              0x200000d4   Data           4  rom.o(.data)
    IRQCallbackHook                          0x200000d8   Data           4  rom.o(.data)
    IRQCallbackSkip                          0x200000dc   Data           4  rom.o(.data)
    HCIDTM                                   0x200000e0   Data           4  rom.o(.data)
    ACLTx                                    0x200000e4   Data           4  rom.o(.data)
    ble_data                                 0x200000f4   Data           4  rom.o(.data)
    .data                                    0x20000114   Section        4  pmu.o(.data)
    lclink                                   0x20000114   Data           4  pmu.o(.data)
    .data                                    0x20000118   Section        4  stdio_streams.o(.data)
    .data                                    0x2000011c   Section        4  stdio_streams.o(.data)
    .data                                    0x20000120   Section        4  stdio_streams.o(.data)
    .bss                                     0x20000124   Section     1056  uart.o(.bss)
    .bss                                     0x20000544   Section       20  timer.o(.bss)
    cb                                       0x20000544   Data          20  timer.o(.bss)
    .bss                                     0x20000558   Section       40  ota.o(.bss)
    .bss                                     0x20000580   Section     8208  segger_rtt.o(.bss)
    _acUpBuffer                              0x20000580   Data        8192  segger_rtt.o(.bss)
    _acDownBuffer                            0x20002580   Data          16  segger_rtt.o(.bss)
    .bss                                     0x20002590   Section     4173  main.o(.bss)
    confirmation_list                        0x20003590   Data          62  main.o(.bss)
    .bss                                     0x200035e0   Section     1055  rom.o(.bss)
    .bss                                     0x200039ff   Section       16  aec-ccm.o(.bss)
    cbcmac_xor                               0x200039ff   Data          16  aec-ccm.o(.bss)
    .bss                                     0x20003a10   Section       84  stdio_streams.o(.bss)
    .bss                                     0x20003a64   Section       84  stdio_streams.o(.bss)
    .bss                                     0x20003ab8   Section       84  stdio_streams.o(.bss)
    .bss                                     0x20003b0c   Section       96  libspace.o(.bss)
    HEAP                                     0x20003b70   Section    16384  startup_armcm0.o(HEAP)
    Heap_Mem                                 0x20003b70   Data       16384  startup_armcm0.o(HEAP)
    STACK                                    0x20007b70   Section     4096  startup_armcm0.o(STACK)
    Stack_Mem                                0x20007b70   Data        4096  startup_armcm0.o(STACK)
    __initial_sp                             0x20008b70   Data           0  startup_armcm0.o(STACK)
    .ARM.__AT_0x20027F00                     0x20027f00   Section      168  segger_rtt.o(.ARM.__AT_0x20027F00)

    Global Symbols

    Symbol Name                              Value     Ov Type        Size  Object(Section)

    BuildAttributes$$THM_ISAv3M$S$PE$A:L22$X:L11$S22$IEEE1$IW$USESV6$~STKCKD$USESV7$~SHL$OTIME$ROPI$EBA8$UX$STANDARDLIB$REQ8$EABIv2 0x00000000   Number         0  anon$$obj.o ABSOLUTE
    __ARM_use_no_argv                        0x00000000   Number         0  main.o ABSOLUTE
    __ARM_exceptions_init                     - Undefined Weak Reference
    __alloca_initialize                       - Undefined Weak Reference
    __arm_preinit_                            - Undefined Weak Reference
    __cpp_initialize__aeabi_                  - Undefined Weak Reference
    __cxa_finalize                            - Undefined Weak Reference
    __rt_locale                               - Undefined Weak Reference
    __sigvec_lookup                           - Undefined Weak Reference
    __user_heap_extent                        - Undefined Weak Reference
    _atexit_init                              - Undefined Weak Reference
    _call_atexit_fns                          - Undefined Weak Reference
    _clock_init                               - Undefined Weak Reference
    _fp_trap_init                             - Undefined Weak Reference
    _fp_trap_shutdown                         - Undefined Weak Reference
    _get_lc_collate                           - Undefined Weak Reference
    _get_lc_ctype                             - Undefined Weak Reference
    _get_lc_monetary                          - Undefined Weak Reference
    _get_lc_numeric                           - Undefined Weak Reference
    _get_lc_time                              - Undefined Weak Reference
    _getenv_init                              - Undefined Weak Reference
    _handle_redirection                       - Undefined Weak Reference
    _mutex_acquire                            - Undefined Weak Reference
    _mutex_free                               - Undefined Weak Reference
    _mutex_release                            - Undefined Weak Reference
    _rand_init                                - Undefined Weak Reference
    _signal_finish                            - Undefined Weak Reference
    _signal_init                              - Undefined Weak Reference
    __Vectors_Size                           0x000000c0   Number         0  startup_armcm0.o ABSOLUTE
    __Vectors                                0x10000000   Data           4  startup_armcm0.o(RESET)
    __Vectors_End                            0x100000c0   Data           0  startup_armcm0.o(RESET)
    __main                                   0x100000c1   Thumb Code     8  __main.o(!!!main)
    __scatterload                            0x100000c9   Thumb Code     0  __scatter.o(!!!scatter)
    __scatterload_rt2                        0x100000c9   Thumb Code    52  __scatter.o(!!!scatter)
    __scatterload_rt2_thumb_only             0x100000c9   Thumb Code     0  __scatter.o(!!!scatter)
    __scatterload_null                       0x100000d9   Thumb Code     0  __scatter.o(!!!scatter)
    __scatterload_copy                       0x10000105   Thumb Code    26  __scatter_copy.o(!!handler_copy)
    __scatterload_zeroinit                   0x10000121   Thumb Code    28  __scatter_zi.o(!!handler_zi)
    __rt_lib_init                            0x1000013d   Thumb Code     0  libinit.o(.ARM.Collect$$libinit$$00000000)
    __rt_lib_init_fp_1                       0x1000013f   Thumb Code     0  libinit2.o(.ARM.Collect$$libinit$$00000002)
    __rt_lib_init_heap_2                     0x1000013f   Thumb Code     0  libinit2.o(.ARM.Collect$$libinit$$00000005)
    __rt_lib_init_preinit_1                  0x1000013f   Thumb Code     0  libinit2.o(.ARM.Collect$$libinit$$00000004)
    __rt_lib_init_atexit_1                   0x10000147   Thumb Code     0  libinit2.o(.ARM.Collect$$libinit$$0000001B)
    __rt_lib_init_clock_1                    0x10000147   Thumb Code     0  libinit2.o(.ARM.Collect$$libinit$$00000021)
    __rt_lib_init_fp_trap_1                  0x10000147   Thumb Code     0  libinit2.o(.ARM.Collect$$libinit$$0000001F)
    __rt_lib_init_getenv_1                   0x10000147   Thumb Code     0  libinit2.o(.ARM.Collect$$libinit$$00000023)
    __rt_lib_init_heap_1                     0x10000147   Thumb Code     0  libinit2.o(.ARM.Collect$$libinit$$0000000A)
    __rt_lib_init_lc_collate_1               0x10000147   Thumb Code     0  libinit2.o(.ARM.Collect$$libinit$$00000011)
    __rt_lib_init_lc_ctype_1                 0x10000147   Thumb Code     0  libinit2.o(.ARM.Collect$$libinit$$00000013)
    __rt_lib_init_lc_monetary_1              0x10000147   Thumb Code     0  libinit2.o(.ARM.Collect$$libinit$$00000015)
    __rt_lib_init_lc_numeric_1               0x10000147   Thumb Code     0  libinit2.o(.ARM.Collect$$libinit$$00000017)
    __rt_lib_init_lc_time_1                  0x10000147   Thumb Code     0  libinit2.o(.ARM.Collect$$libinit$$00000019)
    __rt_lib_init_rand_1                     0x10000147   Thumb Code     0  libinit2.o(.ARM.Collect$$libinit$$0000000E)
    __rt_lib_init_signal_1                   0x10000147   Thumb Code     0  libinit2.o(.ARM.Collect$$libinit$$0000001D)
    __rt_lib_init_stdio_2                    0x10000147   Thumb Code     0  libinit2.o(.ARM.Collect$$libinit$$00000024)
    __rt_lib_init_user_alloc_1               0x10000147   Thumb Code     0  libinit2.o(.ARM.Collect$$libinit$$0000000C)
    __rt_lib_init_alloca_1                   0x1000014b   Thumb Code     0  libinit2.o(.ARM.Collect$$libinit$$0000002E)
    __rt_lib_init_argv_1                     0x1000014b   Thumb Code     0  libinit2.o(.ARM.Collect$$libinit$$0000002C)
    __rt_lib_init_cpp_1                      0x1000014b   Thumb Code     0  libinit2.o(.ARM.Collect$$libinit$$00000032)
    __rt_lib_init_exceptions_1               0x1000014b   Thumb Code     0  libinit2.o(.ARM.Collect$$libinit$$00000030)
    __rt_lib_init_return                     0x1000014b   Thumb Code     0  libinit2.o(.ARM.Collect$$libinit$$00000033)
    __rt_lib_init_stdio_1                    0x1000014b   Thumb Code     0  libinit2.o(.ARM.Collect$$libinit$$00000025)
    __rt_lib_shutdown                        0x1000014d   Thumb Code     0  libshutdown.o(.ARM.Collect$$libshutdown$$00000000)
    __rt_lib_shutdown_cpp_1                  0x1000014f   Thumb Code     0  libshutdown2.o(.ARM.Collect$$libshutdown$$00000002)
    __rt_lib_shutdown_stdio_2                0x1000014f   Thumb Code     0  libshutdown2.o(.ARM.Collect$$libshutdown$$00000003)
    __rt_lib_shutdown_fp_trap_1              0x10000153   Thumb Code     0  libshutdown2.o(.ARM.Collect$$libshutdown$$00000007)
    __rt_lib_shutdown_heap_1                 0x10000153   Thumb Code     0  libshutdown2.o(.ARM.Collect$$libshutdown$$0000000F)
    __rt_lib_shutdown_return                 0x10000153   Thumb Code     0  libshutdown2.o(.ARM.Collect$$libshutdown$$00000010)
    __rt_lib_shutdown_signal_1               0x10000153   Thumb Code     0  libshutdown2.o(.ARM.Collect$$libshutdown$$0000000A)
    __rt_lib_shutdown_stdio_1                0x10000153   Thumb Code     0  libshutdown2.o(.ARM.Collect$$libshutdown$$00000004)
    __rt_lib_shutdown_user_alloc_1           0x10000153   Thumb Code     0  libshutdown2.o(.ARM.Collect$$libshutdown$$0000000C)
    __rt_entry                               0x10000155   Thumb Code     0  __rtentry.o(.ARM.Collect$$rtentry$$00000000)
    __rt_entry_presh_1                       0x10000155   Thumb Code     0  __rtentry2.o(.ARM.Collect$$rtentry$$00000002)
    __rt_entry_sh                            0x10000155   Thumb Code     0  __rtentry4.o(.ARM.Collect$$rtentry$$00000004)
    __rt_entry_li                            0x1000015b   Thumb Code     0  __rtentry2.o(.ARM.Collect$$rtentry$$0000000A)
    __rt_entry_postsh_1                      0x1000015b   Thumb Code     0  __rtentry2.o(.ARM.Collect$$rtentry$$00000009)
    __rt_entry_main                          0x1000015f   Thumb Code     0  __rtentry2.o(.ARM.Collect$$rtentry$$0000000D)
    __rt_entry_postli_1                      0x1000015f   Thumb Code     0  __rtentry2.o(.ARM.Collect$$rtentry$$0000000C)
    __rt_exit                                0x10000167   Thumb Code     0  rtexit.o(.ARM.Collect$$rtexit$$00000000)
    __rt_exit_ls                             0x10000169   Thumb Code     0  rtexit2.o(.ARM.Collect$$rtexit$$00000003)
    __rt_exit_prels_1                        0x10000169   Thumb Code     0  rtexit2.o(.ARM.Collect$$rtexit$$00000002)
    __rt_exit_exit                           0x1000016d   Thumb Code     0  rtexit2.o(.ARM.Collect$$rtexit$$00000004)
    B01_correct_TXPacket_length              0x10000175   Thumb Code     6  rom.o(.emb_text)
    __aeabi_memcpy4                          0x1000017d   Thumb Code    56  rt_memcpy.o(.emb_text)
    __aeabi_memcpy8                          0x1000017d   Thumb Code     0  rt_memcpy.o(.emb_text)
    _maybe_terminate_alloc                   0x100001b5   Thumb Code     0  maybetermalloc1.o(.emb_text)
    BLE_SendData                             0x10000215   Thumb Code    50  main.o(.text)
    BLSetConnectionUpdate                    0x10000247   Thumb Code   186  main.o(.text)
    ble_evt_callback                         0x100004a1   Thumb Code   888  main.o(.text)
    uart_to_ble_transfer                     0x1000091d   Thumb Code   156  main.o(.text)
    ble_to_uart_transfer                     0x100009b9   Thumb Code    34  main.o(.text)
    timer_uart_wait                          0x100009db   Thumb Code    46  main.o(.text)
    Timer_Module_Init                        0x10000a09   Thumb Code    30  main.o(.text)
    gpio_init                                0x10000a27   Thumb Code   146  main.o(.text)
    ble_uart_init                            0x10000ab9   Thumb Code   422  main.o(.text)
    main                                     0x10000c5f   Thumb Code   192  main.o(.text)
    gpi_irq_set_cb                           0x10000db1   Thumb Code     6  gpio.o(.text)
    gpi_config                               0x10000db7   Thumb Code   114  gpio.o(.text)
    pad_input_configure                      0x10000e29   Thumb Code    94  gpio.o(.text)
    gpo_config                               0x10000e87   Thumb Code    90  gpio.o(.text)
    gpo_toggle                               0x10000ee1   Thumb Code    42  gpio.o(.text)
    gpo_set                                  0x10000f0b   Thumb Code    42  gpio.o(.text)
    gpo_clr                                  0x10000f35   Thumb Code    42  gpio.o(.text)
    gpi_get_val                              0x10000f5f   Thumb Code    70  gpio.o(.text)
    gpi_enable_int                           0x10000fa5   Thumb Code   162  gpio.o(.text)
    gpi_disable_int                          0x10001047   Thumb Code    44  gpio.o(.text)
    GPIO_IRQHandler                          0x10001073   Thumb Code   134  gpio.o(.text)
    pad_mux_read                             0x10001109   Thumb Code    62  pad_mux_ctrl.o(.text)
    pad_mux_write                            0x10001147   Thumb Code    78  pad_mux_ctrl.o(.text)
    uart_0_init                              0x10001199   Thumb Code   134  uart.o(.text)
    UART0_IRQHandler                         0x1000121f   Thumb Code    58  uart.o(.text)
    uart_1_init                              0x10001259   Thumb Code   112  uart.o(.text)
    UART1_IRQHandler                         0x100012c9   Thumb Code    60  uart.o(.text)
    uart_write                               0x10001305   Thumb Code    80  uart.o(.text)
    uart_read                                0x10001355   Thumb Code    20  uart.o(.text)
    uart_queue_size                          0x10001369   Thumb Code    56  uart.o(.text)
    uart_get_ctrl                            0x100013a1   Thumb Code    18  uart.o(.text)
    queue_init                               0x100013e9   Thumb Code    12  queue.o(.text)
    queue_reset                              0x100013f5   Thumb Code     6  queue.o(.text)
    enqueue_all                              0x100013fb   Thumb Code    94  queue.o(.text)
    enqueue                                  0x10001459   Thumb Code    28  queue.o(.text)
    dequeue                                  0x10001475   Thumb Code    42  queue.o(.text)
    is_queue_empty                           0x1000149f   Thumb Code    18  queue.o(.text)
    queue_size                               0x100014b1   Thumb Code    24  queue.o(.text)
    TIMER0_IRQHandler                        0x100014c9   Thumb Code    36  timer.o(.text)
    TIMER1_IRQHandler                        0x100014ed   Thumb Code    36  timer.o(.text)
    TIMER2_IRQHandler                        0x10001511   Thumb Code    36  timer.o(.text)
    TIMER3_IRQHandler                        0x10001535   Thumb Code    36  timer.o(.text)
    TIMER4_IRQHandler                        0x10001559   Thumb Code    36  timer.o(.text)
    is_timer_enabled                         0x1000157d   Thumb Code    16  timer.o(.text)
    timer_enable                             0x1000158d   Thumb Code   186  timer.o(.text)
    timer_disable                            0x10001647   Thumb Code    44  timer.o(.text)
    timer_state_get                          0x10001673   Thumb Code    16  timer.o(.text)
    ota_cmd                                  0x100017b1   Thumb Code    88  ota.o(.text)
    ota_rsp                                  0x10001809   Thumb Code    34  ota.o(.text)
    SEGGER_RTT_ReadNoLock                    0x1000199b   Thumb Code   168  segger_rtt.o(.text)
    SEGGER_RTT_Read                          0x10001a43   Thumb Code    50  segger_rtt.o(.text)
    SEGGER_RTT_WriteWithOverwriteNoLock      0x10001a75   Thumb Code   170  segger_rtt.o(.text)
    SEGGER_RTT_WriteSkipNoLock               0x10001b1f   Thumb Code   178  segger_rtt.o(.text)
    SEGGER_RTT_WriteNoLock                   0x10001bd1   Thumb Code   170  segger_rtt.o(.text)
    SEGGER_RTT_Write                         0x10001c7b   Thumb Code    66  segger_rtt.o(.text)
    SEGGER_RTT_WriteString                   0x10001cbd   Thumb Code    26  segger_rtt.o(.text)
    SEGGER_RTT_PutCharSkipNoLock             0x10001cd7   Thumb Code    50  segger_rtt.o(.text)
    SEGGER_RTT_PutCharSkip                   0x10001d09   Thumb Code    94  segger_rtt.o(.text)
    SEGGER_RTT_PutChar                       0x10001d67   Thumb Code   108  segger_rtt.o(.text)
    SEGGER_RTT_GetKey                        0x10001dd3   Thumb Code    32  segger_rtt.o(.text)
    SEGGER_RTT_WaitKey                       0x10001df3   Thumb Code    14  segger_rtt.o(.text)
    SEGGER_RTT_HasKey                        0x10001e01   Thumb Code    38  segger_rtt.o(.text)
    SEGGER_RTT_HasData                       0x10001e27   Thumb Code    22  segger_rtt.o(.text)
    SEGGER_RTT_AllocDownBuffer               0x10001e3d   Thumb Code   164  segger_rtt.o(.text)
    SEGGER_RTT_AllocUpBuffer                 0x10001ee1   Thumb Code   164  segger_rtt.o(.text)
    SEGGER_RTT_ConfigUpBuffer                0x10001f85   Thumb Code   142  segger_rtt.o(.text)
    SEGGER_RTT_ConfigDownBuffer              0x10002013   Thumb Code   146  segger_rtt.o(.text)
    SEGGER_RTT_SetNameUpBuffer               0x100020a5   Thumb Code    80  segger_rtt.o(.text)
    SEGGER_RTT_SetNameDownBuffer             0x100020f5   Thumb Code    78  segger_rtt.o(.text)
    SEGGER_RTT_SetFlagsUpBuffer              0x10002143   Thumb Code    82  segger_rtt.o(.text)
    SEGGER_RTT_SetFlagsDownBuffer            0x10002195   Thumb Code    80  segger_rtt.o(.text)
    SEGGER_RTT_Init                          0x100021e5   Thumb Code     8  segger_rtt.o(.text)
    SEGGER_RTT_SetTerminal                   0x100021ed   Thumb Code   140  segger_rtt.o(.text)
    SEGGER_RTT_TerminalOut                   0x10002279   Thumb Code   248  segger_rtt.o(.text)
    SEGGER_RTT_vprintf                       0x100025e7   Thumb Code   536  segger_rtt_printf.o(.text)
    SEGGER_RTT_printf                        0x100027ff   Thumb Code    36  segger_rtt_printf.o(.text)
    SEGGER_RTT_hexdump                       0x10002823   Thumb Code   148  segger_rtt_printf.o(.text)
    _ttywrch                                 0x100028bd   Thumb Code    20  segger_rtt_syscalls_keil.o(.text)
    _sys_open                                0x100028d1   Thumb Code    44  segger_rtt_syscalls_keil.o(.text)
    _sys_close                               0x100028fd   Thumb Code     6  segger_rtt_syscalls_keil.o(.text)
    _sys_write                               0x10002903   Thumb Code    34  segger_rtt_syscalls_keil.o(.text)
    _sys_read                                0x10002925   Thumb Code     8  segger_rtt_syscalls_keil.o(.text)
    _sys_istty                               0x1000292d   Thumb Code    18  segger_rtt_syscalls_keil.o(.text)
    _sys_seek                                0x1000293f   Thumb Code     6  segger_rtt_syscalls_keil.o(.text)
    _sys_ensure                              0x10002945   Thumb Code     8  segger_rtt_syscalls_keil.o(.text)
    _sys_flen                                0x1000294d   Thumb Code     6  segger_rtt_syscalls_keil.o(.text)
    _sys_tmpnam                              0x10002953   Thumb Code     6  segger_rtt_syscalls_keil.o(.text)
    _sys_command_string                      0x10002959   Thumb Code     2  segger_rtt_syscalls_keil.o(.text)
    _sys_exit                                0x1000295b   Thumb Code     4  segger_rtt_syscalls_keil.o(.text)
    Reset_Handler                            0x10002971   Thumb Code     8  startup_armcm0.o(.text)
    NMI_Handler                              0x10002979   Thumb Code     2  startup_armcm0.o(.text)
    HardFault_Handler                        0x1000297b   Thumb Code     2  startup_armcm0.o(.text)
    SVC_Handler                              0x1000297d   Thumb Code     2  startup_armcm0.o(.text)
    PendSV_Handler                           0x1000297f   Thumb Code     2  startup_armcm0.o(.text)
    SysTick_Handler                          0x10002981   Thumb Code     2  startup_armcm0.o(.text)
    CAPDET_IRQHandler                        0x10002983   Thumb Code     0  startup_armcm0.o(.text)
    GPADC_IRQHandler                         0x10002983   Thumb Code     0  startup_armcm0.o(.text)
    I2CM0_IRQHandler                         0x10002983   Thumb Code     0  startup_armcm0.o(.text)
    I2CM1_IRQHandler                         0x10002983   Thumb Code     0  startup_armcm0.o(.text)
    I2CS_IRQHandler                          0x10002983   Thumb Code     0  startup_armcm0.o(.text)
    I2S_IRQHandler                           0x10002983   Thumb Code     0  startup_armcm0.o(.text)
    INTCOMB_IRQHandler                       0x10002983   Thumb Code     0  startup_armcm0.o(.text)
    IR_IRQHandler                            0x10002983   Thumb Code     0  startup_armcm0.o(.text)
    ISO_7816_IRQHandler                      0x10002983   Thumb Code     0  startup_armcm0.o(.text)
    LLC2_IRQHandler                          0x10002983   Thumb Code     0  startup_armcm0.o(.text)
    LLC3_IRQHandler                          0x10002983   Thumb Code     0  startup_armcm0.o(.text)
    M2M_IRQHandler                           0x10002983   Thumb Code     0  startup_armcm0.o(.text)
    PDM_IRQHandler                           0x10002983   Thumb Code     0  startup_armcm0.o(.text)
    PWM1_IRQHandler                          0x10002983   Thumb Code     0  startup_armcm0.o(.text)
    PWM2_IRQHandler                          0x10002983   Thumb Code     0  startup_armcm0.o(.text)
    PWM3_IRQHandler                          0x10002983   Thumb Code     0  startup_armcm0.o(.text)
    RTC_IRQHandler                           0x10002983   Thumb Code     0  startup_armcm0.o(.text)
    SPIM_IRQHandler                          0x10002983   Thumb Code     0  startup_armcm0.o(.text)
    SPIS_IRQHandler                          0x10002983   Thumb Code     0  startup_armcm0.o(.text)
    SW_IRQHandler                            0x10002983   Thumb Code     0  startup_armcm0.o(.text)
    TRNG_IRQHandler                          0x10002983   Thumb Code     0  startup_armcm0.o(.text)
    UART2_IRQHandler                         0x10002983   Thumb Code     0  startup_armcm0.o(.text)
    WDT_IRQHandler                           0x10002983   Thumb Code     0  startup_armcm0.o(.text)
    __user_initial_stackheap                 0x10002985   Thumb Code    10  startup_armcm0.o(.text)
    SystemCoreClockUpdate                    0x100029a9   Thumb Code     8  system_armcm0.o(.text)
    SystemInit                               0x100029b1   Thumb Code     8  system_armcm0.o(.text)
    sw_timer_update_callback                 0x100029c1   Thumb Code    20  main.o(.text)
    gap_s_ble_init                           0x100029d5   Thumb Code    18  main.o(.text)
    gap_s_disconnect                         0x100029e7   Thumb Code     8  main.o(.text)
    gap_s_validate_irk                       0x100029ef   Thumb Code     6  main.o(.text)
    gap_s_ble_gen_random_private_address     0x100029f5   Thumb Code     6  main.o(.text)
    gap_s_ble_address_set                    0x100029fb   Thumb Code     6  main.o(.text)
    gap_s_ble_address_get                    0x10002a01   Thumb Code     4  main.o(.text)
    gap_s_ble_feature_set                    0x10002a05   Thumb Code     6  main.o(.text)
    gap_s_ble_feature_get                    0x10002a0b   Thumb Code     6  main.o(.text)
    gap_s_ble_slave_feature_set              0x10002a11   Thumb Code     6  main.o(.text)
    gap_s_ble_slave_feature_get              0x10002a17   Thumb Code     6  main.o(.text)
    gap_s_adv_access_code_set                0x10002a1d   Thumb Code     6  main.o(.text)
    gap_s_adv_access_code_get                0x10002a23   Thumb Code     6  main.o(.text)
    gap_s_adv_parameters_set                 0x10002a29   Thumb Code     6  main.o(.text)
    gap_s_adv_data_set                       0x10002a2f   Thumb Code    10  main.o(.text)
    gap_s_adv_start                          0x10002a39   Thumb Code     6  main.o(.text)
    gap_s_adv_stop                           0x10002a3f   Thumb Code     4  main.o(.text)
    gap_s_adv_start_powersaving              0x10002a43   Thumb Code   610  main.o(.text)
    gap_s_adv_stop_powersaving               0x10002ca5   Thumb Code    32  main.o(.text)
    gap_s_scan_parameters_set                0x10002cc5   Thumb Code     6  main.o(.text)
    gap_s_scan_start                         0x10002ccb   Thumb Code     6  main.o(.text)
    gap_s_scan_stop                          0x10002cd1   Thumb Code     4  main.o(.text)
    gap_s_coex_adv_data_set                  0x10002cd5   Thumb Code    14  main.o(.text)
    gap_s_coex_scan_rsp_data_set             0x10002ce3   Thumb Code    12  main.o(.text)
    gap_s_coex_adv_start                     0x10002cef   Thumb Code     8  main.o(.text)
    gap_s_coex_adv_stop                      0x10002cf7   Thumb Code     8  main.o(.text)
    gap_s_coex_scan_req_data_set             0x10002cff   Thumb Code     6  main.o(.text)
    gap_s_coex_scan_start                    0x10002d05   Thumb Code     4  main.o(.text)
    gap_s_coex_scan_stop                     0x10002d09   Thumb Code     6  main.o(.text)
    gap_s_gatt_profiles_set                  0x10002d0f   Thumb Code     6  main.o(.text)
    gap_s_security_parameters_set            0x10002d15   Thumb Code     6  main.o(.text)
    gap_s_security_parameters_get            0x10002d1b   Thumb Code     6  main.o(.text)
    gap_s_security_req                       0x10002d21   Thumb Code     6  main.o(.text)
    gap_s_numeric_comrison                   0x10002d27   Thumb Code     8  main.o(.text)
    gap_s_connection_param_set               0x10002d2f   Thumb Code     6  main.o(.text)
    gap_s_connection_param_get               0x10002d35   Thumb Code     4  main.o(.text)
    gap_s_connection_update                  0x10002d39   Thumb Code     6  main.o(.text)
    gap_s_link_parameters_get                0x10002d3f   Thumb Code     6  main.o(.text)
    gap_s_passkey_set                        0x10002d45   Thumb Code     8  main.o(.text)
    gap_s_connection_latency_mode            0x10002d4d   Thumb Code     8  main.o(.text)
    gap_s_check_fifo_sz                      0x10002d55   Thumb Code     6  main.o(.text)
    BBCheckTXFIFOEmpty                       0x10002d5b   Thumb Code    12  main.o(.text)
    sw_timer_latency_callback                0x10002d67   Thumb Code   138  main.o(.text)
    smart_latency_start                      0x10002df1   Thumb Code   186  main.o(.text)
    smart_latency_clear                      0x10002eab   Thumb Code    12  main.o(.text)
    gap_evt_Callback                         0x10002eb7   Thumb Code   332  main.o(.text)
    gap_s_evt_handler_set                    0x10003003   Thumb Code    32  main.o(.text)
    gap_s_att_c_evt_handler_set              0x10003023   Thumb Code     6  main.o(.text)
    gap_s_gatt_report_handle_get             0x10003029   Thumb Code     6  main.o(.text)
    gap_s_gatt_read_rsp_set                  0x1000302f   Thumb Code     6  main.o(.text)
    gap_s_gatt_write_err_rsp_set             0x10003035   Thumb Code     6  main.o(.text)
    indicate_queue_size                      0x1000303b   Thumb Code    26  main.o(.text)
    sw_indicate_timer_callback               0x10003055   Thumb Code    22  main.o(.text)
    gap_s_gatt_data_send                     0x1000306b   Thumb Code    38  main.o(.text)
    gap_s_gatt_data_send_report_confirmation_handle 0x10003091   Thumb Code   112  main.o(.text)
    gap_s_profile_data_read                  0x10003101   Thumb Code    44  main.o(.text)
    gap_s_profile_data_write                 0x10003181   Thumb Code   212  main.o(.text)
    att_c_mtureq                             0x10003255   Thumb Code     4  main.o(.text)
    att_c_findinforeq                        0x10003259   Thumb Code     6  main.o(.text)
    att_c_findbytypevaluereq                 0x1000325f   Thumb Code    14  main.o(.text)
    att_c_readbytypereq                      0x1000326d   Thumb Code    12  main.o(.text)
    att_c_readreq                            0x10003279   Thumb Code     6  main.o(.text)
    att_c_readblobreq                        0x1000327f   Thumb Code     6  main.o(.text)
    att_c_readmultiplereq                    0x10003285   Thumb Code     6  main.o(.text)
    att_c_readbygrouptypereq                 0x1000328b   Thumb Code    12  main.o(.text)
    att_c_writereq                           0x10003297   Thumb Code     6  main.o(.text)
    att_c_writecmdreq                        0x1000329d   Thumb Code     6  main.o(.text)
    att_c_preparewritereq                    0x100032a3   Thumb Code    12  main.o(.text)
    att_c_executewritereq                    0x100032af   Thumb Code     6  main.o(.text)
    att_c_confirmation                       0x100032b5   Thumb Code     6  main.o(.text)
    bm_s_bond_manager_idx_set                0x100032bb   Thumb Code     6  main.o(.text)
    bm_s_bond_manager_idx_get                0x100032c1   Thumb Code     4  main.o(.text)
    bm_s_bond_info_get                       0x100032c5   Thumb Code     6  main.o(.text)
    bm_s_bond_info_add                       0x100032cb   Thumb Code     6  main.o(.text)
    bm_s_bond_info_delete_all                0x100032d1   Thumb Code     6  main.o(.text)
    bm_s_bond_info_delete                    0x100032d7   Thumb Code     6  main.o(.text)
    ecdh_public_key_get                      0x100032dd   Thumb Code     4  main.o(.text)
    sys_mcu_clock_get                        0x100032e1   Thumb Code     6  main.o(.text)
    sys_mcu_clock_set                        0x100032e7   Thumb Code     8  main.o(.text)
    sys_mcu_clock_div_set                    0x100032ef   Thumb Code     6  main.o(.text)
    sys_mcu_clock_div_get                    0x100032f5   Thumb Code     6  main.o(.text)
    sys_32k_clock_get                        0x100032fb   Thumb Code     6  main.o(.text)
    sys_32k_clock_set                        0x10003301   Thumb Code     8  main.o(.text)
    pmu_32m_xo_on                            0x10003309   Thumb Code     4  main.o(.text)
    sys_32k_lpo_calibration                  0x1000330d   Thumb Code    66  main.o(.text)
    sys_mcu_rc_calibration                   0x1000334f   Thumb Code     8  main.o(.text)
    pmu_32m_xo_off                           0x10003357   Thumb Code     6  main.o(.text)
    BBRFWrite                                0x1000335d   Thumb Code     4  main.o(.text)
    BBRFRead                                 0x10003361   Thumb Code     6  main.o(.text)
    sys_mcu_rc_calibrationHF                 0x10003367   Thumb Code    82  main.o(.text)
    pmu_wakeup_config                        0x100033b9   Thumb Code     6  main.o(.text)
    pmu_power_saving                         0x100033bf   Thumb Code    10  main.o(.text)
    pmu_mcu_off                              0x100033c9   Thumb Code     6  main.o(.text)
    pmu_system_off                           0x100033cf   Thumb Code     6  main.o(.text)
    pmu_reset                                0x100033d5   Thumb Code     6  main.o(.text)
    pmu_system_reset                         0x100033db   Thumb Code     6  main.o(.text)
    pmu_mcu_reset                            0x100033e1   Thumb Code     6  main.o(.text)
    pmu_32m_xo_on_polling                    0x100033e7   Thumb Code    18  main.o(.text)
    _enable_sw_ccm                           0x100033f9   Thumb Code     6  main.o(.text)
    ota_code_erase                           0x100033ff   Thumb Code   344  main.o(.text)
    ota_code_write                           0x10003557   Thumb Code     6  main.o(.text)
    ota_code_read                            0x1000355d   Thumb Code     4  main.o(.text)
    ota_code_info_read                       0x10003561   Thumb Code    12  main.o(.text)
    ota_code_update                          0x1000356d   Thumb Code    10  main.o(.text)
    ble_sched_execute                        0x10003577   Thumb Code   250  main.o(.text)
    sys_rc_get                               0x10003671   Thumb Code     4  main.o(.text)
    sys_fclk_get                             0x10003675   Thumb Code     6  main.o(.text)
    sys_pclk_get                             0x1000367b   Thumb Code     6  main.o(.text)
    sys_sclk_get                             0x10003681   Thumb Code     6  main.o(.text)
    sys_hclk_get                             0x10003687   Thumb Code     6  main.o(.text)
    gpadc_init                               0x1000368d   Thumb Code    22  main.o(.text)
    pdm_set_amic_gain                        0x100036a3   Thumb Code    58  main.o(.text)
    att_c_get_mtu_size                       0x100036dd   Thumb Code    18  main.o(.text)
    capdet_set_bias                          0x100036ef   Thumb Code    56  main.o(.text)
    capdet_get_bias                          0x10003727   Thumb Code    40  main.o(.text)
    module_clock_off                         0x1000374f   Thumb Code    14  main.o(.text)
    module_clock_on                          0x1000375d   Thumb Code    14  main.o(.text)
    ll_length_req                            0x1000376b   Thumb Code    24  main.o(.text)
    get_pmu_reset_type                       0x10003783   Thumb Code     4  main.o(.text)
    reset_module                             0x10003787   Thumb Code    36  main.o(.text)
    SystemSleep                              0x100037ab   Thumb Code    50  main.o(.text)
    ble_flash_authority                      0x100037dd   Thumb Code    88  main.o(.text)
    ble_flash_erase                          0x10003835   Thumb Code    12  main.o(.text)
    ble_flash_read                           0x10003841   Thumb Code    32  main.o(.text)
    ble_flash_write                          0x10003861   Thumb Code    14  main.o(.text)
    ble_flash_write_burst                    0x1000386f   Thumb Code    14  main.o(.text)
    _checksum_cache_496kb                    0x1000387d   Thumb Code   110  main.o(.text)
    ota_code_update_496kb                    0x100038eb   Thumb Code   204  main.o(.text)
    gap_s_smart_update_latency               0x100039b7   Thumb Code   370  main.o(.text)
    smart_update_latency_updatareq           0x10003b29   Thumb Code   298  main.o(.text)
    syd8821_chip_confirm                     0x10003c53   Thumb Code    24  main.o(.text)
    APPtimer_enable                          0x10003c6b   Thumb Code    26  main.o(.text)
    APPtimer_disable                         0x10003c85   Thumb Code    24  main.o(.text)
    sched_callback_enable                    0x10003c9d   Thumb Code    26  main.o(.text)
    gap_s_adv_state_get                      0x10003cb7   Thumb Code     8  main.o(.text)
    gap_s_att_mtu_get                        0x10003cbf   Thumb Code    18  main.o(.text)
    ble_SetTxPower                           0x10003cd1   Thumb Code   470  main.o(.text)
    ll_set_replying_packet_timer             0x10003ea7   Thumb Code    10  main.o(.text)
    amic_set_bias                            0x10003eb1   Thumb Code   124  main.o(.text)
    gap_s_verdor_datas_get                   0x10003f2d   Thumb Code    26  main.o(.text)
    gap_s_verdor_datas_set                   0x10003f47   Thumb Code    78  main.o(.text)
    systemtick_delay                         0x10003f95   Thumb Code    34  main.o(.text)
    Setting4kUpdate                          0x10003fb7   Thumb Code   136  main.o(.text)
    SetDevAddr_toflash                       0x1000403f   Thumb Code    72  main.o(.text)
    flash_peotect_key_confirm                0x10004087   Thumb Code   126  main.o(.text)
    Confirm_NumericComrison                  0x10004129   Thumb Code    12  rom.o(.text)
    SmpRxPairingConfirm                      0x10004135   Thumb Code   210  rom.o(.text)
    SmpRxPairingRandom                       0x10004207   Thumb Code   652  rom.o(.text)
    SmpPairingReq                            0x10004493   Thumb Code   450  rom.o(.text)
    SmpPairingPublicKey                      0x10004655   Thumb Code   146  rom.o(.text)
    SmpPasskeyEntry                          0x100046e7   Thumb Code   226  rom.o(.text)
    PreCkQueSz                               0x100047c9   Thumb Code   146  rom.o(.text)
    AttNotify                                0x1000485b   Thumb Code    56  rom.o(.text)
    AttIndication                            0x10004893   Thumb Code    56  rom.o(.text)
    HW_LLC_Sleep_WorkAround                  0x10004fc5   Thumb Code    54  rom.o(.text)
    HW_WindowOffsetWorkAround                0x10004ffb   Thumb Code    68  rom.o(.text)
    LLLengthRsp                              0x1000503f   Thumb Code   194  rom.o(.text)
    LLLengthReq                              0x10005101   Thumb Code   300  rom.o(.text)
    rvereseArray                             0x1000522d   Thumb Code    26  rom.o(.text)
    LLStartENCReq                            0x10005247   Thumb Code   152  rom.o(.text)
    LLRxStartENCRsp                          0x100056e1   Thumb Code     2  rom.o(.text)
    Protocol_Hook_Callback                   0x100056e3   Thumb Code   374  rom.o(.text)
    B01_Hook_Callback                        0x10005859   Thumb Code    44  rom.o(.text)
    _rom_init                                0x10005885   Thumb Code    78  rom.o(.text)
    LLTerminateReq                           0x100058d3   Thumb Code   120  rom.o(.text)
    _rom_gap_s_disconnect                    0x1000594b   Thumb Code    32  rom.o(.text)
    _rom_sys_32k_lpo_calibration             0x1000596b   Thumb Code   134  rom.o(.text)
    _sys_32k_lpo_calibration                 0x100059f1   Thumb Code   136  rom.o(.text)
    _rom_sys_32k_clock_set                   0x10005a79   Thumb Code   118  rom.o(.text)
    _rom_gap_s_gatt_data_send                0x10005aef   Thumb Code    72  rom.o(.text)
    _rom_gap_s_coex_adv_start                0x10005b37   Thumb Code    56  rom.o(.text)
    _rom_gap_s_coex_adv_stop                 0x10005b6f   Thumb Code    40  rom.o(.text)
    BBRXFIFORead                             0x10005b97   Thumb Code   494  rom.o(.text)
    LCTxPkt_Handler                          0x10005fb5   Thumb Code   288  rom.o(.text)
    ConnectionLost                           0x100060d5   Thumb Code   122  rom.o(.text)
    LLC_IRQHandler                           0x1000614f   Thumb Code   210  rom.o(.text)
    _sys_mcu_rc_calibration                  0x10006221   Thumb Code    54  rom.o(.text)
    _rom_sys_mcu_clock_div_get               0x10006257   Thumb Code    12  rom.o(.text)
    _rom_sys_mcu_clock_get                   0x10006263   Thumb Code     8  rom.o(.text)
    BBMCUClockSel                            0x1000626b   Thumb Code   206  rom.o(.text)
    _rom_sys_mcu_clock_set                   0x10006339   Thumb Code    14  rom.o(.text)
    _rom_ota_code_erase                      0x10006347   Thumb Code   116  rom.o(.text)
    _rom_gap_s_connection_latency_mode       0x100063bb   Thumb Code   168  rom.o(.text)
    RCOSC_validate                           0x10006585   Thumb Code    18  pmu.o(.text)
    syd8821_pmu_power_saving                 0x10006597   Thumb Code   386  pmu.o(.text)
    aes_ccm_encrypt                          0x10006acf   Thumb Code   114  aec-ccm.o(.text)
    aes_ccm_decrypt                          0x10006b41   Thumb Code   152  aec-ccm.o(.text)
    aes_ccm_verify                           0x10006bd9   Thumb Code    96  aec-ccm.o(.text)
    CCM_NONCE                                0x10006c39   Thumb Code    62  aec-ccm.o(.text)
    aes_encrypt                              0x1000755f   Thumb Code    24  aes.o(.text)
    aes_decrypt                              0x10007577   Thumb Code    26  aes.o(.text)
    __use_no_semihosting                     0x100075a5   Thumb Code     2  use_no_semi_2.o(.text)
    _do_fflush                               0x100075a9   Thumb Code    54  fflush.o(.text)
    fflush                                   0x100075df   Thumb Code    46  fflush.o(.text)
    memcmp                                   0x10007611   Thumb Code    90  memcmp.o(.text)
    strcpy                                   0x1000766d   Thumb Code    70  strcpy.o(.text)
    strlen                                   0x100076b9   Thumb Code    62  strlen.o(.text)
    __aeabi_memcpy                           0x100076fd   Thumb Code   130  rt_memcpy.o(.text)
    __rt_memcpy                              0x100076fd   Thumb Code     0  rt_memcpy.o(.text)
    _memset_w                                0x1000777f   Thumb Code    26  rt_memclr.o(.text)
    _memset                                  0x10007799   Thumb Code    30  rt_memclr.o(.text)
    __aeabi_memclr                           0x100077b7   Thumb Code     4  rt_memclr.o(.text)
    __rt_memclr                              0x100077b7   Thumb Code     0  rt_memclr.o(.text)
    __aeabi_memclr4                          0x100077bb   Thumb Code     0  rt_memclr.o(.text)
    __aeabi_memclr8                          0x100077bb   Thumb Code     0  rt_memclr.o(.text)
    __rt_memclr_w                            0x100077bb   Thumb Code     4  rt_memclr.o(.text)
    strcmp                                   0x100077c1   Thumb Code   132  strcmp.o(.text)
    __aeabi_uread4                           0x10007849   Thumb Code    34  uread4.o(.text)
    __rt_uread4                              0x10007849   Thumb Code     0  uread4.o(.text)
    __aeabi_uwrite4                          0x1000786b   Thumb Code    16  uwrite4.o(.text)
    __rt_uwrite4                             0x1000786b   Thumb Code     0  uwrite4.o(.text)
    __aeabi_uidiv                            0x1000787b   Thumb Code     0  aeabi_sdiv.o(.text)
    __aeabi_uidivmod                         0x1000787b   Thumb Code    20  aeabi_sdiv.o(.text)
    __aeabi_idiv                             0x1000788f   Thumb Code     0  aeabi_sdiv.o(.text)
    __aeabi_idivmod                          0x1000788f   Thumb Code   326  aeabi_sdiv.o(.text)
    __use_two_region_memory                  0x100079d5   Thumb Code     2  heapauxi.o(.text)
    __rt_heap_escrow                         0x100079d7   Thumb Code     2  heapauxi.o(.text)
    __rt_heap_expand                         0x100079d9   Thumb Code     2  heapauxi.o(.text)
    __aeabi_dadd                             0x10007cd5   Thumb Code     0  daddsub.o(.text)
    _dadd                                    0x10007cd5   Thumb Code    26  daddsub.o(.text)
    __aeabi_dsub                             0x10007cef   Thumb Code     0  daddsub.o(.text)
    _dsub                                    0x10007cef   Thumb Code    22  daddsub.o(.text)
    __aeabi_drsub                            0x10007d05   Thumb Code     0  daddsub.o(.text)
    _drsb                                    0x10007d05   Thumb Code    28  daddsub.o(.text)
    __aeabi_ddiv                             0x10007d35   Thumb Code     0  ddiv.o(.text)
    _ddiv                                    0x10007d35   Thumb Code  1072  ddiv.o(.text)
    _drdiv                                   0x10008165   Thumb Code    20  ddiv.o(.text)
    __aeabi_d2uiz                            0x1000817d   Thumb Code     0  dfixui.o(.text)
    _dfixu                                   0x1000817d   Thumb Code    68  dfixui.o(.text)
    __aeabi_i2d_normalise                    0x100081c5   Thumb Code    66  dflti.o(.text)
    __aeabi_i2d                              0x10008207   Thumb Code    16  dflti.o(.text)
    _dflt                                    0x10008207   Thumb Code     0  dflti.o(.text)
    __aeabi_ui2d                             0x10008217   Thumb Code     6  dflti.o(.text)
    _dfltu                                   0x10008217   Thumb Code     0  dflti.o(.text)
    __aeabi_dmul                             0x1000821d   Thumb Code     0  dmul.o(.text)
    _dmul                                    0x1000821d   Thumb Code   558  dmul.o(.text)
    __aeabi_f2d                              0x10008465   Thumb Code     0  f2d.o(.text)
    _f2d                                     0x10008465   Thumb Code    80  f2d.o(.text)
    __aeabi_i2f_normalise                    0x100084b9   Thumb Code    72  fflti.o(.text)
    __aeabi_i2f                              0x10008501   Thumb Code    16  fflti.o(.text)
    _fflt                                    0x10008501   Thumb Code     0  fflti.o(.text)
    __aeabi_ui2f                             0x10008511   Thumb Code     6  fflti.o(.text)
    _ffltu                                   0x10008511   Thumb Code     0  fflti.o(.text)
    __semihosting$guard                      0x10008517   Thumb Code     0  use_no_semi.o(.text)
    __use_no_semihosting_swi                 0x10008517   Thumb Code     2  use_no_semi.o(.text)
    __flsbuf                                 0x10008519   Thumb Code   486  flsbuf.o(.text)
    __flsbuf_byte                            0x10008519   Thumb Code     0  flsbuf.o(.text)
    __flsbuf_wide                            0x10008519   Thumb Code     0  flsbuf.o(.text)
    _fseek                                   0x10008709   Thumb Code   240  fseek.o(.text)
    fseek                                    0x10008709   Thumb Code     0  fseek.o(.text)
    _seterr                                  0x100087fd   Thumb Code    20  stdio.o(.text)
    _writebuf                                0x10008811   Thumb Code    76  stdio.o(.text)
    _fflush                                  0x1000885d   Thumb Code    76  stdio.o(.text)
    _deferredlazyseek                        0x100088a9   Thumb Code    60  stdio.o(.text)
    _initio                                  0x100088ed   Thumb Code   216  initio.o(.text)
    _terminateio                             0x100089c5   Thumb Code    56  initio.o(.text)
    malloc                                   0x10008a29   Thumb Code    98  h1_alloc.o(.text)
    free                                     0x10008a8b   Thumb Code    76  h1_free.o(.text)
    _ftell_internal                          0x10008ad7   Thumb Code    66  ftell.o(.text)
    ftell                                    0x10008ad7   Thumb Code     0  ftell.o(.text)
    setvbuf                                  0x10008b19   Thumb Code    72  setvbuf.o(.text)
    freopen                                  0x10008b65   Thumb Code   148  fopen.o(.text)
    fopen                                    0x10008bf9   Thumb Code    76  fopen.o(.text)
    _fclose_internal                         0x10008c4d   Thumb Code    72  fclose.o(.text)
    fclose                                   0x10008c4d   Thumb Code     0  fclose.o(.text)
    __rt_SIGRTRED                            0x10008c99   Thumb Code    12  defsig_rtred_outer.o(.text)
    __user_setup_stackheap                   0x10008ca5   Thumb Code    62  sys_stackheap_outer.o(.text)
    __rt_heap_descriptor                     0x10008ce5   Thumb Code     8  rt_heap_descriptor_intlibspace.o(.text)
    __aeabi_errno_addr                       0x10008ced   Thumb Code     8  rt_errno_addr_intlibspace.o(.text)
    __errno$intlibspace                      0x10008ced   Thumb Code     0  rt_errno_addr_intlibspace.o(.text)
    __rt_errno_addr$intlibspace              0x10008ced   Thumb Code     0  rt_errno_addr_intlibspace.o(.text)
    __use_no_heap                            0x10008cf5   Thumb Code     2  hguard.o(.text)
    __heap$guard                             0x10008cf7   Thumb Code     2  hguard.o(.text)
    _terminate_user_alloc                    0x10008cf9   Thumb Code     2  init_alloc.o(.text)
    _init_user_alloc                         0x10008cfb   Thumb Code     2  init_alloc.o(.text)
    __Heap_Full                              0x10008cfd   Thumb Code    32  init_alloc.o(.text)
    __Heap_Broken                            0x10008d1d   Thumb Code    10  init_alloc.o(.text)
    _init_alloc                              0x10008d27   Thumb Code    90  init_alloc.o(.text)
    __Heap_Initialize                        0x10008d81   Thumb Code    10  h1_init.o(.text)
    __Heap_DescSize                          0x10008d8b   Thumb Code     4  h1_init.o(.text)
    exit                                     0x10008d8f   Thumb Code    16  exit.o(.text)
    __sig_exit                               0x10008d9f   Thumb Code    12  defsig_exit.o(.text)
    __rt_SIGRTRED_inner                      0x10008dad   Thumb Code    14  defsig_rtred_inner.o(.text)
    __user_libspace                          0x10008de1   Thumb Code     8  libspace.o(.text)
    __user_perproc_libspace                  0x10008de1   Thumb Code     0  libspace.o(.text)
    __user_perthread_libspace                0x10008de1   Thumb Code     0  libspace.o(.text)
    __Heap_ProvideMemory                     0x10008de9   Thumb Code    52  h1_extend.o(.text)
    __default_signal_display                 0x10008e1d   Thumb Code    52  defsig_general.o(.text)
    __rt_SIGRTMEM                            0x10008e51   Thumb Code    12  defsig_rtmem_outer.o(.text)
    __rt_SIGRTMEM_inner                      0x10008e5d   Thumb Code    22  defsig_rtmem_inner.o(.text)
    syd8821_wfi                              0x10008ead   Thumb Code    66  pmu.o(PMU)
    __ARM_common_switch8                     0x10008ef9   Thumb Code    26  main.o(i.__ARM_common_switch8)
    fputc                                    0x10008f13   Thumb Code    30  fputc.o(i.fputc)
    __aeabi_fadd                             0x10008f31   Thumb Code     0  faddsub.o(x$fpl$fadd)
    _fadd                                    0x10008f31   Thumb Code   134  faddsub.o(x$fpl$fadd)
    __aeabi_fsub                             0x10008fbd   Thumb Code     0  faddsub.o(x$fpl$fsub)
    _fsub                                    0x10008fbd   Thumb Code   204  faddsub.o(x$fpl$fsub)
    __I$use$fp                               0x1000908c   Number         0  usenofp.o(x$fpl$usenofp)
    __stdin_name                             0x1000932a   Data           6  segger_rtt_syscalls_keil.o(.constdata)
    __stdout_name                            0x10009330   Data           7  segger_rtt_syscalls_keil.o(.constdata)
    __stderr_name                            0x10009337   Data           7  segger_rtt_syscalls_keil.o(.constdata)
    Region$$Table$$Base                      0x1000961c   Number         0  anon$$obj.o(Region$$Table)
    Region$$Table$$Limit                     0x1000963c   Number         0  anon$$obj.o(Region$$Table)
    GAP_Event                                0x20000000   Data           8  main.o(.data)
    connect_flag                             0x2000000e   Data           1  main.o(.data)
    update_latency_mode                      0x2000000f   Data           1  main.o(.data)
    latency_state                            0x20000010   Data           1  main.o(.data)
    timer_wait_cnt                           0x20000011   Data           1  main.o(.data)
    ADV_DATA                                 0x20000012   Data          28  main.o(.data)
    ADV_DATA_SZ                              0x2000002e   Data           2  main.o(.data)
    SCAN_DATA                                0x20000030   Data           1  main.o(.data)
    SCAN_DATA_SZ                             0x20000032   Data           2  main.o(.data)
    UART_CTRL                                0x20000050   Data           8  uart.o(.data)
    ota_state                                0x2000006c   Data           1  ota.o(.data)
    ota_writecnt                             0x2000006d   Data           1  ota.o(.data)
    pevt                                     0x20000074   Data           4  ota.o(.data)
    SystemCoreClock                          0x2000008c   Data           4  system_armcm0.o(.data)
    app_gap_evt_callback                     0x200000a0   Data           4  main.o(.data)
    enable_sw_ccm                            0x200000a6   Data           1  rom.o(.data)
    using_oob                                0x200000a7   Data           1  rom.o(.data)
    using_numeric_compairison                0x200000a8   Data           1  rom.o(.data)
    LL_Header                                0x200000aa   Data           1  rom.o(.data)
    isStartLlid                              0x200000ab   Data           1  rom.o(.data)
    LL_Header_len                            0x200000ac   Data           2  rom.o(.data)
    BB_CTRL                                  0x200000b0   Data           4  rom.o(.data)
    flash_hdr                                0x200000b4   Data           4  rom.o(.data)
    lclink                                   0x200000b8   Data           4  rom.o(.data)
    txpdu                                    0x200000bc   Data           4  rom.o(.data)
    flash                                    0x200000e8   Data           4  rom.o(.data)
    mic_len                                  0x200000ec   Data           4  rom.o(.data)
    l2capTmpBuf                              0x200000f0   Data           4  rom.o(.data)
    warning_report_evt                       0x200000f8   Data           5  rom.o(.data)
    att_handle_config_evt                    0x200000fd   Data           6  rom.o(.data)
    RxCounter                                0x20000103   Data           8  rom.o(.data)
    TxCounter                                0x2000010b   Data           8  rom.o(.data)
    __aeabi_stdin                            0x20000118   Data           4  stdio_streams.o(.data)
    __aeabi_stdout                           0x2000011c   Data           4  stdio_streams.o(.data)
    __aeabi_stderr                           0x20000120   Data           4  stdio_streams.o(.data)
    rx_queue                                 0x20000124   Data          32  uart.o(.bss)
    rx_buf                                   0x20000144   Data        1024  uart.o(.bss)
    ota_w                                    0x20000558   Data          40  ota.o(.bss)
    profile                                  0x20002590   Data        4096  main.o(.bss)
    smart_update_ctrol                       0x200035ce   Data          15  main.o(.bss)
    Nonce                                    0x200035e0   Data          13  rom.o(.bss)
    rxbuf                                    0x200035f0   Data         260  rom.o(.bss)
    encPayload                               0x200036f4   Data         260  rom.o(.bss)
    att_write_evt                            0x200037f8   Data         519  rom.o(.bss)
    __stdin                                  0x20003a10   Data          84  stdio_streams.o(.bss)
    __stdout                                 0x20003a64   Data          84  stdio_streams.o(.bss)
    __stderr                                 0x20003ab8   Data          84  stdio_streams.o(.bss)
    __libspace_start                         0x20003b0c   Data          96  libspace.o(.bss)
    __temporary_stack_top$libspace           0x20003b6c   Data           0  libspace.o(.bss)
    _SEGGER_RTT                              0x20027f00   Data         168  segger_rtt.o(.ARM.__AT_0x20027F00)



==============================================================================

Memory Map of the image

  Image Entry point : 0x100000c1

  Load Region LR_IROM1 (Base: 0x10000000, Size: 0x00009760, Max: 0x0003e000, ABSOLUTE)

    Execution Region ER_IROM1 (Base: 0x10000000, Size: 0x0000963c, Max: 0x0003e000, ABSOLUTE)

    Base Addr    Size         Type   Attr      Idx    E Section Name        Object

    0x10000000   0x000000c0   Data   RO          436    RESET               startup_armcm0.o
    0x100000c0   0x00000008   Code   RO          692  * !!!main             c_p.l(__main.o)
    0x100000c8   0x0000003c   Code   RO         1025    !!!scatter          c_p.l(__scatter.o)
    0x10000104   0x0000001a   Code   RO         1027    !!handler_copy      c_p.l(__scatter_copy.o)
    0x1000011e   0x00000002   PAD
    0x10000120   0x0000001c   Code   RO         1029    !!handler_zi        c_p.l(__scatter_zi.o)
    0x1000013c   0x00000002   Code   RO          958    .ARM.Collect$$libinit$$00000000  c_p.l(libinit.o)
    0x1000013e   0x00000000   Code   RO          840    .ARM.Collect$$libinit$$00000002  c_p.l(libinit2.o)
    0x1000013e   0x00000000   Code   RO          842    .ARM.Collect$$libinit$$00000004  c_p.l(libinit2.o)
    0x1000013e   0x00000008   Code   RO          843    .ARM.Collect$$libinit$$00000005  c_p.l(libinit2.o)
    0x10000146   0x00000000   Code   RO          845    .ARM.Collect$$libinit$$0000000A  c_p.l(libinit2.o)
    0x10000146   0x00000000   Code   RO          847    .ARM.Collect$$libinit$$0000000C  c_p.l(libinit2.o)
    0x10000146   0x00000000   Code   RO          849    .ARM.Collect$$libinit$$0000000E  c_p.l(libinit2.o)
    0x10000146   0x00000000   Code   RO          852    .ARM.Collect$$libinit$$00000011  c_p.l(libinit2.o)
    0x10000146   0x00000000   Code   RO          854    .ARM.Collect$$libinit$$00000013  c_p.l(libinit2.o)
    0x10000146   0x00000000   Code   RO          856    .ARM.Collect$$libinit$$00000015  c_p.l(libinit2.o)
    0x10000146   0x00000000   Code   RO          858    .ARM.Collect$$libinit$$00000017  c_p.l(libinit2.o)
    0x10000146   0x00000000   Code   RO          860    .ARM.Collect$$libinit$$00000019  c_p.l(libinit2.o)
    0x10000146   0x00000000   Code   RO          862    .ARM.Collect$$libinit$$0000001B  c_p.l(libinit2.o)
    0x10000146   0x00000000   Code   RO          864    .ARM.Collect$$libinit$$0000001D  c_p.l(libinit2.o)
    0x10000146   0x00000000   Code   RO          866    .ARM.Collect$$libinit$$0000001F  c_p.l(libinit2.o)
    0x10000146   0x00000000   Code   RO          868    .ARM.Collect$$libinit$$00000021  c_p.l(libinit2.o)
    0x10000146   0x00000000   Code   RO          870    .ARM.Collect$$libinit$$00000023  c_p.l(libinit2.o)
    0x10000146   0x00000004   Code   RO          871    .ARM.Collect$$libinit$$00000024  c_p.l(libinit2.o)
    0x1000014a   0x00000000   Code   RO          872    .ARM.Collect$$libinit$$00000025  c_p.l(libinit2.o)
    0x1000014a   0x00000000   Code   RO          876    .ARM.Collect$$libinit$$0000002C  c_p.l(libinit2.o)
    0x1000014a   0x00000000   Code   RO          878    .ARM.Collect$$libinit$$0000002E  c_p.l(libinit2.o)
    0x1000014a   0x00000000   Code   RO          880    .ARM.Collect$$libinit$$00000030  c_p.l(libinit2.o)
    0x1000014a   0x00000000   Code   RO          882    .ARM.Collect$$libinit$$00000032  c_p.l(libinit2.o)
    0x1000014a   0x00000002   Code   RO          883    .ARM.Collect$$libinit$$00000033  c_p.l(libinit2.o)
    0x1000014c   0x00000002   Code   RO         1023    .ARM.Collect$$libshutdown$$00000000  c_p.l(libshutdown.o)
    0x1000014e   0x00000000   Code   RO          885    .ARM.Collect$$libshutdown$$00000002  c_p.l(libshutdown2.o)
    0x1000014e   0x00000004   Code   RO          886    .ARM.Collect$$libshutdown$$00000003  c_p.l(libshutdown2.o)
    0x10000152   0x00000000   Code   RO          887    .ARM.Collect$$libshutdown$$00000004  c_p.l(libshutdown2.o)
    0x10000152   0x00000000   Code   RO          890    .ARM.Collect$$libshutdown$$00000007  c_p.l(libshutdown2.o)
    0x10000152   0x00000000   Code   RO          893    .ARM.Collect$$libshutdown$$0000000A  c_p.l(libshutdown2.o)
    0x10000152   0x00000000   Code   RO          895    .ARM.Collect$$libshutdown$$0000000C  c_p.l(libshutdown2.o)
    0x10000152   0x00000000   Code   RO          898    .ARM.Collect$$libshutdown$$0000000F  c_p.l(libshutdown2.o)
    0x10000152   0x00000002   Code   RO          899    .ARM.Collect$$libshutdown$$00000010  c_p.l(libshutdown2.o)
    0x10000154   0x00000000   Code   RO          717    .ARM.Collect$$rtentry$$00000000  c_p.l(__rtentry.o)
    0x10000154   0x00000000   Code   RO          739    .ARM.Collect$$rtentry$$00000002  c_p.l(__rtentry2.o)
    0x10000154   0x00000006   Code   RO          751    .ARM.Collect$$rtentry$$00000004  c_p.l(__rtentry4.o)
    0x1000015a   0x00000000   Code   RO          741    .ARM.Collect$$rtentry$$00000009  c_p.l(__rtentry2.o)
    0x1000015a   0x00000004   Code   RO          742    .ARM.Collect$$rtentry$$0000000A  c_p.l(__rtentry2.o)
    0x1000015e   0x00000000   Code   RO          744    .ARM.Collect$$rtentry$$0000000C  c_p.l(__rtentry2.o)
    0x1000015e   0x00000008   Code   RO          745    .ARM.Collect$$rtentry$$0000000D  c_p.l(__rtentry2.o)
    0x10000166   0x00000002   Code   RO          965    .ARM.Collect$$rtexit$$00000000  c_p.l(rtexit.o)
    0x10000168   0x00000000   Code   RO          993    .ARM.Collect$$rtexit$$00000002  c_p.l(rtexit2.o)
    0x10000168   0x00000004   Code   RO          994    .ARM.Collect$$rtexit$$00000003  c_p.l(rtexit2.o)
    0x1000016c   0x00000006   Code   RO          995    .ARM.Collect$$rtexit$$00000004  c_p.l(rtexit2.o)
    0x10000172   0x00000002   PAD
    0x10000174   0x00000006   Code   RO          522    .emb_text           syd8821_ble_slave.lib(rom.o)
    0x1000017a   0x00000002   PAD
    0x1000017c   0x00000038   Code   RO          674    .emb_text           c_p.l(rt_memcpy.o)
    0x100001b4   0x00000000   Code   RO          969    .emb_text           c_p.l(maybetermalloc1.o)
    0x100001b4   0x00000bfc   Code   RO            3    .text               main.o
    0x10000db0   0x00000358   Code   RO          105    .text               gpio.o
    0x10001108   0x00000090   Code   RO          165    .text               pad_mux_ctrl.o
    0x10001198   0x00000250   Code   RO          190    .text               uart.o
    0x100013e8   0x000000e0   Code   RO          250    .text               queue.o
    0x100014c8   0x000001c4   Code   RO          273    .text               timer.o
    0x1000168c   0x000001c4   Code   RO          299    .text               ota.o
    0x10001850   0x00000b2c   Code   RO          329    .text               segger_rtt.o
    0x1000237c   0x00000540   Code   RO          363    .text               segger_rtt_printf.o
    0x100028bc   0x000000b4   Code   RO          394    .text               segger_rtt_syscalls_keil.o
    0x10002970   0x00000038   Code   RO          437    .text               startup_armcm0.o
    0x100029a8   0x00000018   Code   RO          443    .text               system_armcm0.o
    0x100029c0   0x00001768   Code   RO          469    .text               syd8821_ble_slave.lib(main.o)
    0x10004128   0x0000245c   Code   RO          523    .text               syd8821_ble_slave.lib(rom.o)
    0x10006584   0x000001ac   Code   RO          558    .text               syd8821_ble_slave.lib(pmu.o)
    0x10006730   0x00000580   Code   RO          612    .text               syd8821_ble_slave.lib(aec-ccm.o)
    0x10006cb0   0x000008f4   Code   RO          635    .text               syd8821_ble_slave.lib(aes.o)
    0x100075a4   0x00000002   Code   RO          650    .text               c_p.l(use_no_semi_2.o)
    0x100075a6   0x00000002   PAD
    0x100075a8   0x00000068   Code   RO          652    .text               c_p.l(fflush.o)
    0x10007610   0x0000005a   Code   RO          668    .text               c_p.l(memcmp.o)
    0x1000766a   0x00000002   PAD
    0x1000766c   0x0000004c   Code   RO          670    .text               c_p.l(strcpy.o)
    0x100076b8   0x00000044   Code   RO          672    .text               c_p.l(strlen.o)
    0x100076fc   0x00000082   Code   RO          675    .text               c_p.l(rt_memcpy.o)
    0x1000777e   0x00000040   Code   RO          678    .text               c_p.l(rt_memclr.o)
    0x100077be   0x00000002   PAD
    0x100077c0   0x00000088   Code   RO          680    .text               c_p.l(strcmp.o)
    0x10007848   0x00000022   Code   RO          682    .text               c_p.l(uread4.o)
    0x1000786a   0x00000010   Code   RO          684    .text               c_p.l(uwrite4.o)
    0x1000787a   0x0000015a   Code   RO          686    .text               c_p.l(aeabi_sdiv.o)
    0x100079d4   0x00000006   Code   RO          690    .text               c_p.l(heapauxi.o)
    0x100079da   0x00000002   PAD
    0x100079dc   0x00000358   Code   RO          694    .text               fz_ps.l(daddsub.o)
    0x10007d34   0x00000448   Code   RO          696    .text               fz_ps.l(ddiv.o)
    0x1000817c   0x00000048   Code   RO          699    .text               fz_ps.l(dfixui.o)
    0x100081c4   0x00000058   Code   RO          701    .text               fz_ps.l(dflti.o)
    0x1000821c   0x00000248   Code   RO          703    .text               fz_ps.l(dmul.o)
    0x10008464   0x00000054   Code   RO          705    .text               fz_ps.l(f2d.o)
    0x100084b8   0x0000005e   Code   RO          713    .text               fz_ps.l(fflti.o)
    0x10008516   0x00000002   Code   RO          715    .text               c_p.l(use_no_semi.o)
    0x10008518   0x000001f0   Code   RO          722    .text               c_p.l(flsbuf.o)
    0x10008708   0x000000f4   Code   RO          724    .text               c_p.l(fseek.o)
    0x100087fc   0x000000f0   Code   RO          726    .text               c_p.l(stdio.o)
    0x100088ec   0x0000013c   Code   RO          729    .text               c_p.l(initio.o)
    0x10008a28   0x00000062   Code   RO          759    .text               c_p.l(h1_alloc.o)
    0x10008a8a   0x0000004c   Code   RO          761    .text               c_p.l(h1_free.o)
    0x10008ad6   0x00000042   Code   RO          817    .text               c_p.l(ftell.o)
    0x10008b18   0x0000004c   Code   RO          819    .text               c_p.l(setvbuf.o)
    0x10008b64   0x000000e8   Code   RO          823    .text               c_p.l(fopen.o)
    0x10008c4c   0x0000004c   Code   RO          825    .text               c_p.l(fclose.o)
    0x10008c98   0x0000000c   Code   RO          833    .text               c_p.l(defsig_rtred_outer.o)
    0x10008ca4   0x0000003e   Code   RO          900    .text               c_p.l(sys_stackheap_outer.o)
    0x10008ce2   0x00000002   PAD
    0x10008ce4   0x00000008   Code   RO          908    .text               c_p.l(rt_heap_descriptor_intlibspace.o)
    0x10008cec   0x00000008   Code   RO          913    .text               c_p.l(rt_errno_addr_intlibspace.o)
    0x10008cf4   0x00000004   Code   RO          915    .text               c_p.l(hguard.o)
    0x10008cf8   0x00000088   Code   RO          917    .text               c_p.l(init_alloc.o)
    0x10008d80   0x0000000e   Code   RO          921    .text               c_p.l(h1_init.o)
    0x10008d8e   0x00000010   Code   RO          939    .text               c_p.l(exit.o)
    0x10008d9e   0x0000000c   Code   RO          941    .text               c_p.l(defsig_exit.o)
    0x10008daa   0x00000002   PAD
    0x10008dac   0x00000034   Code   RO          947    .text               c_p.l(defsig_rtred_inner.o)
    0x10008de0   0x00000008   Code   RO          961    .text               c_p.l(libspace.o)
    0x10008de8   0x00000034   Code   RO          971    .text               c_p.l(h1_extend.o)
    0x10008e1c   0x00000034   Code   RO          977    .text               c_p.l(defsig_general.o)
    0x10008e50   0x0000000c   Code   RO          981    .text               c_p.l(defsig_rtmem_outer.o)
    0x10008e5c   0x00000050   Code   RO         1001    .text               c_p.l(defsig_rtmem_inner.o)
    0x10008eac   0x0000004c   Code   RO          559    PMU                 syd8821_ble_slave.lib(pmu.o)
    0x10008ef8   0x0000001a   Code   RO          489    i.__ARM_common_switch8  syd8821_ble_slave.lib(main.o)
    0x10008f12   0x0000001e   Code   RO          655    i.fputc             c_p.l(fputc.o)
    0x10008f30   0x0000008c   Code   RO          707    x$fpl$fadd          fz_ps.l(faddsub.o)
    0x10008fbc   0x000000d0   Code   RO          709    x$fpl$fsub          fz_ps.l(faddsub.o)
    0x1000908c   0x00000000   Code   RO          735    x$fpl$usenofp       fz_ps.l(usenofp.o)
    0x1000908c   0x0000028e   Data   RO            4    .constdata          main.o
    0x1000931a   0x00000010   Data   RO          364    .constdata          segger_rtt_printf.o
    0x1000932a   0x00000014   Data   RO          395    .constdata          segger_rtt_syscalls_keil.o
    0x1000933e   0x00000032   Data   RO          525    .constdata          syd8821_ble_slave.lib(rom.o)
    0x10009370   0x00000020   Data   RO          560    .constdata          syd8821_ble_slave.lib(pmu.o)
    0x10009390   0x0000020b   Data   RO          636    .constdata          syd8821_ble_slave.lib(aes.o)
    0x1000959b   0x00000080   Data   RO          697    .constdata          fz_ps.l(ddiv.o)
    0x1000961b   0x00000001   PAD
    0x1000961c   0x00000020   Data   RO         1024    Region$$Table       anon$$obj.o


    Execution Region RW_IRAM1 (Base: 0x20000000, Size: 0x00027fa8, Max: 0x00028000, ABSOLUTE)

    Base Addr    Size         Type   Attr      Idx    E Section Name        Object

    0x20000000   0x0000003b   Data   RW            5    .data               main.o
    0x2000003b   0x00000001   PAD
    0x2000003c   0x0000000c   Data   RW          106    .data               gpio.o
    0x20000048   0x00000008   Data   RW          166    .data               pad_mux_ctrl.o
    0x20000050   0x00000008   Data   RW          192    .data               uart.o
    0x20000058   0x00000014   Data   RW          275    .data               timer.o
    0x2000006c   0x0000000c   Data   RW          301    .data               ota.o
    0x20000078   0x00000011   Data   RW          332    .data               segger_rtt.o
    0x20000089   0x00000003   PAD
    0x2000008c   0x00000004   Data   RW          444    .data               system_armcm0.o
    0x20000090   0x00000014   Data   RW          471    .data               syd8821_ble_slave.lib(main.o)
    0x200000a4   0x0000006f   Data   RW          526    .data               syd8821_ble_slave.lib(rom.o)
    0x20000113   0x00000001   PAD
    0x20000114   0x00000004   Data   RW          561    .data               syd8821_ble_slave.lib(pmu.o)
    0x20000118   0x00000004   Data   RW          661    .data               c_p.l(stdio_streams.o)
    0x2000011c   0x00000004   Data   RW          662    .data               c_p.l(stdio_streams.o)
    0x20000120   0x00000004   Data   RW          663    .data               c_p.l(stdio_streams.o)
    0x20000124   0x00000420   Zero   RW          191    .bss                uart.o
    0x20000544   0x00000014   Zero   RW          274    .bss                timer.o
    0x20000558   0x00000028   Zero   RW          300    .bss                ota.o
    0x20000580   0x00002010   Zero   RW          331    .bss                segger_rtt.o
    0x20002590   0x0000104d   Zero   RW          470    .bss                syd8821_ble_slave.lib(main.o)
    0x200035dd   0x00000003   PAD
    0x200035e0   0x0000041f   Zero   RW          524    .bss                syd8821_ble_slave.lib(rom.o)
    0x200039ff   0x00000010   Zero   RW          613    .bss                syd8821_ble_slave.lib(aec-ccm.o)
    0x20003a0f   0x00000001   PAD
    0x20003a10   0x00000054   Zero   RW          658    .bss                c_p.l(stdio_streams.o)
    0x20003a64   0x00000054   Zero   RW          659    .bss                c_p.l(stdio_streams.o)
    0x20003ab8   0x00000054   Zero   RW          660    .bss                c_p.l(stdio_streams.o)
    0x20003b0c   0x00000060   Zero   RW          962    .bss                c_p.l(libspace.o)
    0x20003b6c   0x00000004   PAD
    0x20003b70   0x00004000   Zero   RW          435    HEAP                startup_armcm0.o
    0x20007b70   0x00001000   Zero   RW          434    STACK               startup_armcm0.o
    0x20008b70   0x0001f390   PAD
    0x20027f00   0x000000a8   Zero   RW          330    .ARM.__AT_0x20027F00  segger_rtt.o


==============================================================================

Image component sizes


      Code (inc. data)   RO Data    RW Data    ZI Data      Debug   Object Name

         0          0          0          0          0      34552   delay.o
       856         16          0         12          0      45533   gpio.o
      3068        706        654         59          0      62449   main.o
       452         38          0         12         40       3690   ota.o
       144          4          0          8          0       1817   pad_mux_ctrl.o
       224          0          0          0          0       2379   queue.o
      2860         56          0         17       8376      16019   segger_rtt.o
      1344         30         16          0          0       5362   segger_rtt_printf.o
       180         18         20          0          0       4469   segger_rtt_syscalls_keil.o
        56         26        192          0      20480        716   startup_armcm0.o
        24          8          0          4          0        869   system_armcm0.o
       452         10          0         20         20       3052   timer.o
       592         24          0          8       1056      10319   uart.o

    ----------------------------------------------------------------------
     10252        936        914        144     157860     191226   Object Totals
         0          0         32          0          0          0   (incl. Generated)
         0          0          0          4     127888          0   (incl. Padding)

    ----------------------------------------------------------------------

      Code (inc. data)   RO Data    RW Data    ZI Data      Debug   Library Member Name

         8          0          0          0          0         68   __main.o
         0          0          0          0          0          0   __rtentry.o
        12          0          0          0          0          0   __rtentry2.o
         6          0          0          0          0          0   __rtentry4.o
        60          8          0          0          0          0   __scatter.o
        26          0          0          0          0          0   __scatter_copy.o
        28          0          0          0          0          0   __scatter_zi.o
       346          0          0          0          0         92   aeabi_sdiv.o
        12          0          0          0          0         68   defsig_exit.o
        52          0          0          0          0         72   defsig_general.o
        80         58          0          0          0         68   defsig_rtmem_inner.o
        12          0          0          0          0         68   defsig_rtmem_outer.o
        52         38          0          0          0         68   defsig_rtred_inner.o
        12          0          0          0          0         68   defsig_rtred_outer.o
        16          0          0          0          0         68   exit.o
        76          4          0          0          0         76   fclose.o
       104          4          0          0          0        100   fflush.o
       496         10          0          0          0         76   flsbuf.o
       232          8          0          0          0        108   fopen.o
        30          0          0          0          0         68   fputc.o
       244          4          0          0          0         76   fseek.o
        66          0          0          0          0         68   ftell.o
        98          0          0          0          0         72   h1_alloc.o
        52          0          0          0          0         68   h1_extend.o
        76          0          0          0          0         72   h1_free.o
        14          0          0          0          0         76   h1_init.o
         6          0          0          0          0        136   heapauxi.o
         4          0          0          0          0        120   hguard.o
       136          0          0          0          0        160   init_alloc.o
       316         44          0          0          0         96   initio.o
         2          0          0          0          0          0   libinit.o
        14          0          0          0          0          0   libinit2.o
         2          0          0          0          0          0   libshutdown.o
         6          0          0          0          0          0   libshutdown2.o
         8          4          0          0         96         68   libspace.o
         0          0          0          0          0          0   maybetermalloc1.o
        90          0          0          0          0         68   memcmp.o
         8          4          0          0          0         68   rt_errno_addr_intlibspace.o
         8          4          0          0          0         68   rt_heap_descriptor_intlibspace.o
        64          0          0          0          0        108   rt_memclr.o
       186          0          0          0          0        144   rt_memcpy.o
         2          0          0          0          0          0   rtexit.o
        10          0          0          0          0          0   rtexit2.o
        76          4          0          0          0         72   setvbuf.o
       240          8          0          0          0        144   stdio.o
         0          0          0         12        252          0   stdio_streams.o
       136          4          0          0          0         72   strcmp.o
        76          6          0          0          0         72   strcpy.o
        68          6          0          0          0         72   strlen.o
        62          0          0          0          0         80   sys_stackheap_outer.o
        34          0          0          0          0         60   uread4.o
         2          0          0          0          0         68   use_no_semi.o
         2          0          0          0          0         68   use_no_semi_2.o
        16          0          0          0          0         60   uwrite4.o
       856         20          0          0          0        208   daddsub.o
      1096         26        128          0          0        112   ddiv.o
        72          4          0          0          0         68   dfixui.o
        88          0          0          0          0         92   dflti.o
       584         26          0          0          0         84   dmul.o
        84          4          0          0          0         60   f2d.o
       348          8          0          0          0        160   faddsub.o
        94          0          0          0          0         92   fflti.o
         0          0          0          0          0          0   usenofp.o
      1408          4          0          0         16       8115   aec-ccm.o
      2292         12        523          0          0       3442   aes.o
      6018        378          0         20       4173     119237   main.o
       504         34         32          4          0      11032   pmu.o
      9314        452         50        111       1055      24191   rom.o

    ----------------------------------------------------------------------
     26560       1186        734        148       5600     170197   Library Totals
        18          0          1          1          8          0   (incl. Padding)

    ----------------------------------------------------------------------

      Code (inc. data)   RO Data    RW Data    ZI Data      Debug   Library Name

      3784        218          0         12        348       3304   c_p.l
      3222         88        128          0          0        876   fz_ps.l
     19536        880        605        135       5244     166017   syd8821_ble_slave.lib

    ----------------------------------------------------------------------
     26560       1186        734        148       5600     170197   Library Totals

    ----------------------------------------------------------------------

==============================================================================


      Code (inc. data)   RO Data    RW Data    ZI Data      Debug   

     36812       2122       1648        292     163460     358055   Grand Totals
     36812       2122       1648        292     163460     358055   ELF Image Totals
     36812       2122       1648        292          0          0   ROM Totals

==============================================================================

    Total RO  Size (Code + RO Data)                38460 (  37.56kB)
    Total RW  Size (RW Data + ZI Data)            163752 ( 159.91kB)
    Total ROM Size (Code + RO Data + RW Data)      38752 (  37.84kB)

==============================================================================

